[INPUT] ONTOLOGY_FILE: /home/kritik/Desktop/neosapiens/finance/script_diff_llm2/ablations/improvement11_gpt_oss_120b/source/improvemnt11kgfixed/kg_output_fixed/wealth_management_diverse_schema.ttl
[INPUT] INSTANCE_FILE: /home/kritik/Desktop/neosapiens/finance/script_diff_llm2/ablations/improvement11_gpt_oss_120b/source/improvemnt11kgfixed/kg_output_fixed/wealth_management_diverse_kg.ttl
[INPUT] DOMAIN_INTRO_FILE: /home/kritik/Desktop/neosapiens/finance/script_diff_llm2/ablations/improvement11_gpt_oss_120b/source/improvemnt11kgfixed/domain_intro_latest.prompt
[INPUT] BUSINESS_RULES_FILE: /home/kritik/Desktop/neosapiens/finance/script_diff_llm2/ablations/improvement11_gpt_oss_120b/source/improvemnt11kgfixed/business_rules_addendum.md
[RUNNING] Report: /home/kritik/Desktop/neosapiens/finance/script_diff_llm2/ablations/improvement11_gpt_oss_120b/runs/gpt_oss_120b/run_01/parallel_workers4/worker_02/raw_pipeline.csv
[LOG] /home/kritik/Desktop/neosapiens/finance/script_diff_llm2/ablations/improvement11_gpt_oss_120b/source/improvemnt11kgfixed/.runtime/logs/pipeline_20261007_144235_169554.log
[CACHE] Knowledge hit in 0.014s
[TIME] Startup ready: 1.604s; query delay: 0s
Processed 1/247 this run (1/247 total window): PIPELINE_SUCCESS in 22.375s processing; model 22.271s/5 calls; 22.384s including wait/save; 23.988s since startup
Processed 2/247 this run (2/247 total window): PIPELINE_SUCCESS in 33.17s processing; model 33.096s/5 calls; 33.176s including wait/save; 57.164s since startup
Processed 3/247 this run (3/247 total window): PIPELINE_SUCCESS in 32.057s processing; model 31.926s/6 calls; 32.061s including wait/save; 89.225s since startup
Processed 4/247 this run (4/247 total window): PIPELINE_SUCCESS in 43.813s processing; model 43.690s/6 calls; 43.818s including wait/save; 133.043s since startup
Processed 5/247 this run (5/247 total window): PIPELINE_SUCCESS in 40.586s processing; model 40.497s/5 calls; 40.594s including wait/save; 173.637s since startup
Processed 6/247 this run (6/247 total window): PIPELINE_SUCCESS in 53.184s processing; model 53.023s/6 calls; 53.192s including wait/save; 226.829s since startup
Processed 7/247 this run (7/247 total window): PIPELINE_SUCCESS in 49.267s processing; model 49.126s/6 calls; 49.274s including wait/save; 276.103s since startup
Processed 8/247 this run (8/247 total window): PIPELINE_SUCCESS in 43.861s processing; model 43.701s/6 calls; 43.873s including wait/save; 319.976s since startup
Processed 9/247 this run (9/247 total window): PIPELINE_SUCCESS in 84.933s processing; model 84.767s/8 calls; 84.940s including wait/save; 404.916s since startup
Processed 10/247 this run (10/247 total window): PIPELINE_SUCCESS in 60.629s processing; model 60.481s/6 calls; 60.638s including wait/save; 465.554s since startup
Processed 11/247 this run (11/247 total window): PIPELINE_SUCCESS in 58.979s processing; model 58.814s/6 calls; 58.987s including wait/save; 524.541s since startup
Processed 12/247 this run (12/247 total window): PIPELINE_SUCCESS in 91.563s processing; model 91.239s/7 calls; 91.571s including wait/save; 616.112s since startup
Processed 13/247 this run (13/247 total window): PIPELINE_SUCCESS in 42.608s processing; model 42.401s/6 calls; 42.620s including wait/save; 658.732s since startup
Processed 14/247 this run (14/247 total window): PIPELINE_SUCCESS in 80.646s processing; model 79.887s/11 calls; 80.656s including wait/save; 739.388s since startup
Processed 15/247 this run (15/247 total window): PIPELINE_SUCCESS in 61.203s processing; model 60.955s/7 calls; 61.213s including wait/save; 800.601s since startup
Processed 16/247 this run (16/247 total window): TRANSIENT_ERROR in 83.385s processing; model 83.342s/5 calls; 83.420s including wait/save; 884.021s since startup
Processed 17/247 this run (17/247 total window): TRANSIENT_ERROR in 24.102s processing; model 24.095s/1 calls; 24.137s including wait/save; 908.158s since startup
Processed 18/247 this run (18/247 total window): TRANSIENT_ERROR in 21.282s processing; model 21.276s/1 calls; 21.303s including wait/save; 929.461s since startup
Processed 19/247 this run (19/247 total window): TRANSIENT_ERROR in 51.262s processing; model 51.253s/2 calls; 51.283s including wait/save; 980.744s since startup
Processed 20/247 this run (20/247 total window): PIPELINE_SUCCESS in 208.051s processing; model 207.850s/8 calls; 208.064s including wait/save; 1188.809s since startup
Processed 21/247 this run (21/247 total window): TRANSIENT_ERROR in 34.166s processing; model 34.154s/2 calls; 34.188s including wait/save; 1222.996s since startup
Processed 22/247 this run (22/247 total window): TRANSIENT_ERROR in 77.664s processing; model 77.648s/3 calls; 77.685s including wait/save; 1300.681s since startup
Processed 23/247 this run (23/247 total window): TRANSIENT_ERROR in 108.13s processing; model 108.060s/7 calls; 108.154s including wait/save; 1408.835s since startup
Processed 24/247 this run (24/247 total window): TRANSIENT_ERROR in 50.534s processing; model 50.510s/3 calls; 50.555s including wait/save; 1459.390s since startup
[STOPPED] Interrupted. Details: /home/kritik/Desktop/neosapiens/finance/script_diff_llm2/ablations/improvement11_gpt_oss_120b/source/improvemnt11kgfixed/.runtime/logs/pipeline_20261007_144235_169554.log
[TIME] Startup-to-finish: 1518.53s; model requests: 1513.17s (131 calls). Slowest model stages: Query_Understanding=745.13s, Query_Spec=267.28s, Decompose=256.64s, Retrieve=129.57s
[TIMING] /home/kritik/Desktop/neosapiens/finance/script_diff_llm2/ablations/improvement11_gpt_oss_120b/source/improvemnt11kgfixed/.runtime/logs/timing_20261007_144234_169554.json
[INPUT] ONTOLOGY_FILE: /home/kritik/Desktop/neosapiens/finance/script_diff_llm2/ablations/improvement11_gpt_oss_120b/source/improvemnt11kgfixed/kg_output_fixed/wealth_management_diverse_schema.ttl
[INPUT] INSTANCE_FILE: /home/kritik/Desktop/neosapiens/finance/script_diff_llm2/ablations/improvement11_gpt_oss_120b/source/improvemnt11kgfixed/kg_output_fixed/wealth_management_diverse_kg.ttl
[INPUT] DOMAIN_INTRO_FILE: /home/kritik/Desktop/neosapiens/finance/script_diff_llm2/ablations/improvement11_gpt_oss_120b/source/improvemnt11kgfixed/domain_intro_latest.prompt
[INPUT] BUSINESS_RULES_FILE: /home/kritik/Desktop/neosapiens/finance/script_diff_llm2/ablations/improvement11_gpt_oss_120b/source/improvemnt11kgfixed/business_rules_addendum.md
[RUNNING] Report: /home/kritik/Desktop/neosapiens/finance/script_diff_llm2/ablations/improvement11_gpt_oss_120b/runs/gpt_oss_120b/run_01/parallel_workers4/worker_02/raw_pipeline.csv
[LOG] /home/kritik/Desktop/neosapiens/finance/script_diff_llm2/ablations/improvement11_gpt_oss_120b/source/improvemnt11kgfixed/.runtime/logs/pipeline_20261007_160109_204832.log
[CACHE] Knowledge hit in 0.006s
[TIME] Startup ready: 1.122s; query delay: 0s
Processed 1/231 this run (17/247 total window): PIPELINE_SUCCESS in 77.08s processing; model 76.837s/7 calls; 77.092s including wait/save; 78.214s since startup
Processed 2/231 this run (18/247 total window): PIPELINE_SUCCESS in 69.1s processing; model 68.858s/7 calls; 69.112s including wait/save; 147.326s since startup
Processed 3/231 this run (19/247 total window): PIPELINE_SUCCESS in 70.029s processing; model 69.823s/7 calls; 70.042s including wait/save; 217.369s since startup
Processed 4/231 this run (20/247 total window): PIPELINE_SUCCESS in 66.009s processing; model 65.792s/7 calls; 66.023s including wait/save; 283.392s since startup
Processed 5/231 this run (21/247 total window): PIPELINE_SUCCESS in 110.118s processing; model 109.768s/8 calls; 110.133s including wait/save; 393.525s since startup
Processed 6/231 this run (22/247 total window): PIPELINE_SUCCESS in 140.925s processing; model 140.520s/9 calls; 140.942s including wait/save; 534.467s since startup
Processed 7/231 this run (23/247 total window): PIPELINE_SUCCESS in 130.109s processing; model 129.821s/9 calls; 130.127s including wait/save; 664.594s since startup
Processed 8/231 this run (24/247 total window): PIPELINE_SUCCESS in 112.843s processing; model 112.396s/8 calls; 112.862s including wait/save; 777.456s since startup
Processed 9/231 this run (25/247 total window): PIPELINE_SUCCESS in 92.434s processing; model 92.029s/8 calls; 92.454s including wait/save; 869.911s since startup
Processed 10/231 this run (26/247 total window): PIPELINE_SUCCESS in 99.604s processing; model 99.174s/9 calls; 99.626s including wait/save; 969.536s since startup
Processed 11/231 this run (27/247 total window): PIPELINE_SUCCESS in 110.358s processing; model 109.871s/9 calls; 110.381s including wait/save; 1079.917s since startup
Processed 12/231 this run (28/247 total window): PIPELINE_SUCCESS in 150.541s processing; model 149.946s/9 calls; 150.566s including wait/save; 1230.483s since startup
Processed 13/231 this run (29/247 total window): PIPELINE_SUCCESS in 37.621s processing; model 37.545s/5 calls; 37.652s including wait/save; 1268.136s since startup
Processed 14/231 this run (30/247 total window): PIPELINE_SUCCESS in 32.433s processing; model 32.360s/5 calls; 32.464s including wait/save; 1300.600s since startup
Processed 15/231 this run (31/247 total window): PIPELINE_SUCCESS in 78.629s processing; model 78.526s/7 calls; 78.655s including wait/save; 1379.255s since startup
Processed 16/231 this run (32/247 total window): TRANSIENT_ERROR in 23.656s processing; model 23.651s/1 calls; 23.694s including wait/save; 1402.949s since startup
Processed 17/231 this run (33/247 total window): TRANSIENT_ERROR in 59.955s processing; model 59.943s/2 calls; 60.000s including wait/save; 1462.949s since startup
Processed 18/231 this run (34/247 total window): TRANSIENT_ERROR in 86.347s processing; model 86.315s/4 calls; 86.388s including wait/save; 1549.338s since startup
Processed 19/231 this run (35/247 total window): TRANSIENT_ERROR in 50.69s processing; model 50.680s/2 calls; 50.730s including wait/save; 1600.068s since startup
Processed 20/231 this run (36/247 total window): TRANSIENT_ERROR in 22.482s processing; model 22.476s/1 calls; 22.528s including wait/save; 1622.596s since startup
Processed 21/231 this run (37/247 total window): TRANSIENT_ERROR in 42.888s processing; model 42.877s/2 calls; 42.928s including wait/save; 1665.524s since startup
Processed 22/231 this run (38/247 total window): TRANSIENT_ERROR in 21.065s processing; model 21.060s/1 calls; 21.105s including wait/save; 1686.630s since startup
Processed 23/231 this run (39/247 total window): TRANSIENT_ERROR in 58.252s processing; model 58.231s/3 calls; 58.292s including wait/save; 1744.922s since startup
Processed 24/231 this run (40/247 total window): TRANSIENT_ERROR in 24.175s processing; model 24.169s/1 calls; 24.222s including wait/save; 1769.144s since startup
Processed 25/231 this run (41/247 total window): PIPELINE_SUCCESS in 157.125s processing; model 156.965s/6 calls; 157.156s including wait/save; 1926.300s since startup
Processed 26/231 this run (42/247 total window): PIPELINE_SUCCESS in 109.738s processing; model 109.477s/7 calls; 109.770s including wait/save; 2036.070s since startup
Processed 27/231 this run (43/247 total window): TRANSIENT_ERROR in 24.203s processing; model 24.197s/1 calls; 24.245s including wait/save; 2060.315s since startup
Processed 28/231 this run (44/247 total window): TRANSIENT_ERROR in 63.653s processing; model 63.642s/2 calls; 63.697s including wait/save; 2124.013s since startup
Processed 29/231 this run (45/247 total window): TRANSIENT_ERROR in 55.241s processing; model 55.230s/2 calls; 55.283s including wait/save; 2179.296s since startup
Processed 30/231 this run (46/247 total window): TRANSIENT_ERROR in 66.631s processing; model 66.599s/4 calls; 66.679s including wait/save; 2245.975s since startup
Processed 31/231 this run (47/247 total window): TRANSIENT_ERROR in 63.64s processing; model 63.628s/2 calls; 63.688s including wait/save; 2309.663s since startup
Processed 32/231 this run (48/247 total window): TRANSIENT_ERROR in 24.549s processing; model 24.544s/1 calls; 24.586s including wait/save; 2334.249s since startup
Processed 33/231 this run (49/247 total window): TRANSIENT_ERROR in 54.745s processing; model 54.734s/2 calls; 54.788s including wait/save; 2389.037s since startup
Processed 34/231 this run (50/247 total window): TRANSIENT_ERROR in 55.18s processing; model 55.169s/2 calls; 55.220s including wait/save; 2444.258s since startup
Processed 35/231 this run (51/247 total window): TRANSIENT_ERROR in 84.055s processing; model 84.025s/4 calls; 84.106s including wait/save; 2528.363s since startup
Processed 36/231 this run (52/247 total window): TRANSIENT_ERROR in 42.486s processing; model 42.476s/2 calls; 42.538s including wait/save; 2570.901s since startup
Processed 37/231 this run (53/247 total window): TRANSIENT_ERROR in 24.909s processing; model 24.904s/1 calls; 24.952s including wait/save; 2595.854s since startup
Processed 38/231 this run (54/247 total window): TRANSIENT_ERROR in 67.656s processing; model 67.644s/2 calls; 67.703s including wait/save; 2663.557s since startup
Processed 39/231 this run (55/247 total window): TRANSIENT_ERROR in 22.775s processing; model 22.769s/1 calls; 22.821s including wait/save; 2686.378s since startup
Processed 40/231 this run (56/247 total window): TRANSIENT_ERROR in 140.29s processing; model 140.279s/2 calls; 140.327s including wait/save; 2826.705s since startup
Processed 41/231 this run (57/247 total window): TRANSIENT_ERROR in 23.205s processing; model 23.199s/1 calls; 23.238s including wait/save; 2849.943s since startup
Processed 42/231 this run (58/247 total window): TRANSIENT_ERROR in 66.801s processing; model 66.788s/2 calls; 66.849s including wait/save; 2916.793s since startup
Processed 43/231 this run (59/247 total window): TRANSIENT_ERROR in 22.666s processing; model 22.660s/1 calls; 22.705s including wait/save; 2939.498s since startup
Processed 44/231 this run (60/247 total window): TRANSIENT_ERROR in 38.91s processing; model 38.900s/2 calls; 38.959s including wait/save; 2978.457s since startup
Processed 45/231 this run (61/247 total window): TRANSIENT_ERROR in 22.955s processing; model 22.950s/1 calls; 22.995s including wait/save; 3001.452s since startup
Processed 46/231 this run (62/247 total window): TRANSIENT_ERROR in 64.314s processing; model 64.303s/2 calls; 64.358s including wait/save; 3065.810s since startup
Processed 47/231 this run (63/247 total window): TRANSIENT_ERROR in 21.495s processing; model 21.489s/1 calls; 21.539s including wait/save; 3087.348s since startup
Processed 48/231 this run (64/247 total window): TRANSIENT_ERROR in 33.461s processing; model 33.453s/2 calls; 33.503s including wait/save; 3120.852s since startup
Processed 49/231 this run (65/247 total window): TRANSIENT_ERROR in 26.82s processing; model 26.814s/1 calls; 26.864s including wait/save; 3147.716s since startup
Processed 50/231 this run (66/247 total window): TRANSIENT_ERROR in 54.131s processing; model 54.124s/2 calls; 54.179s including wait/save; 3201.895s since startup
Processed 51/231 this run (67/247 total window): TRANSIENT_ERROR in 27.418s processing; model 27.412s/1 calls; 27.466s including wait/save; 3229.362s since startup
Processed 52/231 this run (68/247 total window): TRANSIENT_ERROR in 21.028s processing; model 21.023s/1 calls; 21.072s including wait/save; 3250.434s since startup
Processed 53/231 this run (69/247 total window): TRANSIENT_ERROR in 20.86s processing; model 20.854s/1 calls; 20.905s including wait/save; 3271.339s since startup
Processed 54/231 this run (70/247 total window): TRANSIENT_ERROR in 20.663s processing; model 20.658s/1 calls; 20.712s including wait/save; 3292.052s since startup
Processed 55/231 this run (71/247 total window): TRANSIENT_ERROR in 20.778s processing; model 20.773s/1 calls; 20.824s including wait/save; 3312.876s since startup
Processed 56/231 this run (72/247 total window): TRANSIENT_ERROR in 52.658s processing; model 52.649s/2 calls; 52.702s including wait/save; 3365.578s since startup
Processed 57/231 this run (73/247 total window): TRANSIENT_ERROR in 23.155s processing; model 23.149s/1 calls; 23.191s including wait/save; 3388.769s since startup
Processed 58/231 this run (74/247 total window): TRANSIENT_ERROR in 22.469s processing; model 22.463s/1 calls; 22.503s including wait/save; 3411.273s since startup
Processed 59/231 this run (75/247 total window): TRANSIENT_ERROR in 24.865s processing; model 24.860s/1 calls; 24.914s including wait/save; 3436.187s since startup
Processed 60/231 this run (76/247 total window): TRANSIENT_ERROR in 22.472s processing; model 22.466s/1 calls; 22.524s including wait/save; 3458.711s since startup
Processed 61/231 this run (77/247 total window): TRANSIENT_ERROR in 21.546s processing; model 21.541s/1 calls; 21.592s including wait/save; 3480.303s since startup
Processed 62/231 this run (78/247 total window): TRANSIENT_ERROR in 52.482s processing; model 52.471s/2 calls; 52.523s including wait/save; 3532.826s since startup
Processed 63/231 this run (79/247 total window): TRANSIENT_ERROR in 25.774s processing; model 25.768s/1 calls; 25.823s including wait/save; 3558.650s since startup
Processed 64/231 this run (80/247 total window): TRANSIENT_ERROR in 24.105s processing; model 24.099s/1 calls; 24.152s including wait/save; 3582.802s since startup
Processed 65/231 this run (81/247 total window): TRANSIENT_ERROR in 20.475s processing; model 20.469s/1 calls; 20.519s including wait/save; 3603.321s since startup
Processed 66/231 this run (82/247 total window): TRANSIENT_ERROR in 24.779s processing; model 24.773s/1 calls; 24.824s including wait/save; 3628.145s since startup
Processed 67/231 this run (83/247 total window): TRANSIENT_ERROR in 112.519s processing; model 112.513s/1 calls; 112.564s including wait/save; 3740.709s since startup
Processed 68/231 this run (84/247 total window): TRANSIENT_ERROR in 24.035s processing; model 24.029s/1 calls; 24.079s including wait/save; 3764.788s since startup
Processed 69/231 this run (85/247 total window): TRANSIENT_ERROR in 49.6s processing; model 49.593s/2 calls; 49.647s including wait/save; 3814.435s since startup
Processed 70/231 this run (86/247 total window): TRANSIENT_ERROR in 25.169s processing; model 25.163s/1 calls; 25.213s including wait/save; 3839.649s since startup
Processed 71/231 this run (87/247 total window): TRANSIENT_ERROR in 24.404s processing; model 24.398s/1 calls; 24.449s including wait/save; 3864.098s since startup
Processed 72/231 this run (88/247 total window): TRANSIENT_ERROR in 24.737s processing; model 24.731s/1 calls; 24.773s including wait/save; 3888.871s since startup
Processed 73/231 this run (89/247 total window): TRANSIENT_ERROR in 22.211s processing; model 22.205s/1 calls; 22.257s including wait/save; 3911.128s since startup
Processed 74/231 this run (90/247 total window): TRANSIENT_ERROR in 23.973s processing; model 23.968s/1 calls; 24.020s including wait/save; 3935.148s since startup
Processed 75/231 this run (91/247 total window): TRANSIENT_ERROR in 69.509s processing; model 69.498s/2 calls; 69.547s including wait/save; 4004.695s since startup
Processed 76/231 this run (92/247 total window): TRANSIENT_ERROR in 26.359s processing; model 26.353s/1 calls; 26.403s including wait/save; 4031.098s since startup
Processed 77/231 this run (93/247 total window): TRANSIENT_ERROR in 24.989s processing; model 24.984s/1 calls; 25.032s including wait/save; 4056.130s since startup
Processed 78/231 this run (94/247 total window): TRANSIENT_ERROR in 25.632s processing; model 25.626s/1 calls; 25.669s including wait/save; 4081.799s since startup
Processed 79/231 this run (95/247 total window): TRANSIENT_ERROR in 29.261s processing; model 29.255s/1 calls; 29.308s including wait/save; 4111.107s since startup
Processed 80/231 this run (96/247 total window): TRANSIENT_ERROR in 56.274s processing; model 56.262s/2 calls; 56.322s including wait/save; 4167.429s since startup
Processed 81/231 this run (97/247 total window): TRANSIENT_ERROR in 27.175s processing; model 27.169s/1 calls; 27.220s including wait/save; 4194.649s since startup
Processed 82/231 this run (98/247 total window): TRANSIENT_ERROR in 27.001s processing; model 26.996s/1 calls; 27.048s including wait/save; 4221.697s since startup
Processed 83/231 this run (99/247 total window): TRANSIENT_ERROR in 24.888s processing; model 24.883s/1 calls; 24.925s including wait/save; 4246.622s since startup
Processed 84/231 this run (100/247 total window): TRANSIENT_ERROR in 22.06s processing; model 22.054s/1 calls; 22.102s including wait/save; 4268.725s since startup
Processed 85/231 this run (101/247 total window): TRANSIENT_ERROR in 24.007s processing; model 24.001s/1 calls; 24.059s including wait/save; 4292.784s since startup
Processed 86/231 this run (102/247 total window): TRANSIENT_ERROR in 26.276s processing; model 26.270s/1 calls; 26.321s including wait/save; 4319.105s since startup
Processed 87/231 this run (103/247 total window): TRANSIENT_ERROR in 41.72s processing; model 41.686s/4 calls; 41.769s including wait/save; 4360.874s since startup
Processed 88/231 this run (104/247 total window): TRANSIENT_ERROR in 27.216s processing; model 27.210s/1 calls; 27.268s including wait/save; 4388.143s since startup
Processed 89/231 this run (105/247 total window): TRANSIENT_ERROR in 26.948s processing; model 26.942s/1 calls; 26.994s including wait/save; 4415.136s since startup
Processed 90/231 this run (106/247 total window): TRANSIENT_ERROR in 24.139s processing; model 24.134s/1 calls; 24.195s including wait/save; 4439.331s since startup
Processed 91/231 this run (107/247 total window): TRANSIENT_ERROR in 25.6s processing; model 25.594s/1 calls; 25.643s including wait/save; 4464.975s since startup
Processed 92/231 this run (108/247 total window): TRANSIENT_ERROR in 19.965s processing; model 19.959s/1 calls; 20.011s including wait/save; 4484.986s since startup
Processed 93/231 this run (109/247 total window): TRANSIENT_ERROR in 25.147s processing; model 25.141s/1 calls; 25.198s including wait/save; 4510.184s since startup
Processed 94/231 this run (110/247 total window): TRANSIENT_ERROR in 33.031s processing; model 33.019s/2 calls; 33.083s including wait/save; 4543.268s since startup
Processed 95/231 this run (111/247 total window): TRANSIENT_ERROR in 25.769s processing; model 25.759s/1 calls; 25.814s including wait/save; 4569.082s since startup
Processed 96/231 this run (112/247 total window): TRANSIENT_ERROR in 24.988s processing; model 24.983s/1 calls; 25.042s including wait/save; 4594.125s since startup
Processed 97/231 this run (113/247 total window): TRANSIENT_ERROR in 23.328s processing; model 23.323s/1 calls; 23.385s including wait/save; 4617.510s since startup
Processed 98/231 this run (114/247 total window): TRANSIENT_ERROR in 20.831s processing; model 20.826s/1 calls; 20.886s including wait/save; 4638.396s since startup
Processed 99/231 this run (115/247 total window): TRANSIENT_ERROR in 23.436s processing; model 23.430s/1 calls; 23.483s including wait/save; 4661.879s since startup
Processed 100/231 this run (116/247 total window): TRANSIENT_ERROR in 65.209s processing; model 65.198s/2 calls; 65.257s including wait/save; 4727.135s since startup
Processed 101/231 this run (117/247 total window): TRANSIENT_ERROR in 22.399s processing; model 22.393s/1 calls; 22.449s including wait/save; 4749.585s since startup
Processed 102/231 this run (118/247 total window): TRANSIENT_ERROR in 23.725s processing; model 23.719s/1 calls; 23.775s including wait/save; 4773.359s since startup
Processed 103/231 this run (119/247 total window): TRANSIENT_ERROR in 21.162s processing; model 21.156s/1 calls; 21.216s including wait/save; 4794.576s since startup
Processed 104/231 this run (120/247 total window): TRANSIENT_ERROR in 21.269s processing; model 21.264s/1 calls; 21.309s including wait/save; 4815.885s since startup
Processed 105/231 this run (121/247 total window): TRANSIENT_ERROR in 22.036s processing; model 22.031s/1 calls; 22.083s including wait/save; 4837.968s since startup
Processed 106/231 this run (122/247 total window): TRANSIENT_ERROR in 61.83s processing; model 61.819s/2 calls; 61.876s including wait/save; 4899.845s since startup
Processed 107/231 this run (123/247 total window): TRANSIENT_ERROR in 22.8s processing; model 22.794s/1 calls; 22.848s including wait/save; 4922.693s since startup
Processed 108/231 this run (124/247 total window): TRANSIENT_ERROR in 23.398s processing; model 23.392s/1 calls; 23.445s including wait/save; 4946.138s since startup
Processed 109/231 this run (125/247 total window): TRANSIENT_ERROR in 22.659s processing; model 22.654s/1 calls; 22.707s including wait/save; 4968.845s since startup
Processed 110/231 this run (126/247 total window): TRANSIENT_ERROR in 52.689s processing; model 52.658s/4 calls; 52.738s including wait/save; 5021.583s since startup
Processed 111/231 this run (127/247 total window): TRANSIENT_ERROR in 23.464s processing; model 23.458s/1 calls; 23.514s including wait/save; 5045.097s since startup
Processed 112/231 this run (128/247 total window): TRANSIENT_ERROR in 24.149s processing; model 24.139s/1 calls; 24.200s including wait/save; 5069.297s since startup
Processed 113/231 this run (129/247 total window): TRANSIENT_ERROR in 76.518s processing; model 76.505s/2 calls; 76.565s including wait/save; 5145.862s since startup
Processed 114/231 this run (130/247 total window): TRANSIENT_ERROR in 23.674s processing; model 23.668s/1 calls; 23.724s including wait/save; 5169.586s since startup
Processed 115/231 this run (131/247 total window): TRANSIENT_ERROR in 22.078s processing; model 22.072s/1 calls; 22.126s including wait/save; 5191.712s since startup
Processed 116/231 this run (132/247 total window): TRANSIENT_ERROR in 57.769s processing; model 57.757s/2 calls; 57.824s including wait/save; 5249.536s since startup
Processed 117/231 this run (133/247 total window): TRANSIENT_ERROR in 25.46s processing; model 25.455s/1 calls; 25.506s including wait/save; 5275.042s since startup
Processed 118/231 this run (134/247 total window): TRANSIENT_ERROR in 53.401s processing; model 53.390s/2 calls; 53.448s including wait/save; 5328.491s since startup
Processed 119/231 this run (135/247 total window): TRANSIENT_ERROR in 24.523s processing; model 24.517s/1 calls; 24.578s including wait/save; 5353.069s since startup
Processed 120/231 this run (136/247 total window): TRANSIENT_ERROR in 44.37s processing; model 44.357s/2 calls; 44.418s including wait/save; 5397.487s since startup
Processed 121/231 this run (137/247 total window): TRANSIENT_ERROR in 59.257s processing; model 59.246s/2 calls; 59.311s including wait/save; 5456.798s since startup
Processed 122/231 this run (138/247 total window): TRANSIENT_ERROR in 205.648s processing; model 205.611s/5 calls; 205.696s including wait/save; 5662.494s since startup
Processed 123/231 this run (139/247 total window): TRANSIENT_ERROR in 78.061s processing; model 78.050s/2 calls; 78.111s including wait/save; 5740.605s since startup
Processed 124/231 this run (140/247 total window): TRANSIENT_ERROR in 22.862s processing; model 22.857s/1 calls; 22.929s including wait/save; 5763.534s since startup
Processed 125/231 this run (141/247 total window): TRANSIENT_ERROR in 55.325s processing; model 55.303s/3 calls; 55.373s including wait/save; 5818.907s since startup
Processed 126/231 this run (142/247 total window): TRANSIENT_ERROR in 24.141s processing; model 24.136s/1 calls; 24.180s including wait/save; 5843.087s since startup
Processed 127/231 this run (143/247 total window): TRANSIENT_ERROR in 165.54s processing; model 165.527s/2 calls; 165.584s including wait/save; 6008.672s since startup
Processed 128/231 this run (144/247 total window): TRANSIENT_ERROR in 68.823s processing; model 68.812s/2 calls; 68.873s including wait/save; 6077.545s since startup
Processed 129/231 this run (145/247 total window): TRANSIENT_ERROR in 78.693s processing; model 78.683s/2 calls; 78.750s including wait/save; 6156.294s since startup
Processed 130/231 this run (146/247 total window): TRANSIENT_ERROR in 64.553s processing; model 64.540s/2 calls; 64.603s including wait/save; 6220.898s since startup
Processed 131/231 this run (147/247 total window): TRANSIENT_ERROR in 23.117s processing; model 23.111s/1 calls; 23.169s including wait/save; 6244.067s since startup
Processed 132/231 this run (148/247 total window): TRANSIENT_ERROR in 117.884s processing; model 117.852s/4 calls; 117.935s including wait/save; 6362.001s since startup
Processed 133/231 this run (149/247 total window): TRANSIENT_ERROR in 68.014s processing; model 68.003s/2 calls; 68.059s including wait/save; 6430.060s since startup
Processed 134/231 this run (150/247 total window): TRANSIENT_ERROR in 24.25s processing; model 24.245s/1 calls; 24.299s including wait/save; 6454.359s since startup
Processed 135/231 this run (151/247 total window): TRANSIENT_ERROR in 54.492s processing; model 54.471s/3 calls; 54.542s including wait/save; 6508.901s since startup
Processed 136/231 this run (152/247 total window): FINAL_SPEC_ERROR in 344.892s processing; model 344.141s/14 calls; 344.959s including wait/save; 6853.860s since startup
Processed 137/231 this run (153/247 total window): TRANSIENT_ERROR in 23.663s processing; model 23.652s/1 calls; 23.735s including wait/save; 6877.596s since startup
Processed 138/231 this run (154/247 total window): TRANSIENT_ERROR in 23.396s processing; model 23.390s/1 calls; 23.449s including wait/save; 6901.045s since startup
Processed 139/231 this run (155/247 total window): TRANSIENT_ERROR in 38.018s processing; model 38.007s/2 calls; 38.079s including wait/save; 6939.124s since startup
Processed 140/231 this run (156/247 total window): TRANSIENT_ERROR in 27.288s processing; model 27.282s/1 calls; 27.347s including wait/save; 6966.471s since startup
Processed 141/231 this run (157/247 total window): TRANSIENT_ERROR in 31.267s processing; model 31.256s/2 calls; 31.336s including wait/save; 6997.807s since startup
Processed 142/231 this run (158/247 total window): TRANSIENT_ERROR in 73.314s processing; model 73.282s/4 calls; 73.375s including wait/save; 7071.182s since startup
Processed 143/231 this run (159/247 total window): PIPELINE_SUCCESS in 50.295s processing; model 50.197s/5 calls; 50.359s including wait/save; 7121.541s since startup
Processed 144/231 this run (160/247 total window): TRANSIENT_ERROR in 47.718s processing; model 47.708s/2 calls; 47.773s including wait/save; 7169.315s since startup
Processed 145/231 this run (161/247 total window): TRANSIENT_ERROR in 25.177s processing; model 25.171s/1 calls; 25.233s including wait/save; 7194.548s since startup
Processed 146/231 this run (162/247 total window): TRANSIENT_ERROR in 50.817s processing; model 50.806s/2 calls; 50.888s including wait/save; 7245.436s since startup
Processed 147/231 this run (163/247 total window): TRANSIENT_ERROR in 25.613s processing; model 25.607s/1 calls; 25.682s including wait/save; 7271.118s since startup
Processed 148/231 this run (164/247 total window): PIPELINE_SUCCESS in 152.934s processing; model 152.840s/5 calls; 152.985s including wait/save; 7424.103s since startup
Processed 149/231 this run (165/247 total window): PIPELINE_SUCCESS in 35.583s processing; model 35.489s/5 calls; 35.638s including wait/save; 7459.741s since startup
Processed 150/231 this run (166/247 total window): TRANSIENT_ERROR in 55.635s processing; model 55.624s/2 calls; 55.699s including wait/save; 7515.440s since startup
Processed 151/231 this run (167/247 total window): TRANSIENT_ERROR in 47.753s processing; model 47.740s/2 calls; 47.823s including wait/save; 7563.264s since startup
Processed 152/231 this run (168/247 total window): TRANSIENT_ERROR in 51.234s processing; model 51.198s/4 calls; 51.295s including wait/save; 7614.559s since startup
Processed 153/231 this run (169/247 total window): TRANSIENT_ERROR in 27.55s processing; model 27.544s/1 calls; 27.621s including wait/save; 7642.180s since startup
Processed 154/231 this run (170/247 total window): PIPELINE_SUCCESS in 54.652s processing; model 54.575s/5 calls; 54.718s including wait/save; 7696.899s since startup
Processed 155/231 this run (171/247 total window): TRANSIENT_ERROR in 26.354s processing; model 26.348s/1 calls; 26.419s including wait/save; 7723.318s since startup
Processed 156/231 this run (172/247 total window): TRANSIENT_ERROR in 70.893s processing; model 70.880s/2 calls; 70.946s including wait/save; 7794.264s since startup
Processed 157/231 this run (173/247 total window): TRANSIENT_ERROR in 46.426s processing; model 46.415s/2 calls; 46.482s including wait/save; 7840.746s since startup
Processed 158/231 this run (174/247 total window): TRANSIENT_ERROR in 67.265s processing; model 67.255s/2 calls; 67.337s including wait/save; 7908.084s since startup
Processed 159/231 this run (175/247 total window): TRANSIENT_ERROR in 66.453s processing; model 66.429s/3 calls; 66.525s including wait/save; 7974.609s since startup
Processed 160/231 this run (176/247 total window): TRANSIENT_ERROR in 46.045s processing; model 46.037s/2 calls; 46.122s including wait/save; 8020.730s since startup
Processed 161/231 this run (177/247 total window): TRANSIENT_ERROR in 106.566s processing; model 106.532s/4 calls; 106.623s including wait/save; 8127.353s since startup
Processed 162/231 this run (178/247 total window): TRANSIENT_ERROR in 63.853s processing; model 63.821s/4 calls; 63.914s including wait/save; 8191.267s since startup
Processed 163/231 this run (179/247 total window): TRANSIENT_ERROR in 65.12s processing; model 65.109s/2 calls; 65.179s including wait/save; 8256.447s since startup
Processed 164/231 this run (180/247 total window): TRANSIENT_ERROR in 73.516s processing; model 73.483s/4 calls; 73.576s including wait/save; 8330.023s since startup
Processed 165/231 this run (181/247 total window): TRANSIENT_ERROR in 66.425s processing; model 66.414s/2 calls; 66.484s including wait/save; 8396.506s since startup
Processed 166/231 this run (182/247 total window): TRANSIENT_ERROR in 63.4s processing; model 63.389s/2 calls; 63.473s including wait/save; 8459.979s since startup
Processed 167/231 this run (183/247 total window): TRANSIENT_ERROR in 24.298s processing; model 24.292s/1 calls; 24.361s including wait/save; 8484.340s since startup
Processed 168/231 this run (184/247 total window): TRANSIENT_ERROR in 54.221s processing; model 54.210s/2 calls; 54.280s including wait/save; 8538.620s since startup
Processed 169/231 this run (185/247 total window): TRANSIENT_ERROR in 27.372s processing; model 27.366s/1 calls; 27.447s including wait/save; 8566.067s since startup
Processed 170/231 this run (186/247 total window): TRANSIENT_ERROR in 125.95s processing; model 125.927s/4 calls; 126.023s including wait/save; 8692.090s since startup
Processed 171/231 this run (187/247 total window): TRANSIENT_ERROR in 69.234s processing; model 69.214s/3 calls; 69.293s including wait/save; 8761.383s since startup
Processed 172/231 this run (188/247 total window): TRANSIENT_ERROR in 54.223s processing; model 54.211s/2 calls; 54.284s including wait/save; 8815.667s since startup
Processed 173/231 this run (189/247 total window): TRANSIENT_ERROR in 27.373s processing; model 27.367s/1 calls; 27.449s including wait/save; 8843.116s since startup
Processed 174/231 this run (190/247 total window): TRANSIENT_ERROR in 45.105s processing; model 45.093s/2 calls; 45.165s including wait/save; 8888.281s since startup
Processed 175/231 this run (191/247 total window): TRANSIENT_ERROR in 23.415s processing; model 23.409s/1 calls; 23.495s including wait/save; 8911.776s since startup
Processed 176/231 this run (192/247 total window): TRANSIENT_ERROR in 55.633s processing; model 55.622s/2 calls; 55.711s including wait/save; 8967.487s since startup
Processed 177/231 this run (193/247 total window): TRANSIENT_ERROR in 68.189s processing; model 68.178s/2 calls; 68.263s including wait/save; 9035.750s since startup
Processed 178/231 this run (194/247 total window): TRANSIENT_ERROR in 72.038s processing; model 72.029s/2 calls; 72.099s including wait/save; 9107.849s since startup
Processed 179/231 this run (195/247 total window): CRASH in 114.161s processing; model 114.155s/1 calls; 114.225s including wait/save; 9222.074s since startup
Processed 180/231 this run (196/247 total window): PIPELINE_SUCCESS in 62.903s processing; model 62.638s/6 calls; 62.956s including wait/save; 9285.030s since startup
Processed 181/231 this run (197/247 total window): TRANSIENT_ERROR in 87.006s processing; model 86.994s/2 calls; 87.067s including wait/save; 9372.097s since startup
Processed 182/231 this run (198/247 total window): TRANSIENT_ERROR in 60.244s processing; model 60.234s/2 calls; 60.303s including wait/save; 9432.400s since startup
Processed 183/231 this run (199/247 total window): TRANSIENT_ERROR in 74.339s processing; model 74.328s/2 calls; 74.425s including wait/save; 9506.825s since startup
Processed 184/231 this run (200/247 total window): TRANSIENT_ERROR in 24.684s processing; model 24.679s/1 calls; 24.753s including wait/save; 9531.578s since startup
Processed 185/231 this run (201/247 total window): TRANSIENT_ERROR in 38.955s processing; model 38.944s/2 calls; 39.034s including wait/save; 9570.612s since startup
Processed 186/231 this run (202/247 total window): TRANSIENT_ERROR in 27.57s processing; model 27.565s/1 calls; 27.647s including wait/save; 9598.259s since startup
Processed 187/231 this run (203/247 total window): TRANSIENT_ERROR in 52.661s processing; model 52.640s/3 calls; 52.728s including wait/save; 9650.987s since startup
Processed 188/231 this run (204/247 total window): TRANSIENT_ERROR in 26.843s processing; model 26.837s/1 calls; 26.939s including wait/save; 9677.927s since startup
[STOPPED] Interrupted. Details: /home/kritik/Desktop/neosapiens/finance/script_diff_llm2/ablations/improvement11_gpt_oss_120b/source/improvemnt11kgfixed/.runtime/logs/pipeline_20261007_160109_204832.log
[TIME] Startup-to-finish: 9719.31s; model requests: 9700.76s (443 calls). Slowest model stages: Query_Understanding=6809.80s, Retrieve=1116.23s, Decompose=737.69s, Query_Spec=677.90s
[TIMING] /home/kritik/Desktop/neosapiens/finance/script_diff_llm2/ablations/improvement11_gpt_oss_120b/source/improvemnt11kgfixed/.runtime/logs/timing_20261007_160109_204832.json
[INPUT] ONTOLOGY_FILE: /home/kritik/Desktop/neosapiens/finance/script_diff_llm2/ablations/improvement11_gpt_oss_120b/source/improvemnt11kgfixed/kg_output_fixed/wealth_management_diverse_schema.ttl
[INPUT] INSTANCE_FILE: /home/kritik/Desktop/neosapiens/finance/script_diff_llm2/ablations/improvement11_gpt_oss_120b/source/improvemnt11kgfixed/kg_output_fixed/wealth_management_diverse_kg.ttl
[INPUT] DOMAIN_INTRO_FILE: /home/kritik/Desktop/neosapiens/finance/script_diff_llm2/ablations/improvement11_gpt_oss_120b/source/improvemnt11kgfixed/domain_intro_latest.prompt
[INPUT] BUSINESS_RULES_FILE: /home/kritik/Desktop/neosapiens/finance/script_diff_llm2/ablations/improvement11_gpt_oss_120b/source/improvemnt11kgfixed/business_rules_addendum.md
[RUNNING] Report: /home/kritik/Desktop/neosapiens/finance/script_diff_llm2/ablations/improvement11_gpt_oss_120b/runs/gpt_oss_120b/run_01/parallel_workers4/worker_02/raw_pipeline.csv
[LOG] /home/kritik/Desktop/neosapiens/finance/script_diff_llm2/ablations/improvement11_gpt_oss_120b/source/improvemnt11kgfixed/.runtime/logs/pipeline_20261007_190334_274627.log
[CACHE] Knowledge hit in 0.007s
[TIME] Startup ready: 1.111s; query delay: 0s
Processed 1/208 this run (40/247 total window): PIPELINE_SUCCESS in 175.76s processing; model 175.626s/6 calls; 175.801s including wait/save; 176.913s since startup
Processed 2/208 this run (41/247 total window): PIPELINE_SUCCESS in 95.622s processing; model 95.457s/6 calls; 95.663s including wait/save; 272.576s since startup
Processed 3/208 this run (42/247 total window): FINAL_SPEC_ERROR in 83.905s processing; model 83.742s/9 calls; 83.951s including wait/save; 356.527s since startup
Processed 4/208 this run (43/247 total window): PIPELINE_SUCCESS in 50.138s processing; model 49.995s/6 calls; 50.184s including wait/save; 406.712s since startup
Processed 5/208 this run (44/247 total window): PIPELINE_SUCCESS in 43.514s processing; model 43.373s/6 calls; 43.560s including wait/save; 450.272s since startup
Processed 6/208 this run (45/247 total window): PIPELINE_SUCCESS in 50.559s processing; model 50.421s/6 calls; 50.602s including wait/save; 500.875s since startup
Processed 7/208 this run (46/247 total window): PIPELINE_SUCCESS in 102.921s processing; model 102.764s/6 calls; 102.968s including wait/save; 603.843s since startup
Processed 8/208 this run (47/247 total window): PIPELINE_SUCCESS in 49.725s processing; model 49.583s/6 calls; 49.770s including wait/save; 653.613s since startup
Processed 9/208 this run (48/247 total window): PIPELINE_SUCCESS in 59.25s processing; model 59.111s/6 calls; 59.295s including wait/save; 712.909s since startup
Processed 10/208 this run (49/247 total window): PIPELINE_SUCCESS in 68.722s processing; model 68.314s/7 calls; 68.789s including wait/save; 781.698s since startup
Processed 11/208 this run (50/247 total window): PIPELINE_SUCCESS in 68.736s processing; model 68.410s/7 calls; 68.782s including wait/save; 850.480s since startup
Processed 12/208 this run (51/247 total window): PIPELINE_SUCCESS in 103.259s processing; model 102.867s/9 calls; 103.308s including wait/save; 953.788s since startup
Processed 13/208 this run (52/247 total window): PIPELINE_SUCCESS in 61.569s processing; model 61.398s/7 calls; 61.622s including wait/save; 1015.411s since startup
Processed 14/208 this run (53/247 total window): PIPELINE_SUCCESS in 70.605s processing; model 70.429s/7 calls; 70.655s including wait/save; 1086.065s since startup
Processed 15/208 this run (54/247 total window): PIPELINE_SUCCESS in 62.611s processing; model 62.450s/7 calls; 62.669s including wait/save; 1148.734s since startup
Processed 16/208 this run (55/247 total window): PIPELINE_SUCCESS in 164.153s processing; model 163.334s/9 calls; 164.205s including wait/save; 1312.939s since startup
Processed 17/208 this run (56/247 total window): PIPELINE_SUCCESS in 308.521s processing; model 307.517s/17 calls; 308.573s including wait/save; 1621.513s since startup
Processed 18/208 this run (57/247 total window): PIPELINE_SUCCESS in 81.504s processing; model 81.126s/8 calls; 81.558s including wait/save; 1703.070s since startup
Processed 19/208 this run (58/247 total window): PIPELINE_SUCCESS in 76.622s processing; model 76.241s/8 calls; 76.677s including wait/save; 1779.747s since startup
Processed 20/208 this run (59/247 total window): PIPELINE_SUCCESS in 231.14s processing; model 230.744s/8 calls; 231.205s including wait/save; 2010.952s since startup
Processed 21/208 this run (60/247 total window): PIPELINE_SUCCESS in 116.578s processing; model 115.619s/9 calls; 116.637s including wait/save; 2127.589s since startup
Processed 22/208 this run (61/247 total window): PIPELINE_SUCCESS in 214.791s processing; model 213.687s/10 calls; 214.850s including wait/save; 2342.439s since startup
Processed 23/208 this run (62/247 total window): PIPELINE_SUCCESS in 194.403s processing; model 193.859s/14 calls; 194.526s including wait/save; 2536.965s since startup
Processed 24/208 this run (63/247 total window): PIPELINE_SUCCESS in 95.947s processing; model 94.814s/9 calls; 96.016s including wait/save; 2632.982s since startup
Processed 25/208 this run (64/247 total window): PIPELINE_SUCCESS in 125.29s processing; model 124.146s/9 calls; 125.367s including wait/save; 2758.349s since startup
Processed 26/208 this run (65/247 total window): PIPELINE_SUCCESS in 136.819s processing; model 135.805s/9 calls; 136.885s including wait/save; 2895.235s since startup
Processed 27/208 this run (66/247 total window): PIPELINE_SUCCESS in 35.568s processing; model 35.494s/5 calls; 35.646s including wait/save; 2930.881s since startup
Processed 28/208 this run (67/247 total window): PIPELINE_SUCCESS in 34.225s processing; model 34.144s/5 calls; 34.323s including wait/save; 2965.204s since startup
Processed 29/208 this run (68/247 total window): PIPELINE_SUCCESS in 48.441s processing; model 48.343s/5 calls; 48.515s including wait/save; 3013.720s since startup
Processed 30/208 this run (69/247 total window): PIPELINE_SUCCESS in 49.997s processing; model 49.929s/5 calls; 50.070s including wait/save; 3063.790s since startup
Processed 31/208 this run (70/247 total window): PIPELINE_SUCCESS in 37.185s processing; model 37.099s/5 calls; 37.257s including wait/save; 3101.048s since startup
Processed 32/208 this run (71/247 total window): FINAL_SPEC_ERROR in 164.777s processing; model 164.419s/14 calls; 164.864s including wait/save; 3265.912s since startup
Processed 33/208 this run (72/247 total window): PIPELINE_SUCCESS in 37.956s processing; model 37.863s/5 calls; 38.029s including wait/save; 3303.941s since startup
Processed 34/208 this run (73/247 total window): PIPELINE_SUCCESS in 100.271s processing; model 100.174s/7 calls; 100.348s including wait/save; 3404.289s since startup
Processed 35/208 this run (74/247 total window): PIPELINE_SUCCESS in 51.622s processing; model 51.542s/5 calls; 51.700s including wait/save; 3455.989s since startup
Processed 36/208 this run (75/247 total window): PIPELINE_SUCCESS in 73.763s processing; model 73.558s/6 calls; 73.837s including wait/save; 3529.826s since startup
Processed 37/208 this run (76/247 total window): PIPELINE_SUCCESS in 59.242s processing; model 59.090s/6 calls; 59.318s including wait/save; 3589.144s since startup
Processed 38/208 this run (77/247 total window): PIPELINE_SUCCESS in 46.733s processing; model 46.531s/6 calls; 46.803s including wait/save; 3635.947s since startup
Processed 39/208 this run (78/247 total window): PIPELINE_SUCCESS in 53.753s processing; model 53.560s/6 calls; 53.824s including wait/save; 3689.772s since startup
Processed 40/208 this run (79/247 total window): PIPELINE_SUCCESS in 119.634s processing; model 119.469s/7 calls; 119.714s including wait/save; 3809.486s since startup
Processed 41/208 this run (80/247 total window): PIPELINE_SUCCESS in 36.281s processing; model 36.121s/6 calls; 36.359s including wait/save; 3845.845s since startup
Processed 42/208 this run (81/247 total window): PIPELINE_SUCCESS in 40.87s processing; model 40.756s/6 calls; 40.945s including wait/save; 3886.791s since startup
Processed 43/208 this run (82/247 total window): PIPELINE_SUCCESS in 69.252s processing; model 69.094s/7 calls; 69.325s including wait/save; 3956.116s since startup
Processed 44/208 this run (83/247 total window): PIPELINE_SUCCESS in 53.667s processing; model 53.282s/6 calls; 53.747s including wait/save; 4009.863s since startup
Processed 45/208 this run (84/247 total window): PIPELINE_SUCCESS in 53.593s processing; model 53.349s/6 calls; 53.669s including wait/save; 4063.532s since startup
Processed 46/208 this run (85/247 total window): PIPELINE_SUCCESS in 70.498s processing; model 70.257s/7 calls; 70.574s including wait/save; 4134.106s since startup
Processed 47/208 this run (86/247 total window): PIPELINE_SUCCESS in 89.828s processing; model 89.500s/7 calls; 89.906s including wait/save; 4224.012s since startup
Processed 48/208 this run (87/247 total window): PIPELINE_SUCCESS in 107.954s processing; model 107.629s/7 calls; 108.032s including wait/save; 4332.043s since startup
Processed 49/208 this run (88/247 total window): PIPELINE_SUCCESS in 73.133s processing; model 72.928s/7 calls; 73.226s including wait/save; 4405.270s since startup
Processed 50/208 this run (89/247 total window): PIPELINE_SUCCESS in 70.074s processing; model 69.808s/7 calls; 70.157s including wait/save; 4475.427s since startup
Processed 51/208 this run (90/247 total window): PIPELINE_SUCCESS in 70.353s processing; model 70.116s/7 calls; 70.470s including wait/save; 4545.897s since startup
Processed 52/208 this run (91/247 total window): PIPELINE_SUCCESS in 59.373s processing; model 59.169s/7 calls; 59.455s including wait/save; 4605.352s since startup
Processed 53/208 this run (92/247 total window): PIPELINE_SUCCESS in 121.26s processing; model 121.000s/8 calls; 121.341s including wait/save; 4726.693s since startup
Processed 54/208 this run (93/247 total window): PIPELINE_SUCCESS in 98.755s processing; model 98.439s/8 calls; 98.843s including wait/save; 4825.536s since startup
Processed 55/208 this run (94/247 total window): PIPELINE_SUCCESS in 114.185s processing; model 113.884s/8 calls; 114.268s including wait/save; 4939.804s since startup
Processed 56/208 this run (95/247 total window): TRANSIENT_ERROR in 44.829s processing; model 44.822s/2 calls; 44.918s including wait/save; 4984.722s since startup
Processed 57/208 this run (96/247 total window): PIPELINE_SUCCESS in 181.857s processing; model 181.531s/9 calls; 181.942s including wait/save; 5166.665s since startup
Processed 58/208 this run (97/247 total window): PIPELINE_SUCCESS in 123.464s processing; model 123.165s/9 calls; 123.564s including wait/save; 5290.229s since startup
Processed 59/208 this run (98/247 total window): PIPELINE_SUCCESS in 110.47s processing; model 110.335s/6 calls; 110.562s including wait/save; 5400.791s since startup
Processed 60/208 this run (99/247 total window): TRANSIENT_ERROR in 50.943s processing; model 50.934s/2 calls; 51.042s including wait/save; 5451.833s since startup
Processed 61/208 this run (100/247 total window): TRANSIENT_ERROR in 36.65s processing; model 36.639s/2 calls; 36.741s including wait/save; 5488.574s since startup
Processed 62/208 this run (101/247 total window): PIPELINE_SUCCESS in 235.182s processing; model 235.002s/8 calls; 235.271s including wait/save; 5723.845s since startup
Processed 63/208 this run (102/247 total window): PIPELINE_SUCCESS in 77.214s processing; model 77.098s/7 calls; 77.303s including wait/save; 5801.149s since startup
Processed 64/208 this run (103/247 total window): PIPELINE_SUCCESS in 68.039s processing; model 67.883s/7 calls; 68.134s including wait/save; 5869.283s since startup
Processed 65/208 this run (104/247 total window): PIPELINE_SUCCESS in 87.421s processing; model 87.221s/7 calls; 87.512s including wait/save; 5956.795s since startup
Processed 66/208 this run (105/247 total window): PIPELINE_SUCCESS in 69.036s processing; model 68.888s/6 calls; 69.127s including wait/save; 6025.922s since startup
Processed 67/208 this run (106/247 total window): PIPELINE_SUCCESS in 74.233s processing; model 74.047s/7 calls; 74.342s including wait/save; 6100.264s since startup
[STOPPED] Interrupted. Details: /home/kritik/Desktop/neosapiens/finance/script_diff_llm2/ablations/improvement11_gpt_oss_120b/source/improvemnt11kgfixed/.runtime/logs/pipeline_20261007_190334_274627.log
[TIME] Startup-to-finish: 6108.50s; model requests: 6083.14s (475 calls). Slowest model stages: Query_Understanding=2393.26s, Query_Spec=1355.39s, Decompose=1124.04s, Final_Spec=871.07s
[TIMING] /home/kritik/Desktop/neosapiens/finance/script_diff_llm2/ablations/improvement11_gpt_oss_120b/source/improvemnt11kgfixed/.runtime/logs/timing_20261007_190333_274627.json
