[INPUT] ONTOLOGY_FILE: /home/kritik/Desktop/neosapiens/finance/script_diff_llm2/ablations/improvement11_gpt_oss_120b/source/improvemnt11kgfixed/kg_output_fixed/wealth_management_diverse_schema.ttl
[INPUT] INSTANCE_FILE: /home/kritik/Desktop/neosapiens/finance/script_diff_llm2/ablations/improvement11_gpt_oss_120b/source/improvemnt11kgfixed/kg_output_fixed/wealth_management_diverse_kg.ttl
[INPUT] DOMAIN_INTRO_FILE: /home/kritik/Desktop/neosapiens/finance/script_diff_llm2/ablations/improvement11_gpt_oss_120b/source/improvemnt11kgfixed/domain_intro_latest.prompt
[INPUT] BUSINESS_RULES_FILE: /home/kritik/Desktop/neosapiens/finance/script_diff_llm2/ablations/improvement11_gpt_oss_120b/source/improvemnt11kgfixed/business_rules_addendum.md
[RUNNING] Report: /home/kritik/Desktop/neosapiens/finance/script_diff_llm2/ablations/improvement11_gpt_oss_120b/runs/azure_gpt_oss_120b/azure_resume8_01/parallel_workers8/worker_01/raw_pipeline.csv
[LOG] /home/kritik/Desktop/neosapiens/finance/script_diff_llm2/ablations/improvement11_gpt_oss_120b/source/improvemnt11kgfixed/.runtime/logs/pipeline_20261008_073706_418792.log
[CACHE] Knowledge hit in 0.007s
[TIME] Startup ready: 1.683s; query delay: 0s
Processed 1/88 this run (1/88 total window): PIPELINE_SUCCESS in 407.455s processing; model 407.019s/8 calls; 407.460s including wait/save; 409.143s since startup
Processed 2/88 this run (2/88 total window): PIPELINE_SUCCESS in 146.024s processing; model 145.930s/5 calls; 146.031s including wait/save; 555.174s since startup
Processed 3/88 this run (3/88 total window): PIPELINE_SUCCESS in 229.208s processing; model 229.050s/7 calls; 229.214s including wait/save; 784.388s since startup
Processed 4/88 this run (4/88 total window): PIPELINE_SUCCESS in 252.897s processing; model 252.702s/7 calls; 252.904s including wait/save; 1037.293s since startup
Processed 5/88 this run (5/88 total window): PIPELINE_SUCCESS in 862.754s processing; model 861.808s/9 calls; 862.761s including wait/save; 1900.054s since startup
Processed 6/88 this run (6/88 total window): PIPELINE_SUCCESS in 381.133s processing; model 380.100s/9 calls; 381.142s including wait/save; 2281.197s since startup
Processed 7/88 this run (7/88 total window): PIPELINE_SUCCESS in 126.521s processing; model 126.444s/5 calls; 126.538s including wait/save; 2407.735s since startup
Processed 8/88 this run (8/88 total window): PIPELINE_SUCCESS in 199.254s processing; model 199.133s/6 calls; 199.270s including wait/save; 2607.005s since startup
Processed 9/88 this run (9/88 total window): PIPELINE_SUCCESS in 177.416s processing; model 177.294s/6 calls; 177.428s including wait/save; 2784.433s since startup
Processed 10/88 this run (10/88 total window): PIPELINE_SUCCESS in 162.634s processing; model 162.526s/6 calls; 162.649s including wait/save; 2947.082s since startup
Processed 11/88 this run (11/88 total window): PIPELINE_SUCCESS in 214.095s processing; model 213.916s/7 calls; 214.109s including wait/save; 3161.191s since startup
Processed 12/88 this run (12/88 total window): PIPELINE_SUCCESS in 226.986s processing; model 226.688s/7 calls; 226.998s including wait/save; 3388.189s since startup
Processed 13/88 this run (13/88 total window): PIPELINE_SUCCESS in 385.063s processing; model 384.639s/8 calls; 385.077s including wait/save; 3773.266s since startup
Processed 14/88 this run (14/88 total window): PIPELINE_SUCCESS in 171.837s processing; model 171.247s/6 calls; 171.852s including wait/save; 3945.117s since startup
Processed 15/88 this run (15/88 total window): PIPELINE_SUCCESS in 190.462s processing; model 190.333s/6 calls; 190.482s including wait/save; 4135.599s since startup
Processed 16/88 this run (16/88 total window): PIPELINE_SUCCESS in 127.004s processing; model 126.562s/5 calls; 127.020s including wait/save; 4262.619s since startup
Processed 17/88 this run (17/88 total window): PIPELINE_SUCCESS in 187.566s processing; model 187.429s/6 calls; 187.582s including wait/save; 4450.201s since startup
Processed 18/88 this run (18/88 total window): PIPELINE_SUCCESS in 244.449s processing; model 243.951s/7 calls; 244.464s including wait/save; 4694.666s since startup
Processed 19/88 this run (19/88 total window): PIPELINE_SUCCESS in 254.822s processing; model 254.608s/7 calls; 254.839s including wait/save; 4949.505s since startup
Processed 20/88 this run (20/88 total window): PIPELINE_SUCCESS in 214.516s processing; model 213.852s/7 calls; 214.535s including wait/save; 5164.040s since startup
Processed 21/88 this run (21/88 total window): PIPELINE_SUCCESS in 219.733s processing; model 219.390s/7 calls; 219.751s including wait/save; 5383.791s since startup
Processed 22/88 this run (22/88 total window): PIPELINE_SUCCESS in 312.074s processing; model 311.853s/7 calls; 312.094s including wait/save; 5695.884s since startup
Processed 23/88 this run (23/88 total window): PIPELINE_SUCCESS in 286.49s processing; model 286.042s/8 calls; 286.510s including wait/save; 5982.394s since startup
Processed 24/88 this run (24/88 total window): PIPELINE_SUCCESS in 340.019s processing; model 339.621s/8 calls; 340.040s including wait/save; 6322.434s since startup
Processed 25/88 this run (25/88 total window): PIPELINE_SUCCESS in 307.487s processing; model 307.167s/8 calls; 307.511s including wait/save; 6629.945s since startup
Processed 26/88 this run (26/88 total window): PIPELINE_SUCCESS in 284.329s processing; model 283.981s/8 calls; 284.354s including wait/save; 6914.300s since startup
Processed 27/88 this run (27/88 total window): PIPELINE_SUCCESS in 261.305s processing; model 260.301s/6 calls; 261.329s including wait/save; 7175.629s since startup
Processed 28/88 this run (28/88 total window): PIPELINE_SUCCESS in 476.913s processing; model 474.556s/6 calls; 476.938s including wait/save; 7652.567s since startup
Processed 29/88 this run (29/88 total window): PIPELINE_SUCCESS in 162.77s processing; model 161.868s/6 calls; 162.796s including wait/save; 7815.363s since startup
Processed 30/88 this run (30/88 total window): PIPELINE_SUCCESS in 167.485s processing; model 166.819s/6 calls; 167.512s including wait/save; 7982.875s since startup
Processed 31/88 this run (31/88 total window): CRASH in 570.425s processing; model 570.419s/1 calls; 570.497s including wait/save; 8553.372s since startup
Processed 32/88 this run (32/88 total window): PIPELINE_SUCCESS in 252.506s processing; model 251.393s/7 calls; 252.534s including wait/save; 8805.906s since startup
Processed 33/88 this run (33/88 total window): PIPELINE_SUCCESS in 253.638s processing; model 252.635s/7 calls; 253.667s including wait/save; 9059.573s since startup
Processed 34/88 this run (34/88 total window): CRASH in 566.305s processing; model 566.299s/1 calls; 566.348s including wait/save; 9625.921s since startup
Processed 35/88 this run (35/88 total window): PIPELINE_SUCCESS in 604.378s processing; model 602.046s/8 calls; 604.410s including wait/save; 10230.331s since startup
Processed 36/88 this run (36/88 total window): PIPELINE_SUCCESS in 296.653s processing; model 295.269s/8 calls; 296.685s including wait/save; 10527.016s since startup
Processed 37/88 this run (37/88 total window): CRASH in 568.612s processing; model 568.606s/1 calls; 568.676s including wait/save; 11095.693s since startup
Processed 38/88 this run (38/88 total window): PIPELINE_SUCCESS in 385.621s processing; model 383.981s/8 calls; 385.655s including wait/save; 11481.347s since startup
Processed 39/88 this run (39/88 total window): PIPELINE_SUCCESS in 750.459s processing; model 747.974s/9 calls; 750.494s including wait/save; 12231.842s since startup
Processed 40/88 this run (40/88 total window): PIPELINE_SUCCESS in 941.712s processing; model 939.337s/9 calls; 941.751s including wait/save; 13173.593s since startup
Processed 41/88 this run (41/88 total window): CRASH in 569.045s processing; model 569.039s/1 calls; 569.088s including wait/save; 13742.681s since startup
Processed 42/88 this run (42/88 total window): CRASH in 570.295s processing; model 570.289s/1 calls; 570.346s including wait/save; 14313.027s since startup
Processed 43/88 this run (43/88 total window): PIPELINE_SUCCESS in 108.855s processing; model 108.772s/5 calls; 108.902s including wait/save; 14421.930s since startup
Processed 44/88 this run (44/88 total window): PIPELINE_SUCCESS in 111.107s processing; model 111.031s/5 calls; 111.150s including wait/save; 14533.080s since startup
Processed 45/88 this run (45/88 total window): PIPELINE_SUCCESS in 124.607s processing; model 124.504s/5 calls; 124.649s including wait/save; 14657.729s since startup
Processed 46/88 this run (46/88 total window): PIPELINE_SUCCESS in 196.243s processing; model 196.151s/7 calls; 196.286s including wait/save; 14854.015s since startup
Processed 47/88 this run (47/88 total window): PIPELINE_SUCCESS in 114.043s processing; model 113.926s/5 calls; 114.084s including wait/save; 14968.099s since startup
Processed 48/88 this run (48/88 total window): PIPELINE_SUCCESS in 107.612s processing; model 107.508s/5 calls; 107.655s including wait/save; 15075.754s since startup
Processed 49/88 this run (49/88 total window): PIPELINE_SUCCESS in 112.003s processing; model 111.868s/5 calls; 112.044s including wait/save; 15187.798s since startup
Processed 50/88 this run (50/88 total window): PIPELINE_SUCCESS in 132.924s processing; model 132.852s/6 calls; 132.977s including wait/save; 15320.775s since startup
Processed 51/88 this run (51/88 total window): PIPELINE_SUCCESS in 148.308s processing; model 148.097s/6 calls; 148.354s including wait/save; 15469.129s since startup
Processed 52/88 this run (52/88 total window): PIPELINE_SUCCESS in 258.445s processing; model 258.110s/6 calls; 258.486s including wait/save; 15727.616s since startup
Processed 53/88 this run (53/88 total window): PIPELINE_SUCCESS in 152.871s processing; model 152.650s/6 calls; 152.913s including wait/save; 15880.529s since startup
Processed 54/88 this run (54/88 total window): PIPELINE_SUCCESS in 153.757s processing; model 153.556s/6 calls; 153.799s including wait/save; 16034.328s since startup
Processed 55/88 this run (55/88 total window): PIPELINE_SUCCESS in 148.29s processing; model 148.095s/6 calls; 148.332s including wait/save; 16182.661s since startup
Processed 56/88 this run (56/88 total window): PIPELINE_SUCCESS in 277.581s processing; model 277.075s/8 calls; 277.625s including wait/save; 16460.286s since startup
Processed 57/88 this run (57/88 total window): PIPELINE_SUCCESS in 232.143s processing; model 231.769s/6 calls; 232.187s including wait/save; 16692.473s since startup
Processed 58/88 this run (58/88 total window): PIPELINE_SUCCESS in 111.374s processing; model 111.187s/5 calls; 111.424s including wait/save; 16803.898s since startup
Processed 59/88 this run (59/88 total window): PIPELINE_SUCCESS in 148.154s processing; model 148.005s/5 calls; 148.200s including wait/save; 16952.098s since startup
Processed 60/88 this run (60/88 total window): PIPELINE_SUCCESS in 129.738s processing; model 129.256s/5 calls; 129.785s including wait/save; 17081.883s since startup
Processed 61/88 this run (61/88 total window): PIPELINE_SUCCESS in 106.374s processing; model 106.254s/5 calls; 106.422s including wait/save; 17188.305s since startup
Processed 62/88 this run (62/88 total window): PIPELINE_SUCCESS in 113.176s processing; model 112.953s/5 calls; 113.224s including wait/save; 17301.529s since startup
Processed 63/88 this run (63/88 total window): PIPELINE_SUCCESS in 291.679s processing; model 291.121s/6 calls; 291.725s including wait/save; 17593.254s since startup
Processed 64/88 this run (64/88 total window): PIPELINE_SUCCESS in 143.141s processing; model 142.971s/6 calls; 143.189s including wait/save; 17736.443s since startup
Processed 65/88 this run (65/88 total window): PIPELINE_SUCCESS in 170.918s processing; model 170.433s/6 calls; 170.964s including wait/save; 17907.407s since startup
Processed 66/88 this run (66/88 total window): PIPELINE_SUCCESS in 190.909s processing; model 190.712s/7 calls; 190.956s including wait/save; 18098.364s since startup
Processed 67/88 this run (67/88 total window): PIPELINE_SUCCESS in 205.901s processing; model 205.312s/6 calls; 205.949s including wait/save; 18304.313s since startup
Processed 68/88 this run (68/88 total window): PIPELINE_SUCCESS in 212.206s processing; model 211.943s/7 calls; 212.256s including wait/save; 18516.569s since startup
Processed 69/88 this run (69/88 total window): PIPELINE_SUCCESS in 271.578s processing; model 271.407s/7 calls; 271.628s including wait/save; 18788.197s since startup
Processed 70/88 this run (70/88 total window): PIPELINE_SUCCESS in 267.446s processing; model 266.860s/7 calls; 267.498s including wait/save; 19055.694s since startup
Processed 71/88 this run (71/88 total window): PIPELINE_SUCCESS in 367.583s processing; model 366.242s/8 calls; 367.634s including wait/save; 19423.329s since startup
Processed 72/88 this run (72/88 total window): CRASH in 742.63s processing; model 742.618s/2 calls; 742.706s including wait/save; 20166.035s since startup
Processed 73/88 this run (73/88 total window): PIPELINE_SUCCESS in 180.128s processing; model 179.368s/6 calls; 180.180s including wait/save; 20346.215s since startup
Processed 74/88 this run (74/88 total window): PIPELINE_SUCCESS in 183.589s processing; model 183.042s/6 calls; 183.642s including wait/save; 20529.857s since startup
Processed 75/88 this run (75/88 total window): PIPELINE_SUCCESS in 195.853s processing; model 195.550s/6 calls; 195.905s including wait/save; 20725.763s since startup
Processed 76/88 this run (76/88 total window): PIPELINE_SUCCESS in 205.706s processing; model 205.417s/6 calls; 205.760s including wait/save; 20931.522s since startup
Processed 77/88 this run (77/88 total window): PIPELINE_SUCCESS in 447.523s processing; model 447.081s/8 calls; 447.577s including wait/save; 21379.100s since startup
Processed 78/88 this run (78/88 total window): PIPELINE_SUCCESS in 139.673s processing; model 139.532s/6 calls; 139.740s including wait/save; 21518.839s since startup
Processed 79/88 this run (79/88 total window): PIPELINE_SUCCESS in 147.079s processing; model 146.936s/6 calls; 147.135s including wait/save; 21665.975s since startup
Processed 80/88 this run (80/88 total window): PIPELINE_SUCCESS in 178.987s processing; model 178.856s/7 calls; 179.055s including wait/save; 21845.030s since startup
Processed 81/88 this run (81/88 total window): PIPELINE_SUCCESS in 124.147s processing; model 124.027s/5 calls; 124.207s including wait/save; 21969.237s since startup
Processed 82/88 this run (82/88 total window): PIPELINE_SUCCESS in 159.498s processing; model 159.145s/6 calls; 159.555s including wait/save; 22128.792s since startup
Processed 83/88 this run (83/88 total window): PIPELINE_SUCCESS in 196.539s processing; model 196.169s/7 calls; 196.595s including wait/save; 22325.388s since startup
Processed 84/88 this run (84/88 total window): PIPELINE_SUCCESS in 162.067s processing; model 161.653s/6 calls; 162.125s including wait/save; 22487.513s since startup
Processed 85/88 this run (85/88 total window): TRANSIENT_ERROR in 147.608s processing; model 147.584s/3 calls; 147.673s including wait/save; 22635.186s since startup
Processed 86/88 this run (86/88 total window): TRANSIENT_ERROR in 14.138s processing; model 14.133s/1 calls; 14.204s including wait/save; 22649.391s since startup
Processed 87/88 this run (87/88 total window): TRANSIENT_ERROR in 13.393s processing; model 13.388s/1 calls; 13.472s including wait/save; 22662.863s since startup
Processed 88/88 this run (88/88 total window): TRANSIENT_ERROR in 14.533s processing; model 14.528s/1 calls; 14.603s including wait/save; 22677.466s since startup
[COMPLETE] Pipeline finished. Details: /home/kritik/Desktop/neosapiens/finance/script_diff_llm2/ablations/improvement11_gpt_oss_120b/source/improvemnt11kgfixed/.runtime/logs/pipeline_20261008_073706_418792.log
[TIME] Startup-to-finish: 22677.56s; model requests: 22633.76s (520 calls). Slowest model stages: Query_Understanding=9443.63s, Query_Spec=4621.98s, Decompose=4573.93s, Final_Spec=3213.72s
[TIMING] /home/kritik/Desktop/neosapiens/finance/script_diff_llm2/ablations/improvement11_gpt_oss_120b/source/improvemnt11kgfixed/.runtime/logs/timing_20261008_073705_418792.json
