[INPUT] SQLITE_DB_PATH: /home/kritik/Desktop/neosapiens/finance/script_diff_llm2/ablations/improvement10_models/source/improvement10/wealth_management_diverse.db
[INPUT] TABLE_METADATA_DIR: /home/kritik/Desktop/neosapiens/finance/script_diff_llm2/ablations/improvement10_models/source/improvement10/table_medatada
[INPUT] DOMAIN_INTRO_FILE: /home/kritik/Desktop/neosapiens/finance/script_diff_llm2/ablations/improvement10_models/source/improvement10/domain_intro_latest.prompt
[INPUT] BUSINESS_RULES_FILE: /home/kritik/Desktop/neosapiens/finance/script_diff_llm2/ablations/improvement10_models/source/improvement10/business_rules_addendum.md
[RUNNING] Report: /home/kritik/Desktop/neosapiens/finance/script_diff_llm2/ablations/improvement10_models/runs/gemma_3_27b_it/run_01/parallel_workers4/worker_03/raw_pipeline.csv
[LOG] /home/kritik/Desktop/neosapiens/finance/script_diff_llm2/ablations/improvement10_models/source/improvement10/.runtime/logs/pipeline_20261006_134111_134271.log
[CACHE] Knowledge hit in 0.009s
[TIME] Startup ready: 2.622s; query delay: 0s
Processed 1/234 this run (1/234 total window): PIPELINE_SUCCESS in 64.75s processing; model 64.677s/7 calls; 64.755s including wait/save; 67.376s since startup
Processed 2/234 this run (2/234 total window): QUERY_SPEC_ERROR in 140.458s processing; model 140.369s/19 calls; 140.468s including wait/save; 207.844s since startup
Processed 3/234 this run (3/234 total window): PIPELINE_SUCCESS in 60.945s processing; model 60.858s/7 calls; 60.950s including wait/save; 268.794s since startup
Processed 4/234 this run (4/234 total window): PIPELINE_SUCCESS in 57.063s processing; model 56.982s/7 calls; 57.071s including wait/save; 325.865s since startup
Processed 5/234 this run (5/234 total window): PIPELINE_SUCCESS in 61.613s processing; model 61.554s/7 calls; 61.621s including wait/save; 387.486s since startup
Processed 6/234 this run (6/234 total window): QUERY_SPEC_ERROR in 143.327s processing; model 143.247s/17 calls; 143.340s including wait/save; 530.826s since startup
Processed 7/234 this run (7/234 total window): PIPELINE_SUCCESS in 57.697s processing; model 57.635s/7 calls; 57.705s including wait/save; 588.531s since startup
Processed 8/234 this run (8/234 total window): PIPELINE_SUCCESS in 90.779s processing; model 90.669s/8 calls; 90.788s including wait/save; 679.319s since startup
Processed 9/234 this run (9/234 total window): PIPELINE_SUCCESS in 93.237s processing; model 93.132s/8 calls; 93.246s including wait/save; 772.565s since startup
Processed 10/234 this run (10/234 total window): FINAL_SPEC_ERROR in 285.329s processing; model 285.177s/18 calls; 285.342s including wait/save; 1057.907s since startup
Processed 11/234 this run (11/234 total window): PIPELINE_SUCCESS in 82.087s processing; model 81.976s/8 calls; 82.098s including wait/save; 1140.005s since startup
Processed 12/234 this run (12/234 total window): PIPELINE_SUCCESS in 101.787s processing; model 101.632s/9 calls; 101.800s including wait/save; 1241.805s since startup
Processed 13/234 this run (13/234 total window): FINAL_SPEC_ERROR in 192.362s processing; model 192.230s/15 calls; 192.378s including wait/save; 1434.183s since startup
Processed 14/234 this run (14/234 total window): FINAL_SPEC_ERROR in 180.013s processing; model 179.895s/15 calls; 180.031s including wait/save; 1614.214s since startup
Processed 15/234 this run (15/234 total window): QUERY_SPEC_ERROR in 161.647s processing; model 161.558s/17 calls; 161.668s including wait/save; 1775.883s since startup
Processed 16/234 this run (16/234 total window): PIPELINE_SUCCESS in 80.187s processing; model 80.074s/9 calls; 80.202s including wait/save; 1856.085s since startup
Processed 17/234 this run (17/234 total window): PIPELINE_SUCCESS in 34.175s processing; model 34.143s/5 calls; 34.194s including wait/save; 1890.279s since startup
Processed 18/234 this run (18/234 total window): FINAL_SPEC_ERROR in 50.666s processing; model 50.616s/9 calls; 50.689s including wait/save; 1940.968s since startup
Processed 19/234 this run (19/234 total window): PIPELINE_SUCCESS in 58.651s processing; model 58.610s/7 calls; 58.672s including wait/save; 1999.639s since startup
Processed 20/234 this run (20/234 total window): PIPELINE_SUCCESS in 36.664s processing; model 36.611s/5 calls; 36.684s including wait/save; 2036.324s since startup
Processed 21/234 this run (21/234 total window): PIPELINE_SUCCESS in 46.982s processing; model 46.929s/5 calls; 47.004s including wait/save; 2083.328s since startup
Processed 22/234 this run (22/234 total window): PIPELINE_SUCCESS in 47.394s processing; model 47.356s/6 calls; 47.422s including wait/save; 2130.750s since startup
Processed 23/234 this run (23/234 total window): PIPELINE_SUCCESS in 40.31s processing; model 40.276s/6 calls; 40.336s including wait/save; 2171.086s since startup
Processed 24/234 this run (24/234 total window): PIPELINE_SUCCESS in 77.395s processing; model 77.331s/11 calls; 77.425s including wait/save; 2248.511s since startup
Processed 25/234 this run (25/234 total window): PIPELINE_SUCCESS in 40.826s processing; model 40.790s/6 calls; 40.853s including wait/save; 2289.364s since startup
Processed 26/234 this run (26/234 total window): PIPELINE_SUCCESS in 41.14s processing; model 41.100s/6 calls; 41.168s including wait/save; 2330.532s since startup
Processed 27/234 this run (27/234 total window): PIPELINE_SUCCESS in 72.165s processing; model 72.105s/11 calls; 72.193s including wait/save; 2402.725s since startup
Processed 28/234 this run (28/234 total window): PIPELINE_SUCCESS in 101.768s processing; model 101.655s/16 calls; 101.796s including wait/save; 2504.521s since startup
Processed 29/234 this run (29/234 total window): PIPELINE_SUCCESS in 49.049s processing; model 48.956s/7 calls; 49.075s including wait/save; 2553.596s since startup
Processed 30/234 this run (30/234 total window): PIPELINE_SUCCESS in 66.55s processing; model 66.432s/7 calls; 66.576s including wait/save; 2620.173s since startup
Processed 31/234 this run (31/234 total window): PIPELINE_SUCCESS in 68.376s processing; model 68.306s/7 calls; 68.402s including wait/save; 2688.574s since startup
Processed 32/234 this run (32/234 total window): PIPELINE_SUCCESS in 140.178s processing; model 140.076s/7 calls; 140.204s including wait/save; 2828.779s since startup
Processed 33/234 this run (33/234 total window): FINAL_SPEC_ERROR in 107.461s processing; model 107.198s/10 calls; 107.489s including wait/save; 2936.269s since startup
Processed 34/234 this run (34/234 total window): QUERY_SPEC_ERROR in 203.317s processing; model 203.224s/18 calls; 203.352s including wait/save; 3139.620s since startup
Processed 35/234 this run (35/234 total window): PIPELINE_SUCCESS in 52.369s processing; model 52.297s/7 calls; 52.398s including wait/save; 3192.018s since startup
Processed 36/234 this run (36/234 total window): PIPELINE_SUCCESS in 57.392s processing; model 57.327s/7 calls; 57.421s including wait/save; 3249.439s since startup
Processed 37/234 this run (37/234 total window): PIPELINE_SUCCESS in 149.187s processing; model 148.900s/15 calls; 149.218s including wait/save; 3398.657s since startup
Processed 38/234 this run (38/234 total window): FINAL_SPEC_ERROR in 100.06s processing; model 99.958s/11 calls; 100.100s including wait/save; 3498.757s since startup
Processed 39/234 this run (39/234 total window): PIPELINE_SUCCESS in 53.761s processing; model 53.651s/8 calls; 53.793s including wait/save; 3552.550s since startup
Processed 40/234 this run (40/234 total window): PIPELINE_SUCCESS in 58.431s processing; model 58.317s/8 calls; 58.465s including wait/save; 3611.015s since startup
Processed 41/234 this run (41/234 total window): FINAL_SPEC_ERROR in 261.461s processing; model 261.246s/23 calls; 261.504s including wait/save; 3872.519s since startup
Processed 42/234 this run (42/234 total window): PIPELINE_SUCCESS in 108.475s processing; model 108.242s/9 calls; 108.510s including wait/save; 3981.030s since startup
Processed 43/234 this run (43/234 total window): FINAL_SPEC_ERROR in 181.019s processing; model 180.852s/12 calls; 181.063s including wait/save; 4162.093s since startup
Processed 44/234 this run (44/234 total window): PIPELINE_SUCCESS in 99.931s processing; model 99.673s/9 calls; 99.970s including wait/save; 4262.062s since startup
Processed 45/234 this run (45/234 total window): PIPELINE_SUCCESS in 95.403s processing; model 95.278s/9 calls; 95.442s including wait/save; 4357.504s since startup
Processed 46/234 this run (46/234 total window): PIPELINE_SUCCESS in 90.706s processing; model 90.402s/9 calls; 90.748s including wait/save; 4448.252s since startup
Processed 47/234 this run (47/234 total window): FINAL_SPEC_ERROR in 196.78s processing; model 196.576s/18 calls; 196.835s including wait/save; 4645.088s since startup
Processed 48/234 this run (48/234 total window): FINAL_SPEC_ERROR in 34.977s processing; model 34.942s/8 calls; 35.030s including wait/save; 4680.118s since startup
Processed 49/234 this run (49/234 total window): PIPELINE_SUCCESS in 26.477s processing; model 26.447s/6 calls; 26.522s including wait/save; 4706.640s since startup
Processed 50/234 this run (50/234 total window): PIPELINE_SUCCESS in 36.922s processing; model 36.891s/5 calls; 36.973s including wait/save; 4743.613s since startup
Processed 51/234 this run (51/234 total window): FINAL_SPEC_ERROR in 31.07s processing; model 31.037s/8 calls; 31.125s including wait/save; 4774.739s since startup
Processed 52/234 this run (52/234 total window): FINAL_SPEC_ERROR in 132.347s processing; model 132.310s/8 calls; 132.411s including wait/save; 4907.150s since startup
Processed 53/234 this run (53/234 total window): FINAL_SPEC_ERROR in 29.203s processing; model 29.166s/8 calls; 29.257s including wait/save; 4936.407s since startup
Processed 54/234 this run (54/234 total window): PIPELINE_SUCCESS in 37.564s processing; model 37.524s/6 calls; 37.615s including wait/save; 4974.022s since startup
Processed 55/234 this run (55/234 total window): PIPELINE_SUCCESS in 61.801s processing; model 61.768s/7 calls; 61.854s including wait/save; 5035.876s since startup
Processed 56/234 this run (56/234 total window): FINAL_SPEC_ERROR in 39.365s processing; model 39.321s/8 calls; 39.436s including wait/save; 5075.312s since startup
Processed 57/234 this run (57/234 total window): PIPELINE_SUCCESS in 39.886s processing; model 39.830s/7 calls; 39.936s including wait/save; 5115.248s since startup
Processed 58/234 this run (58/234 total window): PIPELINE_SUCCESS in 40.681s processing; model 40.627s/7 calls; 40.730s including wait/save; 5155.979s since startup
Processed 59/234 this run (59/234 total window): PIPELINE_SUCCESS in 67.946s processing; model 67.880s/11 calls; 68.001s including wait/save; 5223.980s since startup
Processed 60/234 this run (60/234 total window): PIPELINE_SUCCESS in 49.773s processing; model 49.729s/7 calls; 49.825s including wait/save; 5273.805s since startup
Processed 61/234 this run (61/234 total window): PIPELINE_SUCCESS in 34.293s processing; model 34.241s/7 calls; 34.346s including wait/save; 5308.151s since startup
Processed 62/234 this run (62/234 total window): PIPELINE_SUCCESS in 64.248s processing; model 64.172s/12 calls; 64.298s including wait/save; 5372.450s since startup
Processed 63/234 this run (63/234 total window): PIPELINE_SUCCESS in 45.667s processing; model 45.627s/7 calls; 45.720s including wait/save; 5418.170s since startup
Processed 64/234 this run (64/234 total window): FINAL_SPEC_ERROR in 74.814s processing; model 74.738s/9 calls; 74.868s including wait/save; 5493.038s since startup
Processed 65/234 this run (65/234 total window): PIPELINE_SUCCESS in 57.745s processing; model 57.683s/8 calls; 57.797s including wait/save; 5550.835s since startup
Processed 66/234 this run (66/234 total window): DECOMPOSITION_ERROR in 50.006s processing; model 49.991s/5 calls; 50.074s including wait/save; 5600.909s since startup
Processed 67/234 this run (67/234 total window): FINAL_SPEC_ERROR in 90.559s processing; model 90.496s/10 calls; 90.618s including wait/save; 5691.527s since startup
Processed 68/234 this run (68/234 total window): FINAL_SPEC_ERROR in 82.617s processing; model 82.556s/10 calls; 82.677s including wait/save; 5774.203s since startup
Processed 69/234 this run (69/234 total window): PIPELINE_SUCCESS in 56.949s processing; model 56.882s/7 calls; 57.004s including wait/save; 5831.207s since startup
Processed 70/234 this run (70/234 total window): PIPELINE_SUCCESS in 62.222s processing; model 62.163s/7 calls; 62.279s including wait/save; 5893.486s since startup
Processed 71/234 this run (71/234 total window): PIPELINE_SUCCESS in 61.642s processing; model 61.594s/7 calls; 61.700s including wait/save; 5955.187s since startup
Processed 72/234 this run (72/234 total window): FINAL_SPEC_ERROR in 91.22s processing; model 91.147s/10 calls; 91.282s including wait/save; 6046.468s since startup
Processed 73/234 this run (73/234 total window): PIPELINE_SUCCESS in 63.975s processing; model 63.912s/7 calls; 64.031s including wait/save; 6110.499s since startup
Processed 74/234 this run (74/234 total window): PIPELINE_SUCCESS in 94.681s processing; model 94.580s/8 calls; 94.740s including wait/save; 6205.239s since startup
Processed 75/234 this run (75/234 total window): PIPELINE_SUCCESS in 64.734s processing; model 64.669s/8 calls; 64.794s including wait/save; 6270.033s since startup
Processed 76/234 this run (76/234 total window): PIPELINE_SUCCESS in 86.193s processing; model 86.082s/8 calls; 86.253s including wait/save; 6356.287s since startup
Processed 77/234 this run (77/234 total window): FINAL_SPEC_ERROR in 146.567s processing; model 146.377s/11 calls; 146.628s including wait/save; 6502.915s since startup
Processed 78/234 this run (78/234 total window): PIPELINE_SUCCESS in 70.055s processing; model 69.971s/8 calls; 70.117s including wait/save; 6573.032s since startup
Processed 79/234 this run (79/234 total window): FINAL_SPEC_ERROR in 182.38s processing; model 182.331s/9 calls; 182.465s including wait/save; 6755.497s since startup
Processed 80/234 this run (80/234 total window): FINAL_SPEC_ERROR in 89.935s processing; model 89.886s/9 calls; 90.007s including wait/save; 6845.503s since startup
Processed 81/234 this run (81/234 total window): FINAL_SPEC_ERROR in 76.857s processing; model 76.811s/9 calls; 76.927s including wait/save; 6922.431s since startup
Processed 82/234 this run (82/234 total window): FINAL_SPEC_ERROR in 73.732s processing; model 73.684s/9 calls; 73.804s including wait/save; 6996.235s since startup
Processed 83/234 this run (83/234 total window): FINAL_SPEC_ERROR in 80.465s processing; model 80.415s/9 calls; 80.539s including wait/save; 7076.774s since startup
Processed 84/234 this run (84/234 total window): FINAL_SPEC_ERROR in 83.509s processing; model 83.467s/9 calls; 83.581s including wait/save; 7160.356s since startup
Processed 85/234 this run (85/234 total window): FINAL_SPEC_ERROR in 71.28s processing; model 71.232s/9 calls; 71.356s including wait/save; 7231.711s since startup
Processed 86/234 this run (86/234 total window): FINAL_SPEC_ERROR in 73.857s processing; model 73.812s/9 calls; 73.928s including wait/save; 7305.639s since startup
Processed 87/234 this run (87/234 total window): FINAL_SPEC_ERROR in 91.506s processing; model 91.455s/9 calls; 91.576s including wait/save; 7397.215s since startup
Processed 88/234 this run (88/234 total window): FINAL_SPEC_ERROR in 59.774s processing; model 59.744s/8 calls; 59.850s including wait/save; 7457.066s since startup
Processed 89/234 this run (89/234 total window): FINAL_SPEC_ERROR in 88.314s processing; model 88.242s/9 calls; 88.389s including wait/save; 7545.455s since startup
Processed 90/234 this run (90/234 total window): PIPELINE_SUCCESS in 49.629s processing; model 49.361s/7 calls; 49.699s including wait/save; 7595.154s since startup
Processed 91/234 this run (91/234 total window): PIPELINE_SUCCESS in 63.025s processing; model 62.938s/7 calls; 63.097s including wait/save; 7658.251s since startup
Processed 92/234 this run (92/234 total window): PIPELINE_SUCCESS in 51.134s processing; model 51.013s/7 calls; 51.214s including wait/save; 7709.465s since startup
Processed 93/234 this run (93/234 total window): PIPELINE_SUCCESS in 58.785s processing; model 58.557s/7 calls; 58.856s including wait/save; 7768.321s since startup
Processed 94/234 this run (94/234 total window): PIPELINE_SUCCESS in 65.78s processing; model 65.696s/7 calls; 65.850s including wait/save; 7834.171s since startup
Processed 95/234 this run (95/234 total window): FINAL_SPEC_ERROR in 81.311s processing; model 81.228s/10 calls; 81.392s including wait/save; 7915.564s since startup
Processed 96/234 this run (96/234 total window): PIPELINE_SUCCESS in 59.63s processing; model 59.423s/7 calls; 59.703s including wait/save; 7975.268s since startup
Processed 97/234 this run (97/234 total window): PIPELINE_SUCCESS in 73.255s processing; model 73.107s/8 calls; 73.328s including wait/save; 8048.596s since startup
Processed 98/234 this run (98/234 total window): PIPELINE_SUCCESS in 62.249s processing; model 62.143s/7 calls; 62.325s including wait/save; 8110.921s since startup
Processed 99/234 this run (99/234 total window): PIPELINE_SUCCESS in 54.509s processing; model 54.330s/8 calls; 54.585s including wait/save; 8165.506s since startup
Processed 100/234 this run (100/234 total window): PIPELINE_SUCCESS in 95.586s processing; model 95.359s/10 calls; 95.675s including wait/save; 8261.181s since startup
Processed 101/234 this run (101/234 total window): PIPELINE_SUCCESS in 53.845s processing; model 53.467s/8 calls; 53.933s including wait/save; 8315.114s since startup
Processed 102/234 this run (102/234 total window): PIPELINE_SUCCESS in 68.059s processing; model 67.974s/8 calls; 68.137s including wait/save; 8383.251s since startup
Processed 103/234 this run (103/234 total window): PIPELINE_SUCCESS in 76.203s processing; model 76.115s/8 calls; 76.281s including wait/save; 8459.532s since startup
Processed 104/234 this run (104/234 total window): PIPELINE_SUCCESS in 164.892s processing; model 164.781s/8 calls; 164.983s including wait/save; 8624.516s since startup
Processed 105/234 this run (105/234 total window): PIPELINE_SUCCESS in 75.232s processing; model 75.133s/8 calls; 75.312s including wait/save; 8699.828s since startup
Processed 106/234 this run (106/234 total window): PIPELINE_SUCCESS in 76.352s processing; model 76.262s/8 calls; 76.434s including wait/save; 8776.262s since startup
Processed 107/234 this run (107/234 total window): PIPELINE_SUCCESS in 166.862s processing; model 166.770s/8 calls; 166.945s including wait/save; 8943.207s since startup
Processed 108/234 this run (108/234 total window): PIPELINE_SUCCESS in 74.548s processing; model 74.456s/8 calls; 74.632s including wait/save; 9017.840s since startup
Processed 109/234 this run (109/234 total window): PIPELINE_SUCCESS in 75.564s processing; model 75.424s/8 calls; 75.653s including wait/save; 9093.493s since startup
Processed 110/234 this run (110/234 total window): FINAL_SPEC_ERROR in 100.031s processing; model 99.945s/9 calls; 100.139s including wait/save; 9193.632s since startup
Processed 111/234 this run (111/234 total window): FINAL_SPEC_ERROR in 83.429s processing; model 83.372s/9 calls; 83.571s including wait/save; 9277.204s since startup
Processed 112/234 this run (112/234 total window): PIPELINE_SUCCESS in 131.102s processing; model 130.835s/12 calls; 131.190s including wait/save; 9408.394s since startup
Processed 113/234 this run (113/234 total window): PIPELINE_SUCCESS in 82.424s processing; model 82.331s/7 calls; 82.512s including wait/save; 9490.906s since startup
Processed 114/234 this run (114/234 total window): PIPELINE_SUCCESS in 42.763s processing; model 42.330s/6 calls; 42.850s including wait/save; 9533.756s since startup
Processed 115/234 this run (115/234 total window): PIPELINE_SUCCESS in 41.107s processing; model 41.069s/5 calls; 41.195s including wait/save; 9574.951s since startup
Processed 116/234 this run (116/234 total window): PIPELINE_SUCCESS in 47.092s processing; model 46.759s/5 calls; 47.179s including wait/save; 9622.131s since startup
Processed 117/234 this run (117/234 total window): FINAL_SPEC_ERROR in 111.553s processing; model 111.412s/10 calls; 111.654s including wait/save; 9733.784s since startup
Processed 118/234 this run (118/234 total window): PIPELINE_SUCCESS in 89.038s processing; model 88.741s/7 calls; 89.136s including wait/save; 9822.921s since startup
Processed 119/234 this run (119/234 total window): FINAL_SPEC_ERROR in 111.676s processing; model 111.567s/10 calls; 111.773s including wait/save; 9934.694s since startup
Processed 120/234 this run (120/234 total window): PIPELINE_SUCCESS in 68.596s processing; model 68.451s/7 calls; 68.690s including wait/save; 10003.384s since startup
Processed 121/234 this run (121/234 total window): FINAL_SPEC_ERROR in 103.768s processing; model 103.678s/10 calls; 103.882s including wait/save; 10107.266s since startup
Processed 122/234 this run (122/234 total window): PIPELINE_SUCCESS in 87.323s processing; model 86.635s/8 calls; 87.415s including wait/save; 10194.681s since startup
Processed 123/234 this run (123/234 total window): FINAL_SPEC_ERROR in 171.389s processing; model 171.270s/12 calls; 171.485s including wait/save; 10366.166s since startup
Processed 124/234 this run (124/234 total window): FINAL_SPEC_ERROR in 203.752s processing; model 203.602s/12 calls; 203.848s including wait/save; 10570.015s since startup
Processed 125/234 this run (125/234 total window): FINAL_SPEC_ERROR in 236.775s processing; model 236.586s/11 calls; 236.885s including wait/save; 10806.900s since startup
Processed 126/234 this run (126/234 total window): FINAL_SPEC_ERROR in 239.792s processing; model 239.601s/11 calls; 239.897s including wait/save; 11046.797s since startup
Processed 127/234 this run (127/234 total window): FINAL_SPEC_ERROR in 150.547s processing; model 150.396s/11 calls; 150.653s including wait/save; 11197.450s since startup
Processed 128/234 this run (128/234 total window): FINAL_SPEC_ERROR in 176.381s processing; model 176.268s/11 calls; 176.502s including wait/save; 11373.952s since startup
Processed 129/234 this run (129/234 total window): PIPELINE_SUCCESS in 104.68s processing; model 104.322s/8 calls; 104.780s including wait/save; 11478.732s since startup
Processed 130/234 this run (130/234 total window): FINAL_SPEC_ERROR in 216.622s processing; model 216.417s/13 calls; 216.733s including wait/save; 11695.465s since startup
Processed 131/234 this run (131/234 total window): FINAL_SPEC_ERROR in 159.505s processing; model 159.318s/11 calls; 159.623s including wait/save; 11855.088s since startup
Processed 132/234 this run (132/234 total window): FINAL_SPEC_ERROR in 193.009s processing; model 192.856s/13 calls; 193.120s including wait/save; 12048.208s since startup
Processed 133/234 this run (133/234 total window): FINAL_SPEC_ERROR in 192.809s processing; model 192.698s/12 calls; 192.922s including wait/save; 12241.130s since startup
Processed 134/234 this run (134/234 total window): FINAL_SPEC_ERROR in 181.34s processing; model 181.138s/12 calls; 181.456s including wait/save; 12422.587s since startup
Processed 135/234 this run (135/234 total window): PIPELINE_SUCCESS in 97.574s processing; model 94.141s/9 calls; 97.690s including wait/save; 12520.277s since startup
Processed 136/234 this run (136/234 total window): FINAL_SPEC_ERROR in 154.6s processing; model 154.405s/12 calls; 154.725s including wait/save; 12675.003s since startup
Processed 137/234 this run (137/234 total window): FINAL_SPEC_ERROR in 320.001s processing; model 319.786s/14 calls; 320.128s including wait/save; 12995.131s since startup
Processed 138/234 this run (138/234 total window): FINAL_SPEC_ERROR in 290.534s processing; model 290.298s/14 calls; 290.656s including wait/save; 13285.787s since startup
Processed 139/234 this run (139/234 total window): FINAL_SPEC_ERROR in 239.45s processing; model 239.224s/14 calls; 239.569s including wait/save; 13525.356s since startup
Processed 140/234 this run (140/234 total window): FINAL_SPEC_ERROR in 174.783s processing; model 174.602s/13 calls; 174.911s including wait/save; 13700.267s since startup
Processed 141/234 this run (141/234 total window): FINAL_SPEC_ERROR in 277.591s processing; model 277.425s/14 calls; 277.730s including wait/save; 13977.997s since startup
Processed 142/234 this run (142/234 total window): PIPELINE_SUCCESS in 34.46s processing; model 34.428s/5 calls; 34.589s including wait/save; 14012.587s since startup
Processed 143/234 this run (143/234 total window): FINAL_SPEC_ERROR in 41.561s processing; model 41.516s/8 calls; 41.703s including wait/save; 14054.289s since startup
Processed 144/234 this run (144/234 total window): FINAL_SPEC_ERROR in 35.263s processing; model 35.236s/8 calls; 35.418s including wait/save; 14089.708s since startup
Processed 145/234 this run (145/234 total window): FINAL_SPEC_ERROR in 45.615s processing; model 45.578s/8 calls; 45.745s including wait/save; 14135.454s since startup
Processed 146/234 this run (146/234 total window): PIPELINE_SUCCESS in 33.258s processing; model 33.220s/5 calls; 33.404s including wait/save; 14168.858s since startup
Processed 147/234 this run (147/234 total window): FINAL_SPEC_ERROR in 35.488s processing; model 35.456s/8 calls; 35.620s including wait/save; 14204.478s since startup
Processed 148/234 this run (148/234 total window): PIPELINE_SUCCESS in 32.143s processing; model 32.076s/5 calls; 32.288s including wait/save; 14236.767s since startup
Processed 149/234 this run (149/234 total window): PIPELINE_SUCCESS in 32.435s processing; model 32.332s/5 calls; 32.570s including wait/save; 14269.337s since startup
Processed 150/234 this run (150/234 total window): FINAL_SPEC_ERROR in 41.691s processing; model 41.655s/8 calls; 41.829s including wait/save; 14311.166s since startup
Processed 151/234 this run (151/234 total window): PIPELINE_SUCCESS in 28.783s processing; model 28.736s/5 calls; 28.912s including wait/save; 14340.077s since startup
Processed 152/234 this run (152/234 total window): FINAL_SPEC_ERROR in 41.508s processing; model 41.446s/8 calls; 41.646s including wait/save; 14381.723s since startup
Processed 153/234 this run (153/234 total window): FINAL_SPEC_ERROR in 39.587s processing; model 39.548s/8 calls; 39.727s including wait/save; 14421.450s since startup
Processed 154/234 this run (154/234 total window): PIPELINE_SUCCESS in 27.984s processing; model 27.943s/5 calls; 28.115s including wait/save; 14449.566s since startup
Processed 155/234 this run (155/234 total window): FINAL_SPEC_ERROR in 40.123s processing; model 40.064s/8 calls; 40.262s including wait/save; 14489.828s since startup
Processed 156/234 this run (156/234 total window): FINAL_SPEC_ERROR in 41.559s processing; model 41.509s/8 calls; 41.698s including wait/save; 14531.527s since startup
Processed 157/234 this run (157/234 total window): PIPELINE_SUCCESS in 29.57s processing; model 29.529s/5 calls; 29.704s including wait/save; 14561.230s since startup
Processed 158/234 this run (158/234 total window): PIPELINE_SUCCESS in 129.952s processing; model 129.910s/7 calls; 130.113s including wait/save; 14691.344s since startup
Processed 159/234 this run (159/234 total window): FINAL_SPEC_ERROR in 56.612s processing; model 56.564s/10 calls; 56.747s including wait/save; 14748.091s since startup
Processed 160/234 this run (160/234 total window): FINAL_SPEC_ERROR in 51.268s processing; model 51.225s/9 calls; 51.433s including wait/save; 14799.523s since startup
Processed 161/234 this run (161/234 total window): FINAL_SPEC_ERROR in 56.29s processing; model 56.246s/9 calls; 56.458s including wait/save; 14855.981s since startup
Processed 162/234 this run (162/234 total window): QUERY_SPEC_ERROR in 92.878s processing; model 92.803s/17 calls; 93.043s including wait/save; 14949.025s since startup
Processed 163/234 this run (163/234 total window): FINAL_SPEC_ERROR in 67.627s processing; model 67.558s/9 calls; 67.794s including wait/save; 15016.818s since startup
Processed 164/234 this run (164/234 total window): FINAL_SPEC_ERROR in 47.43s processing; model 47.265s/9 calls; 47.565s including wait/save; 15064.384s since startup
Processed 165/234 this run (165/234 total window): QUERY_SPEC_ERROR in 100.333s processing; model 100.250s/17 calls; 100.497s including wait/save; 15164.880s since startup
Processed 166/234 this run (166/234 total window): FINAL_SPEC_ERROR in 55.301s processing; model 55.253s/9 calls; 55.463s including wait/save; 15220.344s since startup
Processed 167/234 this run (167/234 total window): FINAL_SPEC_ERROR in 58.886s processing; model 58.810s/9 calls; 59.038s including wait/save; 15279.382s since startup
Processed 168/234 this run (168/234 total window): PIPELINE_SUCCESS in 52.3s processing; model 52.228s/8 calls; 52.447s including wait/save; 15331.829s since startup
Processed 169/234 this run (169/234 total window): FINAL_SPEC_ERROR in 65.914s processing; model 65.833s/11 calls; 66.062s including wait/save; 15397.891s since startup
Processed 170/234 this run (170/234 total window): PIPELINE_SUCCESS in 43.992s processing; model 43.819s/7 calls; 44.149s including wait/save; 15442.040s since startup
Processed 171/234 this run (171/234 total window): PIPELINE_SUCCESS in 42.824s processing; model 42.704s/7 calls; 42.976s including wait/save; 15485.016s since startup
Processed 172/234 this run (172/234 total window): FINAL_SPEC_ERROR in 75.377s processing; model 75.277s/11 calls; 75.535s including wait/save; 15560.552s since startup
Processed 173/234 this run (173/234 total window): PIPELINE_SUCCESS in 29.578s processing; model 29.519s/5 calls; 29.738s including wait/save; 15590.290s since startup
Processed 174/234 this run (174/234 total window): PIPELINE_SUCCESS in 28.472s processing; model 28.417s/5 calls; 28.611s including wait/save; 15618.902s since startup
Processed 175/234 this run (175/234 total window): FINAL_SPEC_ERROR in 39.705s processing; model 39.667s/8 calls; 39.847s including wait/save; 15658.749s since startup
Processed 176/234 this run (176/234 total window): FINAL_SPEC_ERROR in 42.957s processing; model 42.899s/8 calls; 43.111s including wait/save; 15701.860s since startup
Processed 177/234 this run (177/234 total window): PIPELINE_SUCCESS in 37.615s processing; model 37.482s/5 calls; 37.777s including wait/save; 15739.637s since startup
Processed 178/234 this run (178/234 total window): PIPELINE_SUCCESS in 29.25s processing; model 29.214s/5 calls; 29.414s including wait/save; 15769.052s since startup
Processed 179/234 this run (179/234 total window): PIPELINE_SUCCESS in 28.302s processing; model 28.250s/5 calls; 28.454s including wait/save; 15797.506s since startup
Processed 180/234 this run (180/234 total window): FINAL_SPEC_ERROR in 44.897s processing; model 44.848s/8 calls; 45.058s including wait/save; 15842.564s since startup
Processed 181/234 this run (181/234 total window): FINAL_SPEC_ERROR in 43.857s processing; model 43.818s/8 calls; 44.029s including wait/save; 15886.593s since startup
Processed 182/234 this run (182/234 total window): FINAL_SPEC_ERROR in 47.474s processing; model 47.424s/8 calls; 47.622s including wait/save; 15934.215s since startup
Processed 183/234 this run (183/234 total window): PIPELINE_SUCCESS in 40.796s processing; model 40.767s/5 calls; 40.964s including wait/save; 15975.179s since startup
Processed 184/234 this run (184/234 total window): PIPELINE_SUCCESS in 37.724s processing; model 37.678s/6 calls; 37.891s including wait/save; 16013.070s since startup
Processed 185/234 this run (185/234 total window): PIPELINE_SUCCESS in 64.445s processing; model 64.386s/10 calls; 64.613s including wait/save; 16077.683s since startup
Processed 186/234 this run (186/234 total window): PIPELINE_SUCCESS in 31.257s processing; model 30.905s/5 calls; 31.423s including wait/save; 16109.106s since startup
Processed 187/234 this run (187/234 total window): PIPELINE_SUCCESS in 44.097s processing; model 44.024s/7 calls; 44.254s including wait/save; 16153.360s since startup
Processed 188/234 this run (188/234 total window): PIPELINE_SUCCESS in 52.477s processing; model 52.420s/7 calls; 52.644s including wait/save; 16206.004s since startup
Processed 189/234 this run (189/234 total window): PIPELINE_SUCCESS in 55.54s processing; model 55.465s/7 calls; 55.697s including wait/save; 16261.701s since startup
Processed 190/234 this run (190/234 total window): FINAL_SPEC_ERROR in 44.1s processing; model 44.049s/9 calls; 44.272s including wait/save; 16305.973s since startup
Processed 191/234 this run (191/234 total window): PIPELINE_SUCCESS in 35.947s processing; model 35.571s/6 calls; 36.113s including wait/save; 16342.087s since startup
Processed 192/234 this run (192/234 total window): PIPELINE_SUCCESS in 38.401s processing; model 38.312s/7 calls; 38.569s including wait/save; 16380.656s since startup
Processed 193/234 this run (193/234 total window): PIPELINE_SUCCESS in 53.931s processing; model 53.805s/7 calls; 54.100s including wait/save; 16434.756s since startup
Processed 194/234 this run (194/234 total window): PIPELINE_SUCCESS in 144.684s processing; model 144.597s/7 calls; 144.854s including wait/save; 16579.610s since startup
Processed 195/234 this run (195/234 total window): PIPELINE_SUCCESS in 49.221s processing; model 49.078s/7 calls; 49.398s including wait/save; 16629.008s since startup
Processed 196/234 this run (196/234 total window): PIPELINE_SUCCESS in 52.115s processing; model 51.999s/7 calls; 52.275s including wait/save; 16681.283s since startup
Processed 197/234 this run (197/234 total window): FINAL_SPEC_ERROR in 76.084s processing; model 76.010s/10 calls; 76.237s including wait/save; 16757.520s since startup
Processed 198/234 this run (198/234 total window): QUERY_SPEC_ERROR in 110.66s processing; model 110.582s/17 calls; 110.839s including wait/save; 16868.359s since startup
Processed 199/234 this run (199/234 total window): PIPELINE_SUCCESS in 49.881s processing; model 49.775s/7 calls; 50.056s including wait/save; 16918.416s since startup
Processed 200/234 this run (200/234 total window): FINAL_SPEC_ERROR in 202.383s processing; model 202.219s/13 calls; 202.557s including wait/save; 17120.973s since startup
Processed 201/234 this run (201/234 total window): PIPELINE_SUCCESS in 87.207s processing; model 87.094s/10 calls; 87.400s including wait/save; 17208.372s since startup
Processed 202/234 this run (202/234 total window): DECOMPOSITION_ERROR in 86.024s processing; model 86.010s/5 calls; 86.184s including wait/save; 17294.557s since startup
Processed 203/234 this run (203/234 total window): FINAL_SPEC_ERROR in 133.654s processing; model 133.502s/11 calls; 133.823s including wait/save; 17428.380s since startup
Processed 204/234 this run (204/234 total window): FINAL_SPEC_ERROR in 36.789s processing; model 36.755s/8 calls; 36.962s including wait/save; 17465.342s since startup
Processed 205/234 this run (205/234 total window): FINAL_SPEC_ERROR in 38.227s processing; model 38.185s/8 calls; 38.413s including wait/save; 17503.756s since startup
Processed 206/234 this run (206/234 total window): FINAL_SPEC_ERROR in 39.668s processing; model 39.623s/8 calls; 39.847s including wait/save; 17543.602s since startup
Processed 207/234 this run (207/234 total window): FINAL_SPEC_ERROR in 48.544s processing; model 48.500s/8 calls; 48.716s including wait/save; 17592.319s since startup
Processed 208/234 this run (208/234 total window): FINAL_SPEC_ERROR in 42.576s processing; model 42.534s/8 calls; 42.739s including wait/save; 17635.058s since startup
Processed 209/234 this run (209/234 total window): FINAL_SPEC_ERROR in 36.523s processing; model 36.472s/8 calls; 36.710s including wait/save; 17671.768s since startup
Processed 210/234 this run (210/234 total window): FINAL_SPEC_ERROR in 37.626s processing; model 37.582s/8 calls; 37.811s including wait/save; 17709.579s since startup
Processed 211/234 this run (211/234 total window): FINAL_SPEC_ERROR in 40.572s processing; model 40.529s/8 calls; 40.759s including wait/save; 17750.338s since startup
Processed 212/234 this run (212/234 total window): FINAL_SPEC_ERROR in 38.109s processing; model 38.066s/8 calls; 38.281s including wait/save; 17788.619s since startup
Processed 213/234 this run (213/234 total window): FINAL_SPEC_ERROR in 38.741s processing; model 38.700s/8 calls; 38.915s including wait/save; 17827.534s since startup
Processed 214/234 this run (214/234 total window): PIPELINE_SUCCESS in 51.961s processing; model 51.710s/8 calls; 52.128s including wait/save; 17879.663s since startup
Processed 215/234 this run (215/234 total window): FINAL_SPEC_ERROR in 38.327s processing; model 38.273s/8 calls; 38.518s including wait/save; 17918.181s since startup
Processed 216/234 this run (216/234 total window): FINAL_SPEC_ERROR in 34.65s processing; model 34.605s/8 calls; 34.822s including wait/save; 17953.003s since startup
Processed 217/234 this run (217/234 total window): FINAL_SPEC_ERROR in 37.117s processing; model 37.084s/8 calls; 37.326s including wait/save; 17990.329s since startup
Processed 218/234 this run (218/234 total window): PIPELINE_SUCCESS in 28.973s processing; model 28.944s/5 calls; 29.148s including wait/save; 18019.477s since startup
Processed 219/234 this run (219/234 total window): FINAL_SPEC_ERROR in 46.582s processing; model 46.544s/8 calls; 46.769s including wait/save; 18066.245s since startup
Processed 220/234 this run (220/234 total window): PIPELINE_SUCCESS in 34.821s processing; model 34.786s/5 calls; 35.000s including wait/save; 18101.245s since startup
Processed 221/234 this run (221/234 total window): PIPELINE_SUCCESS in 31.988s processing; model 31.957s/5 calls; 32.270s including wait/save; 18133.516s since startup
Processed 222/234 this run (222/234 total window): PIPELINE_SUCCESS in 79.279s processing; model 79.128s/7 calls; 79.448s including wait/save; 18212.964s since startup
Processed 223/234 this run (223/234 total window): PIPELINE_SUCCESS in 62.918s processing; model 62.862s/6 calls; 63.079s including wait/save; 18276.043s since startup
Processed 224/234 this run (224/234 total window): FINAL_SPEC_ERROR in 185.098s processing; model 185.038s/9 calls; 185.290s including wait/save; 18461.333s since startup
Processed 225/234 this run (225/234 total window): PIPELINE_SUCCESS in 93.721s processing; model 93.518s/9 calls; 93.883s including wait/save; 18555.216s since startup
Processed 226/234 this run (226/234 total window): PIPELINE_SUCCESS in 45.759s processing; model 45.554s/6 calls; 45.951s including wait/save; 18601.167s since startup
Processed 227/234 this run (227/234 total window): FINAL_SPEC_ERROR in 115.016s processing; model 114.958s/10 calls; 115.194s including wait/save; 18716.361s since startup
Processed 228/234 this run (228/234 total window): PIPELINE_SUCCESS in 77.01s processing; model 76.809s/9 calls; 77.174s including wait/save; 18793.536s since startup
Processed 229/234 this run (229/234 total window): PIPELINE_SUCCESS in 78.156s processing; model 78.008s/7 calls; 78.353s including wait/save; 18871.889s since startup
Processed 230/234 this run (230/234 total window): PIPELINE_SUCCESS in 37.422s processing; model 37.333s/7 calls; 37.600s including wait/save; 18909.488s since startup
Processed 231/234 this run (231/234 total window): FINAL_SPEC_ERROR in 63.768s processing; model 63.705s/9 calls; 63.962s including wait/save; 18973.451s since startup
Processed 232/234 this run (232/234 total window): FINAL_SPEC_ERROR in 92.329s processing; model 92.196s/10 calls; 92.519s including wait/save; 19065.970s since startup
Processed 233/234 this run (233/234 total window): PIPELINE_SUCCESS in 54.174s processing; model 53.721s/7 calls; 54.350s including wait/save; 19120.320s since startup
Processed 234/234 this run (234/234 total window): FINAL_SPEC_ERROR in 80.759s processing; model 80.639s/10 calls; 80.947s including wait/save; 19201.268s since startup
[COMPLETE] Pipeline finished. Details: /home/kritik/Desktop/neosapiens/finance/script_diff_llm2/ablations/improvement10_models/source/improvement10/.runtime/logs/pipeline_20261006_134111_134271.log
[TIME] Startup-to-finish: 19201.58s; model requests: 19146.67s (2036 calls). Slowest model stages: Final_Spec=5561.36s, Decompose=4944.73s, Query_Understanding=4560.80s, Query_Spec=3774.81s
[TIMING] /home/kritik/Desktop/neosapiens/finance/script_diff_llm2/ablations/improvement10_models/source/improvement10/.runtime/logs/timing_20261006_134110_134271.json
