Traceback (most recent call last):
  File "C:\Users\AMAN KUMAR SINGH\Desktop\financial\query_specs_improevemnt\pipelieneeasy\pipeline_03_without_query_specs_and dag\run_pipeline_improved_1.py", line 3753, in <module>
    main()
  File "C:\Users\AMAN KUMAR SINGH\Desktop\financial\query_specs_improevemnt\pipelieneeasy\pipeline_03_without_query_specs_and dag\run_pipeline_improved_1.py", line 3727, in main
    save_report(results_list)
  File "C:\Users\AMAN KUMAR SINGH\Desktop\financial\query_specs_improevemnt\pipelieneeasy\pipeline_03_without_query_specs_and dag\run_pipeline_improved_1.py", line 3669, in save_report
    df_report.to_csv(temporary_file, index=False)
  File "C:\Users\AMAN KUMAR SINGH\AppData\Local\Programs\Python\Python310\lib\site-packages\pandas\util\_decorators.py", line 333, in wrapper
    return func(*args, **kwargs)
  File "C:\Users\AMAN KUMAR SINGH\AppData\Local\Programs\Python\Python310\lib\site-packages\pandas\core\generic.py", line 3989, in to_csv
    return DataFrameRenderer(formatter).to_csv(
  File "C:\Users\AMAN KUMAR SINGH\AppData\Local\Programs\Python\Python310\lib\site-packages\pandas\io\formats\format.py", line 1014, in to_csv
    csv_formatter.save()
  File "C:\Users\AMAN KUMAR SINGH\AppData\Local\Programs\Python\Python310\lib\site-packages\pandas\io\formats\csvs.py", line 270, in save
    self._save()
  File "C:\Users\AMAN KUMAR SINGH\AppData\Local\Programs\Python\Python310\lib\site-packages\pandas\io\formats\csvs.py", line 275, in _save
    self._save_body()
  File "C:\Users\AMAN KUMAR SINGH\AppData\Local\Programs\Python\Python310\lib\site-packages\pandas\io\formats\csvs.py", line 313, in _save_body
    self._save_chunk(start_i, end_i)
  File "C:\Users\AMAN KUMAR SINGH\AppData\Local\Programs\Python\Python310\lib\site-packages\pandas\io\formats\csvs.py", line 324, in _save_chunk
    libwriters.write_csv_rows(
  File "pandas/_libs/writers.pyx", line 73, in pandas._libs.writers.write_csv_rows
MemoryError
