2026-10-06T13:46:49+05:30 [STATUS] gpt_oss_120b: 105/1000; success 105; active workers 4
deepseek_v3_2: 98/1000; success 94; active workers 4
gemma_3_27b_it: 79/1000; success 32; active workers 4
kimi_k2_thinking: 39/1000; success 35; active workers 4
2026-10-06T14:16:55+05:30 [STATUS] gpt_oss_120b: 228/1000; success 225; active workers 4
deepseek_v3_2: 211/1000; success 192; active workers 4
gemma_3_27b_it: 163/1000; success 93; active workers 4
kimi_k2_thinking: 84/1000; success 80; active workers 4
2026-10-06T14:47:03+05:30 [STATUS] gpt_oss_120b: 348/1000; success 343; active workers 4
deepseek_v3_2: 352/1000; success 329; active workers 4
gemma_3_27b_it: 232/1000; success 144; active workers 4
kimi_k2_thinking: 105/1000; success 100; active workers 4
2026-10-06T14:57:05+05:30 [ANOMALY] gemma_3_27b_it: 10/20 recently collected rows failed. This includes existing preserved rows at startup.
2026-10-06T15:17:11+05:30 [STATUS] gpt_oss_120b: 466/1000; success 461; active workers 4
deepseek_v3_2: 441/1000; success 406; active workers 4
gemma_3_27b_it: 338/1000; success 207; active workers 4
kimi_k2_thinking: 136/1000; success 130; active workers 4
2026-10-06T15:47:21+05:30 [STATUS] gpt_oss_120b: 557/1000; success 551; active workers 4
deepseek_v3_2: 550/1000; success 511; active workers 4
gemma_3_27b_it: 429/1000; success 255; active workers 4
kimi_k2_thinking: 182/1000; success 176; active workers 4
2026-10-06T16:11:30+05:30 [ANOMALY] kimi_k2_thinking/worker_04: no newly saved row for over 10 minutes; request/retry may still be running.
2026-10-06T16:14:31+05:30 [ANOMALY] gemma_3_27b_it: 10/20 recently collected rows failed. This includes existing preserved rows at startup.
2026-10-06T16:17:32+05:30 [STATUS] gpt_oss_120b: 617/1000; success 601; active workers 4
deepseek_v3_2: 610/1000; success 567; active workers 4
gemma_3_27b_it: 507/1000; success 308; active workers 4
kimi_k2_thinking: 204/1000; success 196; active workers 4
2026-10-06T16:25:04+05:30 [ANOMALY] kimi_k2_thinking/worker_03: no newly saved row for over 10 minutes; request/retry may still be running.
2026-10-06T16:44:42+05:30 [ANOMALY] gemma_3_27b_it: 12/20 recently collected rows failed. This includes existing preserved rows at startup.
2026-10-06T16:47:43+05:30 [STATUS] gpt_oss_120b: 770/1000; success 749; active workers 4
deepseek_v3_2: 747/1000; success 696; active workers 4
gemma_3_27b_it: 567/1000; success 334; active workers 4
kimi_k2_thinking: 221/1000; success 213; active workers 4
2026-10-06T16:52:46+05:30 [ANOMALY] kimi_k2_thinking/worker_04: no newly saved row for over 10 minutes; request/retry may still be running.
2026-10-06T16:53:46+05:30 [ANOMALY] kimi_k2_thinking/worker_01: no newly saved row for over 10 minutes; request/retry may still be running.
2026-10-06T17:06:52+05:30 [ANOMALY] kimi_k2_thinking/worker_03: no newly saved row for over 10 minutes; request/retry may still be running.
2026-10-06T17:14:56+05:30 [ANOMALY] gemma_3_27b_it: 16/20 recently collected rows failed. This includes existing preserved rows at startup.
2026-10-06T17:17:57+05:30 [STATUS] gpt_oss_120b: 912/1000; success 889; active workers 4
deepseek_v3_2: 907/1000; success 854; active workers 4
gemma_3_27b_it: 607/1000; success 342; active workers 4
kimi_k2_thinking: 232/1000; success 223; active workers 4
2026-10-06T17:18:27+05:30 [ANOMALY] kimi_k2_thinking/worker_02: no newly saved row for over 10 minutes; request/retry may still be running.
2026-10-06T17:24:00+05:30 [ANOMALY] kimi_k2_thinking/worker_01: no newly saved row for over 10 minutes; request/retry may still be running.
2026-10-06T17:37:06+05:30 [ANOMALY] kimi_k2_thinking/worker_03: no newly saved row for over 10 minutes; request/retry may still be running.
2026-10-06T17:45:10+05:30 [ANOMALY] gemma_3_27b_it: 12/20 recently collected rows failed. This includes existing preserved rows at startup.
2026-10-06T17:48:11+05:30 [STATUS] gpt_oss_120b: 1000/1000; success 974; active workers 0
deepseek_v3_2: 1000/1000; success 939; active workers 0
gemma_3_27b_it: 703/1000; success 375; active workers 4
kimi_k2_thinking: 243/1000; success 233; active workers 4
2026-10-06T17:48:42+05:30 [ANOMALY] kimi_k2_thinking/worker_02: no newly saved row for over 10 minutes; request/retry may still be running.
2026-10-06T17:54:14+05:30 [ANOMALY] kimi_k2_thinking/worker_01: no newly saved row for over 10 minutes; request/retry may still be running.
2026-10-06T18:11:53+05:30 [ANOMALY] kimi_k2_thinking/worker_03: no newly saved row for over 10 minutes; request/retry may still be running.
2026-10-06T18:18:27+05:30 [STATUS] gpt_oss_120b: 1000/1000; success 974; active workers 0
deepseek_v3_2: 1000/1000; success 939; active workers 0
gemma_3_27b_it: 839/1000; success 451; active workers 4
kimi_k2_thinking: 268/1000; success 257; active workers 4
2026-10-06T18:48:42+05:30 [STATUS] gpt_oss_120b: 1000/1000; success 974; active workers 0
deepseek_v3_2: 1000/1000; success 939; active workers 0
gemma_3_27b_it: 953/1000; success 506; active workers 4
kimi_k2_thinking: 312/1000; success 300; active workers 4
2026-10-06T19:12:55+05:30 [ANOMALY] kimi_k2_thinking/worker_01 stopped before completion: 78/244 saved.
2026-10-06T19:12:55+05:30 [ANOMALY] kimi_k2_thinking/worker_02 stopped before completion: 83/243 saved.
2026-10-06T19:12:55+05:30 [ANOMALY] kimi_k2_thinking/worker_03 stopped before completion: 73/243 saved.
2026-10-06T19:12:55+05:30 [ANOMALY] kimi_k2_thinking/worker_04 stopped before completion: 84/243 saved.
2026-10-06T19:18:59+05:30 [STATUS] gpt_oss_120b: 1000/1000; success 974; active workers 0
deepseek_v3_2: 1000/1000; success 939; active workers 0
gemma_3_27b_it: 1000/1000; success 530; active workers 0
kimi_k2_thinking: 345/1000; success 332; active workers 0
2026-10-06T19:43:12+05:30 [ANOMALY] kimi_k2_thinking/worker_01 stopped before completion: 78/244 saved.
2026-10-06T19:43:12+05:30 [ANOMALY] kimi_k2_thinking/worker_02 stopped before completion: 83/243 saved.
2026-10-06T19:43:12+05:30 [ANOMALY] kimi_k2_thinking/worker_03 stopped before completion: 73/243 saved.
2026-10-06T19:43:12+05:30 [ANOMALY] kimi_k2_thinking/worker_04 stopped before completion: 84/243 saved.
2026-10-06T19:49:15+05:30 [STATUS] gpt_oss_120b: 1000/1000; success 974; active workers 0
deepseek_v3_2: 1000/1000; success 939; active workers 0
gemma_3_27b_it: 1000/1000; success 530; active workers 0
kimi_k2_thinking: 345/1000; success 332; active workers 0
2026-10-06T20:13:28+05:30 [ANOMALY] kimi_k2_thinking/worker_01 stopped before completion: 78/244 saved.
2026-10-06T20:13:28+05:30 [ANOMALY] kimi_k2_thinking/worker_02 stopped before completion: 83/243 saved.
2026-10-06T20:13:28+05:30 [ANOMALY] kimi_k2_thinking/worker_03 stopped before completion: 73/243 saved.
2026-10-06T20:13:28+05:30 [ANOMALY] kimi_k2_thinking/worker_04 stopped before completion: 84/243 saved.
2026-10-06T20:19:32+05:30 [STATUS] gpt_oss_120b: 1000/1000; success 974; active workers 0
deepseek_v3_2: 1000/1000; success 939; active workers 0
gemma_3_27b_it: 1000/1000; success 530; active workers 0
kimi_k2_thinking: 345/1000; success 332; active workers 0
2026-10-06T20:43:45+05:30 [ANOMALY] kimi_k2_thinking/worker_01 stopped before completion: 78/244 saved.
2026-10-06T20:43:45+05:30 [ANOMALY] kimi_k2_thinking/worker_02 stopped before completion: 83/243 saved.
2026-10-06T20:43:45+05:30 [ANOMALY] kimi_k2_thinking/worker_03 stopped before completion: 73/243 saved.
2026-10-06T20:43:45+05:30 [ANOMALY] kimi_k2_thinking/worker_04 stopped before completion: 84/243 saved.
2026-10-06T20:49:48+05:30 [STATUS] gpt_oss_120b: 1000/1000; success 974; active workers 0
deepseek_v3_2: 1000/1000; success 939; active workers 0
gemma_3_27b_it: 1000/1000; success 530; active workers 0
kimi_k2_thinking: 345/1000; success 332; active workers 0
2026-10-06T21:14:01+05:30 [ANOMALY] kimi_k2_thinking/worker_01 stopped before completion: 78/244 saved.
2026-10-06T21:14:01+05:30 [ANOMALY] kimi_k2_thinking/worker_02 stopped before completion: 83/243 saved.
2026-10-06T21:14:01+05:30 [ANOMALY] kimi_k2_thinking/worker_03 stopped before completion: 73/243 saved.
2026-10-06T21:14:01+05:30 [ANOMALY] kimi_k2_thinking/worker_04 stopped before completion: 84/243 saved.
2026-10-06T21:20:04+05:30 [STATUS] gpt_oss_120b: 1000/1000; success 974; active workers 0
deepseek_v3_2: 1000/1000; success 939; active workers 0
gemma_3_27b_it: 1000/1000; success 530; active workers 0
kimi_k2_thinking: 345/1000; success 332; active workers 0
