[INPUT] SQLITE_DB_PATH: /home/kritik/Desktop/neosapiens/finance/script_diff_llm2/ablations/improvement10_models/source/improvement10/wealth_management_diverse.db
[INPUT] TABLE_METADATA_DIR: /home/kritik/Desktop/neosapiens/finance/script_diff_llm2/ablations/improvement10_models/source/improvement10/table_medatada
[INPUT] DOMAIN_INTRO_FILE: /home/kritik/Desktop/neosapiens/finance/script_diff_llm2/ablations/improvement10_models/source/improvement10/domain_intro_latest.prompt
[INPUT] BUSINESS_RULES_FILE: /home/kritik/Desktop/neosapiens/finance/script_diff_llm2/ablations/improvement10_models/source/improvement10/business_rules_addendum.md
[RUNNING] Report: /home/kritik/Desktop/neosapiens/finance/script_diff_llm2/ablations/improvement10_models/runs/qwen3_coder_480b/run_01/parallel_workers4/worker_04/raw_pipeline.csv
[LOG] /home/kritik/Desktop/neosapiens/finance/script_diff_llm2/ablations/improvement10_models/source/improvement10/.runtime/logs/pipeline_20261006_194225_299887.log
[CACHE] Knowledge hit in 0.005s
[TIME] Startup ready: 1.580s; query delay: 0s
Processed 1/250 this run (1/250 total window): FINAL_SPEC_ERROR in 16.88s processing; model 16.843s/8 calls; 16.889s including wait/save; 18.468s since startup
Processed 2/250 this run (2/250 total window): PIPELINE_SUCCESS in 12.467s processing; model 12.434s/6 calls; 12.474s including wait/save; 30.943s since startup
Processed 3/250 this run (3/250 total window): PIPELINE_SUCCESS in 14.793s processing; model 14.755s/7 calls; 14.797s including wait/save; 45.740s since startup
Processed 4/250 this run (4/250 total window): PIPELINE_SUCCESS in 9.517s processing; model 9.497s/5 calls; 9.524s including wait/save; 55.264s since startup
Processed 5/250 this run (5/250 total window): PIPELINE_SUCCESS in 15.891s processing; model 15.854s/8 calls; 15.895s including wait/save; 71.160s since startup
Processed 6/250 this run (6/250 total window): PIPELINE_SUCCESS in 14.616s processing; model 14.583s/6 calls; 14.625s including wait/save; 85.785s since startup
Processed 7/250 this run (7/250 total window): PIPELINE_SUCCESS in 9.372s processing; model 9.351s/5 calls; 9.377s including wait/save; 95.162s since startup
Processed 8/250 this run (8/250 total window): FINAL_SPEC_ERROR in 15.079s processing; model 15.043s/8 calls; 15.090s including wait/save; 110.253s since startup
Processed 9/250 this run (9/250 total window): PIPELINE_SUCCESS in 24.274s processing; model 24.215s/9 calls; 24.286s including wait/save; 134.539s since startup
Processed 10/250 this run (10/250 total window): PIPELINE_SUCCESS in 15.161s processing; model 15.121s/6 calls; 15.169s including wait/save; 149.708s since startup
Processed 11/250 this run (11/250 total window): PIPELINE_SUCCESS in 26.294s processing; model 26.233s/9 calls; 26.306s including wait/save; 176.014s since startup
Processed 12/250 this run (12/250 total window): PIPELINE_SUCCESS in 21.917s processing; model 21.853s/8 calls; 21.926s including wait/save; 197.940s since startup
Processed 13/250 this run (13/250 total window): FINAL_SPEC_ERROR in 27.105s processing; model 27.043s/10 calls; 27.120s including wait/save; 225.060s since startup
Processed 14/250 this run (14/250 total window): PIPELINE_SUCCESS in 18.174s processing; model 18.042s/6 calls; 18.182s including wait/save; 243.242s since startup
Processed 15/250 this run (15/250 total window): PIPELINE_SUCCESS in 29.101s processing; model 28.721s/7 calls; 29.110s including wait/save; 272.352s since startup
Processed 16/250 this run (16/250 total window): FINAL_SPEC_ERROR in 110.183s processing; model 110.141s/8 calls; 110.193s including wait/save; 382.545s since startup
Processed 17/250 this run (17/250 total window): PIPELINE_SUCCESS in 27.524s processing; model 27.470s/9 calls; 27.535s including wait/save; 410.080s since startup
Processed 18/250 this run (18/250 total window): PIPELINE_SUCCESS in 21.922s processing; model 21.868s/8 calls; 21.935s including wait/save; 432.015s since startup
Processed 19/250 this run (19/250 total window): PIPELINE_SUCCESS in 22.216s processing; model 22.156s/8 calls; 22.230s including wait/save; 454.245s since startup
Processed 20/250 this run (20/250 total window): PIPELINE_SUCCESS in 26.311s processing; model 26.263s/9 calls; 26.324s including wait/save; 480.570s since startup
Processed 21/250 this run (21/250 total window): PIPELINE_SUCCESS in 25.574s processing; model 25.513s/8 calls; 25.588s including wait/save; 506.158s since startup
Processed 22/250 this run (22/250 total window): PIPELINE_SUCCESS in 23.068s processing; model 23.022s/8 calls; 23.084s including wait/save; 529.242s since startup
Processed 23/250 this run (23/250 total window): PIPELINE_SUCCESS in 39.762s processing; model 39.380s/10 calls; 39.777s including wait/save; 569.018s since startup
Processed 24/250 this run (24/250 total window): PIPELINE_SUCCESS in 41.362s processing; model 41.262s/10 calls; 41.377s including wait/save; 610.396s since startup
Processed 25/250 this run (25/250 total window): PIPELINE_SUCCESS in 38.809s processing; model 38.706s/10 calls; 38.825s including wait/save; 649.221s since startup
Processed 26/250 this run (26/250 total window): PIPELINE_SUCCESS in 29.308s processing; model 29.204s/8 calls; 29.325s including wait/save; 678.546s since startup
Processed 27/250 this run (27/250 total window): PIPELINE_SUCCESS in 32.79s processing; model 32.672s/10 calls; 32.808s including wait/save; 711.355s since startup
Processed 28/250 this run (28/250 total window): PIPELINE_SUCCESS in 41.545s processing; model 41.445s/9 calls; 41.564s including wait/save; 752.919s since startup
Processed 29/250 this run (29/250 total window): PIPELINE_SUCCESS in 46.491s processing; model 46.382s/11 calls; 46.511s including wait/save; 799.430s since startup
Processed 30/250 this run (30/250 total window): PIPELINE_SUCCESS in 33.965s processing; model 33.864s/10 calls; 33.986s including wait/save; 833.416s since startup
Processed 31/250 this run (31/250 total window): PIPELINE_SUCCESS in 30.165s processing; model 30.080s/9 calls; 30.187s including wait/save; 863.603s since startup
Processed 32/250 this run (32/250 total window): PIPELINE_SUCCESS in 15.068s processing; model 14.999s/7 calls; 15.096s including wait/save; 878.700s since startup
Processed 33/250 this run (33/250 total window): PIPELINE_SUCCESS in 15.304s processing; model 15.223s/6 calls; 15.327s including wait/save; 894.026s since startup
Processed 34/250 this run (34/250 total window): PIPELINE_SUCCESS in 11.364s processing; model 11.345s/5 calls; 11.388s including wait/save; 905.415s since startup
Processed 35/250 this run (35/250 total window): PIPELINE_SUCCESS in 14.215s processing; model 14.162s/6 calls; 14.242s including wait/save; 919.656s since startup
Processed 36/250 this run (36/250 total window): FINAL_SPEC_ERROR in 18.097s processing; model 18.062s/8 calls; 18.134s including wait/save; 937.791s since startup
Processed 37/250 this run (37/250 total window): PIPELINE_SUCCESS in 13.459s processing; model 13.436s/6 calls; 13.487s including wait/save; 951.278s since startup
Processed 38/250 this run (38/250 total window): PIPELINE_SUCCESS in 15.03s processing; model 14.983s/6 calls; 15.060s including wait/save; 966.338s since startup
Processed 39/250 this run (39/250 total window): PIPELINE_SUCCESS in 14.087s processing; model 14.046s/6 calls; 14.118s including wait/save; 980.456s since startup
Processed 40/250 this run (40/250 total window): PIPELINE_SUCCESS in 15.335s processing; model 15.285s/6 calls; 15.375s including wait/save; 995.831s since startup
Processed 41/250 this run (41/250 total window): PIPELINE_SUCCESS in 14.391s processing; model 14.340s/6 calls; 14.425s including wait/save; 1010.256s since startup
Processed 42/250 this run (42/250 total window): PIPELINE_SUCCESS in 18.293s processing; model 18.256s/7 calls; 18.327s including wait/save; 1028.584s since startup
Processed 43/250 this run (43/250 total window): PIPELINE_SUCCESS in 14.46s processing; model 14.415s/6 calls; 14.497s including wait/save; 1043.082s since startup
Processed 44/250 this run (44/250 total window): PIPELINE_SUCCESS in 34.233s processing; model 34.155s/9 calls; 34.266s including wait/save; 1077.347s since startup
Processed 45/250 this run (45/250 total window): PIPELINE_SUCCESS in 30.26s processing; model 30.205s/8 calls; 30.292s including wait/save; 1107.640s since startup
Processed 46/250 this run (46/250 total window): PIPELINE_SUCCESS in 31.104s processing; model 31.028s/8 calls; 31.138s including wait/save; 1138.778s since startup
Processed 47/250 this run (47/250 total window): PIPELINE_SUCCESS in 30.587s processing; model 30.508s/8 calls; 30.624s including wait/save; 1169.403s since startup
Processed 48/250 this run (48/250 total window): PIPELINE_SUCCESS in 37.849s processing; model 37.765s/10 calls; 37.886s including wait/save; 1207.289s since startup
Processed 49/250 this run (49/250 total window): PIPELINE_SUCCESS in 24.291s processing; model 24.244s/8 calls; 24.327s including wait/save; 1231.616s since startup
Processed 50/250 this run (50/250 total window): PIPELINE_SUCCESS in 29.481s processing; model 29.415s/9 calls; 29.523s including wait/save; 1261.140s since startup
Processed 51/250 this run (51/250 total window): PIPELINE_SUCCESS in 32.744s processing; model 32.689s/10 calls; 32.786s including wait/save; 1293.926s since startup
Processed 52/250 this run (52/250 total window): FINAL_SPEC_ERROR in 62.399s processing; model 62.300s/12 calls; 62.441s including wait/save; 1356.367s since startup
Processed 53/250 this run (53/250 total window): PIPELINE_SUCCESS in 29.215s processing; model 29.089s/8 calls; 29.255s including wait/save; 1385.622s since startup
Processed 54/250 this run (54/250 total window): PIPELINE_SUCCESS in 33.199s processing; model 33.092s/9 calls; 33.240s including wait/save; 1418.862s since startup
Processed 55/250 this run (55/250 total window): PIPELINE_SUCCESS in 33.241s processing; model 33.129s/9 calls; 33.284s including wait/save; 1452.146s since startup
Processed 56/250 this run (56/250 total window): FINAL_SPEC_ERROR in 52.062s processing; model 51.978s/11 calls; 52.114s including wait/save; 1504.261s since startup
Processed 57/250 this run (57/250 total window): PIPELINE_SUCCESS in 46.164s processing; model 46.054s/10 calls; 46.209s including wait/save; 1550.470s since startup
Processed 58/250 this run (58/250 total window): PIPELINE_SUCCESS in 49.619s processing; model 49.473s/10 calls; 49.668s including wait/save; 1600.138s since startup
Processed 59/250 this run (59/250 total window): PIPELINE_SUCCESS in 49.026s processing; model 48.883s/10 calls; 49.074s including wait/save; 1649.213s since startup
Processed 60/250 this run (60/250 total window): PIPELINE_SUCCESS in 39.551s processing; model 39.423s/9 calls; 39.612s including wait/save; 1688.825s since startup
Processed 61/250 this run (61/250 total window): PIPELINE_SUCCESS in 40.856s processing; model 40.754s/9 calls; 40.910s including wait/save; 1729.735s since startup
Processed 62/250 this run (62/250 total window): FINAL_SPEC_ERROR in 56.945s processing; model 56.840s/12 calls; 57.004s including wait/save; 1786.739s since startup
Processed 63/250 this run (63/250 total window): PIPELINE_SUCCESS in 11.904s processing; model 11.874s/5 calls; 11.964s including wait/save; 1798.703s since startup
Processed 64/250 this run (64/250 total window): FINAL_SPEC_ERROR in 15.235s processing; model 15.199s/8 calls; 15.299s including wait/save; 1814.003s since startup
Processed 65/250 this run (65/250 total window): PIPELINE_SUCCESS in 20.003s processing; model 19.962s/6 calls; 20.058s including wait/save; 1834.061s since startup
Processed 66/250 this run (66/250 total window): PIPELINE_SUCCESS in 11.119s processing; model 11.101s/5 calls; 11.181s including wait/save; 1845.242s since startup
Processed 67/250 this run (67/250 total window): PIPELINE_SUCCESS in 10.895s processing; model 10.861s/5 calls; 10.956s including wait/save; 1856.198s since startup
Processed 68/250 this run (68/250 total window): PIPELINE_SUCCESS in 10.879s processing; model 10.849s/5 calls; 10.940s including wait/save; 1867.138s since startup
Processed 69/250 this run (69/250 total window): FINAL_SPEC_ERROR in 14.897s processing; model 14.863s/8 calls; 14.964s including wait/save; 1882.102s since startup
Processed 70/250 this run (70/250 total window): PIPELINE_SUCCESS in 17.958s processing; model 17.910s/6 calls; 18.029s including wait/save; 1900.130s since startup
Processed 71/250 this run (71/250 total window): PIPELINE_SUCCESS in 10.579s processing; model 10.551s/5 calls; 10.645s including wait/save; 1910.775s since startup
Processed 72/250 this run (72/250 total window): PIPELINE_SUCCESS in 28.083s processing; model 27.718s/9 calls; 28.144s including wait/save; 1938.919s since startup
Processed 73/250 this run (73/250 total window): PIPELINE_SUCCESS in 24.926s processing; model 24.571s/8 calls; 24.984s including wait/save; 1963.903s since startup
Processed 74/250 this run (74/250 total window): PIPELINE_SUCCESS in 25.763s processing; model 25.713s/8 calls; 25.824s including wait/save; 1989.727s since startup
Processed 75/250 this run (75/250 total window): PIPELINE_SUCCESS in 19.37s processing; model 19.006s/6 calls; 19.428s including wait/save; 2009.155s since startup
Processed 76/250 this run (76/250 total window): PIPELINE_SUCCESS in 21.873s processing; model 21.507s/7 calls; 21.933s including wait/save; 2031.088s since startup
Processed 77/250 this run (77/250 total window): PIPELINE_SUCCESS in 24.005s processing; model 23.949s/8 calls; 24.064s including wait/save; 2055.151s since startup
Processed 78/250 this run (78/250 total window): PIPELINE_SUCCESS in 26.016s processing; model 25.971s/8 calls; 26.083s including wait/save; 2081.234s since startup
Processed 79/250 this run (79/250 total window): FINAL_SPEC_ERROR in 126.927s processing; model 126.869s/10 calls; 126.997s including wait/save; 2208.231s since startup
Processed 80/250 this run (80/250 total window): FINAL_SPEC_ERROR in 32.382s processing; model 32.320s/11 calls; 32.456s including wait/save; 2240.688s since startup
Processed 81/250 this run (81/250 total window): PIPELINE_SUCCESS in 34.069s processing; model 33.703s/10 calls; 34.130s including wait/save; 2274.819s since startup
Processed 82/250 this run (82/250 total window): PIPELINE_SUCCESS in 27.676s processing; model 27.617s/8 calls; 27.742s including wait/save; 2302.560s since startup
Processed 83/250 this run (83/250 total window): PIPELINE_SUCCESS in 27.786s processing; model 27.724s/9 calls; 27.849s including wait/save; 2330.410s since startup
Processed 84/250 this run (84/250 total window): PIPELINE_SUCCESS in 42.359s processing; model 42.247s/10 calls; 42.424s including wait/save; 2372.834s since startup
Processed 85/250 this run (85/250 total window): PIPELINE_SUCCESS in 39.225s processing; model 38.813s/10 calls; 39.289s including wait/save; 2412.123s since startup
Processed 86/250 this run (86/250 total window): PIPELINE_SUCCESS in 27.179s processing; model 27.106s/9 calls; 27.245s including wait/save; 2439.368s since startup
Processed 87/250 this run (87/250 total window): PIPELINE_SUCCESS in 33.051s processing; model 32.988s/10 calls; 33.123s including wait/save; 2472.492s since startup
Processed 88/250 this run (88/250 total window): PIPELINE_SUCCESS in 30.485s processing; model 30.408s/10 calls; 30.553s including wait/save; 2503.045s since startup
Processed 89/250 this run (89/250 total window): PIPELINE_SUCCESS in 35.114s processing; model 34.983s/9 calls; 35.182s including wait/save; 2538.226s since startup
Processed 90/250 this run (90/250 total window): PIPELINE_SUCCESS in 36.449s processing; model 36.065s/9 calls; 36.517s including wait/save; 2574.744s since startup
Processed 91/250 this run (91/250 total window): PIPELINE_SUCCESS in 36.94s processing; model 36.815s/10 calls; 37.009s including wait/save; 2611.753s since startup
Processed 92/250 this run (92/250 total window): PIPELINE_SUCCESS in 47.849s processing; model 47.691s/11 calls; 47.922s including wait/save; 2659.674s since startup
Processed 93/250 this run (93/250 total window): PIPELINE_SUCCESS in 45.865s processing; model 45.461s/11 calls; 45.938s including wait/save; 2705.613s since startup
Processed 94/250 this run (94/250 total window): PIPELINE_SUCCESS in 15.785s processing; model 15.604s/6 calls; 15.870s including wait/save; 2721.482s since startup
Processed 95/250 this run (95/250 total window): PIPELINE_SUCCESS in 17.964s processing; model 17.893s/6 calls; 18.037s including wait/save; 2739.520s since startup
Processed 96/250 this run (96/250 total window): PIPELINE_SUCCESS in 16.755s processing; model 16.633s/6 calls; 16.838s including wait/save; 2756.358s since startup
Processed 97/250 this run (97/250 total window): PIPELINE_SUCCESS in 15.155s processing; model 15.083s/6 calls; 15.229s including wait/save; 2771.587s since startup
Processed 98/250 this run (98/250 total window): PIPELINE_SUCCESS in 15.671s processing; model 15.442s/6 calls; 15.744s including wait/save; 2787.331s since startup
Processed 99/250 this run (99/250 total window): PIPELINE_SUCCESS in 17.192s processing; model 17.067s/6 calls; 17.267s including wait/save; 2804.597s since startup
Processed 100/250 this run (100/250 total window): PIPELINE_SUCCESS in 15.985s processing; model 15.879s/6 calls; 16.062s including wait/save; 2820.660s since startup
Processed 101/250 this run (101/250 total window): PIPELINE_SUCCESS in 16.605s processing; model 16.420s/6 calls; 16.681s including wait/save; 2837.340s since startup
Processed 102/250 this run (102/250 total window): PIPELINE_SUCCESS in 17.694s processing; model 17.617s/6 calls; 17.770s including wait/save; 2855.110s since startup
Processed 103/250 this run (103/250 total window): PIPELINE_SUCCESS in 16.891s processing; model 16.756s/6 calls; 16.967s including wait/save; 2872.078s since startup
Processed 104/250 this run (104/250 total window): PIPELINE_SUCCESS in 15.084s processing; model 15.015s/6 calls; 15.161s including wait/save; 2887.239s since startup
Processed 105/250 this run (105/250 total window): PIPELINE_SUCCESS in 13.25s processing; model 13.107s/5 calls; 13.328s including wait/save; 2900.568s since startup
Processed 106/250 this run (106/250 total window): PIPELINE_SUCCESS in 27.515s processing; model 27.445s/8 calls; 27.594s including wait/save; 2928.162s since startup
Processed 107/250 this run (107/250 total window): PIPELINE_SUCCESS in 23.21s processing; model 23.131s/7 calls; 23.291s including wait/save; 2951.452s since startup
Processed 108/250 this run (108/250 total window): PIPELINE_SUCCESS in 22.601s processing; model 22.534s/7 calls; 22.680s including wait/save; 2974.133s since startup
Processed 109/250 this run (109/250 total window): PIPELINE_SUCCESS in 27.004s processing; model 26.945s/8 calls; 27.096s including wait/save; 3001.229s since startup
Processed 110/250 this run (110/250 total window): PIPELINE_SUCCESS in 26.079s processing; model 26.014s/8 calls; 26.167s including wait/save; 3027.396s since startup
Processed 111/250 this run (111/250 total window): PIPELINE_SUCCESS in 23.307s processing; model 23.197s/7 calls; 23.401s including wait/save; 3050.797s since startup
Processed 112/250 this run (112/250 total window): PIPELINE_SUCCESS in 25.969s processing; model 25.903s/8 calls; 26.062s including wait/save; 3076.859s since startup
Processed 113/250 this run (113/250 total window): PIPELINE_SUCCESS in 22.132s processing; model 22.070s/7 calls; 22.215s including wait/save; 3099.074s since startup
Processed 114/250 this run (114/250 total window): PIPELINE_SUCCESS in 23.797s processing; model 23.704s/7 calls; 23.880s including wait/save; 3122.954s since startup
Processed 115/250 this run (115/250 total window): PIPELINE_SUCCESS in 26.202s processing; model 26.142s/8 calls; 26.296s including wait/save; 3149.250s since startup
Processed 116/250 this run (116/250 total window): FINAL_SPEC_ERROR in 31.424s processing; model 31.370s/10 calls; 31.511s including wait/save; 3180.761s since startup
Processed 117/250 this run (117/250 total window): PIPELINE_SUCCESS in 30.183s processing; model 29.644s/8 calls; 30.274s including wait/save; 3211.035s since startup
Processed 118/250 this run (118/250 total window): PIPELINE_SUCCESS in 39.239s processing; model 38.127s/8 calls; 39.328s including wait/save; 3250.363s since startup
Processed 119/250 this run (119/250 total window): PIPELINE_SUCCESS in 31.568s processing; model 31.088s/8 calls; 31.657s including wait/save; 3282.020s since startup
Processed 120/250 this run (120/250 total window): PIPELINE_SUCCESS in 35.069s processing; model 33.933s/8 calls; 35.161s including wait/save; 3317.181s since startup
Processed 121/250 this run (121/250 total window): PIPELINE_SUCCESS in 31.528s processing; model 31.015s/8 calls; 31.632s including wait/save; 3348.813s since startup
Processed 122/250 this run (122/250 total window): PIPELINE_SUCCESS in 35.386s processing; model 34.247s/8 calls; 35.499s including wait/save; 3384.313s since startup
Processed 123/250 this run (123/250 total window): PIPELINE_SUCCESS in 38.388s processing; model 35.504s/8 calls; 38.483s including wait/save; 3422.795s since startup
Processed 124/250 this run (124/250 total window): PIPELINE_SUCCESS in 39.933s processing; model 38.853s/9 calls; 40.033s including wait/save; 3462.828s since startup
Processed 125/250 this run (125/250 total window): PIPELINE_SUCCESS in 26.696s processing; model 26.551s/8 calls; 26.794s including wait/save; 3489.622s since startup
Processed 126/250 this run (126/250 total window): PIPELINE_SUCCESS in 23.793s processing; model 23.098s/7 calls; 23.890s including wait/save; 3513.512s since startup
Processed 127/250 this run (127/250 total window): PIPELINE_SUCCESS in 26.743s processing; model 26.019s/7 calls; 26.839s including wait/save; 3540.352s since startup
Processed 128/250 this run (128/250 total window): PIPELINE_SUCCESS in 21.965s processing; model 21.684s/6 calls; 22.071s including wait/save; 3562.423s since startup
Processed 129/250 this run (129/250 total window): PIPELINE_SUCCESS in 14.994s processing; model 14.613s/6 calls; 15.104s including wait/save; 3577.527s since startup
Processed 130/250 this run (130/250 total window): PIPELINE_SUCCESS in 15.626s processing; model 15.550s/6 calls; 15.727s including wait/save; 3593.253s since startup
Processed 131/250 this run (131/250 total window): PIPELINE_SUCCESS in 15.287s processing; model 14.875s/6 calls; 15.384s including wait/save; 3608.638s since startup
Processed 132/250 this run (132/250 total window): PIPELINE_SUCCESS in 27.149s processing; model 26.132s/7 calls; 27.248s including wait/save; 3635.886s since startup
Processed 133/250 this run (133/250 total window): PIPELINE_SUCCESS in 30.47s processing; model 29.430s/7 calls; 30.572s including wait/save; 3666.458s since startup
Processed 134/250 this run (134/250 total window): PIPELINE_SUCCESS in 35.881s processing; model 34.825s/8 calls; 35.982s including wait/save; 3702.439s since startup
Processed 135/250 this run (135/250 total window): PIPELINE_SUCCESS in 207.813s processing; model 206.522s/10 calls; 207.916s including wait/save; 3910.355s since startup
Processed 136/250 this run (136/250 total window): PIPELINE_SUCCESS in 259.787s processing; model 259.185s/7 calls; 259.895s including wait/save; 4170.251s since startup
Processed 137/250 this run (137/250 total window): PIPELINE_SUCCESS in 120.89s processing; model 119.802s/7 calls; 120.997s including wait/save; 4291.248s since startup
Processed 138/250 this run (138/250 total window): PIPELINE_SUCCESS in 235.076s processing; model 234.377s/7 calls; 235.182s including wait/save; 4526.430s since startup
Processed 139/250 this run (139/250 total window): PIPELINE_SUCCESS in 56.156s processing; model 54.831s/7 calls; 56.265s including wait/save; 4582.695s since startup
Processed 140/250 this run (140/250 total window): PIPELINE_SUCCESS in 51.067s processing; model 50.415s/7 calls; 51.191s including wait/save; 4633.886s since startup
Processed 141/250 this run (141/250 total window): PIPELINE_SUCCESS in 108.89s processing; model 107.371s/9 calls; 109.001s including wait/save; 4742.888s since startup
Processed 142/250 this run (142/250 total window): PIPELINE_SUCCESS in 142.094s processing; model 141.033s/8 calls; 142.217s including wait/save; 4885.105s since startup
Processed 143/250 this run (143/250 total window): PIPELINE_SUCCESS in 216.952s processing; model 215.501s/9 calls; 217.075s including wait/save; 5102.180s since startup
Processed 144/250 this run (144/250 total window): PIPELINE_SUCCESS in 207.496s processing; model 206.104s/9 calls; 207.612s including wait/save; 5309.792s since startup
Processed 145/250 this run (145/250 total window): PIPELINE_SUCCESS in 102.591s processing; model 101.113s/8 calls; 102.707s including wait/save; 5412.499s since startup
Processed 146/250 this run (146/250 total window): FINAL_SPEC_ERROR in 175.757s processing; model 175.597s/11 calls; 175.948s including wait/save; 5588.448s since startup
Processed 147/250 this run (147/250 total window): PIPELINE_SUCCESS in 102.352s processing; model 101.277s/9 calls; 102.477s including wait/save; 5690.926s since startup
Processed 148/250 this run (148/250 total window): PIPELINE_SUCCESS in 221.529s processing; model 220.516s/9 calls; 221.649s including wait/save; 5912.575s since startup
Processed 149/250 this run (149/250 total window): PIPELINE_SUCCESS in 163.339s processing; model 161.596s/10 calls; 163.461s including wait/save; 6076.036s since startup
[INPUT] SQLITE_DB_PATH: /home/kritik/Desktop/neosapiens/finance/script_diff_llm2/ablations/improvement10_models/source/improvement10/wealth_management_diverse.db
[INPUT] TABLE_METADATA_DIR: /home/kritik/Desktop/neosapiens/finance/script_diff_llm2/ablations/improvement10_models/source/improvement10/table_medatada
[INPUT] DOMAIN_INTRO_FILE: /home/kritik/Desktop/neosapiens/finance/script_diff_llm2/ablations/improvement10_models/source/improvement10/domain_intro_latest.prompt
[INPUT] BUSINESS_RULES_FILE: /home/kritik/Desktop/neosapiens/finance/script_diff_llm2/ablations/improvement10_models/source/improvement10/business_rules_addendum.md
[RUNNING] Report: /home/kritik/Desktop/neosapiens/finance/script_diff_llm2/ablations/improvement10_models/runs/qwen3_coder_480b/run_01/parallel_workers4/worker_04/raw_pipeline.csv
[LOG] /home/kritik/Desktop/neosapiens/finance/script_diff_llm2/ablations/improvement10_models/source/improvement10/.runtime/logs/pipeline_20261006_215606_23480.log
[CACHE] Knowledge hit in 0.005s
[TIME] Startup ready: 1.758s; query delay: 0s
Processed 1/101 this run (150/250 total window): FINAL_SPEC_ERROR in 159.365s processing; model 159.145s/12 calls; 159.494s including wait/save; 161.252s since startup
Processed 2/101 this run (151/250 total window): PIPELINE_SUCCESS in 148.78s processing; model 147.137s/10 calls; 148.908s including wait/save; 310.161s since startup
Processed 3/101 this run (152/250 total window): PIPELINE_SUCCESS in 216.201s processing; model 214.563s/10 calls; 216.332s including wait/save; 526.492s since startup
Processed 4/101 this run (153/250 total window): PIPELINE_SUCCESS in 236.768s processing; model 234.953s/11 calls; 236.910s including wait/save; 763.402s since startup
Processed 5/101 this run (154/250 total window): PIPELINE_SUCCESS in 184.702s processing; model 182.746s/10 calls; 184.863s including wait/save; 948.265s since startup
Processed 6/101 this run (155/250 total window): PIPELINE_SUCCESS in 185.804s processing; model 184.506s/10 calls; 185.953s including wait/save; 1134.218s since startup
Processed 7/101 this run (156/250 total window): PIPELINE_SUCCESS in 264.871s processing; model 263.428s/11 calls; 265.018s including wait/save; 1399.237s since startup
Processed 8/101 this run (157/250 total window): PIPELINE_SUCCESS in 40.157s processing; model 40.138s/5 calls; 40.332s including wait/save; 1439.569s since startup
Processed 9/101 this run (158/250 total window): PIPELINE_SUCCESS in 145.999s processing; model 145.969s/5 calls; 146.173s including wait/save; 1585.742s since startup
Processed 10/101 this run (159/250 total window): PIPELINE_SUCCESS in 41.874s processing; model 41.833s/7 calls; 42.026s including wait/save; 1627.768s since startup
Processed 11/101 this run (160/250 total window): PIPELINE_SUCCESS in 30.35s processing; model 30.312s/5 calls; 30.504s including wait/save; 1658.272s since startup
Processed 12/101 this run (161/250 total window): PIPELINE_SUCCESS in 65.387s processing; model 65.353s/7 calls; 65.549s including wait/save; 1723.822s since startup
Processed 13/101 this run (162/250 total window): PIPELINE_SUCCESS in 50.924s processing; model 50.821s/7 calls; 51.088s including wait/save; 1774.910s since startup
Processed 14/101 this run (163/250 total window): PIPELINE_SUCCESS in 61.259s processing; model 61.231s/7 calls; 61.432s including wait/save; 1836.342s since startup
Processed 15/101 this run (164/250 total window): PIPELINE_SUCCESS in 63.753s processing; model 63.698s/7 calls; 63.923s including wait/save; 1900.265s since startup
Processed 16/101 this run (165/250 total window): PIPELINE_SUCCESS in 40.958s processing; model 40.909s/5 calls; 41.127s including wait/save; 1941.392s since startup
Processed 17/101 this run (166/250 total window): PIPELINE_SUCCESS in 48.408s processing; model 48.379s/7 calls; 48.581s including wait/save; 1989.973s since startup
Processed 18/101 this run (167/250 total window): PIPELINE_SUCCESS in 52.981s processing; model 52.951s/7 calls; 53.158s including wait/save; 2043.132s since startup
Processed 19/101 this run (168/250 total window): PIPELINE_SUCCESS in 55.604s processing; model 55.540s/7 calls; 55.759s including wait/save; 2098.891s since startup
Processed 20/101 this run (169/250 total window): PIPELINE_SUCCESS in 56.017s processing; model 55.986s/7 calls; 56.177s including wait/save; 2155.068s since startup
Processed 21/101 this run (170/250 total window): PIPELINE_SUCCESS in 130.907s processing; model 130.873s/7 calls; 131.064s including wait/save; 2286.132s since startup
Processed 22/101 this run (171/250 total window): PIPELINE_SUCCESS in 51.613s processing; model 51.579s/7 calls; 51.778s including wait/save; 2337.910s since startup
Processed 23/101 this run (172/250 total window): PIPELINE_SUCCESS in 59.471s processing; model 59.441s/7 calls; 59.625s including wait/save; 2397.535s since startup
Processed 24/101 this run (173/250 total window): PIPELINE_SUCCESS in 101.817s processing; model 101.786s/7 calls; 101.975s including wait/save; 2499.510s since startup
Processed 25/101 this run (174/250 total window): FINAL_SPEC_ERROR in 102.4s processing; model 102.354s/9 calls; 102.572s including wait/save; 2602.082s since startup
Processed 26/101 this run (175/250 total window): PIPELINE_SUCCESS in 88.924s processing; model 88.866s/6 calls; 89.080s including wait/save; 2691.162s since startup
Processed 27/101 this run (176/250 total window): PIPELINE_SUCCESS in 88.878s processing; model 88.712s/7 calls; 89.034s including wait/save; 2780.195s since startup
Processed 28/101 this run (177/250 total window): PIPELINE_SUCCESS in 85.968s processing; model 85.908s/6 calls; 86.138s including wait/save; 2866.334s since startup
Processed 29/101 this run (178/250 total window): PIPELINE_SUCCESS in 39.701s processing; model 39.659s/6 calls; 39.861s including wait/save; 2906.195s since startup
Processed 30/101 this run (179/250 total window): PIPELINE_SUCCESS in 43.024s processing; model 42.949s/6 calls; 43.187s including wait/save; 2949.382s since startup
Processed 31/101 this run (180/250 total window): PIPELINE_SUCCESS in 44.85s processing; model 44.778s/6 calls; 45.011s including wait/save; 2994.393s since startup
Processed 32/101 this run (181/250 total window): PIPELINE_SUCCESS in 49.052s processing; model 48.994s/8 calls; 49.209s including wait/save; 3043.602s since startup
Processed 33/101 this run (182/250 total window): PIPELINE_SUCCESS in 49.989s processing; model 49.912s/6 calls; 50.151s including wait/save; 3093.753s since startup
Processed 34/101 this run (183/250 total window): PIPELINE_SUCCESS in 63.035s processing; model 62.972s/6 calls; 63.232s including wait/save; 3156.985s since startup
Processed 35/101 this run (184/250 total window): PIPELINE_SUCCESS in 50.467s processing; model 50.398s/7 calls; 50.639s including wait/save; 3207.624s since startup
Processed 36/101 this run (185/250 total window): PIPELINE_SUCCESS in 46.438s processing; model 46.328s/8 calls; 46.599s including wait/save; 3254.223s since startup
Processed 37/101 this run (186/250 total window): PIPELINE_SUCCESS in 34.366s processing; model 34.270s/8 calls; 34.528s including wait/save; 3288.751s since startup
Processed 38/101 this run (187/250 total window): PIPELINE_SUCCESS in 28.395s processing; model 28.305s/7 calls; 28.569s including wait/save; 3317.320s since startup
Processed 39/101 this run (188/250 total window): PIPELINE_SUCCESS in 16.098s processing; model 16.050s/5 calls; 16.270s including wait/save; 3333.590s since startup
Processed 40/101 this run (189/250 total window): PIPELINE_SUCCESS in 17.044s processing; model 16.991s/5 calls; 17.224s including wait/save; 3350.814s since startup
Processed 41/101 this run (190/250 total window): PIPELINE_SUCCESS in 21.265s processing; model 21.216s/5 calls; 21.432s including wait/save; 3372.246s since startup
Processed 42/101 this run (191/250 total window): FINAL_SPEC_ERROR in 41.36s processing; model 41.321s/8 calls; 41.674s including wait/save; 3413.921s since startup
Processed 43/101 this run (192/250 total window): PIPELINE_SUCCESS in 19.459s processing; model 19.337s/5 calls; 19.640s including wait/save; 3433.560s since startup
Processed 44/101 this run (193/250 total window): PIPELINE_SUCCESS in 14.051s processing; model 13.906s/5 calls; 14.218s including wait/save; 3447.778s since startup
Processed 45/101 this run (194/250 total window): PIPELINE_SUCCESS in 14.395s processing; model 14.360s/6 calls; 14.561s including wait/save; 3462.339s since startup
Processed 46/101 this run (195/250 total window): PIPELINE_SUCCESS in 14.478s processing; model 14.427s/5 calls; 14.643s including wait/save; 3476.983s since startup
Processed 47/101 this run (196/250 total window): PIPELINE_SUCCESS in 18.368s processing; model 18.051s/6 calls; 18.547s including wait/save; 3495.530s since startup
Processed 48/101 this run (197/250 total window): PIPELINE_SUCCESS in 20.111s processing; model 20.087s/5 calls; 20.280s including wait/save; 3515.810s since startup
Processed 49/101 this run (198/250 total window): PIPELINE_SUCCESS in 60.976s processing; model 60.623s/6 calls; 61.143s including wait/save; 3576.953s since startup
Processed 50/101 this run (199/250 total window): PIPELINE_SUCCESS in 30.666s processing; model 30.307s/6 calls; 30.836s including wait/save; 3607.789s since startup
Processed 51/101 this run (200/250 total window): PIPELINE_SUCCESS in 40.712s processing; model 40.599s/6 calls; 40.881s including wait/save; 3648.670s since startup
Processed 52/101 this run (201/250 total window): PIPELINE_SUCCESS in 34.703s processing; model 34.583s/6 calls; 34.866s including wait/save; 3683.537s since startup
Processed 53/101 this run (202/250 total window): PIPELINE_SUCCESS in 29.936s processing; model 29.606s/6 calls; 30.117s including wait/save; 3713.654s since startup
Processed 54/101 this run (203/250 total window): PIPELINE_SUCCESS in 36.225s processing; model 35.877s/6 calls; 36.408s including wait/save; 3750.062s since startup
Processed 55/101 this run (204/250 total window): PIPELINE_SUCCESS in 49.945s processing; model 49.560s/6 calls; 50.118s including wait/save; 3800.180s since startup
Processed 56/101 this run (205/250 total window): PIPELINE_SUCCESS in 46.494s processing; model 46.122s/7 calls; 46.676s including wait/save; 3846.856s since startup
Processed 57/101 this run (206/250 total window): PIPELINE_SUCCESS in 34.427s processing; model 34.089s/6 calls; 34.601s including wait/save; 3881.457s since startup
Processed 58/101 this run (207/250 total window): PIPELINE_SUCCESS in 65.522s processing; model 65.152s/6 calls; 65.695s including wait/save; 3947.153s since startup
Processed 59/101 this run (208/250 total window): PIPELINE_SUCCESS in 58.578s processing; model 58.085s/6 calls; 58.766s including wait/save; 4005.919s since startup
Processed 60/101 this run (209/250 total window): PIPELINE_SUCCESS in 59.497s processing; model 59.131s/7 calls; 59.671s including wait/save; 4065.590s since startup
Processed 61/101 this run (210/250 total window): PIPELINE_SUCCESS in 42.098s processing; model 41.720s/7 calls; 42.286s including wait/save; 4107.877s since startup
Processed 62/101 this run (211/250 total window): PIPELINE_SUCCESS in 40.612s processing; model 40.237s/7 calls; 40.791s including wait/save; 4148.667s since startup
Processed 63/101 this run (212/250 total window): PIPELINE_SUCCESS in 49.659s processing; model 49.276s/8 calls; 49.851s including wait/save; 4198.518s since startup
Processed 64/101 this run (213/250 total window): PIPELINE_SUCCESS in 46.367s processing; model 45.045s/7 calls; 46.554s including wait/save; 4245.073s since startup
Processed 65/101 this run (214/250 total window): PIPELINE_SUCCESS in 68.425s processing; model 68.039s/10 calls; 68.611s including wait/save; 4313.684s since startup
Processed 66/101 this run (215/250 total window): PIPELINE_SUCCESS in 44.948s processing; model 44.567s/8 calls; 45.127s including wait/save; 4358.811s since startup
Processed 67/101 this run (216/250 total window): FINAL_SPEC_ERROR in 82.602s processing; model 82.447s/13 calls; 82.787s including wait/save; 4441.599s since startup
Processed 68/101 this run (217/250 total window): PIPELINE_SUCCESS in 33.267s processing; model 32.503s/7 calls; 33.451s including wait/save; 4475.050s since startup
Processed 69/101 this run (218/250 total window): PIPELINE_SUCCESS in 39.831s processing; model 39.173s/8 calls; 40.013s including wait/save; 4515.063s since startup
Processed 70/101 this run (219/250 total window): PIPELINE_SUCCESS in 14.293s processing; model 14.258s/5 calls; 14.482s including wait/save; 4529.546s since startup
Processed 71/101 this run (220/250 total window): PIPELINE_SUCCESS in 13.856s processing; model 13.828s/5 calls; 14.029s including wait/save; 4543.574s since startup
Processed 72/101 this run (221/250 total window): PIPELINE_SUCCESS in 14.007s processing; model 13.963s/5 calls; 14.188s including wait/save; 4557.763s since startup
Processed 73/101 this run (222/250 total window): PIPELINE_SUCCESS in 14.878s processing; model 14.851s/5 calls; 15.050s including wait/save; 4572.813s since startup
Processed 74/101 this run (223/250 total window): PIPELINE_SUCCESS in 15.406s processing; model 15.371s/5 calls; 15.590s including wait/save; 4588.403s since startup
Processed 75/101 this run (224/250 total window): PIPELINE_SUCCESS in 19.927s processing; model 19.887s/6 calls; 20.119s including wait/save; 4608.521s since startup
Processed 76/101 this run (225/250 total window): PIPELINE_SUCCESS in 14.131s processing; model 14.097s/5 calls; 14.316s including wait/save; 4622.837s since startup
Processed 77/101 this run (226/250 total window): PIPELINE_SUCCESS in 17.425s processing; model 17.381s/5 calls; 17.610s including wait/save; 4640.448s since startup
Processed 78/101 this run (227/250 total window): PIPELINE_SUCCESS in 23.968s processing; model 23.928s/7 calls; 24.143s including wait/save; 4664.591s since startup
Processed 79/101 this run (228/250 total window): PIPELINE_SUCCESS in 20.58s processing; model 20.546s/6 calls; 20.783s including wait/save; 4685.373s since startup
Processed 80/101 this run (229/250 total window): PIPELINE_SUCCESS in 15.478s processing; model 15.424s/5 calls; 15.678s including wait/save; 4701.051s since startup
Processed 81/101 this run (230/250 total window): PIPELINE_SUCCESS in 30.808s processing; model 30.768s/7 calls; 30.993s including wait/save; 4732.044s since startup
Processed 82/101 this run (231/250 total window): PIPELINE_SUCCESS in 29.177s processing; model 29.146s/7 calls; 29.350s including wait/save; 4761.394s since startup
Processed 83/101 this run (232/250 total window): PIPELINE_SUCCESS in 15.763s processing; model 15.734s/5 calls; 15.946s including wait/save; 4777.340s since startup
Processed 84/101 this run (233/250 total window): PIPELINE_SUCCESS in 16.554s processing; model 16.523s/5 calls; 16.745s including wait/save; 4794.085s since startup
Processed 85/101 this run (234/250 total window): PIPELINE_SUCCESS in 15.581s processing; model 15.545s/5 calls; 15.769s including wait/save; 4809.854s since startup
Processed 86/101 this run (235/250 total window): PIPELINE_SUCCESS in 15.234s processing; model 15.206s/5 calls; 15.426s including wait/save; 4825.280s since startup
Processed 87/101 this run (236/250 total window): PIPELINE_SUCCESS in 15.648s processing; model 15.621s/5 calls; 15.841s including wait/save; 4841.121s since startup
Processed 88/101 this run (237/250 total window): FINAL_SPEC_ERROR in 31.926s processing; model 31.844s/9 calls; 32.118s including wait/save; 4873.240s since startup
Processed 89/101 this run (238/250 total window): CRASH in 21.577s processing; model 21.574s/2 calls; 21.760s including wait/save; 4895.000s since startup
Processed 90/101 this run (239/250 total window): PIPELINE_SUCCESS in 63.555s processing; model 63.366s/8 calls; 63.757s including wait/save; 4958.757s since startup
Processed 91/101 this run (240/250 total window): PIPELINE_SUCCESS in 65.19s processing; model 64.995s/7 calls; 65.392s including wait/save; 5024.149s since startup
Processed 92/101 this run (241/250 total window): PIPELINE_SUCCESS in 43.227s processing; model 42.839s/6 calls; 43.417s including wait/save; 5067.566s since startup
Processed 93/101 this run (242/250 total window): PIPELINE_SUCCESS in 59.078s processing; model 58.893s/6 calls; 59.272s including wait/save; 5126.838s since startup
Processed 94/101 this run (243/250 total window): CRASH in 60.081s processing; model 60.043s/6 calls; 60.273s including wait/save; 5187.111s since startup
Processed 95/101 this run (244/250 total window): PIPELINE_SUCCESS in 144.389s processing; model 144.012s/7 calls; 144.578s including wait/save; 5331.689s since startup
Processed 96/101 this run (245/250 total window): PIPELINE_SUCCESS in 20.746s processing; model 20.489s/6 calls; 20.945s including wait/save; 5352.634s since startup
Processed 97/101 this run (246/250 total window): PIPELINE_SUCCESS in 20.852s processing; model 20.762s/7 calls; 21.058s including wait/save; 5373.692s since startup
Processed 98/101 this run (247/250 total window): FINAL_SPEC_ERROR in 25.36s processing; model 25.281s/9 calls; 25.546s including wait/save; 5399.238s since startup
Processed 99/101 this run (248/250 total window): PIPELINE_SUCCESS in 23.66s processing; model 23.289s/7 calls; 23.852s including wait/save; 5423.090s since startup
Processed 100/101 this run (249/250 total window): PIPELINE_SUCCESS in 19.419s processing; model 19.027s/6 calls; 19.611s including wait/save; 5442.702s since startup
Processed 101/101 this run (250/250 total window): PIPELINE_SUCCESS in 20.331s processing; model 19.911s/6 calls; 20.515s including wait/save; 5463.217s since startup
[COMPLETE] Pipeline finished. Details: /home/kritik/Desktop/neosapiens/finance/script_diff_llm2/ablations/improvement10_models/source/improvement10/.runtime/logs/pipeline_20261006_215606_23480.log
[TIME] Startup-to-finish: 5463.42s; model requests: 5418.57s (675 calls). Slowest model stages: Query_Understanding=1656.82s, Decompose=1323.16s, Final_Spec=1261.44s, Query_Spec=921.60s
[TIMING] /home/kritik/Desktop/neosapiens/finance/script_diff_llm2/ablations/improvement10_models/source/improvement10/.runtime/logs/timing_20261006_215605_23480.json
