[INPUT] ONTOLOGY_FILE: /home/kritik/Desktop/neosapiens/finance/script_diff_llm2/ablations/improvement11_gpt_oss_120b/source/improvemnt11kgfixed/kg_output_fixed/wealth_management_diverse_schema.ttl
[INPUT] INSTANCE_FILE: /home/kritik/Desktop/neosapiens/finance/script_diff_llm2/ablations/improvement11_gpt_oss_120b/source/improvemnt11kgfixed/kg_output_fixed/wealth_management_diverse_kg.ttl
[INPUT] DOMAIN_INTRO_FILE: /home/kritik/Desktop/neosapiens/finance/script_diff_llm2/ablations/improvement11_gpt_oss_120b/source/improvemnt11kgfixed/domain_intro_latest.prompt
[INPUT] BUSINESS_RULES_FILE: /home/kritik/Desktop/neosapiens/finance/script_diff_llm2/ablations/improvement11_gpt_oss_120b/source/improvemnt11kgfixed/business_rules_addendum.md
[RUNNING] Report: /home/kritik/Desktop/neosapiens/finance/script_diff_llm2/ablations/improvement11_gpt_oss_120b/runs/azure_gpt_oss_120b/azure_resume8_01/parallel_workers8/worker_03/raw_pipeline.csv
[LOG] /home/kritik/Desktop/neosapiens/finance/script_diff_llm2/ablations/improvement11_gpt_oss_120b/source/improvemnt11kgfixed/.runtime/logs/pipeline_20261008_073706_418794.log
[CACHE] Knowledge hit in 0.011s
[TIME] Startup ready: 2.146s; query delay: 0s
Processed 1/88 this run (1/88 total window): PIPELINE_SUCCESS in 309.858s processing; model 309.318s/9 calls; 309.863s including wait/save; 312.009s since startup
Processed 2/88 this run (2/88 total window): PIPELINE_SUCCESS in 140.762s processing; model 140.556s/5 calls; 140.767s including wait/save; 452.776s since startup
Processed 3/88 this run (3/88 total window): PIPELINE_SUCCESS in 290.842s processing; model 290.529s/8 calls; 290.849s including wait/save; 743.625s since startup
Processed 4/88 this run (4/88 total window): PIPELINE_SUCCESS in 571.523s processing; model 570.544s/9 calls; 571.530s including wait/save; 1315.155s since startup
Processed 5/88 this run (5/88 total window): CRASH in 563.853s processing; model 563.847s/1 calls; 563.875s including wait/save; 1879.030s since startup
Processed 6/88 this run (6/88 total window): PIPELINE_SUCCESS in 150.497s processing; model 150.429s/6 calls; 150.509s including wait/save; 2029.539s since startup
Processed 7/88 this run (7/88 total window): PIPELINE_SUCCESS in 284.901s processing; model 284.738s/8 calls; 284.910s including wait/save; 2314.449s since startup
Processed 8/88 this run (8/88 total window): PIPELINE_SUCCESS in 121.598s processing; model 121.526s/5 calls; 121.614s including wait/save; 2436.063s since startup
Processed 9/88 this run (9/88 total window): PIPELINE_SUCCESS in 164.711s processing; model 164.423s/6 calls; 164.720s including wait/save; 2600.784s since startup
Processed 10/88 this run (10/88 total window): PIPELINE_SUCCESS in 255.879s processing; model 255.654s/7 calls; 255.890s including wait/save; 2856.674s since startup
Processed 11/88 this run (11/88 total window): PIPELINE_SUCCESS in 229.102s processing; model 228.872s/7 calls; 229.113s including wait/save; 3085.788s since startup
Processed 12/88 this run (12/88 total window): PIPELINE_SUCCESS in 242.508s processing; model 242.321s/7 calls; 242.519s including wait/save; 3328.307s since startup
Processed 13/88 this run (13/88 total window): PIPELINE_SUCCESS in 382.487s processing; model 382.210s/8 calls; 382.499s including wait/save; 3710.807s since startup
Processed 14/88 this run (14/88 total window): PIPELINE_SUCCESS in 228.467s processing; model 228.105s/7 calls; 228.480s including wait/save; 3939.287s since startup
Processed 15/88 this run (15/88 total window): PIPELINE_SUCCESS in 331.74s processing; model 331.536s/7 calls; 331.756s including wait/save; 4271.043s since startup
Processed 16/88 this run (16/88 total window): PIPELINE_SUCCESS in 208.107s processing; model 207.906s/6 calls; 208.121s including wait/save; 4479.164s since startup
Processed 17/88 this run (17/88 total window): PIPELINE_SUCCESS in 217.387s processing; model 217.204s/7 calls; 217.401s including wait/save; 4696.566s since startup
Processed 18/88 this run (18/88 total window): PIPELINE_SUCCESS in 286.612s processing; model 286.284s/8 calls; 286.628s including wait/save; 4983.193s since startup
Processed 19/88 this run (19/88 total window): PIPELINE_SUCCESS in 258.821s processing; model 258.431s/7 calls; 258.837s including wait/save; 5242.030s since startup
Processed 20/88 this run (20/88 total window): PIPELINE_SUCCESS in 316.247s processing; model 315.447s/7 calls; 316.264s including wait/save; 5558.295s since startup
Processed 21/88 this run (21/88 total window): PIPELINE_SUCCESS in 278.258s processing; model 278.049s/8 calls; 278.278s including wait/save; 5836.573s since startup
Processed 22/88 this run (22/88 total window): PIPELINE_SUCCESS in 337.902s processing; model 337.507s/9 calls; 337.921s including wait/save; 6174.493s since startup
Processed 23/88 this run (23/88 total window): PIPELINE_SUCCESS in 283.571s processing; model 283.239s/8 calls; 283.591s including wait/save; 6458.084s since startup
Processed 24/88 this run (24/88 total window): PIPELINE_SUCCESS in 353.047s processing; model 352.708s/9 calls; 353.068s including wait/save; 6811.152s since startup
Processed 25/88 this run (25/88 total window): PIPELINE_SUCCESS in 316.996s processing; model 316.654s/8 calls; 317.019s including wait/save; 7128.171s since startup
Processed 26/88 this run (26/88 total window): PIPELINE_SUCCESS in 390.446s processing; model 390.129s/8 calls; 390.470s including wait/save; 7518.641s since startup
Processed 27/88 this run (27/88 total window): PIPELINE_SUCCESS in 733.671s processing; model 732.582s/6 calls; 733.696s including wait/save; 8252.337s since startup
Processed 28/88 this run (28/88 total window): PIPELINE_SUCCESS in 193.991s processing; model 193.157s/6 calls; 194.015s including wait/save; 8446.352s since startup
Processed 29/88 this run (29/88 total window): PIPELINE_SUCCESS in 173.068s processing; model 172.677s/6 calls; 173.093s including wait/save; 8619.445s since startup
Processed 30/88 this run (30/88 total window): PIPELINE_SUCCESS in 372.85s processing; model 371.758s/8 calls; 372.881s including wait/save; 8992.326s since startup
Processed 31/88 this run (31/88 total window): PIPELINE_SUCCESS in 566.751s processing; model 565.241s/7 calls; 566.778s including wait/save; 9559.104s since startup
Processed 32/88 this run (32/88 total window): PIPELINE_SUCCESS in 297.072s processing; model 295.772s/7 calls; 297.107s including wait/save; 9856.211s since startup
Processed 33/88 this run (33/88 total window): CRASH in 825.8s processing; model 825.788s/2 calls; 825.848s including wait/save; 10682.059s since startup
Processed 34/88 this run (34/88 total window): PIPELINE_SUCCESS in 399.738s processing; model 398.843s/9 calls; 399.767s including wait/save; 11081.826s since startup
Processed 35/88 this run (35/88 total window): PIPELINE_SUCCESS in 533.844s processing; model 532.141s/8 calls; 533.874s including wait/save; 11615.700s since startup
Processed 36/88 this run (36/88 total window): PIPELINE_SUCCESS in 699.685s processing; model 698.709s/8 calls; 699.716s including wait/save; 12315.417s since startup
Processed 37/88 this run (37/88 total window): CRASH in 564.583s processing; model 564.577s/1 calls; 564.633s including wait/save; 12880.050s since startup
Processed 38/88 this run (38/88 total window): CRASH in 568.498s processing; model 568.492s/1 calls; 568.534s including wait/save; 13448.583s since startup
Processed 39/88 this run (39/88 total window): PIPELINE_SUCCESS in 651.812s processing; model 649.251s/11 calls; 651.846s including wait/save; 14100.430s since startup
Processed 40/88 this run (40/88 total window): PIPELINE_SUCCESS in 345.466s processing; model 343.498s/9 calls; 345.504s including wait/save; 14445.934s since startup
Processed 41/88 this run (41/88 total window): CRASH in 566.966s processing; model 566.959s/1 calls; 567.015s including wait/save; 15012.950s since startup
Processed 42/88 this run (42/88 total window): CRASH in 568.522s processing; model 568.516s/1 calls; 568.577s including wait/save; 15581.527s since startup
Processed 43/88 this run (43/88 total window): PIPELINE_SUCCESS in 202.281s processing; model 202.096s/7 calls; 202.318s including wait/save; 15783.845s since startup
Processed 44/88 this run (44/88 total window): PIPELINE_SUCCESS in 132.394s processing; model 132.303s/6 calls; 132.438s including wait/save; 15916.283s since startup
Processed 45/88 this run (45/88 total window): PIPELINE_SUCCESS in 102.728s processing; model 102.610s/5 calls; 102.773s including wait/save; 16019.056s since startup
Processed 46/88 this run (46/88 total window): PIPELINE_SUCCESS in 115.23s processing; model 114.938s/5 calls; 115.270s including wait/save; 16134.326s since startup
Processed 47/88 this run (47/88 total window): PIPELINE_SUCCESS in 104.043s processing; model 103.970s/5 calls; 104.083s including wait/save; 16238.409s since startup
Processed 48/88 this run (48/88 total window): PIPELINE_SUCCESS in 108.989s processing; model 108.899s/5 calls; 109.037s including wait/save; 16347.445s since startup
Processed 49/88 this run (49/88 total window): PIPELINE_SUCCESS in 113.999s processing; model 113.884s/5 calls; 114.042s including wait/save; 16461.488s since startup
Processed 50/88 this run (50/88 total window): PIPELINE_SUCCESS in 128.091s processing; model 127.939s/6 calls; 128.144s including wait/save; 16589.632s since startup
Processed 51/88 this run (51/88 total window): PIPELINE_SUCCESS in 171.148s processing; model 170.910s/6 calls; 171.188s including wait/save; 16760.820s since startup
Processed 52/88 this run (52/88 total window): PIPELINE_SUCCESS in 169.747s processing; model 169.349s/6 calls; 169.787s including wait/save; 16930.606s since startup
Processed 53/88 this run (53/88 total window): PIPELINE_SUCCESS in 184.818s processing; model 184.373s/6 calls; 184.859s including wait/save; 17115.465s since startup
Processed 54/88 this run (54/88 total window): PIPELINE_SUCCESS in 146.631s processing; model 146.303s/6 calls; 146.672s including wait/save; 17262.138s since startup
Processed 55/88 this run (55/88 total window): PIPELINE_SUCCESS in 296.862s processing; model 296.559s/7 calls; 296.905s including wait/save; 17559.043s since startup
Processed 56/88 this run (56/88 total window): PIPELINE_SUCCESS in 226.448s processing; model 225.839s/7 calls; 226.491s including wait/save; 17785.534s since startup
Processed 57/88 this run (57/88 total window): PIPELINE_SUCCESS in 210.431s processing; model 210.199s/7 calls; 210.474s including wait/save; 17996.008s since startup
Processed 58/88 this run (58/88 total window): PIPELINE_SUCCESS in 117.352s processing; model 117.243s/5 calls; 117.396s including wait/save; 18113.404s since startup
Processed 59/88 this run (59/88 total window): PIPELINE_SUCCESS in 162.123s processing; model 161.441s/5 calls; 162.168s including wait/save; 18275.573s since startup
Processed 60/88 this run (60/88 total window): PIPELINE_SUCCESS in 223.619s processing; model 222.861s/6 calls; 223.666s including wait/save; 18499.238s since startup
Processed 61/88 this run (61/88 total window): PIPELINE_SUCCESS in 131.184s processing; model 131.078s/5 calls; 131.232s including wait/save; 18630.471s since startup
Processed 62/88 this run (62/88 total window): PIPELINE_SUCCESS in 171.185s processing; model 170.939s/6 calls; 171.231s including wait/save; 18801.701s since startup
Processed 63/88 this run (63/88 total window): PIPELINE_SUCCESS in 182.41s processing; model 181.856s/6 calls; 182.456s including wait/save; 18984.157s since startup
Processed 64/88 this run (64/88 total window): PIPELINE_SUCCESS in 173.062s processing; model 172.887s/6 calls; 173.109s including wait/save; 19157.267s since startup
Processed 65/88 this run (65/88 total window): PIPELINE_SUCCESS in 263.319s processing; model 262.823s/6 calls; 263.372s including wait/save; 19420.639s since startup
Processed 66/88 this run (66/88 total window): PIPELINE_SUCCESS in 144.665s processing; model 144.463s/6 calls; 144.712s including wait/save; 19565.352s since startup
Processed 67/88 this run (67/88 total window): PIPELINE_SUCCESS in 232.896s processing; model 232.404s/7 calls; 232.944s including wait/save; 19798.296s since startup
Processed 68/88 this run (68/88 total window): PIPELINE_SUCCESS in 232.37s processing; model 231.882s/7 calls; 232.419s including wait/save; 20030.715s since startup
Processed 69/88 this run (69/88 total window): PIPELINE_SUCCESS in 307.945s processing; model 307.442s/8 calls; 307.995s including wait/save; 20338.710s since startup
Processed 70/88 this run (70/88 total window): PIPELINE_SUCCESS in 235.372s processing; model 234.737s/7 calls; 235.424s including wait/save; 20574.134s since startup
Processed 71/88 this run (71/88 total window): PIPELINE_SUCCESS in 344.358s processing; model 343.346s/9 calls; 344.410s including wait/save; 20918.544s since startup
Processed 72/88 this run (72/88 total window): PIPELINE_SUCCESS in 691.436s processing; model 690.735s/9 calls; 691.489s including wait/save; 21610.033s since startup
Processed 73/88 this run (73/88 total window): PIPELINE_SUCCESS in 188.326s processing; model 188.018s/7 calls; 188.402s including wait/save; 21798.435s since startup
Processed 74/88 this run (74/88 total window): PIPELINE_SUCCESS in 143.852s processing; model 143.553s/6 calls; 143.906s including wait/save; 21942.341s since startup
Processed 75/88 this run (75/88 total window): PIPELINE_SUCCESS in 115.476s processing; model 115.359s/5 calls; 115.531s including wait/save; 22057.872s since startup
Processed 76/88 this run (76/88 total window): PIPELINE_SUCCESS in 122.802s processing; model 122.653s/5 calls; 122.858s including wait/save; 22180.731s since startup
Processed 77/88 this run (77/88 total window): PIPELINE_SUCCESS in 157.146s processing; model 157.027s/6 calls; 157.205s including wait/save; 22337.936s since startup
Processed 78/88 this run (78/88 total window): PIPELINE_SUCCESS in 127.055s processing; model 126.916s/5 calls; 127.111s including wait/save; 22465.047s since startup
Processed 79/88 this run (79/88 total window): TRANSIENT_ERROR in 147.663s processing; model 147.643s/3 calls; 147.729s including wait/save; 22612.776s since startup
Processed 80/88 this run (80/88 total window): TRANSIENT_ERROR in 14.256s processing; model 14.250s/1 calls; 14.325s including wait/save; 22627.101s since startup
Processed 81/88 this run (81/88 total window): TRANSIENT_ERROR in 13.25s processing; model 13.245s/1 calls; 13.316s including wait/save; 22640.417s since startup
Processed 82/88 this run (82/88 total window): TRANSIENT_ERROR in 14.254s processing; model 14.249s/1 calls; 14.323s including wait/save; 22654.740s since startup
Processed 83/88 this run (83/88 total window): TRANSIENT_ERROR in 14.333s processing; model 14.327s/1 calls; 14.397s including wait/save; 22669.137s since startup
Processed 84/88 this run (84/88 total window): TRANSIENT_ERROR in 14.593s processing; model 14.588s/1 calls; 14.653s including wait/save; 22683.790s since startup
Processed 85/88 this run (85/88 total window): TRANSIENT_ERROR in 13.487s processing; model 13.481s/1 calls; 13.587s including wait/save; 22697.377s since startup
Processed 86/88 this run (86/88 total window): TRANSIENT_ERROR in 14.468s processing; model 14.463s/1 calls; 14.549s including wait/save; 22711.926s since startup
Processed 87/88 this run (87/88 total window): TRANSIENT_ERROR in 13.241s processing; model 13.235s/1 calls; 13.314s including wait/save; 22725.240s since startup
Processed 88/88 this run (88/88 total window): TRANSIENT_ERROR in 13.425s processing; model 13.419s/1 calls; 13.497s including wait/save; 22738.737s since startup
[COMPLETE] Pipeline finished. Details: /home/kritik/Desktop/neosapiens/finance/script_diff_llm2/ablations/improvement11_gpt_oss_120b/source/improvemnt11kgfixed/.runtime/logs/pipeline_20261008_073706_418794.log
[TIME] Startup-to-finish: 22738.83s; model requests: 22698.86s (509 calls). Slowest model stages: Query_Understanding=10442.81s, Query_Spec=4353.87s, Decompose=4225.16s, Final_Spec=3076.77s
[TIMING] /home/kritik/Desktop/neosapiens/finance/script_diff_llm2/ablations/improvement11_gpt_oss_120b/source/improvemnt11kgfixed/.runtime/logs/timing_20261008_073705_418794.json
