[INPUT] ONTOLOGY_FILE: /home/kritik/Desktop/neosapiens/finance/script_diff_llm2/ablations/improvement11_gpt_oss_120b/source/improvemnt11kgfixed/kg_output_fixed/wealth_management_diverse_schema.ttl
[INPUT] INSTANCE_FILE: /home/kritik/Desktop/neosapiens/finance/script_diff_llm2/ablations/improvement11_gpt_oss_120b/source/improvemnt11kgfixed/kg_output_fixed/wealth_management_diverse_kg.ttl
[INPUT] DOMAIN_INTRO_FILE: /home/kritik/Desktop/neosapiens/finance/script_diff_llm2/ablations/improvement11_gpt_oss_120b/source/improvemnt11kgfixed/domain_intro_latest.prompt
[INPUT] BUSINESS_RULES_FILE: /home/kritik/Desktop/neosapiens/finance/script_diff_llm2/ablations/improvement11_gpt_oss_120b/source/improvemnt11kgfixed/business_rules_addendum.md
[RUNNING] Report: /home/kritik/Desktop/neosapiens/finance/script_diff_llm2/ablations/improvement11_gpt_oss_120b/runs/azure_gpt_oss_120b/azure_run_01/parallel_workers4/worker_02/raw_pipeline.csv
[LOG] /home/kritik/Desktop/neosapiens/finance/script_diff_llm2/ablations/improvement11_gpt_oss_120b/source/improvemnt11kgfixed/.runtime/logs/pipeline_20261008_030151_364300.log
[CACHE] Knowledge hit in 0.007s
[TIME] Startup ready: 1.169s; query delay: 0s
Processed 1/188 this run (1/188 total window): PIPELINE_SUCCESS in 290.849s processing; model 290.576s/8 calls; 290.853s including wait/save; 292.022s since startup
Processed 2/188 this run (2/188 total window): PIPELINE_SUCCESS in 182.835s processing; model 182.635s/7 calls; 182.840s including wait/save; 474.862s since startup
Processed 3/188 this run (3/188 total window): PIPELINE_SUCCESS in 223.034s processing; model 222.704s/8 calls; 223.040s including wait/save; 697.902s since startup
Processed 4/188 this run (4/188 total window): PIPELINE_SUCCESS in 194.07s processing; model 193.711s/8 calls; 194.083s including wait/save; 891.985s since startup
Processed 5/188 this run (5/188 total window): PIPELINE_SUCCESS in 239.889s processing; model 239.470s/8 calls; 239.897s including wait/save; 1131.882s since startup
Processed 6/188 this run (6/188 total window): PIPELINE_SUCCESS in 213.545s processing; model 213.225s/8 calls; 213.556s including wait/save; 1345.438s since startup
Processed 7/188 this run (7/188 total window): PIPELINE_SUCCESS in 212.295s processing; model 212.081s/7 calls; 212.308s including wait/save; 1557.746s since startup
Processed 8/188 this run (8/188 total window): PIPELINE_SUCCESS in 179.824s processing; model 179.576s/6 calls; 179.836s including wait/save; 1737.582s since startup
Processed 9/188 this run (9/188 total window): PIPELINE_SUCCESS in 268.893s processing; model 268.492s/9 calls; 268.905s including wait/save; 2006.487s since startup
Processed 10/188 this run (10/188 total window): PIPELINE_SUCCESS in 416.143s processing; model 415.543s/9 calls; 416.157s including wait/save; 2422.645s since startup
Processed 11/188 this run (11/188 total window): PIPELINE_SUCCESS in 241.307s processing; model 241.120s/7 calls; 241.322s including wait/save; 2663.967s since startup
Processed 12/188 this run (12/188 total window): PIPELINE_SUCCESS in 161.459s processing; model 161.117s/5 calls; 161.489s including wait/save; 2825.455s since startup
Processed 13/188 this run (13/188 total window): PIPELINE_SUCCESS in 201.388s processing; model 201.228s/7 calls; 201.420s including wait/save; 3026.876s since startup
Processed 14/188 this run (14/188 total window): PIPELINE_SUCCESS in 175.49s processing; model 175.329s/6 calls; 175.511s including wait/save; 3202.387s since startup
Processed 15/188 this run (15/188 total window): PIPELINE_SUCCESS in 190.881s processing; model 190.688s/6 calls; 190.903s including wait/save; 3393.290s since startup
Processed 16/188 this run (16/188 total window): PIPELINE_SUCCESS in 209.981s processing; model 209.815s/6 calls; 210.014s including wait/save; 3603.304s since startup
Processed 17/188 this run (17/188 total window): PIPELINE_SUCCESS in 361.33s processing; model 360.902s/8 calls; 361.354s including wait/save; 3964.658s since startup
Processed 18/188 this run (18/188 total window): PIPELINE_SUCCESS in 425.635s processing; model 425.306s/9 calls; 425.672s including wait/save; 4390.331s since startup
Processed 19/188 this run (19/188 total window): PIPELINE_SUCCESS in 228.369s processing; model 228.197s/7 calls; 228.399s including wait/save; 4618.729s since startup
Processed 20/188 this run (20/188 total window): PIPELINE_SUCCESS in 212.894s processing; model 212.725s/7 calls; 212.935s including wait/save; 4831.664s since startup
Processed 21/188 this run (21/188 total window): PIPELINE_SUCCESS in 275.501s processing; model 275.098s/8 calls; 275.542s including wait/save; 5107.206s since startup
Processed 22/188 this run (22/188 total window): PIPELINE_SUCCESS in 306.682s processing; model 306.348s/8 calls; 306.709s including wait/save; 5413.915s since startup
Processed 23/188 this run (23/188 total window): PIPELINE_SUCCESS in 487.172s processing; model 486.077s/9 calls; 487.201s including wait/save; 5901.116s since startup
[STOPPED] Interrupted. Details: /home/kritik/Desktop/neosapiens/finance/script_diff_llm2/ablations/improvement11_gpt_oss_120b/source/improvemnt11kgfixed/.runtime/logs/pipeline_20261008_030151_364300.log
[TIME] Startup-to-finish: 5911.24s; model requests: 5902.06s (172 calls). Slowest model stages: Query_Spec=1675.97s, Query_Understanding=1573.12s, Decompose=1504.17s, Final_Spec=993.74s
[TIMING] /home/kritik/Desktop/neosapiens/finance/script_diff_llm2/ablations/improvement11_gpt_oss_120b/source/improvemnt11kgfixed/.runtime/logs/timing_20261008_030150_364300.json
[INPUT] ONTOLOGY_FILE: /home/kritik/Desktop/neosapiens/finance/script_diff_llm2/ablations/improvement11_gpt_oss_120b/source/improvemnt11kgfixed/kg_output_fixed/wealth_management_diverse_schema.ttl
[INPUT] INSTANCE_FILE: /home/kritik/Desktop/neosapiens/finance/script_diff_llm2/ablations/improvement11_gpt_oss_120b/source/improvemnt11kgfixed/kg_output_fixed/wealth_management_diverse_kg.ttl
[INPUT] DOMAIN_INTRO_FILE: /home/kritik/Desktop/neosapiens/finance/script_diff_llm2/ablations/improvement11_gpt_oss_120b/source/improvemnt11kgfixed/domain_intro_latest.prompt
[INPUT] BUSINESS_RULES_FILE: /home/kritik/Desktop/neosapiens/finance/script_diff_llm2/ablations/improvement11_gpt_oss_120b/source/improvemnt11kgfixed/business_rules_addendum.md
[RUNNING] Report: /home/kritik/Desktop/neosapiens/finance/script_diff_llm2/ablations/improvement11_gpt_oss_120b/runs/azure_gpt_oss_120b/azure_run_01/parallel_workers4/worker_02/raw_pipeline.csv
[LOG] /home/kritik/Desktop/neosapiens/finance/script_diff_llm2/ablations/improvement11_gpt_oss_120b/source/improvemnt11kgfixed/.runtime/logs/pipeline_20261008_070844_406899.log
[CACHE] Knowledge hit in 0.006s
[TIME] Startup ready: 1.217s; query delay: 0s
Processed 1/165 this run (24/188 total window): PIPELINE_SUCCESS in 816.06s processing; model 814.989s/9 calls; 816.091s including wait/save; 817.309s since startup
[STOPPED] Interrupted. Details: /home/kritik/Desktop/neosapiens/finance/script_diff_llm2/ablations/improvement11_gpt_oss_120b/source/improvemnt11kgfixed/.runtime/logs/pipeline_20261008_070844_406899.log
[TIME] Startup-to-finish: 1262.55s; model requests: 1260.11s (19 calls). Slowest model stages: Query_Understanding=706.94s, Decompose=252.22s, Query_Spec=251.01s, Final_Spec=33.67s
[TIMING] /home/kritik/Desktop/neosapiens/finance/script_diff_llm2/ablations/improvement11_gpt_oss_120b/source/improvemnt11kgfixed/.runtime/logs/timing_20261008_070843_406899.json
