[AZURE KG] Retain 301 successful rows; retry 0 errors; run 699 previously unanswered queries.
[WORKERS] 8 fixed shards, 8 active; one sequential query per worker.
[OUTPUT] /home/kritik/Desktop/neosapiens/finance/script_diff_llm2/ablations/improvement11_gpt_oss_120b/runs/azure_gpt_oss_120b/azure_resume8_01/parallel_workers8/raw_pipeline.csv
[INPUT] ONTOLOGY_FILE: /home/kritik/Desktop/neosapiens/finance/script_diff_llm2/ablations/improvement11_gpt_oss_120b/source/improvemnt11kgfixed/kg_output_fixed/wealth_management_diverse_schema.ttl
[INPUT] INSTANCE_FILE: /home/kritik/Desktop/neosapiens/finance/script_diff_llm2/ablations/improvement11_gpt_oss_120b/source/improvemnt11kgfixed/kg_output_fixed/wealth_management_diverse_kg.ttl
[INPUT] DOMAIN_INTRO_FILE: /home/kritik/Desktop/neosapiens/finance/script_diff_llm2/ablations/improvement11_gpt_oss_120b/source/improvemnt11kgfixed/domain_intro_latest.prompt
[INPUT] BUSINESS_RULES_FILE: /home/kritik/Desktop/neosapiens/finance/script_diff_llm2/ablations/improvement11_gpt_oss_120b/source/improvemnt11kgfixed/business_rules_addendum.md
Validated 3 documents, 22 classes, 22 ontology class matches.
[CACHE] Selected saved knowledge: /home/kritik/Desktop/neosapiens/finance/script_diff_llm2/ablations/improvement11_gpt_oss_120b/runs/azure_gpt_oss_120b/azure_resume8_01/parallel_workers8/runtime/knowledge/b28e46a71c352546fd412263ce719bfc06a6296e8b34e66617223cd2ac109c84.json (30 rules)
[CACHE] Knowledge hit
Compiled 30 rules. Identity: 888525cf3e1054ca0e72688ed537b09b1875b463c1778bf4bb38bb7d8a0064d1
Section coverage is not enforced in simple mode.
Completeness review: unavailable
[TIME] Startup-to-finish: 0.90s; model requests: 0.00s (0 calls).
[TIMING] /home/kritik/Desktop/neosapiens/finance/script_diff_llm2/ablations/improvement11_gpt_oss_120b/source/improvemnt11kgfixed/.runtime/logs/prepare_1791425223847668158_418776.timing.json
[WORKER 1] PID 418792
[WORKER 2] PID 418793
[WORKER 3] PID 418794
[WORKER 4] PID 418795
[WORKER 5] PID 418796
[WORKER 6] PID 418797
[WORKER 7] PID 418798
[WORKER 8] PID 418799
[PROGRESS] 301/1000 saved
[PROGRESS] 301/1000 saved
[PROGRESS] 301/1000 saved
[PROGRESS] 301/1000 saved
[PROGRESS] 301/1000 saved
[PROGRESS] 301/1000 saved
[PROGRESS] 301/1000 saved
[PROGRESS] 301/1000 saved
[PROGRESS] 301/1000 saved
[PROGRESS] 301/1000 saved
[PROGRESS] 301/1000 saved
[PROGRESS] 301/1000 saved
[PROGRESS] 301/1000 saved
[PROGRESS] 301/1000 saved
[PROGRESS] 302/1000 saved
[PROGRESS] 302/1000 saved
[PROGRESS] 302/1000 saved
[PROGRESS] 302/1000 saved
[PROGRESS] 302/1000 saved
[PROGRESS] 302/1000 saved
[PROGRESS] 302/1000 saved
[PROGRESS] 302/1000 saved
[PROGRESS] 302/1000 saved
[PROGRESS] 303/1000 saved
[PROGRESS] 304/1000 saved
[PROGRESS] 304/1000 saved
[PROGRESS] 304/1000 saved
[PROGRESS] 304/1000 saved
[PROGRESS] 304/1000 saved
[PROGRESS] 304/1000 saved
[PROGRESS] 305/1000 saved
[PROGRESS] 307/1000 saved
[PROGRESS] 308/1000 saved
[PROGRESS] 308/1000 saved
[PROGRESS] 308/1000 saved
[PROGRESS] 308/1000 saved
[PROGRESS] 308/1000 saved
[PROGRESS] 308/1000 saved
[PROGRESS] 309/1000 saved
[PROGRESS] 309/1000 saved
[PROGRESS] 310/1000 saved
[PROGRESS] 311/1000 saved
[PROGRESS] 312/1000 saved
[PROGRESS] 312/1000 saved
[PROGRESS] 312/1000 saved
[PROGRESS] 313/1000 saved
[PROGRESS] 313/1000 saved
[PROGRESS] 313/1000 saved
[PROGRESS] 313/1000 saved
[PROGRESS] 314/1000 saved
[PROGRESS] 314/1000 saved
[PROGRESS] 315/1000 saved
[PROGRESS] 315/1000 saved
[PROGRESS] 315/1000 saved
[PROGRESS] 316/1000 saved
[PROGRESS] 317/1000 saved
[PROGRESS] 317/1000 saved
[PROGRESS] 317/1000 saved
[PROGRESS] 317/1000 saved
[PROGRESS] 318/1000 saved
[PROGRESS] 318/1000 saved
[PROGRESS] 318/1000 saved
[PROGRESS] 318/1000 saved
[PROGRESS] 318/1000 saved
[PROGRESS] 318/1000 saved
[PROGRESS] 318/1000 saved
[PROGRESS] 319/1000 saved
[PROGRESS] 319/1000 saved
[PROGRESS] 319/1000 saved
[PROGRESS] 319/1000 saved
[PROGRESS] 319/1000 saved
[PROGRESS] 319/1000 saved
[PROGRESS] 319/1000 saved
[PROGRESS] 319/1000 saved
[PROGRESS] 320/1000 saved
[PROGRESS] 320/1000 saved
[PROGRESS] 320/1000 saved
[PROGRESS] 320/1000 saved
[PROGRESS] 321/1000 saved
[PROGRESS] 321/1000 saved
[PROGRESS] 321/1000 saved
[PROGRESS] 321/1000 saved
[PROGRESS] 322/1000 saved
[PROGRESS] 322/1000 saved
[PROGRESS] 324/1000 saved
[PROGRESS] 324/1000 saved
[PROGRESS] 324/1000 saved
[PROGRESS] 324/1000 saved
[PROGRESS] 324/1000 saved
[PROGRESS] 324/1000 saved
[PROGRESS] 324/1000 saved
[PROGRESS] 324/1000 saved
[PROGRESS] 324/1000 saved
[PROGRESS] 324/1000 saved
[PROGRESS] 324/1000 saved
[PROGRESS] 324/1000 saved
[PROGRESS] 324/1000 saved
[PROGRESS] 324/1000 saved
[PROGRESS] 324/1000 saved
[PROGRESS] 324/1000 saved
[PROGRESS] 324/1000 saved
[PROGRESS] 324/1000 saved
[PROGRESS] 324/1000 saved
[PROGRESS] 325/1000 saved
[PROGRESS] 325/1000 saved
[PROGRESS] 325/1000 saved
[PROGRESS] 325/1000 saved
[PROGRESS] 325/1000 saved
[PROGRESS] 325/1000 saved
[PROGRESS] 325/1000 saved
[PROGRESS] 325/1000 saved
[PROGRESS] 325/1000 saved
[PROGRESS] 326/1000 saved
[PROGRESS] 326/1000 saved
[PROGRESS] 327/1000 saved
[PROGRESS] 328/1000 saved
[PROGRESS] 328/1000 saved
[PROGRESS] 328/1000 saved
[PROGRESS] 328/1000 saved
[PROGRESS] 328/1000 saved
[PROGRESS] 329/1000 saved
[PROGRESS] 329/1000 saved
[PROGRESS] 330/1000 saved
[PROGRESS] 330/1000 saved
[PROGRESS] 330/1000 saved
[PROGRESS] 330/1000 saved
[PROGRESS] 330/1000 saved
[PROGRESS] 330/1000 saved
[PROGRESS] 330/1000 saved
[PROGRESS] 330/1000 saved
[PROGRESS] 330/1000 saved
[PROGRESS] 331/1000 saved
[PROGRESS] 331/1000 saved
[PROGRESS] 331/1000 saved
[PROGRESS] 331/1000 saved
[PROGRESS] 331/1000 saved
[PROGRESS] 331/1000 saved
[PROGRESS] 331/1000 saved
[PROGRESS] 331/1000 saved
[PROGRESS] 331/1000 saved
[PROGRESS] 331/1000 saved
[PROGRESS] 331/1000 saved
[PROGRESS] 331/1000 saved
[PROGRESS] 331/1000 saved
[PROGRESS] 331/1000 saved
[PROGRESS] 331/1000 saved
[PROGRESS] 331/1000 saved
[PROGRESS] 331/1000 saved
[PROGRESS] 331/1000 saved
[PROGRESS] 331/1000 saved
[PROGRESS] 332/1000 saved
[PROGRESS] 332/1000 saved
[PROGRESS] 332/1000 saved
[PROGRESS] 332/1000 saved
[PROGRESS] 332/1000 saved
[PROGRESS] 332/1000 saved
[PROGRESS] 332/1000 saved
[PROGRESS] 332/1000 saved
[PROGRESS] 333/1000 saved
[PROGRESS] 333/1000 saved
[PROGRESS] 333/1000 saved
[PROGRESS] 333/1000 saved
[PROGRESS] 333/1000 saved
[PROGRESS] 333/1000 saved
[PROGRESS] 333/1000 saved
[PROGRESS] 333/1000 saved
[PROGRESS] 333/1000 saved
[PROGRESS] 333/1000 saved
[PROGRESS] 334/1000 saved
[PROGRESS] 334/1000 saved
[PROGRESS] 335/1000 saved
[PROGRESS] 335/1000 saved
[PROGRESS] 335/1000 saved
[PROGRESS] 335/1000 saved
[PROGRESS] 335/1000 saved
[PROGRESS] 335/1000 saved
[PROGRESS] 335/1000 saved
[PROGRESS] 335/1000 saved
[PROGRESS] 335/1000 saved
[PROGRESS] 335/1000 saved
[PROGRESS] 335/1000 saved
[PROGRESS] 335/1000 saved
[PROGRESS] 335/1000 saved
[PROGRESS] 335/1000 saved
[PROGRESS] 336/1000 saved
[PROGRESS] 336/1000 saved
[PROGRESS] 336/1000 saved
[PROGRESS] 337/1000 saved
[PROGRESS] 338/1000 saved
[PROGRESS] 339/1000 saved
[PROGRESS] 339/1000 saved
[PROGRESS] 340/1000 saved
[PROGRESS] 340/1000 saved
[PROGRESS] 340/1000 saved
[PROGRESS] 340/1000 saved
[PROGRESS] 340/1000 saved
[PROGRESS] 340/1000 saved
[PROGRESS] 340/1000 saved
[PROGRESS] 340/1000 saved
[PROGRESS] 340/1000 saved
[PROGRESS] 340/1000 saved
[PROGRESS] 342/1000 saved
[PROGRESS] 343/1000 saved
[PROGRESS] 343/1000 saved
[PROGRESS] 343/1000 saved
[PROGRESS] 343/1000 saved
[PROGRESS] 343/1000 saved
[PROGRESS] 343/1000 saved
[PROGRESS] 343/1000 saved
[PROGRESS] 343/1000 saved
[PROGRESS] 343/1000 saved
[PROGRESS] 343/1000 saved
[PROGRESS] 343/1000 saved
[PROGRESS] 343/1000 saved
[PROGRESS] 343/1000 saved
[PROGRESS] 343/1000 saved
[PROGRESS] 343/1000 saved
[PROGRESS] 343/1000 saved
[PROGRESS] 344/1000 saved
[PROGRESS] 345/1000 saved
[PROGRESS] 346/1000 saved
[PROGRESS] 346/1000 saved
[PROGRESS] 346/1000 saved
[PROGRESS] 347/1000 saved
[PROGRESS] 347/1000 saved
[PROGRESS] 347/1000 saved
[PROGRESS] 348/1000 saved
[PROGRESS] 348/1000 saved
[PROGRESS] 348/1000 saved
[PROGRESS] 349/1000 saved
[PROGRESS] 351/1000 saved
[PROGRESS] 351/1000 saved
[PROGRESS] 351/1000 saved
[PROGRESS] 351/1000 saved
[PROGRESS] 352/1000 saved
[PROGRESS] 352/1000 saved
[PROGRESS] 352/1000 saved
[PROGRESS] 353/1000 saved
[PROGRESS] 353/1000 saved
[PROGRESS] 354/1000 saved
[PROGRESS] 356/1000 saved
[PROGRESS] 356/1000 saved
[PROGRESS] 357/1000 saved
[PROGRESS] 357/1000 saved
[PROGRESS] 357/1000 saved
[PROGRESS] 357/1000 saved
[PROGRESS] 359/1000 saved
[PROGRESS] 359/1000 saved
[PROGRESS] 361/1000 saved
[PROGRESS] 362/1000 saved
[PROGRESS] 362/1000 saved
[PROGRESS] 362/1000 saved
[PROGRESS] 362/1000 saved
[PROGRESS] 362/1000 saved
[PROGRESS] 362/1000 saved
[PROGRESS] 362/1000 saved
[PROGRESS] 362/1000 saved
[PROGRESS] 362/1000 saved
[PROGRESS] 363/1000 saved
[PROGRESS] 364/1000 saved
[PROGRESS] 365/1000 saved
[PROGRESS] 365/1000 saved
[PROGRESS] 365/1000 saved
[PROGRESS] 367/1000 saved
[PROGRESS] 368/1000 saved
[PROGRESS] 369/1000 saved
[PROGRESS] 369/1000 saved
[PROGRESS] 369/1000 saved
[PROGRESS] 369/1000 saved
[PROGRESS] 369/1000 saved
[PROGRESS] 370/1000 saved
[PROGRESS] 370/1000 saved
[PROGRESS] 370/1000 saved
[PROGRESS] 370/1000 saved
[PROGRESS] 370/1000 saved
[PROGRESS] 370/1000 saved
[PROGRESS] 371/1000 saved
[PROGRESS] 371/1000 saved
[PROGRESS] 371/1000 saved
[PROGRESS] 371/1000 saved
[PROGRESS] 371/1000 saved
[PROGRESS] 371/1000 saved
[PROGRESS] 371/1000 saved
[PROGRESS] 372/1000 saved
[PROGRESS] 374/1000 saved
[PROGRESS] 374/1000 saved
[PROGRESS] 374/1000 saved
[PROGRESS] 374/1000 saved
[PROGRESS] 374/1000 saved
[PROGRESS] 376/1000 saved
[PROGRESS] 377/1000 saved
[PROGRESS] 377/1000 saved
[PROGRESS] 378/1000 saved
[PROGRESS] 378/1000 saved
[PROGRESS] 378/1000 saved
[PROGRESS] 378/1000 saved
[PROGRESS] 378/1000 saved
[PROGRESS] 378/1000 saved
[PROGRESS] 378/1000 saved
[PROGRESS] 378/1000 saved
[PROGRESS] 378/1000 saved
[PROGRESS] 379/1000 saved
[PROGRESS] 379/1000 saved
[PROGRESS] 379/1000 saved
[PROGRESS] 379/1000 saved
[PROGRESS] 380/1000 saved
[PROGRESS] 381/1000 saved
[PROGRESS] 381/1000 saved
[PROGRESS] 381/1000 saved
[PROGRESS] 381/1000 saved
[PROGRESS] 381/1000 saved
[PROGRESS] 382/1000 saved
[PROGRESS] 382/1000 saved
[PROGRESS] 384/1000 saved
[PROGRESS] 385/1000 saved
[PROGRESS] 385/1000 saved
[PROGRESS] 386/1000 saved
[PROGRESS] 386/1000 saved
[PROGRESS] 386/1000 saved
[PROGRESS] 386/1000 saved
[PROGRESS] 386/1000 saved
[PROGRESS] 386/1000 saved
[PROGRESS] 386/1000 saved
[PROGRESS] 386/1000 saved
[PROGRESS] 386/1000 saved
[PROGRESS] 386/1000 saved
[PROGRESS] 387/1000 saved
[PROGRESS] 387/1000 saved
[PROGRESS] 388/1000 saved
[PROGRESS] 388/1000 saved
[PROGRESS] 389/1000 saved
[PROGRESS] 389/1000 saved
[PROGRESS] 389/1000 saved
[PROGRESS] 389/1000 saved
[PROGRESS] 389/1000 saved
[PROGRESS] 389/1000 saved
[PROGRESS] 391/1000 saved
[PROGRESS] 391/1000 saved
[PROGRESS] 392/1000 saved
[PROGRESS] 392/1000 saved
[PROGRESS] 392/1000 saved
[PROGRESS] 392/1000 saved
[PROGRESS] 393/1000 saved
[PROGRESS] 393/1000 saved
[PROGRESS] 393/1000 saved
[PROGRESS] 393/1000 saved
[PROGRESS] 393/1000 saved
[PROGRESS] 393/1000 saved
[PROGRESS] 394/1000 saved
[PROGRESS] 394/1000 saved
[PROGRESS] 394/1000 saved
[PROGRESS] 394/1000 saved
[PROGRESS] 394/1000 saved
[PROGRESS] 394/1000 saved
[PROGRESS] 394/1000 saved
[PROGRESS] 394/1000 saved
[PROGRESS] 394/1000 saved
[PROGRESS] 394/1000 saved
[PROGRESS] 394/1000 saved
[PROGRESS] 394/1000 saved
[PROGRESS] 394/1000 saved
[PROGRESS] 394/1000 saved
[PROGRESS] 394/1000 saved
[PROGRESS] 394/1000 saved
[PROGRESS] 395/1000 saved
[PROGRESS] 395/1000 saved
[PROGRESS] 396/1000 saved
[PROGRESS] 396/1000 saved
[PROGRESS] 397/1000 saved
[PROGRESS] 397/1000 saved
[PROGRESS] 397/1000 saved
[PROGRESS] 397/1000 saved
[PROGRESS] 397/1000 saved
[PROGRESS] 398/1000 saved
[PROGRESS] 400/1000 saved
[PROGRESS] 400/1000 saved
[PROGRESS] 400/1000 saved
[PROGRESS] 400/1000 saved
[PROGRESS] 400/1000 saved
[PROGRESS] 400/1000 saved
[PROGRESS] 400/1000 saved
[PROGRESS] 400/1000 saved
[PROGRESS] 400/1000 saved
[PROGRESS] 400/1000 saved
[PROGRESS] 400/1000 saved
[PROGRESS] 401/1000 saved
[PROGRESS] 401/1000 saved
[PROGRESS] 402/1000 saved
[PROGRESS] 402/1000 saved
[PROGRESS] 402/1000 saved
[PROGRESS] 403/1000 saved
[PROGRESS] 405/1000 saved
[PROGRESS] 405/1000 saved
[PROGRESS] 405/1000 saved
[PROGRESS] 405/1000 saved
[PROGRESS] 405/1000 saved
[PROGRESS] 405/1000 saved
[PROGRESS] 405/1000 saved
[PROGRESS] 405/1000 saved
[PROGRESS] 405/1000 saved
[PROGRESS] 406/1000 saved
[PROGRESS] 407/1000 saved
[PROGRESS] 408/1000 saved
[PROGRESS] 408/1000 saved
[PROGRESS] 408/1000 saved
[PROGRESS] 408/1000 saved
[PROGRESS] 408/1000 saved
[PROGRESS] 408/1000 saved
[PROGRESS] 409/1000 saved
[PROGRESS] 409/1000 saved
[PROGRESS] 410/1000 saved
[PROGRESS] 410/1000 saved
[PROGRESS] 410/1000 saved
[PROGRESS] 410/1000 saved
[PROGRESS] 410/1000 saved
[PROGRESS] 410/1000 saved
[PROGRESS] 410/1000 saved
[PROGRESS] 410/1000 saved
[PROGRESS] 412/1000 saved
[PROGRESS] 413/1000 saved
[PROGRESS] 413/1000 saved
[PROGRESS] 413/1000 saved
[PROGRESS] 414/1000 saved
[PROGRESS] 415/1000 saved
[PROGRESS] 416/1000 saved
[PROGRESS] 417/1000 saved
[PROGRESS] 418/1000 saved
[PROGRESS] 418/1000 saved
[PROGRESS] 418/1000 saved
[PROGRESS] 418/1000 saved
[PROGRESS] 418/1000 saved
[PROGRESS] 418/1000 saved
[PROGRESS] 418/1000 saved
[PROGRESS] 418/1000 saved
[PROGRESS] 418/1000 saved
[PROGRESS] 418/1000 saved
[PROGRESS] 418/1000 saved
[PROGRESS] 418/1000 saved
[PROGRESS] 418/1000 saved
[PROGRESS] 418/1000 saved
[PROGRESS] 418/1000 saved
[PROGRESS] 419/1000 saved
[PROGRESS] 419/1000 saved
[PROGRESS] 421/1000 saved
[PROGRESS] 423/1000 saved
[PROGRESS] 424/1000 saved
[PROGRESS] 424/1000 saved
[PROGRESS] 424/1000 saved
[PROGRESS] 424/1000 saved
[PROGRESS] 424/1000 saved
[PROGRESS] 424/1000 saved
[PROGRESS] 425/1000 saved
[PROGRESS] 425/1000 saved
[PROGRESS] 425/1000 saved
[PROGRESS] 425/1000 saved
[PROGRESS] 425/1000 saved
[PROGRESS] 425/1000 saved
[PROGRESS] 426/1000 saved
[PROGRESS] 426/1000 saved
[PROGRESS] 426/1000 saved
[PROGRESS] 426/1000 saved
[PROGRESS] 426/1000 saved
[PROGRESS] 427/1000 saved
[PROGRESS] 427/1000 saved
[PROGRESS] 427/1000 saved
[PROGRESS] 429/1000 saved
[PROGRESS] 429/1000 saved
[PROGRESS] 430/1000 saved
[PROGRESS] 430/1000 saved
[PROGRESS] 430/1000 saved
[PROGRESS] 431/1000 saved
[PROGRESS] 431/1000 saved
[PROGRESS] 431/1000 saved
[PROGRESS] 431/1000 saved
[PROGRESS] 431/1000 saved
[PROGRESS] 431/1000 saved
[PROGRESS] 431/1000 saved
[PROGRESS] 432/1000 saved
[PROGRESS] 432/1000 saved
[PROGRESS] 434/1000 saved
[PROGRESS] 434/1000 saved
[PROGRESS] 434/1000 saved
[PROGRESS] 434/1000 saved
[PROGRESS] 434/1000 saved
[PROGRESS] 434/1000 saved
[PROGRESS] 434/1000 saved
[PROGRESS] 434/1000 saved
[PROGRESS] 434/1000 saved
[PROGRESS] 435/1000 saved
[PROGRESS] 435/1000 saved
[PROGRESS] 436/1000 saved
[PROGRESS] 436/1000 saved
[PROGRESS] 436/1000 saved
[PROGRESS] 436/1000 saved
[PROGRESS] 437/1000 saved
[PROGRESS] 439/1000 saved
[PROGRESS] 439/1000 saved
[PROGRESS] 439/1000 saved
[PROGRESS] 439/1000 saved
[PROGRESS] 439/1000 saved
[PROGRESS] 439/1000 saved
[PROGRESS] 440/1000 saved
[PROGRESS] 441/1000 saved
[PROGRESS] 441/1000 saved
[PROGRESS] 442/1000 saved
[PROGRESS] 442/1000 saved
[PROGRESS] 442/1000 saved
[PROGRESS] 442/1000 saved
[PROGRESS] 442/1000 saved
[PROGRESS] 442/1000 saved
[PROGRESS] 442/1000 saved
[PROGRESS] 443/1000 saved
[PROGRESS] 443/1000 saved
[PROGRESS] 443/1000 saved
[PROGRESS] 443/1000 saved
[PROGRESS] 443/1000 saved
[PROGRESS] 444/1000 saved
[PROGRESS] 444/1000 saved
[PROGRESS] 445/1000 saved
[PROGRESS] 446/1000 saved
[PROGRESS] 446/1000 saved
[PROGRESS] 446/1000 saved
[PROGRESS] 446/1000 saved
[PROGRESS] 446/1000 saved
[PROGRESS] 446/1000 saved
[PROGRESS] 446/1000 saved
[PROGRESS] 446/1000 saved
[PROGRESS] 448/1000 saved
[PROGRESS] 449/1000 saved
[PROGRESS] 449/1000 saved
[PROGRESS] 449/1000 saved
[PROGRESS] 449/1000 saved
[PROGRESS] 449/1000 saved
[PROGRESS] 450/1000 saved
[PROGRESS] 450/1000 saved
[PROGRESS] 450/1000 saved
[PROGRESS] 450/1000 saved
[PROGRESS] 450/1000 saved
[PROGRESS] 450/1000 saved
[PROGRESS] 450/1000 saved
[PROGRESS] 450/1000 saved
[PROGRESS] 450/1000 saved
[PROGRESS] 450/1000 saved
[PROGRESS] 450/1000 saved
[PROGRESS] 452/1000 saved
[PROGRESS] 452/1000 saved
[PROGRESS] 452/1000 saved
[PROGRESS] 452/1000 saved
[PROGRESS] 452/1000 saved
[PROGRESS] 452/1000 saved
[PROGRESS] 453/1000 saved
[PROGRESS] 453/1000 saved
[PROGRESS] 453/1000 saved
[PROGRESS] 453/1000 saved
[PROGRESS] 453/1000 saved
[PROGRESS] 453/1000 saved
[PROGRESS] 454/1000 saved
[PROGRESS] 454/1000 saved
[PROGRESS] 455/1000 saved
[PROGRESS] 455/1000 saved
[PROGRESS] 455/1000 saved
[PROGRESS] 456/1000 saved
[PROGRESS] 456/1000 saved
[PROGRESS] 457/1000 saved
[PROGRESS] 458/1000 saved
[PROGRESS] 458/1000 saved
[PROGRESS] 458/1000 saved
[PROGRESS] 459/1000 saved
[PROGRESS] 459/1000 saved
[PROGRESS] 459/1000 saved
[PROGRESS] 459/1000 saved
[PROGRESS] 459/1000 saved
[PROGRESS] 459/1000 saved
[PROGRESS] 459/1000 saved
[PROGRESS] 460/1000 saved
[PROGRESS] 460/1000 saved
[PROGRESS] 460/1000 saved
[PROGRESS] 460/1000 saved
[PROGRESS] 461/1000 saved
[PROGRESS] 461/1000 saved
[PROGRESS] 461/1000 saved
[PROGRESS] 462/1000 saved
[PROGRESS] 462/1000 saved
[PROGRESS] 463/1000 saved
[PROGRESS] 463/1000 saved
[PROGRESS] 463/1000 saved
[PROGRESS] 463/1000 saved
[PROGRESS] 464/1000 saved
[PROGRESS] 464/1000 saved
[PROGRESS] 464/1000 saved
[PROGRESS] 465/1000 saved
[PROGRESS] 465/1000 saved
[PROGRESS] 467/1000 saved
[PROGRESS] 467/1000 saved
[PROGRESS] 467/1000 saved
[PROGRESS] 467/1000 saved
[PROGRESS] 467/1000 saved
[PROGRESS] 467/1000 saved
[PROGRESS] 467/1000 saved
[PROGRESS] 467/1000 saved
[PROGRESS] 467/1000 saved
[PROGRESS] 467/1000 saved
[PROGRESS] 468/1000 saved
[PROGRESS] 469/1000 saved
[PROGRESS] 469/1000 saved
[PROGRESS] 469/1000 saved
[PROGRESS] 469/1000 saved
[PROGRESS] 469/1000 saved
[PROGRESS] 470/1000 saved
[PROGRESS] 470/1000 saved
[PROGRESS] 470/1000 saved
[PROGRESS] 471/1000 saved
[PROGRESS] 471/1000 saved
[PROGRESS] 473/1000 saved
[PROGRESS] 473/1000 saved
[PROGRESS] 473/1000 saved
[PROGRESS] 473/1000 saved
[PROGRESS] 473/1000 saved
[PROGRESS] 473/1000 saved
[PROGRESS] 473/1000 saved
[PROGRESS] 473/1000 saved
[PROGRESS] 473/1000 saved
[PROGRESS] 473/1000 saved
[PROGRESS] 473/1000 saved
[PROGRESS] 473/1000 saved
[PROGRESS] 473/1000 saved
[PROGRESS] 474/1000 saved
[PROGRESS] 474/1000 saved
[PROGRESS] 474/1000 saved
[PROGRESS] 474/1000 saved
[PROGRESS] 474/1000 saved
[PROGRESS] 474/1000 saved
[PROGRESS] 474/1000 saved
[PROGRESS] 475/1000 saved
[PROGRESS] 475/1000 saved
[PROGRESS] 475/1000 saved
[PROGRESS] 476/1000 saved
[PROGRESS] 476/1000 saved
[PROGRESS] 476/1000 saved
[PROGRESS] 477/1000 saved
[PROGRESS] 478/1000 saved
[PROGRESS] 478/1000 saved
[PROGRESS] 478/1000 saved
[PROGRESS] 478/1000 saved
[PROGRESS] 479/1000 saved
[PROGRESS] 479/1000 saved
[PROGRESS] 479/1000 saved
[PROGRESS] 479/1000 saved
[PROGRESS] 479/1000 saved
[PROGRESS] 479/1000 saved
[PROGRESS] 480/1000 saved
[PROGRESS] 480/1000 saved
[PROGRESS] 480/1000 saved
[PROGRESS] 480/1000 saved
[PROGRESS] 480/1000 saved
[PROGRESS] 481/1000 saved
[PROGRESS] 482/1000 saved
[PROGRESS] 482/1000 saved
[PROGRESS] 482/1000 saved
[PROGRESS] 482/1000 saved
[PROGRESS] 482/1000 saved
[PROGRESS] 482/1000 saved
[PROGRESS] 482/1000 saved
[PROGRESS] 482/1000 saved
[PROGRESS] 482/1000 saved
[PROGRESS] 482/1000 saved
[PROGRESS] 482/1000 saved
[PROGRESS] 482/1000 saved
[PROGRESS] 483/1000 saved
[PROGRESS] 484/1000 saved
[PROGRESS] 484/1000 saved
[PROGRESS] 484/1000 saved
[PROGRESS] 484/1000 saved
[PROGRESS] 484/1000 saved
[PROGRESS] 485/1000 saved
[PROGRESS] 485/1000 saved
[PROGRESS] 485/1000 saved
[PROGRESS] 486/1000 saved
[PROGRESS] 486/1000 saved
[PROGRESS] 486/1000 saved
[PROGRESS] 486/1000 saved
[PROGRESS] 486/1000 saved
[PROGRESS] 486/1000 saved
[PROGRESS] 486/1000 saved
[PROGRESS] 489/1000 saved
[PROGRESS] 489/1000 saved
[PROGRESS] 490/1000 saved
[PROGRESS] 490/1000 saved
[PROGRESS] 490/1000 saved
[PROGRESS] 491/1000 saved
[PROGRESS] 491/1000 saved
[PROGRESS] 491/1000 saved
[PROGRESS] 491/1000 saved
[PROGRESS] 491/1000 saved
[PROGRESS] 491/1000 saved
[PROGRESS] 491/1000 saved
[PROGRESS] 491/1000 saved
[PROGRESS] 491/1000 saved
[PROGRESS] 492/1000 saved
[PROGRESS] 492/1000 saved
[PROGRESS] 492/1000 saved
[PROGRESS] 492/1000 saved
[PROGRESS] 492/1000 saved
[PROGRESS] 492/1000 saved
[PROGRESS] 492/1000 saved
[PROGRESS] 492/1000 saved
[PROGRESS] 493/1000 saved
[PROGRESS] 493/1000 saved
[PROGRESS] 493/1000 saved
[PROGRESS] 493/1000 saved
[PROGRESS] 494/1000 saved
[PROGRESS] 494/1000 saved
[PROGRESS] 494/1000 saved
[PROGRESS] 494/1000 saved
[PROGRESS] 494/1000 saved
[PROGRESS] 495/1000 saved
[PROGRESS] 495/1000 saved
[PROGRESS] 495/1000 saved
[PROGRESS] 495/1000 saved
[PROGRESS] 495/1000 saved
[PROGRESS] 495/1000 saved
[PROGRESS] 495/1000 saved
[PROGRESS] 495/1000 saved
[PROGRESS] 495/1000 saved
[PROGRESS] 496/1000 saved
[PROGRESS] 496/1000 saved
[PROGRESS] 496/1000 saved
[PROGRESS] 497/1000 saved
[PROGRESS] 497/1000 saved
[PROGRESS] 498/1000 saved
[PROGRESS] 498/1000 saved
[PROGRESS] 498/1000 saved
[PROGRESS] 498/1000 saved
[PROGRESS] 499/1000 saved
[PROGRESS] 499/1000 saved
[PROGRESS] 499/1000 saved
[PROGRESS] 499/1000 saved
[PROGRESS] 499/1000 saved
[PROGRESS] 499/1000 saved
[PROGRESS] 499/1000 saved
[PROGRESS] 499/1000 saved
[PROGRESS] 499/1000 saved
[PROGRESS] 499/1000 saved
[PROGRESS] 500/1000 saved
[PROGRESS] 501/1000 saved
[PROGRESS] 501/1000 saved
[PROGRESS] 501/1000 saved
[PROGRESS] 501/1000 saved
[PROGRESS] 501/1000 saved
[PROGRESS] 501/1000 saved
[PROGRESS] 501/1000 saved
[PROGRESS] 501/1000 saved
[PROGRESS] 501/1000 saved
[PROGRESS] 501/1000 saved
[PROGRESS] 502/1000 saved
[PROGRESS] 502/1000 saved
[PROGRESS] 503/1000 saved
[PROGRESS] 504/1000 saved
[PROGRESS] 505/1000 saved
[PROGRESS] 505/1000 saved
[PROGRESS] 505/1000 saved
[PROGRESS] 505/1000 saved
[PROGRESS] 505/1000 saved
[PROGRESS] 505/1000 saved
[PROGRESS] 507/1000 saved
[PROGRESS] 507/1000 saved
[PROGRESS] 507/1000 saved
[PROGRESS] 507/1000 saved
[PROGRESS] 507/1000 saved
[PROGRESS] 507/1000 saved
[PROGRESS] 507/1000 saved
[PROGRESS] 507/1000 saved
[PROGRESS] 507/1000 saved
[PROGRESS] 508/1000 saved
[PROGRESS] 508/1000 saved
[PROGRESS] 508/1000 saved
[PROGRESS] 509/1000 saved
[PROGRESS] 509/1000 saved
[PROGRESS] 509/1000 saved
[PROGRESS] 509/1000 saved
[PROGRESS] 509/1000 saved
[PROGRESS] 509/1000 saved
[PROGRESS] 510/1000 saved
[PROGRESS] 510/1000 saved
[PROGRESS] 512/1000 saved
[PROGRESS] 513/1000 saved
[PROGRESS] 514/1000 saved
[PROGRESS] 514/1000 saved
[PROGRESS] 514/1000 saved
[PROGRESS] 514/1000 saved
[PROGRESS] 515/1000 saved
[PROGRESS] 515/1000 saved
[PROGRESS] 515/1000 saved
[PROGRESS] 515/1000 saved
[PROGRESS] 515/1000 saved
[PROGRESS] 515/1000 saved
[PROGRESS] 516/1000 saved
[PROGRESS] 516/1000 saved
[PROGRESS] 516/1000 saved
[PROGRESS] 516/1000 saved
[PROGRESS] 516/1000 saved
[PROGRESS] 516/1000 saved
[PROGRESS] 516/1000 saved
[PROGRESS] 516/1000 saved
[PROGRESS] 516/1000 saved
[PROGRESS] 517/1000 saved
[PROGRESS] 517/1000 saved
[PROGRESS] 517/1000 saved
[PROGRESS] 517/1000 saved
[PROGRESS] 517/1000 saved
[PROGRESS] 519/1000 saved
[PROGRESS] 520/1000 saved
[PROGRESS] 520/1000 saved
[PROGRESS] 520/1000 saved
[PROGRESS] 520/1000 saved
[PROGRESS] 520/1000 saved
[PROGRESS] 521/1000 saved
[PROGRESS] 521/1000 saved
[PROGRESS] 521/1000 saved
[PROGRESS] 521/1000 saved
[PROGRESS] 521/1000 saved
[PROGRESS] 521/1000 saved
[PROGRESS] 521/1000 saved
[PROGRESS] 521/1000 saved
[PROGRESS] 522/1000 saved
[PROGRESS] 522/1000 saved
[PROGRESS] 522/1000 saved
[PROGRESS] 522/1000 saved
[PROGRESS] 523/1000 saved
[PROGRESS] 523/1000 saved
[PROGRESS] 523/1000 saved
[PROGRESS] 523/1000 saved
[PROGRESS] 523/1000 saved
[PROGRESS] 524/1000 saved
[PROGRESS] 524/1000 saved
[PROGRESS] 524/1000 saved
[PROGRESS] 525/1000 saved
[PROGRESS] 526/1000 saved
[PROGRESS] 526/1000 saved
[PROGRESS] 526/1000 saved
[PROGRESS] 526/1000 saved
[PROGRESS] 526/1000 saved
[PROGRESS] 526/1000 saved
[PROGRESS] 526/1000 saved
[PROGRESS] 527/1000 saved
[PROGRESS] 527/1000 saved
[PROGRESS] 529/1000 saved
[PROGRESS] 529/1000 saved
[PROGRESS] 530/1000 saved
[PROGRESS] 530/1000 saved
[PROGRESS] 530/1000 saved
[PROGRESS] 530/1000 saved
[PROGRESS] 530/1000 saved
[PROGRESS] 531/1000 saved
[PROGRESS] 531/1000 saved
[PROGRESS] 531/1000 saved
[PROGRESS] 531/1000 saved
[PROGRESS] 531/1000 saved
[PROGRESS] 531/1000 saved
[PROGRESS] 532/1000 saved
[PROGRESS] 532/1000 saved
[PROGRESS] 532/1000 saved
[PROGRESS] 533/1000 saved
[PROGRESS] 533/1000 saved
[PROGRESS] 533/1000 saved
[PROGRESS] 533/1000 saved
[PROGRESS] 533/1000 saved
[PROGRESS] 533/1000 saved
[PROGRESS] 533/1000 saved
[PROGRESS] 533/1000 saved
[PROGRESS] 533/1000 saved
[PROGRESS] 535/1000 saved
[PROGRESS] 535/1000 saved
[PROGRESS] 535/1000 saved
[PROGRESS] 535/1000 saved
[PROGRESS] 535/1000 saved
[PROGRESS] 535/1000 saved
[PROGRESS] 535/1000 saved
[PROGRESS] 535/1000 saved
[PROGRESS] 535/1000 saved
[PROGRESS] 536/1000 saved
[PROGRESS] 536/1000 saved
[PROGRESS] 536/1000 saved
[PROGRESS] 536/1000 saved
[PROGRESS] 536/1000 saved
[PROGRESS] 536/1000 saved
[PROGRESS] 536/1000 saved
[PROGRESS] 536/1000 saved
[PROGRESS] 536/1000 saved
[PROGRESS] 537/1000 saved
[PROGRESS] 537/1000 saved
[PROGRESS] 537/1000 saved
[PROGRESS] 538/1000 saved
[PROGRESS] 538/1000 saved
[PROGRESS] 538/1000 saved
[PROGRESS] 538/1000 saved
[PROGRESS] 539/1000 saved
[PROGRESS] 540/1000 saved
[PROGRESS] 540/1000 saved
[PROGRESS] 540/1000 saved
[PROGRESS] 540/1000 saved
[PROGRESS] 540/1000 saved
[PROGRESS] 540/1000 saved
[PROGRESS] 540/1000 saved
[PROGRESS] 540/1000 saved
[PROGRESS] 541/1000 saved
[PROGRESS] 541/1000 saved
[PROGRESS] 541/1000 saved
[PROGRESS] 541/1000 saved
[PROGRESS] 542/1000 saved
[PROGRESS] 542/1000 saved
[PROGRESS] 542/1000 saved
[PROGRESS] 542/1000 saved
[PROGRESS] 542/1000 saved
[PROGRESS] 542/1000 saved
[PROGRESS] 542/1000 saved
[PROGRESS] 542/1000 saved
[PROGRESS] 542/1000 saved
[PROGRESS] 542/1000 saved
[PROGRESS] 542/1000 saved
[PROGRESS] 542/1000 saved
[PROGRESS] 542/1000 saved
[PROGRESS] 542/1000 saved
[PROGRESS] 543/1000 saved
[PROGRESS] 543/1000 saved
[PROGRESS] 543/1000 saved
[PROGRESS] 544/1000 saved
[PROGRESS] 544/1000 saved
[PROGRESS] 544/1000 saved
[PROGRESS] 544/1000 saved
[PROGRESS] 544/1000 saved
[PROGRESS] 544/1000 saved
[PROGRESS] 544/1000 saved
[PROGRESS] 544/1000 saved
[PROGRESS] 544/1000 saved
[PROGRESS] 544/1000 saved
[PROGRESS] 544/1000 saved
[PROGRESS] 544/1000 saved
[PROGRESS] 545/1000 saved
[PROGRESS] 545/1000 saved
[PROGRESS] 545/1000 saved
[PROGRESS] 545/1000 saved
[PROGRESS] 546/1000 saved
[PROGRESS] 546/1000 saved
[PROGRESS] 546/1000 saved
[PROGRESS] 547/1000 saved
[PROGRESS] 547/1000 saved
[PROGRESS] 547/1000 saved
[PROGRESS] 547/1000 saved
[PROGRESS] 547/1000 saved
[PROGRESS] 547/1000 saved
[PROGRESS] 548/1000 saved
[PROGRESS] 549/1000 saved
[PROGRESS] 549/1000 saved
[PROGRESS] 549/1000 saved
[PROGRESS] 550/1000 saved
[PROGRESS] 550/1000 saved
[PROGRESS] 550/1000 saved
[PROGRESS] 550/1000 saved
[PROGRESS] 550/1000 saved
[PROGRESS] 550/1000 saved
[PROGRESS] 550/1000 saved
[PROGRESS] 550/1000 saved
[PROGRESS] 550/1000 saved
[PROGRESS] 550/1000 saved
[PROGRESS] 550/1000 saved
[PROGRESS] 550/1000 saved
[PROGRESS] 550/1000 saved
[PROGRESS] 550/1000 saved
[PROGRESS] 550/1000 saved
[PROGRESS] 550/1000 saved
[PROGRESS] 550/1000 saved
[PROGRESS] 550/1000 saved
[PROGRESS] 550/1000 saved
[PROGRESS] 551/1000 saved
[PROGRESS] 552/1000 saved
[PROGRESS] 553/1000 saved
[PROGRESS] 553/1000 saved
[PROGRESS] 553/1000 saved
[PROGRESS] 553/1000 saved
[PROGRESS] 553/1000 saved
[PROGRESS] 554/1000 saved
[PROGRESS] 554/1000 saved
[PROGRESS] 554/1000 saved
[PROGRESS] 554/1000 saved
[PROGRESS] 554/1000 saved
[PROGRESS] 554/1000 saved
[PROGRESS] 554/1000 saved
[PROGRESS] 554/1000 saved
[PROGRESS] 554/1000 saved
[PROGRESS] 554/1000 saved
[PROGRESS] 554/1000 saved
[PROGRESS] 554/1000 saved
[PROGRESS] 554/1000 saved
[PROGRESS] 554/1000 saved
[PROGRESS] 554/1000 saved
[PROGRESS] 554/1000 saved
[PROGRESS] 554/1000 saved
[PROGRESS] 554/1000 saved
[PROGRESS] 554/1000 saved
[PROGRESS] 554/1000 saved
[PROGRESS] 554/1000 saved
[PROGRESS] 554/1000 saved
[PROGRESS] 554/1000 saved
[PROGRESS] 554/1000 saved
[PROGRESS] 555/1000 saved
[PROGRESS] 555/1000 saved
[PROGRESS] 555/1000 saved
[PROGRESS] 555/1000 saved
[PROGRESS] 555/1000 saved
[PROGRESS] 555/1000 saved
[PROGRESS] 555/1000 saved
[PROGRESS] 556/1000 saved
[PROGRESS] 556/1000 saved
[PROGRESS] 556/1000 saved
[PROGRESS] 556/1000 saved
[PROGRESS] 556/1000 saved
[PROGRESS] 556/1000 saved
[PROGRESS] 556/1000 saved
[PROGRESS] 556/1000 saved
[PROGRESS] 556/1000 saved
[PROGRESS] 556/1000 saved
[PROGRESS] 557/1000 saved
[PROGRESS] 557/1000 saved
[PROGRESS] 557/1000 saved
[PROGRESS] 558/1000 saved
[PROGRESS] 558/1000 saved
[PROGRESS] 558/1000 saved
[PROGRESS] 559/1000 saved
[PROGRESS] 559/1000 saved
[PROGRESS] 559/1000 saved
[PROGRESS] 559/1000 saved
[PROGRESS] 559/1000 saved
[PROGRESS] 559/1000 saved
[PROGRESS] 559/1000 saved
[PROGRESS] 560/1000 saved
[PROGRESS] 560/1000 saved
[PROGRESS] 560/1000 saved
[PROGRESS] 560/1000 saved
[PROGRESS] 560/1000 saved
[PROGRESS] 560/1000 saved
[PROGRESS] 561/1000 saved
[PROGRESS] 561/1000 saved
[PROGRESS] 561/1000 saved
[PROGRESS] 561/1000 saved
[PROGRESS] 561/1000 saved
[PROGRESS] 562/1000 saved
[PROGRESS] 562/1000 saved
[PROGRESS] 562/1000 saved
[PROGRESS] 562/1000 saved
[PROGRESS] 562/1000 saved
[PROGRESS] 562/1000 saved
[PROGRESS] 562/1000 saved
[PROGRESS] 562/1000 saved
[PROGRESS] 562/1000 saved
[PROGRESS] 562/1000 saved
[PROGRESS] 563/1000 saved
[PROGRESS] 563/1000 saved
[PROGRESS] 563/1000 saved
[PROGRESS] 563/1000 saved
[PROGRESS] 563/1000 saved
[PROGRESS] 563/1000 saved
[PROGRESS] 564/1000 saved
[PROGRESS] 564/1000 saved
[PROGRESS] 564/1000 saved
[PROGRESS] 564/1000 saved
[PROGRESS] 564/1000 saved
[PROGRESS] 564/1000 saved
[PROGRESS] 564/1000 saved
[PROGRESS] 564/1000 saved
[PROGRESS] 564/1000 saved
[PROGRESS] 564/1000 saved
[PROGRESS] 564/1000 saved
[PROGRESS] 564/1000 saved
[PROGRESS] 564/1000 saved
[PROGRESS] 564/1000 saved
[PROGRESS] 564/1000 saved
[PROGRESS] 564/1000 saved
[PROGRESS] 565/1000 saved
[PROGRESS] 565/1000 saved
[PROGRESS] 565/1000 saved
[PROGRESS] 565/1000 saved
[PROGRESS] 565/1000 saved
[PROGRESS] 565/1000 saved
[PROGRESS] 565/1000 saved
[PROGRESS] 566/1000 saved
[PROGRESS] 566/1000 saved
[PROGRESS] 566/1000 saved
[PROGRESS] 566/1000 saved
[PROGRESS] 566/1000 saved
[PROGRESS] 566/1000 saved
[PROGRESS] 567/1000 saved
[PROGRESS] 567/1000 saved
[PROGRESS] 567/1000 saved
[PROGRESS] 567/1000 saved
[PROGRESS] 568/1000 saved
[PROGRESS] 569/1000 saved
[PROGRESS] 570/1000 saved
[PROGRESS] 570/1000 saved
[PROGRESS] 570/1000 saved
[PROGRESS] 570/1000 saved
[PROGRESS] 570/1000 saved
[PROGRESS] 570/1000 saved
[PROGRESS] 570/1000 saved
[PROGRESS] 570/1000 saved
[PROGRESS] 570/1000 saved
[PROGRESS] 570/1000 saved
[PROGRESS] 570/1000 saved
[PROGRESS] 570/1000 saved
[PROGRESS] 570/1000 saved
[PROGRESS] 570/1000 saved
[PROGRESS] 571/1000 saved
[PROGRESS] 571/1000 saved
[PROGRESS] 571/1000 saved
[PROGRESS] 571/1000 saved
[PROGRESS] 571/1000 saved
[PROGRESS] 571/1000 saved
[PROGRESS] 571/1000 saved
[PROGRESS] 571/1000 saved
[PROGRESS] 571/1000 saved
[PROGRESS] 571/1000 saved
[PROGRESS] 571/1000 saved
[PROGRESS] 572/1000 saved
[PROGRESS] 573/1000 saved
[PROGRESS] 573/1000 saved
[PROGRESS] 573/1000 saved
[PROGRESS] 573/1000 saved
[PROGRESS] 573/1000 saved
[PROGRESS] 573/1000 saved
[PROGRESS] 573/1000 saved
[PROGRESS] 573/1000 saved
[PROGRESS] 573/1000 saved
[PROGRESS] 573/1000 saved
[PROGRESS] 573/1000 saved
[PROGRESS] 573/1000 saved
[PROGRESS] 574/1000 saved
[PROGRESS] 574/1000 saved
[PROGRESS] 574/1000 saved
[PROGRESS] 574/1000 saved
[PROGRESS] 574/1000 saved
[PROGRESS] 574/1000 saved
[PROGRESS] 575/1000 saved
[PROGRESS] 575/1000 saved
[PROGRESS] 575/1000 saved
[PROGRESS] 575/1000 saved
[PROGRESS] 575/1000 saved
[PROGRESS] 575/1000 saved
[PROGRESS] 575/1000 saved
[PROGRESS] 575/1000 saved
[PROGRESS] 576/1000 saved
[PROGRESS] 576/1000 saved
[PROGRESS] 577/1000 saved
[PROGRESS] 577/1000 saved
[PROGRESS] 577/1000 saved
[PROGRESS] 577/1000 saved
[PROGRESS] 578/1000 saved
[PROGRESS] 578/1000 saved
[PROGRESS] 578/1000 saved
[PROGRESS] 578/1000 saved
[PROGRESS] 578/1000 saved
[PROGRESS] 579/1000 saved
[PROGRESS] 579/1000 saved
[PROGRESS] 579/1000 saved
[PROGRESS] 579/1000 saved
[PROGRESS] 579/1000 saved
[PROGRESS] 579/1000 saved
[PROGRESS] 579/1000 saved
[PROGRESS] 579/1000 saved
[PROGRESS] 580/1000 saved
[PROGRESS] 580/1000 saved
[PROGRESS] 580/1000 saved
[PROGRESS] 580/1000 saved
[PROGRESS] 580/1000 saved
[PROGRESS] 580/1000 saved
[PROGRESS] 580/1000 saved
[PROGRESS] 580/1000 saved
[PROGRESS] 580/1000 saved
[PROGRESS] 580/1000 saved
[PROGRESS] 580/1000 saved
[PROGRESS] 580/1000 saved
[PROGRESS] 580/1000 saved
[PROGRESS] 580/1000 saved
[PROGRESS] 580/1000 saved
[PROGRESS] 580/1000 saved
[PROGRESS] 581/1000 saved
[PROGRESS] 581/1000 saved
[PROGRESS] 581/1000 saved
[PROGRESS] 581/1000 saved
[PROGRESS] 581/1000 saved
[PROGRESS] 581/1000 saved
[PROGRESS] 581/1000 saved
[PROGRESS] 581/1000 saved
[PROGRESS] 581/1000 saved
[PROGRESS] 581/1000 saved
[PROGRESS] 582/1000 saved
[PROGRESS] 582/1000 saved
[PROGRESS] 582/1000 saved
[PROGRESS] 583/1000 saved
[PROGRESS] 583/1000 saved
[PROGRESS] 583/1000 saved
[PROGRESS] 583/1000 saved
[PROGRESS] 583/1000 saved
[PROGRESS] 583/1000 saved
[PROGRESS] 583/1000 saved
[PROGRESS] 583/1000 saved
[PROGRESS] 583/1000 saved
[PROGRESS] 583/1000 saved
[PROGRESS] 583/1000 saved
[PROGRESS] 584/1000 saved
[PROGRESS] 585/1000 saved
[PROGRESS] 585/1000 saved
[PROGRESS] 585/1000 saved
[PROGRESS] 585/1000 saved
[PROGRESS] 585/1000 saved
[PROGRESS] 585/1000 saved
[PROGRESS] 585/1000 saved
[PROGRESS] 586/1000 saved
[PROGRESS] 586/1000 saved
[PROGRESS] 587/1000 saved
[PROGRESS] 587/1000 saved
[PROGRESS] 587/1000 saved
[PROGRESS] 587/1000 saved
[PROGRESS] 587/1000 saved
[PROGRESS] 587/1000 saved
[PROGRESS] 587/1000 saved
[PROGRESS] 587/1000 saved
[PROGRESS] 587/1000 saved
[PROGRESS] 587/1000 saved
[PROGRESS] 587/1000 saved
[PROGRESS] 587/1000 saved
[PROGRESS] 587/1000 saved
[PROGRESS] 587/1000 saved
[PROGRESS] 587/1000 saved
[PROGRESS] 587/1000 saved
[PROGRESS] 588/1000 saved
[PROGRESS] 588/1000 saved
[PROGRESS] 589/1000 saved
[PROGRESS] 589/1000 saved
[PROGRESS] 589/1000 saved
[PROGRESS] 589/1000 saved
[PROGRESS] 589/1000 saved
[PROGRESS] 590/1000 saved
[PROGRESS] 590/1000 saved
[PROGRESS] 590/1000 saved
[PROGRESS] 590/1000 saved
[PROGRESS] 590/1000 saved
[PROGRESS] 590/1000 saved
[PROGRESS] 590/1000 saved
[PROGRESS] 590/1000 saved
[PROGRESS] 590/1000 saved
[PROGRESS] 590/1000 saved
[PROGRESS] 590/1000 saved
[PROGRESS] 590/1000 saved
[PROGRESS] 590/1000 saved
[PROGRESS] 591/1000 saved
[PROGRESS] 592/1000 saved
[PROGRESS] 592/1000 saved
[PROGRESS] 592/1000 saved
[PROGRESS] 592/1000 saved
[PROGRESS] 592/1000 saved
[PROGRESS] 592/1000 saved
[PROGRESS] 592/1000 saved
[PROGRESS] 592/1000 saved
[PROGRESS] 592/1000 saved
[PROGRESS] 592/1000 saved
[PROGRESS] 592/1000 saved
[PROGRESS] 592/1000 saved
[PROGRESS] 592/1000 saved
[PROGRESS] 592/1000 saved
[PROGRESS] 592/1000 saved
[PROGRESS] 592/1000 saved
[PROGRESS] 592/1000 saved
[PROGRESS] 592/1000 saved
[PROGRESS] 593/1000 saved
[PROGRESS] 593/1000 saved
[PROGRESS] 593/1000 saved
[PROGRESS] 593/1000 saved
[PROGRESS] 593/1000 saved
[PROGRESS] 593/1000 saved
[PROGRESS] 593/1000 saved
[PROGRESS] 593/1000 saved
[PROGRESS] 594/1000 saved
[PROGRESS] 594/1000 saved
[PROGRESS] 594/1000 saved
[PROGRESS] 594/1000 saved
[PROGRESS] 594/1000 saved
[PROGRESS] 595/1000 saved
[PROGRESS] 595/1000 saved
[PROGRESS] 595/1000 saved
[PROGRESS] 595/1000 saved
[PROGRESS] 596/1000 saved
[PROGRESS] 596/1000 saved
[PROGRESS] 596/1000 saved
[PROGRESS] 596/1000 saved
[PROGRESS] 596/1000 saved
[PROGRESS] 596/1000 saved
[PROGRESS] 596/1000 saved
[PROGRESS] 597/1000 saved
[PROGRESS] 597/1000 saved
[PROGRESS] 597/1000 saved
[PROGRESS] 597/1000 saved
[PROGRESS] 597/1000 saved
[PROGRESS] 598/1000 saved
[PROGRESS] 598/1000 saved
[PROGRESS] 598/1000 saved
[PROGRESS] 598/1000 saved
[PROGRESS] 598/1000 saved
[PROGRESS] 598/1000 saved
[PROGRESS] 598/1000 saved
[PROGRESS] 598/1000 saved
[PROGRESS] 598/1000 saved
[PROGRESS] 599/1000 saved
[PROGRESS] 599/1000 saved
[PROGRESS] 600/1000 saved
[PROGRESS] 600/1000 saved
[PROGRESS] 600/1000 saved
[PROGRESS] 600/1000 saved
[PROGRESS] 601/1000 saved
[PROGRESS] 601/1000 saved
[PROGRESS] 601/1000 saved
[PROGRESS] 601/1000 saved
[PROGRESS] 601/1000 saved
[PROGRESS] 601/1000 saved
[PROGRESS] 601/1000 saved
[PROGRESS] 601/1000 saved
[PROGRESS] 601/1000 saved
[PROGRESS] 601/1000 saved
[PROGRESS] 601/1000 saved
[PROGRESS] 601/1000 saved
[PROGRESS] 601/1000 saved
[PROGRESS] 602/1000 saved
[PROGRESS] 602/1000 saved
[PROGRESS] 602/1000 saved
[PROGRESS] 602/1000 saved
[PROGRESS] 602/1000 saved
[PROGRESS] 602/1000 saved
[PROGRESS] 602/1000 saved
[PROGRESS] 602/1000 saved
[PROGRESS] 602/1000 saved
[PROGRESS] 602/1000 saved
[PROGRESS] 602/1000 saved
[PROGRESS] 602/1000 saved
[PROGRESS] 603/1000 saved
[PROGRESS] 603/1000 saved
[PROGRESS] 603/1000 saved
[PROGRESS] 603/1000 saved
[PROGRESS] 603/1000 saved
[PROGRESS] 603/1000 saved
[PROGRESS] 603/1000 saved
[PROGRESS] 604/1000 saved
[PROGRESS] 604/1000 saved
[PROGRESS] 605/1000 saved
[PROGRESS] 605/1000 saved
[PROGRESS] 606/1000 saved
[PROGRESS] 606/1000 saved
[PROGRESS] 606/1000 saved
[PROGRESS] 606/1000 saved
[PROGRESS] 606/1000 saved
[PROGRESS] 606/1000 saved
[PROGRESS] 607/1000 saved
[PROGRESS] 607/1000 saved
[PROGRESS] 607/1000 saved
[PROGRESS] 607/1000 saved
[PROGRESS] 607/1000 saved
[PROGRESS] 607/1000 saved
[PROGRESS] 607/1000 saved
[PROGRESS] 607/1000 saved
[PROGRESS] 607/1000 saved
[PROGRESS] 607/1000 saved
[PROGRESS] 608/1000 saved
[PROGRESS] 608/1000 saved
[PROGRESS] 608/1000 saved
[PROGRESS] 608/1000 saved
[PROGRESS] 608/1000 saved
[PROGRESS] 608/1000 saved
[PROGRESS] 608/1000 saved
[PROGRESS] 608/1000 saved
[PROGRESS] 608/1000 saved
[PROGRESS] 608/1000 saved
[PROGRESS] 608/1000 saved
[PROGRESS] 608/1000 saved
[PROGRESS] 608/1000 saved
[PROGRESS] 608/1000 saved
[PROGRESS] 608/1000 saved
[PROGRESS] 608/1000 saved
[PROGRESS] 608/1000 saved
[PROGRESS] 608/1000 saved
[PROGRESS] 608/1000 saved
[PROGRESS] 608/1000 saved
[PROGRESS] 608/1000 saved
[PROGRESS] 608/1000 saved
[PROGRESS] 608/1000 saved
[PROGRESS] 608/1000 saved
[PROGRESS] 608/1000 saved
[PROGRESS] 609/1000 saved
[PROGRESS] 609/1000 saved
[PROGRESS] 610/1000 saved
[PROGRESS] 610/1000 saved
[PROGRESS] 610/1000 saved
[PROGRESS] 610/1000 saved
[PROGRESS] 610/1000 saved
[PROGRESS] 610/1000 saved
[PROGRESS] 610/1000 saved
[PROGRESS] 610/1000 saved
[PROGRESS] 610/1000 saved
[PROGRESS] 610/1000 saved
[PROGRESS] 610/1000 saved
[PROGRESS] 610/1000 saved
[PROGRESS] 610/1000 saved
[PROGRESS] 611/1000 saved
[PROGRESS] 611/1000 saved
[PROGRESS] 611/1000 saved
[PROGRESS] 611/1000 saved
[PROGRESS] 611/1000 saved
[PROGRESS] 611/1000 saved
[PROGRESS] 612/1000 saved
[PROGRESS] 612/1000 saved
[PROGRESS] 612/1000 saved
[PROGRESS] 612/1000 saved
[PROGRESS] 613/1000 saved
[PROGRESS] 613/1000 saved
[PROGRESS] 613/1000 saved
[PROGRESS] 613/1000 saved
[PROGRESS] 613/1000 saved
[PROGRESS] 613/1000 saved
[PROGRESS] 614/1000 saved
[PROGRESS] 615/1000 saved
[PROGRESS] 615/1000 saved
[PROGRESS] 616/1000 saved
[PROGRESS] 616/1000 saved
[PROGRESS] 616/1000 saved
[PROGRESS] 616/1000 saved
[PROGRESS] 616/1000 saved
[PROGRESS] 616/1000 saved
[PROGRESS] 616/1000 saved
[PROGRESS] 616/1000 saved
[PROGRESS] 616/1000 saved
[PROGRESS] 617/1000 saved
[PROGRESS] 617/1000 saved
[PROGRESS] 617/1000 saved
[PROGRESS] 617/1000 saved
[PROGRESS] 617/1000 saved
[PROGRESS] 617/1000 saved
[PROGRESS] 617/1000 saved
[PROGRESS] 617/1000 saved
[PROGRESS] 617/1000 saved
[PROGRESS] 617/1000 saved
[PROGRESS] 617/1000 saved
[PROGRESS] 617/1000 saved
[PROGRESS] 618/1000 saved
[PROGRESS] 618/1000 saved
[PROGRESS] 618/1000 saved
[PROGRESS] 619/1000 saved
[PROGRESS] 619/1000 saved
[PROGRESS] 619/1000 saved
[PROGRESS] 619/1000 saved
[PROGRESS] 619/1000 saved
[PROGRESS] 619/1000 saved
[PROGRESS] 619/1000 saved
[PROGRESS] 619/1000 saved
[PROGRESS] 619/1000 saved
[PROGRESS] 619/1000 saved
[PROGRESS] 619/1000 saved
[PROGRESS] 619/1000 saved
[PROGRESS] 620/1000 saved
[PROGRESS] 620/1000 saved
[PROGRESS] 621/1000 saved
[PROGRESS] 621/1000 saved
[PROGRESS] 622/1000 saved
[PROGRESS] 622/1000 saved
[PROGRESS] 622/1000 saved
[PROGRESS] 622/1000 saved
[PROGRESS] 622/1000 saved
[PROGRESS] 622/1000 saved
[PROGRESS] 622/1000 saved
[PROGRESS] 623/1000 saved
[PROGRESS] 623/1000 saved
[PROGRESS] 624/1000 saved
[PROGRESS] 624/1000 saved
[PROGRESS] 624/1000 saved
[PROGRESS] 626/1000 saved
[PROGRESS] 626/1000 saved
[PROGRESS] 626/1000 saved
[PROGRESS] 626/1000 saved
[PROGRESS] 627/1000 saved
[PROGRESS] 627/1000 saved
[PROGRESS] 627/1000 saved
[PROGRESS] 627/1000 saved
[PROGRESS] 628/1000 saved
[PROGRESS] 628/1000 saved
[PROGRESS] 629/1000 saved
[PROGRESS] 629/1000 saved
[PROGRESS] 629/1000 saved
[PROGRESS] 629/1000 saved
[PROGRESS] 629/1000 saved
[PROGRESS] 629/1000 saved
[PROGRESS] 630/1000 saved
[PROGRESS] 630/1000 saved
[PROGRESS] 631/1000 saved
[PROGRESS] 631/1000 saved
[PROGRESS] 631/1000 saved
[PROGRESS] 632/1000 saved
[PROGRESS] 632/1000 saved
[PROGRESS] 632/1000 saved
[PROGRESS] 632/1000 saved
[PROGRESS] 632/1000 saved
[PROGRESS] 632/1000 saved
[PROGRESS] 632/1000 saved
[PROGRESS] 633/1000 saved
[PROGRESS] 634/1000 saved
[PROGRESS] 634/1000 saved
[PROGRESS] 634/1000 saved
[PROGRESS] 634/1000 saved
[PROGRESS] 634/1000 saved
[PROGRESS] 635/1000 saved
[PROGRESS] 635/1000 saved
[PROGRESS] 635/1000 saved
[PROGRESS] 635/1000 saved
[PROGRESS] 636/1000 saved
[PROGRESS] 636/1000 saved
[PROGRESS] 637/1000 saved
[PROGRESS] 638/1000 saved
[PROGRESS] 638/1000 saved
[PROGRESS] 638/1000 saved
[PROGRESS] 639/1000 saved
[PROGRESS] 639/1000 saved
[PROGRESS] 639/1000 saved
[PROGRESS] 639/1000 saved
[PROGRESS] 639/1000 saved
[PROGRESS] 640/1000 saved
[PROGRESS] 640/1000 saved
[PROGRESS] 641/1000 saved
[PROGRESS] 641/1000 saved
[PROGRESS] 641/1000 saved
[PROGRESS] 641/1000 saved
[PROGRESS] 641/1000 saved
[PROGRESS] 642/1000 saved
[PROGRESS] 642/1000 saved
[PROGRESS] 642/1000 saved
[PROGRESS] 642/1000 saved
[PROGRESS] 643/1000 saved
[PROGRESS] 644/1000 saved
[PROGRESS] 645/1000 saved
[PROGRESS] 645/1000 saved
[PROGRESS] 645/1000 saved
[PROGRESS] 645/1000 saved
[PROGRESS] 645/1000 saved
[PROGRESS] 646/1000 saved
[PROGRESS] 646/1000 saved
[PROGRESS] 646/1000 saved
[PROGRESS] 646/1000 saved
[PROGRESS] 648/1000 saved
[PROGRESS] 648/1000 saved
[PROGRESS] 648/1000 saved
[PROGRESS] 648/1000 saved
[PROGRESS] 649/1000 saved
[PROGRESS] 649/1000 saved
[PROGRESS] 649/1000 saved
[PROGRESS] 650/1000 saved
[PROGRESS] 650/1000 saved
[PROGRESS] 652/1000 saved
[PROGRESS] 652/1000 saved
[PROGRESS] 653/1000 saved
[PROGRESS] 654/1000 saved
[PROGRESS] 654/1000 saved
[PROGRESS] 654/1000 saved
[PROGRESS] 654/1000 saved
[PROGRESS] 655/1000 saved
[PROGRESS] 655/1000 saved
[PROGRESS] 655/1000 saved
[PROGRESS] 656/1000 saved
[PROGRESS] 656/1000 saved
[PROGRESS] 656/1000 saved
[PROGRESS] 657/1000 saved
[PROGRESS] 659/1000 saved
[PROGRESS] 659/1000 saved
[PROGRESS] 659/1000 saved
[PROGRESS] 659/1000 saved
[PROGRESS] 659/1000 saved
[PROGRESS] 659/1000 saved
[PROGRESS] 659/1000 saved
[PROGRESS] 659/1000 saved
[PROGRESS] 659/1000 saved
[PROGRESS] 660/1000 saved
[PROGRESS] 661/1000 saved
[PROGRESS] 663/1000 saved
[PROGRESS] 663/1000 saved
[PROGRESS] 663/1000 saved
[PROGRESS] 664/1000 saved
[PROGRESS] 664/1000 saved
[PROGRESS] 664/1000 saved
[PROGRESS] 664/1000 saved
[PROGRESS] 665/1000 saved
[PROGRESS] 665/1000 saved
[PROGRESS] 665/1000 saved
[PROGRESS] 666/1000 saved
[PROGRESS] 667/1000 saved
[PROGRESS] 668/1000 saved
[PROGRESS] 668/1000 saved
[PROGRESS] 669/1000 saved
[PROGRESS] 670/1000 saved
[PROGRESS] 670/1000 saved
[PROGRESS] 670/1000 saved
[PROGRESS] 670/1000 saved
[PROGRESS] 672/1000 saved
[PROGRESS] 673/1000 saved
[PROGRESS] 673/1000 saved
[PROGRESS] 674/1000 saved
[PROGRESS] 674/1000 saved
[PROGRESS] 674/1000 saved
[PROGRESS] 674/1000 saved
[PROGRESS] 674/1000 saved
[PROGRESS] 674/1000 saved
[PROGRESS] 674/1000 saved
[PROGRESS] 675/1000 saved
[PROGRESS] 675/1000 saved
[PROGRESS] 678/1000 saved
[PROGRESS] 678/1000 saved
[PROGRESS] 678/1000 saved
[PROGRESS] 678/1000 saved
[PROGRESS] 678/1000 saved
[PROGRESS] 678/1000 saved
[PROGRESS] 678/1000 saved
[PROGRESS] 678/1000 saved
[PROGRESS] 678/1000 saved
[PROGRESS] 680/1000 saved
[PROGRESS] 680/1000 saved
[PROGRESS] 682/1000 saved
[PROGRESS] 682/1000 saved
[PROGRESS] 682/1000 saved
[PROGRESS] 682/1000 saved
[PROGRESS] 683/1000 saved
[PROGRESS] 683/1000 saved
[PROGRESS] 684/1000 saved
[PROGRESS] 684/1000 saved
[PROGRESS] 685/1000 saved
[PROGRESS] 685/1000 saved
[PROGRESS] 685/1000 saved
[PROGRESS] 686/1000 saved
[PROGRESS] 686/1000 saved
[PROGRESS] 687/1000 saved
[PROGRESS] 687/1000 saved
[PROGRESS] 687/1000 saved
[PROGRESS] 687/1000 saved
[PROGRESS] 687/1000 saved
[PROGRESS] 688/1000 saved
[PROGRESS] 688/1000 saved
[PROGRESS] 688/1000 saved
[PROGRESS] 688/1000 saved
[PROGRESS] 688/1000 saved
[PROGRESS] 690/1000 saved
[PROGRESS] 690/1000 saved
[PROGRESS] 691/1000 saved
[PROGRESS] 692/1000 saved
[PROGRESS] 692/1000 saved
[PROGRESS] 693/1000 saved
[PROGRESS] 693/1000 saved
[PROGRESS] 694/1000 saved
[PROGRESS] 694/1000 saved
[PROGRESS] 694/1000 saved
[PROGRESS] 694/1000 saved
[PROGRESS] 695/1000 saved
[PROGRESS] 696/1000 saved
[PROGRESS] 697/1000 saved
[PROGRESS] 697/1000 saved
[PROGRESS] 697/1000 saved
[PROGRESS] 697/1000 saved
[PROGRESS] 697/1000 saved
[PROGRESS] 697/1000 saved
[PROGRESS] 698/1000 saved
[PROGRESS] 698/1000 saved
[PROGRESS] 698/1000 saved
[PROGRESS] 701/1000 saved
[PROGRESS] 702/1000 saved
[PROGRESS] 703/1000 saved
[PROGRESS] 704/1000 saved
[PROGRESS] 704/1000 saved
[PROGRESS] 704/1000 saved
[PROGRESS] 704/1000 saved
[PROGRESS] 704/1000 saved
[PROGRESS] 704/1000 saved
[PROGRESS] 705/1000 saved
[PROGRESS] 706/1000 saved
[PROGRESS] 706/1000 saved
[PROGRESS] 706/1000 saved
[PROGRESS] 707/1000 saved
[PROGRESS] 708/1000 saved
[PROGRESS] 708/1000 saved
[PROGRESS] 711/1000 saved
[PROGRESS] 711/1000 saved
[PROGRESS] 711/1000 saved
[PROGRESS] 712/1000 saved
[PROGRESS] 713/1000 saved
[PROGRESS] 713/1000 saved
[PROGRESS] 713/1000 saved
[PROGRESS] 715/1000 saved
[PROGRESS] 715/1000 saved
[PROGRESS] 716/1000 saved
[PROGRESS] 716/1000 saved
[PROGRESS] 717/1000 saved
[PROGRESS] 717/1000 saved
[PROGRESS] 717/1000 saved
[PROGRESS] 717/1000 saved
[PROGRESS] 717/1000 saved
[PROGRESS] 717/1000 saved
[PROGRESS] 717/1000 saved
[PROGRESS] 719/1000 saved
[PROGRESS] 720/1000 saved
[PROGRESS] 720/1000 saved
[PROGRESS] 720/1000 saved
[PROGRESS] 722/1000 saved
[PROGRESS] 723/1000 saved
[PROGRESS] 723/1000 saved
[PROGRESS] 724/1000 saved
[PROGRESS] 724/1000 saved
[PROGRESS] 724/1000 saved
[PROGRESS] 724/1000 saved
[PROGRESS] 724/1000 saved
[PROGRESS] 724/1000 saved
[PROGRESS] 724/1000 saved
[PROGRESS] 724/1000 saved
[PROGRESS] 724/1000 saved
[PROGRESS] 724/1000 saved
[PROGRESS] 725/1000 saved
[PROGRESS] 725/1000 saved
[PROGRESS] 726/1000 saved
[PROGRESS] 726/1000 saved
[PROGRESS] 726/1000 saved
[PROGRESS] 726/1000 saved
[PROGRESS] 726/1000 saved
[PROGRESS] 726/1000 saved
[PROGRESS] 726/1000 saved
[PROGRESS] 727/1000 saved
[PROGRESS] 727/1000 saved
[PROGRESS] 727/1000 saved
[PROGRESS] 728/1000 saved
[PROGRESS] 729/1000 saved
[PROGRESS] 729/1000 saved
[PROGRESS] 729/1000 saved
[PROGRESS] 731/1000 saved
[PROGRESS] 731/1000 saved
[PROGRESS] 733/1000 saved
[PROGRESS] 733/1000 saved
[PROGRESS] 733/1000 saved
[PROGRESS] 733/1000 saved
[PROGRESS] 733/1000 saved
[PROGRESS] 734/1000 saved
[PROGRESS] 734/1000 saved
[PROGRESS] 735/1000 saved
[PROGRESS] 735/1000 saved
[PROGRESS] 735/1000 saved
[PROGRESS] 735/1000 saved
[PROGRESS] 736/1000 saved
[PROGRESS] 737/1000 saved
[PROGRESS] 737/1000 saved
[PROGRESS] 737/1000 saved
[PROGRESS] 738/1000 saved
[PROGRESS] 738/1000 saved
[PROGRESS] 741/1000 saved
[PROGRESS] 741/1000 saved
[PROGRESS] 741/1000 saved
[PROGRESS] 741/1000 saved
[PROGRESS] 742/1000 saved
[PROGRESS] 742/1000 saved
[PROGRESS] 742/1000 saved
[PROGRESS] 742/1000 saved
[PROGRESS] 742/1000 saved
[PROGRESS] 743/1000 saved
[PROGRESS] 744/1000 saved
[PROGRESS] 744/1000 saved
[PROGRESS] 745/1000 saved
[PROGRESS] 745/1000 saved
[PROGRESS] 745/1000 saved
[PROGRESS] 745/1000 saved
[PROGRESS] 746/1000 saved
[PROGRESS] 746/1000 saved
[PROGRESS] 747/1000 saved
[PROGRESS] 747/1000 saved
[PROGRESS] 748/1000 saved
[PROGRESS] 749/1000 saved
[PROGRESS] 749/1000 saved
[PROGRESS] 750/1000 saved
[PROGRESS] 750/1000 saved
[PROGRESS] 750/1000 saved
[PROGRESS] 750/1000 saved
[PROGRESS] 750/1000 saved
[PROGRESS] 750/1000 saved
[PROGRESS] 750/1000 saved
[PROGRESS] 751/1000 saved
[PROGRESS] 751/1000 saved
[PROGRESS] 754/1000 saved
[PROGRESS] 754/1000 saved
[PROGRESS] 755/1000 saved
[PROGRESS] 756/1000 saved
[PROGRESS] 757/1000 saved
[PROGRESS] 758/1000 saved
[PROGRESS] 758/1000 saved
[PROGRESS] 758/1000 saved
[PROGRESS] 758/1000 saved
[PROGRESS] 758/1000 saved
[PROGRESS] 758/1000 saved
[PROGRESS] 758/1000 saved
[PROGRESS] 759/1000 saved
[PROGRESS] 759/1000 saved
[PROGRESS] 759/1000 saved
[PROGRESS] 759/1000 saved
[PROGRESS] 761/1000 saved
[PROGRESS] 762/1000 saved
[PROGRESS] 762/1000 saved
[PROGRESS] 764/1000 saved
[PROGRESS] 764/1000 saved
[PROGRESS] 765/1000 saved
[PROGRESS] 765/1000 saved
[PROGRESS] 765/1000 saved
[PROGRESS] 766/1000 saved
[PROGRESS] 766/1000 saved
[PROGRESS] 766/1000 saved
[PROGRESS] 767/1000 saved
[PROGRESS] 767/1000 saved
[PROGRESS] 767/1000 saved
[PROGRESS] 767/1000 saved
[PROGRESS] 768/1000 saved
[PROGRESS] 768/1000 saved
[PROGRESS] 768/1000 saved
[PROGRESS] 769/1000 saved
[PROGRESS] 770/1000 saved
[PROGRESS] 770/1000 saved
[PROGRESS] 771/1000 saved
[PROGRESS] 772/1000 saved
[PROGRESS] 773/1000 saved
[PROGRESS] 773/1000 saved
[PROGRESS] 773/1000 saved
[PROGRESS] 773/1000 saved
[PROGRESS] 773/1000 saved
[PROGRESS] 773/1000 saved
[PROGRESS] 773/1000 saved
[PROGRESS] 773/1000 saved
[PROGRESS] 774/1000 saved
[PROGRESS] 774/1000 saved
[PROGRESS] 774/1000 saved
[PROGRESS] 777/1000 saved
[PROGRESS] 778/1000 saved
[PROGRESS] 779/1000 saved
[PROGRESS] 779/1000 saved
[PROGRESS] 780/1000 saved
[PROGRESS] 780/1000 saved
[PROGRESS] 780/1000 saved
[PROGRESS] 780/1000 saved
[PROGRESS] 780/1000 saved
[PROGRESS] 780/1000 saved
[PROGRESS] 780/1000 saved
[PROGRESS] 780/1000 saved
[PROGRESS] 780/1000 saved
[PROGRESS] 780/1000 saved
[PROGRESS] 780/1000 saved
[PROGRESS] 780/1000 saved
[PROGRESS] 783/1000 saved
[PROGRESS] 784/1000 saved
[PROGRESS] 786/1000 saved
[PROGRESS] 786/1000 saved
[PROGRESS] 786/1000 saved
[PROGRESS] 786/1000 saved
[PROGRESS] 786/1000 saved
[PROGRESS] 786/1000 saved
[PROGRESS] 786/1000 saved
[PROGRESS] 787/1000 saved
[PROGRESS] 787/1000 saved
[PROGRESS] 787/1000 saved
[PROGRESS] 787/1000 saved
[PROGRESS] 788/1000 saved
[PROGRESS] 788/1000 saved
[PROGRESS] 788/1000 saved
[PROGRESS] 789/1000 saved
[PROGRESS] 791/1000 saved
[PROGRESS] 791/1000 saved
[PROGRESS] 792/1000 saved
[PROGRESS] 792/1000 saved
[PROGRESS] 792/1000 saved
[PROGRESS] 792/1000 saved
[PROGRESS] 792/1000 saved
[PROGRESS] 792/1000 saved
[PROGRESS] 792/1000 saved
[PROGRESS] 794/1000 saved
[PROGRESS] 795/1000 saved
[PROGRESS] 795/1000 saved
[PROGRESS] 796/1000 saved
[PROGRESS] 796/1000 saved
[PROGRESS] 796/1000 saved
[PROGRESS] 796/1000 saved
[PROGRESS] 796/1000 saved
[PROGRESS] 796/1000 saved
[PROGRESS] 796/1000 saved
[PROGRESS] 798/1000 saved
[PROGRESS] 798/1000 saved
[PROGRESS] 798/1000 saved
[PROGRESS] 799/1000 saved
[PROGRESS] 799/1000 saved
[PROGRESS] 799/1000 saved
[PROGRESS] 799/1000 saved
[PROGRESS] 799/1000 saved
[PROGRESS] 799/1000 saved
[PROGRESS] 799/1000 saved
[PROGRESS] 799/1000 saved
[PROGRESS] 799/1000 saved
[PROGRESS] 799/1000 saved
[PROGRESS] 800/1000 saved
[PROGRESS] 800/1000 saved
[PROGRESS] 801/1000 saved
[PROGRESS] 801/1000 saved
[PROGRESS] 802/1000 saved
[PROGRESS] 802/1000 saved
[PROGRESS] 802/1000 saved
[PROGRESS] 802/1000 saved
[PROGRESS] 802/1000 saved
[PROGRESS] 802/1000 saved
[PROGRESS] 802/1000 saved
[PROGRESS] 802/1000 saved
[PROGRESS] 802/1000 saved
[PROGRESS] 804/1000 saved
[PROGRESS] 806/1000 saved
[PROGRESS] 807/1000 saved
[PROGRESS] 807/1000 saved
[PROGRESS] 807/1000 saved
[PROGRESS] 807/1000 saved
[PROGRESS] 807/1000 saved
[PROGRESS] 807/1000 saved
[PROGRESS] 808/1000 saved
[PROGRESS] 808/1000 saved
[PROGRESS] 809/1000 saved
[PROGRESS] 809/1000 saved
[PROGRESS] 810/1000 saved
[PROGRESS] 810/1000 saved
[PROGRESS] 810/1000 saved
[PROGRESS] 811/1000 saved
[PROGRESS] 811/1000 saved
[PROGRESS] 811/1000 saved
[PROGRESS] 812/1000 saved
[PROGRESS] 813/1000 saved
[PROGRESS] 813/1000 saved
[PROGRESS] 813/1000 saved
[PROGRESS] 813/1000 saved
[PROGRESS] 813/1000 saved
[PROGRESS] 814/1000 saved
[PROGRESS] 814/1000 saved
[PROGRESS] 814/1000 saved
[PROGRESS] 815/1000 saved
[PROGRESS] 815/1000 saved
[PROGRESS] 816/1000 saved
[PROGRESS] 816/1000 saved
[PROGRESS] 818/1000 saved
[PROGRESS] 818/1000 saved
[PROGRESS] 818/1000 saved
[PROGRESS] 818/1000 saved
[PROGRESS] 818/1000 saved
[PROGRESS] 819/1000 saved
[PROGRESS] 820/1000 saved
[PROGRESS] 820/1000 saved
[PROGRESS] 820/1000 saved
[PROGRESS] 821/1000 saved
[PROGRESS] 821/1000 saved
[PROGRESS] 821/1000 saved
[PROGRESS] 821/1000 saved
[PROGRESS] 821/1000 saved
[PROGRESS] 821/1000 saved
[PROGRESS] 822/1000 saved
[PROGRESS] 822/1000 saved
[PROGRESS] 822/1000 saved
[PROGRESS] 822/1000 saved
[PROGRESS] 823/1000 saved
[PROGRESS] 824/1000 saved
[PROGRESS] 824/1000 saved
[PROGRESS] 824/1000 saved
[PROGRESS] 824/1000 saved
[PROGRESS] 824/1000 saved
[PROGRESS] 825/1000 saved
[PROGRESS] 826/1000 saved
[PROGRESS] 826/1000 saved
[PROGRESS] 826/1000 saved
[PROGRESS] 827/1000 saved
[PROGRESS] 827/1000 saved
[PROGRESS] 829/1000 saved
[PROGRESS] 829/1000 saved
[PROGRESS] 829/1000 saved
[PROGRESS] 829/1000 saved
[PROGRESS] 829/1000 saved
[PROGRESS] 829/1000 saved
[PROGRESS] 830/1000 saved
[PROGRESS] 830/1000 saved
[PROGRESS] 830/1000 saved
[PROGRESS] 831/1000 saved
[PROGRESS] 831/1000 saved
[PROGRESS] 832/1000 saved
[PROGRESS] 833/1000 saved
[PROGRESS] 833/1000 saved
[PROGRESS] 833/1000 saved
[PROGRESS] 834/1000 saved
[PROGRESS] 834/1000 saved
[PROGRESS] 834/1000 saved
[PROGRESS] 834/1000 saved
[PROGRESS] 834/1000 saved
[PROGRESS] 835/1000 saved
[PROGRESS] 836/1000 saved
[PROGRESS] 836/1000 saved
[PROGRESS] 836/1000 saved
[PROGRESS] 836/1000 saved
[PROGRESS] 837/1000 saved
[PROGRESS] 837/1000 saved
[PROGRESS] 837/1000 saved
[PROGRESS] 837/1000 saved
[PROGRESS] 839/1000 saved
[PROGRESS] 840/1000 saved
[PROGRESS] 840/1000 saved
[PROGRESS] 841/1000 saved
[PROGRESS] 841/1000 saved
[PROGRESS] 841/1000 saved
[PROGRESS] 841/1000 saved
[PROGRESS] 841/1000 saved
[PROGRESS] 842/1000 saved
[PROGRESS] 843/1000 saved
[PROGRESS] 843/1000 saved
[PROGRESS] 843/1000 saved
[PROGRESS] 843/1000 saved
[PROGRESS] 843/1000 saved
[PROGRESS] 843/1000 saved
[PROGRESS] 845/1000 saved
[PROGRESS] 845/1000 saved
[PROGRESS] 845/1000 saved
[PROGRESS] 846/1000 saved
[PROGRESS] 848/1000 saved
[PROGRESS] 848/1000 saved
[PROGRESS] 848/1000 saved
[PROGRESS] 848/1000 saved
[PROGRESS] 849/1000 saved
[PROGRESS] 849/1000 saved
[PROGRESS] 849/1000 saved
[PROGRESS] 849/1000 saved
[PROGRESS] 850/1000 saved
[PROGRESS] 850/1000 saved
[PROGRESS] 851/1000 saved
[PROGRESS] 851/1000 saved
[PROGRESS] 852/1000 saved
[PROGRESS] 852/1000 saved
[PROGRESS] 852/1000 saved
[PROGRESS] 852/1000 saved
[PROGRESS] 852/1000 saved
[PROGRESS] 852/1000 saved
[PROGRESS] 853/1000 saved
[PROGRESS] 855/1000 saved
[PROGRESS] 855/1000 saved
[PROGRESS] 855/1000 saved
[PROGRESS] 855/1000 saved
[PROGRESS] 857/1000 saved
[PROGRESS] 857/1000 saved
[PROGRESS] 857/1000 saved
[PROGRESS] 857/1000 saved
[PROGRESS] 857/1000 saved
[PROGRESS] 857/1000 saved
[PROGRESS] 857/1000 saved
[PROGRESS] 859/1000 saved
[PROGRESS] 859/1000 saved
[PROGRESS] 859/1000 saved
[PROGRESS] 859/1000 saved
[PROGRESS] 860/1000 saved
[PROGRESS] 860/1000 saved
[PROGRESS] 861/1000 saved
[PROGRESS] 861/1000 saved
[PROGRESS] 862/1000 saved
[PROGRESS] 863/1000 saved
[PROGRESS] 863/1000 saved
[PROGRESS] 863/1000 saved
[PROGRESS] 863/1000 saved
[PROGRESS] 863/1000 saved
[PROGRESS] 863/1000 saved
[PROGRESS] 863/1000 saved
[PROGRESS] 864/1000 saved
[PROGRESS] 864/1000 saved
[PROGRESS] 864/1000 saved
[PROGRESS] 864/1000 saved
[PROGRESS] 864/1000 saved
[PROGRESS] 864/1000 saved
[PROGRESS] 864/1000 saved
[PROGRESS] 864/1000 saved
[PROGRESS] 864/1000 saved
[PROGRESS] 864/1000 saved
[PROGRESS] 864/1000 saved
[PROGRESS] 864/1000 saved
[PROGRESS] 864/1000 saved
[PROGRESS] 864/1000 saved
[PROGRESS] 864/1000 saved
[PROGRESS] 864/1000 saved
[PROGRESS] 864/1000 saved
[PROGRESS] 864/1000 saved
[PROGRESS] 864/1000 saved
[PROGRESS] 864/1000 saved
[PROGRESS] 864/1000 saved
[PROGRESS] 864/1000 saved
[PROGRESS] 864/1000 saved
[PROGRESS] 864/1000 saved
[PROGRESS] 864/1000 saved
[PROGRESS] 865/1000 saved
[PROGRESS] 866/1000 saved
[PROGRESS] 868/1000 saved
[PROGRESS] 868/1000 saved
[PROGRESS] 868/1000 saved
[PROGRESS] 868/1000 saved
[PROGRESS] 868/1000 saved
[PROGRESS] 868/1000 saved
[PROGRESS] 868/1000 saved
[PROGRESS] 868/1000 saved
[PROGRESS] 869/1000 saved
[PROGRESS] 870/1000 saved
[PROGRESS] 871/1000 saved
[PROGRESS] 871/1000 saved
[PROGRESS] 871/1000 saved
[PROGRESS] 871/1000 saved
[PROGRESS] 871/1000 saved
[PROGRESS] 871/1000 saved
[PROGRESS] 871/1000 saved
[PROGRESS] 873/1000 saved
[PROGRESS] 873/1000 saved
[PROGRESS] 873/1000 saved
[PROGRESS] 873/1000 saved
[PROGRESS] 875/1000 saved
[PROGRESS] 875/1000 saved
[PROGRESS] 876/1000 saved
[PROGRESS] 877/1000 saved
[PROGRESS] 878/1000 saved
[PROGRESS] 878/1000 saved
[PROGRESS] 878/1000 saved
[PROGRESS] 878/1000 saved
[PROGRESS] 878/1000 saved
[PROGRESS] 878/1000 saved
[PROGRESS] 878/1000 saved
[PROGRESS] 879/1000 saved
[PROGRESS] 879/1000 saved
[PROGRESS] 879/1000 saved
[PROGRESS] 879/1000 saved
[PROGRESS] 879/1000 saved
[PROGRESS] 879/1000 saved
[PROGRESS] 880/1000 saved
[PROGRESS] 880/1000 saved
[PROGRESS] 881/1000 saved
[PROGRESS] 881/1000 saved
[PROGRESS] 881/1000 saved
[PROGRESS] 881/1000 saved
[PROGRESS] 881/1000 saved
[PROGRESS] 881/1000 saved
[PROGRESS] 882/1000 saved
[PROGRESS] 882/1000 saved
[PROGRESS] 882/1000 saved
[PROGRESS] 883/1000 saved
[PROGRESS] 884/1000 saved
[PROGRESS] 885/1000 saved
[PROGRESS] 885/1000 saved
[PROGRESS] 885/1000 saved
[PROGRESS] 885/1000 saved
[PROGRESS] 886/1000 saved
[PROGRESS] 887/1000 saved
[PROGRESS] 887/1000 saved
[PROGRESS] 887/1000 saved
[PROGRESS] 887/1000 saved
[PROGRESS] 888/1000 saved
[PROGRESS] 888/1000 saved
[PROGRESS] 888/1000 saved
[PROGRESS] 888/1000 saved
[PROGRESS] 888/1000 saved
[PROGRESS] 890/1000 saved
[PROGRESS] 890/1000 saved
[PROGRESS] 890/1000 saved
[PROGRESS] 891/1000 saved
[PROGRESS] 892/1000 saved
[PROGRESS] 893/1000 saved
[PROGRESS] 893/1000 saved
[PROGRESS] 894/1000 saved
[PROGRESS] 894/1000 saved
[PROGRESS] 894/1000 saved
[PROGRESS] 894/1000 saved
[PROGRESS] 895/1000 saved
[PROGRESS] 895/1000 saved
[PROGRESS] 897/1000 saved
[PROGRESS] 897/1000 saved
[PROGRESS] 897/1000 saved
[PROGRESS] 897/1000 saved
[PROGRESS] 897/1000 saved
[PROGRESS] 898/1000 saved
[PROGRESS] 899/1000 saved
[PROGRESS] 900/1000 saved
[PROGRESS] 900/1000 saved
[PROGRESS] 900/1000 saved
[PROGRESS] 900/1000 saved
[PROGRESS] 901/1000 saved
[PROGRESS] 902/1000 saved
[PROGRESS] 902/1000 saved
[PROGRESS] 902/1000 saved
[PROGRESS] 902/1000 saved
[PROGRESS] 902/1000 saved
[PROGRESS] 903/1000 saved
[PROGRESS] 903/1000 saved
[PROGRESS] 905/1000 saved
[PROGRESS] 905/1000 saved
[PROGRESS] 906/1000 saved
[PROGRESS] 906/1000 saved
[PROGRESS] 906/1000 saved
[PROGRESS] 906/1000 saved
[PROGRESS] 907/1000 saved
[PROGRESS] 908/1000 saved
[PROGRESS] 908/1000 saved
[PROGRESS] 908/1000 saved
[PROGRESS] 909/1000 saved
[PROGRESS] 909/1000 saved
[PROGRESS] 909/1000 saved
[PROGRESS] 911/1000 saved
[PROGRESS] 911/1000 saved
[PROGRESS] 912/1000 saved
[PROGRESS] 912/1000 saved
[PROGRESS] 912/1000 saved
[PROGRESS] 912/1000 saved
[PROGRESS] 913/1000 saved
[PROGRESS] 913/1000 saved
[PROGRESS] 913/1000 saved
[PROGRESS] 914/1000 saved
[PROGRESS] 914/1000 saved
[PROGRESS] 915/1000 saved
[PROGRESS] 915/1000 saved
[PROGRESS] 915/1000 saved
[PROGRESS] 916/1000 saved
[PROGRESS] 916/1000 saved
[PROGRESS] 916/1000 saved
[PROGRESS] 916/1000 saved
[PROGRESS] 916/1000 saved
[PROGRESS] 916/1000 saved
[PROGRESS] 916/1000 saved
[PROGRESS] 919/1000 saved
[PROGRESS] 920/1000 saved
[PROGRESS] 924/1000 saved
[PROGRESS] 931/1000 saved
[PROGRESS] 939/1000 saved
[PROGRESS] 943/1000 saved
[PROGRESS] 948/1000 saved
[PROGRESS] 954/1000 saved
[PROGRESS] 960/1000 saved
[PROGRESS] 961/1000 saved
[PROGRESS] 966/1000 saved
[PROGRESS] 972/1000 saved
[PROGRESS] 978/1000 saved
[PROGRESS] 978/1000 saved
[PROGRESS] 983/1000 saved
[PROGRESS] 987/1000 saved
[PROGRESS] 989/1000 saved
[PROGRESS] 990/1000 saved
[PROGRESS] 993/1000 saved
[PROGRESS] 995/1000 saved
[PROGRESS] 997/1000 saved
[PROGRESS] 997/1000 saved
[PROGRESS] 999/1000 saved
