[INPUT] SQLITE_DB_PATH: /home/kritik/Desktop/neosapiens/finance/script_diff_llm2/ablations/improvement10_models/source/improvement10/wealth_management_diverse.db
[INPUT] TABLE_METADATA_DIR: /home/kritik/Desktop/neosapiens/finance/script_diff_llm2/ablations/improvement10_models/source/improvement10/table_medatada
[INPUT] DOMAIN_INTRO_FILE: /home/kritik/Desktop/neosapiens/finance/script_diff_llm2/ablations/improvement10_models/source/improvement10/domain_intro_latest.prompt
[INPUT] BUSINESS_RULES_FILE: /home/kritik/Desktop/neosapiens/finance/script_diff_llm2/ablations/improvement10_models/source/improvement10/business_rules_addendum.md
[RUNNING] Report: /home/kritik/Desktop/neosapiens/finance/script_diff_llm2/ablations/improvement10_models/runs/gpt_oss_120b/run_01/parallel_workers4/worker_02/raw_pipeline.csv
[LOG] /home/kritik/Desktop/neosapiens/finance/script_diff_llm2/ablations/improvement10_models/source/improvement10/.runtime/logs/pipeline_20261006_134111_134262.log
[CACHE] Knowledge hit in 0.010s
[TIME] Startup ready: 3.043s; query delay: 0s
Processed 1/228 this run (1/228 total window): PIPELINE_SUCCESS in 49.308s processing; model 49.240s/7 calls; 49.314s including wait/save; 52.357s since startup
Processed 2/228 this run (2/228 total window): PIPELINE_SUCCESS in 66.255s processing; model 66.137s/9 calls; 66.261s including wait/save; 118.618s since startup
Processed 3/228 this run (3/228 total window): PIPELINE_SUCCESS in 61.897s processing; model 61.760s/8 calls; 61.904s including wait/save; 180.522s since startup
Processed 4/228 this run (4/228 total window): PIPELINE_SUCCESS in 60.569s processing; model 60.477s/8 calls; 60.577s including wait/save; 241.099s since startup
Processed 5/228 this run (5/228 total window): PIPELINE_SUCCESS in 49.454s processing; model 49.352s/8 calls; 49.465s including wait/save; 290.565s since startup
Processed 6/228 this run (6/228 total window): PIPELINE_SUCCESS in 49.958s processing; model 49.825s/9 calls; 49.968s including wait/save; 340.533s since startup
Processed 7/228 this run (7/228 total window): PIPELINE_SUCCESS in 47.091s processing; model 46.975s/9 calls; 47.103s including wait/save; 387.636s since startup
Processed 8/228 this run (8/228 total window): PIPELINE_SUCCESS in 105.289s processing; model 105.165s/9 calls; 105.303s including wait/save; 492.939s since startup
Processed 9/228 this run (9/228 total window): PIPELINE_SUCCESS in 83.501s processing; model 83.387s/11 calls; 83.515s including wait/save; 576.454s since startup
Processed 10/228 this run (10/228 total window): PIPELINE_SUCCESS in 65.527s processing; model 65.419s/9 calls; 65.543s including wait/save; 641.997s since startup
Processed 11/228 this run (11/228 total window): PIPELINE_SUCCESS in 33.22s processing; model 33.185s/5 calls; 33.240s including wait/save; 675.238s since startup
Processed 12/228 this run (12/228 total window): PIPELINE_SUCCESS in 25.018s processing; model 24.973s/5 calls; 25.038s including wait/save; 700.276s since startup
Processed 13/228 this run (13/228 total window): PIPELINE_SUCCESS in 39.135s processing; model 39.110s/5 calls; 39.161s including wait/save; 739.436s since startup
Processed 14/228 this run (14/228 total window): PIPELINE_SUCCESS in 26.122s processing; model 26.063s/5 calls; 26.144s including wait/save; 765.581s since startup
Processed 15/228 this run (15/228 total window): PIPELINE_SUCCESS in 31.819s processing; model 31.784s/5 calls; 31.857s including wait/save; 797.438s since startup
Processed 16/228 this run (16/228 total window): PIPELINE_SUCCESS in 43.604s processing; model 43.562s/7 calls; 43.632s including wait/save; 841.070s since startup
Processed 17/228 this run (17/228 total window): PIPELINE_SUCCESS in 129.797s processing; model 129.737s/6 calls; 129.822s including wait/save; 970.892s since startup
Processed 18/228 this run (18/228 total window): PIPELINE_SUCCESS in 36.391s processing; model 36.347s/6 calls; 36.419s including wait/save; 1007.311s since startup
Processed 19/228 this run (19/228 total window): PIPELINE_SUCCESS in 41.292s processing; model 41.253s/6 calls; 41.321s including wait/save; 1048.632s since startup
Processed 20/228 this run (20/228 total window): PIPELINE_SUCCESS in 27.801s processing; model 27.762s/6 calls; 27.830s including wait/save; 1076.462s since startup
Processed 21/228 this run (21/228 total window): PIPELINE_SUCCESS in 35.401s processing; model 35.363s/6 calls; 35.432s including wait/save; 1111.895s since startup
Processed 22/228 this run (22/228 total window): PIPELINE_SUCCESS in 51.032s processing; model 50.989s/7 calls; 51.062s including wait/save; 1162.956s since startup
Processed 23/228 this run (23/228 total window): PIPELINE_SUCCESS in 53.271s processing; model 53.192s/7 calls; 53.299s including wait/save; 1216.256s since startup
Processed 24/228 this run (24/228 total window): PIPELINE_SUCCESS in 47.132s processing; model 46.988s/7 calls; 47.160s including wait/save; 1263.416s since startup
Processed 25/228 this run (25/228 total window): PIPELINE_SUCCESS in 38.989s processing; model 38.855s/7 calls; 39.018s including wait/save; 1302.434s since startup
Processed 26/228 this run (26/228 total window): PIPELINE_SUCCESS in 37.592s processing; model 37.501s/7 calls; 37.622s including wait/save; 1340.056s since startup
Processed 27/228 this run (27/228 total window): PIPELINE_SUCCESS in 44.199s processing; model 44.098s/8 calls; 44.231s including wait/save; 1384.287s since startup
Processed 28/228 this run (28/228 total window): PIPELINE_SUCCESS in 59.66s processing; model 59.598s/7 calls; 59.692s including wait/save; 1443.979s since startup
Processed 29/228 this run (29/228 total window): PIPELINE_SUCCESS in 55.61s processing; model 55.556s/7 calls; 55.644s including wait/save; 1499.623s since startup
Processed 30/228 this run (30/228 total window): PIPELINE_SUCCESS in 51.472s processing; model 51.419s/7 calls; 51.509s including wait/save; 1551.132s since startup
Processed 31/228 this run (31/228 total window): PIPELINE_SUCCESS in 65.668s processing; model 65.308s/8 calls; 65.703s including wait/save; 1616.835s since startup
Processed 32/228 this run (32/228 total window): PIPELINE_SUCCESS in 56.326s processing; model 56.226s/8 calls; 56.370s including wait/save; 1673.205s since startup
Processed 33/228 this run (33/228 total window): PIPELINE_SUCCESS in 39.856s processing; model 39.758s/8 calls; 39.894s including wait/save; 1713.100s since startup
Processed 34/228 this run (34/228 total window): PIPELINE_SUCCESS in 80.869s processing; model 80.777s/10 calls; 80.907s including wait/save; 1794.007s since startup
Processed 35/228 this run (35/228 total window): PIPELINE_SUCCESS in 124.934s processing; model 124.639s/9 calls; 124.974s including wait/save; 1918.981s since startup
Processed 36/228 this run (36/228 total window): PIPELINE_SUCCESS in 101.232s processing; model 101.034s/8 calls; 101.272s including wait/save; 2020.253s since startup
Processed 37/228 this run (37/228 total window): PIPELINE_SUCCESS in 124.028s processing; model 123.202s/12 calls; 124.071s including wait/save; 2144.324s since startup
Processed 38/228 this run (38/228 total window): PIPELINE_SUCCESS in 73.955s processing; model 73.042s/10 calls; 74.001s including wait/save; 2218.325s since startup
Processed 39/228 this run (39/228 total window): PIPELINE_SUCCESS in 107.777s processing; model 107.579s/9 calls; 107.825s including wait/save; 2326.150s since startup
Processed 40/228 this run (40/228 total window): PIPELINE_SUCCESS in 168.152s processing; model 167.758s/12 calls; 168.202s including wait/save; 2494.351s since startup
Processed 41/228 this run (41/228 total window): PIPELINE_SUCCESS in 84.962s processing; model 84.855s/11 calls; 85.014s including wait/save; 2579.365s since startup
Processed 42/228 this run (42/228 total window): PIPELINE_SUCCESS in 13.04s processing; model 13.011s/5 calls; 13.097s including wait/save; 2592.463s since startup
Processed 43/228 this run (43/228 total window): PIPELINE_SUCCESS in 18.478s processing; model 18.448s/5 calls; 18.545s including wait/save; 2611.008s since startup
Processed 44/228 this run (44/228 total window): PIPELINE_SUCCESS in 33.983s processing; model 33.930s/5 calls; 34.052s including wait/save; 2645.060s since startup
Processed 45/228 this run (45/228 total window): PIPELINE_SUCCESS in 48.065s processing; model 48.039s/6 calls; 48.126s including wait/save; 2693.186s since startup
Processed 46/228 this run (46/228 total window): PIPELINE_SUCCESS in 159.446s processing; model 159.403s/7 calls; 159.511s including wait/save; 2852.697s since startup
Processed 47/228 this run (47/228 total window): PIPELINE_SUCCESS in 22.404s processing; model 22.376s/5 calls; 22.467s including wait/save; 2875.164s since startup
Processed 48/228 this run (48/228 total window): PIPELINE_SUCCESS in 24.065s processing; model 24.038s/5 calls; 24.130s including wait/save; 2899.295s since startup
Processed 49/228 this run (49/228 total window): PIPELINE_SUCCESS in 106.978s processing; model 106.940s/8 calls; 107.040s including wait/save; 3006.335s since startup
Processed 50/228 this run (50/228 total window): PIPELINE_SUCCESS in 132.387s processing; model 132.349s/5 calls; 132.450s including wait/save; 3138.784s since startup
Processed 51/228 this run (51/228 total window): PIPELINE_SUCCESS in 57.781s processing; model 57.730s/6 calls; 57.848s including wait/save; 3196.633s since startup
Processed 52/228 this run (52/228 total window): PIPELINE_SUCCESS in 44.159s processing; model 44.033s/7 calls; 44.217s including wait/save; 3240.850s since startup
Processed 53/228 this run (53/228 total window): PIPELINE_SUCCESS in 23.685s processing; model 23.627s/6 calls; 23.745s including wait/save; 3264.595s since startup
Processed 54/228 this run (54/228 total window): PIPELINE_SUCCESS in 78.934s processing; model 78.893s/8 calls; 78.993s including wait/save; 3343.588s since startup
Processed 55/228 this run (55/228 total window): PIPELINE_SUCCESS in 67.657s processing; model 67.606s/6 calls; 67.727s including wait/save; 3411.315s since startup
Processed 56/228 this run (56/228 total window): PIPELINE_SUCCESS in 57.494s processing; model 57.436s/6 calls; 57.558s including wait/save; 3468.873s since startup
Processed 57/228 this run (57/228 total window): PIPELINE_SUCCESS in 34.511s processing; model 34.467s/6 calls; 34.574s including wait/save; 3503.447s since startup
Processed 58/228 this run (58/228 total window): PIPELINE_SUCCESS in 48.562s processing; model 48.491s/6 calls; 48.622s including wait/save; 3552.070s since startup
Processed 59/228 this run (59/228 total window): PIPELINE_SUCCESS in 58.222s processing; model 58.172s/8 calls; 58.287s including wait/save; 3610.357s since startup
Processed 60/228 this run (60/228 total window): PIPELINE_SUCCESS in 57.173s processing; model 57.105s/8 calls; 57.244s including wait/save; 3667.601s since startup
Processed 61/228 this run (61/228 total window): PIPELINE_SUCCESS in 44.057s processing; model 43.997s/7 calls; 44.127s including wait/save; 3711.728s since startup
Processed 62/228 this run (62/228 total window): PIPELINE_SUCCESS in 49.719s processing; model 49.665s/7 calls; 49.787s including wait/save; 3761.515s since startup
Processed 63/228 this run (63/228 total window): PIPELINE_SUCCESS in 52.959s processing; model 52.901s/7 calls; 53.030s including wait/save; 3814.545s since startup
Processed 64/228 this run (64/228 total window): PIPELINE_SUCCESS in 63.922s processing; model 63.863s/8 calls; 63.987s including wait/save; 3878.532s since startup
Processed 65/228 this run (65/228 total window): PIPELINE_SUCCESS in 48.103s processing; model 48.057s/7 calls; 48.174s including wait/save; 3926.707s since startup
Processed 66/228 this run (66/228 total window): PIPELINE_SUCCESS in 35.528s processing; model 35.463s/7 calls; 35.594s including wait/save; 3962.301s since startup
Processed 67/228 this run (67/228 total window): PIPELINE_SUCCESS in 48.566s processing; model 48.511s/7 calls; 48.636s including wait/save; 4010.937s since startup
Processed 68/228 this run (68/228 total window): PIPELINE_SUCCESS in 70.708s processing; model 70.615s/8 calls; 70.778s including wait/save; 4081.715s since startup
Processed 69/228 this run (69/228 total window): PIPELINE_SUCCESS in 75.067s processing; model 74.996s/8 calls; 75.141s including wait/save; 4156.856s since startup
Processed 70/228 this run (70/228 total window): PIPELINE_SUCCESS in 69.475s processing; model 69.369s/8 calls; 69.547s including wait/save; 4226.403s since startup
Processed 71/228 this run (71/228 total window): PIPELINE_SUCCESS in 40.287s processing; model 40.188s/9 calls; 40.359s including wait/save; 4266.763s since startup
Processed 72/228 this run (72/228 total window): PIPELINE_SUCCESS in 51.705s processing; model 51.636s/8 calls; 51.782s including wait/save; 4318.545s since startup
Processed 73/228 this run (73/228 total window): PIPELINE_SUCCESS in 44.704s processing; model 44.673s/6 calls; 44.781s including wait/save; 4363.327s since startup
Processed 74/228 this run (74/228 total window): PIPELINE_SUCCESS in 61.627s processing; model 61.592s/6 calls; 61.707s including wait/save; 4425.034s since startup
Processed 75/228 this run (75/228 total window): PIPELINE_SUCCESS in 35.954s processing; model 35.927s/6 calls; 36.038s including wait/save; 4461.072s since startup
Processed 76/228 this run (76/228 total window): PIPELINE_SUCCESS in 36.204s processing; model 36.156s/7 calls; 36.283s including wait/save; 4497.355s since startup
Processed 77/228 this run (77/228 total window): PIPELINE_SUCCESS in 57.337s processing; model 57.295s/6 calls; 57.418s including wait/save; 4554.773s since startup
Processed 78/228 this run (78/228 total window): PIPELINE_SUCCESS in 37.961s processing; model 37.921s/6 calls; 38.044s including wait/save; 4592.817s since startup
Processed 79/228 this run (79/228 total window): PIPELINE_SUCCESS in 41.663s processing; model 41.611s/6 calls; 41.743s including wait/save; 4634.561s since startup
Processed 80/228 this run (80/228 total window): PIPELINE_SUCCESS in 48.846s processing; model 48.812s/6 calls; 48.927s including wait/save; 4683.487s since startup
Processed 81/228 this run (81/228 total window): PIPELINE_SUCCESS in 47.882s processing; model 47.847s/6 calls; 47.978s including wait/save; 4731.466s since startup
Processed 82/228 this run (82/228 total window): PIPELINE_SUCCESS in 35.641s processing; model 35.602s/6 calls; 35.726s including wait/save; 4767.192s since startup
Processed 83/228 this run (83/228 total window): PIPELINE_SUCCESS in 31.921s processing; model 31.887s/6 calls; 32.013s including wait/save; 4799.204s since startup
Processed 84/228 this run (84/228 total window): PIPELINE_SUCCESS in 138.011s processing; model 137.801s/7 calls; 138.100s including wait/save; 4937.305s since startup
Processed 85/228 this run (85/228 total window): PIPELINE_SUCCESS in 77.915s processing; model 77.786s/9 calls; 77.997s including wait/save; 5015.302s since startup
Processed 86/228 this run (86/228 total window): PIPELINE_SUCCESS in 83.263s processing; model 83.145s/7 calls; 83.346s including wait/save; 5098.648s since startup
Processed 87/228 this run (87/228 total window): PIPELINE_SUCCESS in 79.725s processing; model 79.446s/7 calls; 79.809s including wait/save; 5178.457s since startup
Processed 88/228 this run (88/228 total window): PIPELINE_SUCCESS in 90.715s processing; model 90.589s/9 calls; 90.811s including wait/save; 5269.269s since startup
Processed 89/228 this run (89/228 total window): PIPELINE_SUCCESS in 32.497s processing; model 32.348s/7 calls; 32.592s including wait/save; 5301.860s since startup
Processed 90/228 this run (90/228 total window): PIPELINE_SUCCESS in 43.007s processing; model 42.821s/7 calls; 43.094s including wait/save; 5344.955s since startup
Processed 91/228 this run (91/228 total window): PIPELINE_SUCCESS in 97.674s processing; model 97.501s/10 calls; 97.770s including wait/save; 5442.725s since startup
Processed 92/228 this run (92/228 total window): PIPELINE_SUCCESS in 65.369s processing; model 65.199s/9 calls; 65.457s including wait/save; 5508.182s since startup
Processed 93/228 this run (93/228 total window): PIPELINE_SUCCESS in 72.519s processing; model 72.334s/7 calls; 72.614s including wait/save; 5580.796s since startup
Processed 94/228 this run (94/228 total window): PIPELINE_SUCCESS in 113.768s processing; model 113.569s/9 calls; 113.869s including wait/save; 5694.665s since startup
Processed 95/228 this run (95/228 total window): PIPELINE_SUCCESS in 113.839s processing; model 113.473s/9 calls; 113.929s including wait/save; 5808.595s since startup
Processed 96/228 this run (96/228 total window): PIPELINE_SUCCESS in 81.102s processing; model 80.948s/8 calls; 81.193s including wait/save; 5889.787s since startup
Processed 97/228 this run (97/228 total window): PIPELINE_SUCCESS in 48.301s processing; model 48.211s/9 calls; 48.403s including wait/save; 5938.191s since startup
Processed 98/228 this run (98/228 total window): PIPELINE_SUCCESS in 44.127s processing; model 43.918s/9 calls; 44.221s including wait/save; 5982.412s since startup
Processed 99/228 this run (99/228 total window): PIPELINE_SUCCESS in 57.378s processing; model 57.276s/9 calls; 57.482s including wait/save; 6039.895s since startup
Processed 100/228 this run (100/228 total window): PIPELINE_SUCCESS in 62.315s processing; model 62.225s/8 calls; 62.413s including wait/save; 6102.307s since startup
Processed 101/228 this run (101/228 total window): PIPELINE_SUCCESS in 61.456s processing; model 61.368s/8 calls; 61.552s including wait/save; 6163.860s since startup
Processed 102/228 this run (102/228 total window): PIPELINE_SUCCESS in 71.979s processing; model 71.882s/8 calls; 72.076s including wait/save; 6235.936s since startup
Processed 103/228 this run (103/228 total window): PIPELINE_SUCCESS in 101.046s processing; model 100.949s/9 calls; 101.144s including wait/save; 6337.080s since startup
Processed 104/228 this run (104/228 total window): PIPELINE_SUCCESS in 71.404s processing; model 70.870s/9 calls; 71.503s including wait/save; 6408.582s since startup
Processed 105/228 this run (105/228 total window): PIPELINE_SUCCESS in 60.764s processing; model 60.453s/7 calls; 60.863s including wait/save; 6469.445s since startup
Processed 106/228 this run (106/228 total window): PIPELINE_SUCCESS in 53.218s processing; model 51.658s/6 calls; 53.319s including wait/save; 6522.764s since startup
Processed 107/228 this run (107/228 total window): PIPELINE_SUCCESS in 52.45s processing; model 52.370s/6 calls; 52.552s including wait/save; 6575.316s since startup
Processed 108/228 this run (108/228 total window): PIPELINE_SUCCESS in 32.898s processing; model 32.464s/6 calls; 33.003s including wait/save; 6608.320s since startup
Processed 109/228 this run (109/228 total window): PIPELINE_SUCCESS in 29.119s processing; model 29.075s/5 calls; 29.225s including wait/save; 6637.544s since startup
Processed 110/228 this run (110/228 total window): PIPELINE_SUCCESS in 123.17s processing; model 122.839s/5 calls; 123.274s including wait/save; 6760.818s since startup
Processed 111/228 this run (111/228 total window): PIPELINE_SUCCESS in 114.697s processing; model 114.216s/10 calls; 114.800s including wait/save; 6875.619s since startup
Processed 112/228 this run (112/228 total window): PIPELINE_SUCCESS in 37.607s processing; model 36.540s/7 calls; 37.712s including wait/save; 6913.331s since startup
Processed 113/228 this run (113/228 total window): PIPELINE_SUCCESS in 83.33s processing; model 82.351s/7 calls; 83.445s including wait/save; 6996.775s since startup
Processed 114/228 this run (114/228 total window): PIPELINE_SUCCESS in 126.354s processing; model 125.465s/9 calls; 126.460s including wait/save; 7123.236s since startup
Processed 115/228 this run (115/228 total window): PIPELINE_SUCCESS in 81.467s processing; model 81.296s/7 calls; 81.576s including wait/save; 7204.812s since startup
Processed 116/228 this run (116/228 total window): PIPELINE_SUCCESS in 122.592s processing; model 121.856s/8 calls; 122.713s including wait/save; 7327.526s since startup
Processed 117/228 this run (117/228 total window): PIPELINE_SUCCESS in 62.495s processing; model 61.791s/8 calls; 62.616s including wait/save; 7390.141s since startup
Processed 118/228 this run (118/228 total window): PIPELINE_SUCCESS in 127.742s processing; model 126.633s/7 calls; 127.854s including wait/save; 7517.995s since startup
Processed 119/228 this run (119/228 total window): PIPELINE_SUCCESS in 115.869s processing; model 114.435s/10 calls; 115.982s including wait/save; 7633.977s since startup
Processed 120/228 this run (120/228 total window): PIPELINE_SUCCESS in 73.211s processing; model 71.809s/8 calls; 73.328s including wait/save; 7707.306s since startup
Processed 121/228 this run (121/228 total window): PIPELINE_SUCCESS in 40.794s processing; model 39.395s/8 calls; 40.910s including wait/save; 7748.216s since startup
Processed 122/228 this run (122/228 total window): PIPELINE_SUCCESS in 61.642s processing; model 61.146s/8 calls; 61.765s including wait/save; 7809.981s since startup
Processed 123/228 this run (123/228 total window): PIPELINE_SUCCESS in 49.356s processing; model 48.065s/8 calls; 49.497s including wait/save; 7859.478s since startup
Processed 124/228 this run (124/228 total window): PIPELINE_SUCCESS in 109.64s processing; model 108.487s/9 calls; 109.762s including wait/save; 7969.240s since startup
Processed 125/228 this run (125/228 total window): PIPELINE_SUCCESS in 112.765s processing; model 111.595s/8 calls; 112.908s including wait/save; 8082.148s since startup
Processed 126/228 this run (126/228 total window): PIPELINE_SUCCESS in 89.274s processing; model 88.249s/9 calls; 89.398s including wait/save; 8171.547s since startup
Processed 127/228 this run (127/228 total window): FINAL_SPEC_ERROR in 119.584s processing; model 119.465s/11 calls; 119.717s including wait/save; 8291.264s since startup
Processed 128/228 this run (128/228 total window): PIPELINE_SUCCESS in 96.994s processing; model 95.299s/11 calls; 97.142s including wait/save; 8388.407s since startup
Processed 129/228 this run (129/228 total window): PIPELINE_SUCCESS in 91.226s processing; model 90.020s/11 calls; 91.359s including wait/save; 8479.765s since startup
Processed 130/228 this run (130/228 total window): PIPELINE_SUCCESS in 164.954s processing; model 163.758s/9 calls; 165.110s including wait/save; 8644.876s since startup
Processed 131/228 this run (131/228 total window): FINAL_SPEC_ERROR in 171.363s processing; model 171.145s/14 calls; 171.510s including wait/save; 8816.386s since startup
Processed 132/228 this run (132/228 total window): FINAL_SPEC_ERROR in 210.001s processing; model 209.746s/15 calls; 210.153s including wait/save; 9026.539s since startup
Processed 133/228 this run (133/228 total window): PIPELINE_SUCCESS in 126.693s processing; model 125.202s/10 calls; 126.848s including wait/save; 9153.386s since startup
Processed 134/228 this run (134/228 total window): PIPELINE_SUCCESS in 55.045s processing; model 53.776s/9 calls; 55.218s including wait/save; 9208.604s since startup
Processed 135/228 this run (135/228 total window): FINAL_SPEC_ERROR in 229.053s processing; model 228.925s/11 calls; 229.232s including wait/save; 9437.837s since startup
Processed 136/228 this run (136/228 total window): PIPELINE_SUCCESS in 44.707s processing; model 44.685s/5 calls; 44.884s including wait/save; 9482.721s since startup
Processed 137/228 this run (137/228 total window): PIPELINE_SUCCESS in 18.464s processing; model 18.418s/6 calls; 18.616s including wait/save; 9501.337s since startup
Processed 138/228 this run (138/228 total window): PIPELINE_SUCCESS in 35.34s processing; model 35.322s/5 calls; 35.491s including wait/save; 9536.829s since startup
Processed 139/228 this run (139/228 total window): PIPELINE_SUCCESS in 20.822s processing; model 20.801s/5 calls; 21.004s including wait/save; 9557.833s since startup
Processed 140/228 this run (140/228 total window): PIPELINE_SUCCESS in 35.514s processing; model 35.479s/7 calls; 35.673s including wait/save; 9593.506s since startup
Processed 141/228 this run (141/228 total window): PIPELINE_SUCCESS in 33.113s processing; model 33.085s/6 calls; 33.280s including wait/save; 9626.786s since startup
Processed 142/228 this run (142/228 total window): PIPELINE_SUCCESS in 17.454s processing; model 17.424s/5 calls; 17.634s including wait/save; 9644.421s since startup
Processed 143/228 this run (143/228 total window): PIPELINE_SUCCESS in 23.088s processing; model 22.935s/5 calls; 23.245s including wait/save; 9667.666s since startup
Processed 144/228 this run (144/228 total window): PIPELINE_SUCCESS in 43.236s processing; model 43.214s/5 calls; 43.404s including wait/save; 9711.070s since startup
Processed 145/228 this run (145/228 total window): PIPELINE_SUCCESS in 43.966s processing; model 43.916s/7 calls; 44.137s including wait/save; 9755.207s since startup
Processed 146/228 this run (146/228 total window): PIPELINE_SUCCESS in 31.28s processing; model 31.218s/7 calls; 31.447s including wait/save; 9786.654s since startup
Processed 147/228 this run (147/228 total window): PIPELINE_SUCCESS in 19.891s processing; model 19.854s/5 calls; 20.064s including wait/save; 9806.718s since startup
Processed 148/228 this run (148/228 total window): PIPELINE_SUCCESS in 46.432s processing; model 46.401s/6 calls; 46.595s including wait/save; 9853.313s since startup
Processed 149/228 this run (149/228 total window): PIPELINE_SUCCESS in 44.79s processing; model 44.737s/5 calls; 44.961s including wait/save; 9898.274s since startup
Processed 150/228 this run (150/228 total window): PIPELINE_SUCCESS in 25.287s processing; model 25.255s/5 calls; 25.466s including wait/save; 9923.740s since startup
Processed 151/228 this run (151/228 total window): PIPELINE_SUCCESS in 25.614s processing; model 25.573s/5 calls; 25.783s including wait/save; 9949.523s since startup
Processed 152/228 this run (152/228 total window): PIPELINE_SUCCESS in 30.396s processing; model 30.354s/6 calls; 30.559s including wait/save; 9980.082s since startup
Processed 153/228 this run (153/228 total window): PIPELINE_SUCCESS in 47.381s processing; model 47.255s/7 calls; 47.550s including wait/save; 10027.632s since startup
Processed 154/228 this run (154/228 total window): PIPELINE_SUCCESS in 35.573s processing; model 35.490s/6 calls; 35.743s including wait/save; 10063.375s since startup
Processed 155/228 this run (155/228 total window): PIPELINE_SUCCESS in 39.745s processing; model 39.677s/6 calls; 39.917s including wait/save; 10103.293s since startup
Processed 156/228 this run (156/228 total window): PIPELINE_SUCCESS in 124.876s processing; model 124.786s/7 calls; 125.047s including wait/save; 10228.340s since startup
Processed 157/228 this run (157/228 total window): PIPELINE_SUCCESS in 57.703s processing; model 57.614s/6 calls; 57.873s including wait/save; 10286.214s since startup
Processed 158/228 this run (158/228 total window): PIPELINE_SUCCESS in 30.843s processing; model 30.726s/7 calls; 31.016s including wait/save; 10317.230s since startup
Processed 159/228 this run (159/228 total window): PIPELINE_SUCCESS in 44.749s processing; model 44.638s/7 calls; 44.940s including wait/save; 10362.170s since startup
Processed 160/228 this run (160/228 total window): PIPELINE_SUCCESS in 65.786s processing; model 65.704s/8 calls; 65.972s including wait/save; 10428.142s since startup
Processed 161/228 this run (161/228 total window): PIPELINE_SUCCESS in 25.048s processing; model 24.960s/6 calls; 25.212s including wait/save; 10453.355s since startup
Processed 162/228 this run (162/228 total window): PIPELINE_SUCCESS in 26.69s processing; model 26.619s/6 calls; 26.866s including wait/save; 10480.221s since startup
Processed 163/228 this run (163/228 total window): PIPELINE_SUCCESS in 32.74s processing; model 32.662s/6 calls; 32.915s including wait/save; 10513.136s since startup
Processed 164/228 this run (164/228 total window): PIPELINE_SUCCESS in 41.3s processing; model 41.159s/7 calls; 41.485s including wait/save; 10554.621s since startup
Processed 165/228 this run (165/228 total window): PIPELINE_SUCCESS in 80.851s processing; model 80.709s/6 calls; 81.042s including wait/save; 10635.663s since startup
Processed 166/228 this run (166/228 total window): PIPELINE_SUCCESS in 190.012s processing; model 189.899s/9 calls; 190.191s including wait/save; 10825.854s since startup
Processed 167/228 this run (167/228 total window): PIPELINE_SUCCESS in 43.651s processing; model 43.577s/5 calls; 43.830s including wait/save; 10869.684s since startup
Processed 168/228 this run (168/228 total window): PIPELINE_SUCCESS in 21.23s processing; model 21.169s/5 calls; 21.417s including wait/save; 10891.102s since startup
Processed 169/228 this run (169/228 total window): PIPELINE_SUCCESS in 22.95s processing; model 22.913s/5 calls; 23.144s including wait/save; 10914.245s since startup
Processed 170/228 this run (170/228 total window): PIPELINE_SUCCESS in 22.827s processing; model 22.743s/5 calls; 23.041s including wait/save; 10937.287s since startup
Processed 171/228 this run (171/228 total window): PIPELINE_SUCCESS in 114.794s processing; model 114.673s/5 calls; 114.974s including wait/save; 11052.261s since startup
Processed 172/228 this run (172/228 total window): PIPELINE_SUCCESS in 26.011s processing; model 25.987s/6 calls; 26.195s including wait/save; 11078.456s since startup
Processed 173/228 this run (173/228 total window): PIPELINE_SUCCESS in 39.609s processing; model 39.554s/7 calls; 39.789s including wait/save; 11118.245s since startup
Processed 174/228 this run (174/228 total window): PIPELINE_SUCCESS in 22.495s processing; model 22.453s/5 calls; 22.679s including wait/save; 11140.924s since startup
Processed 175/228 this run (175/228 total window): PIPELINE_SUCCESS in 21.889s processing; model 21.863s/5 calls; 22.076s including wait/save; 11163.001s since startup
Processed 176/228 this run (176/228 total window): PIPELINE_SUCCESS in 45.752s processing; model 45.696s/5 calls; 45.934s including wait/save; 11208.934s since startup
Processed 177/228 this run (177/228 total window): PIPELINE_SUCCESS in 22.346s processing; model 22.326s/5 calls; 22.533s including wait/save; 11231.467s since startup
Processed 178/228 this run (178/228 total window): PIPELINE_SUCCESS in 47.739s processing; model 47.710s/5 calls; 47.927s including wait/save; 11279.394s since startup
Processed 179/228 this run (179/228 total window): PIPELINE_SUCCESS in 39.147s processing; model 39.096s/5 calls; 39.329s including wait/save; 11318.723s since startup
Processed 180/228 this run (180/228 total window): PIPELINE_SUCCESS in 52.127s processing; model 51.772s/6 calls; 52.313s including wait/save; 11371.037s since startup
Processed 181/228 this run (181/228 total window): PIPELINE_SUCCESS in 30.249s processing; model 30.193s/6 calls; 30.440s including wait/save; 11401.476s since startup
Processed 182/228 this run (182/228 total window): PIPELINE_SUCCESS in 42.523s processing; model 42.467s/6 calls; 42.706s including wait/save; 11444.183s since startup
Processed 183/228 this run (183/228 total window): PIPELINE_SUCCESS in 27.043s processing; model 26.989s/6 calls; 27.230s including wait/save; 11471.413s since startup
Processed 184/228 this run (184/228 total window): PIPELINE_SUCCESS in 56.352s processing; model 56.291s/8 calls; 56.535s including wait/save; 11527.949s since startup
Processed 185/228 this run (185/228 total window): PIPELINE_SUCCESS in 45.574s processing; model 45.215s/6 calls; 45.759s including wait/save; 11573.708s since startup
Processed 186/228 this run (186/228 total window): PIPELINE_SUCCESS in 41.293s processing; model 40.916s/6 calls; 41.468s including wait/save; 11615.176s since startup
Processed 187/228 this run (187/228 total window): PIPELINE_SUCCESS in 61.597s processing; model 61.416s/8 calls; 61.784s including wait/save; 11676.960s since startup
Processed 188/228 this run (188/228 total window): PIPELINE_SUCCESS in 94.052s processing; model 93.654s/8 calls; 94.240s including wait/save; 11771.200s since startup
Processed 189/228 this run (189/228 total window): PIPELINE_SUCCESS in 50.299s processing; model 49.903s/7 calls; 50.487s including wait/save; 11821.687s since startup
Processed 190/228 this run (190/228 total window): PIPELINE_SUCCESS in 88.764s processing; model 88.655s/9 calls; 88.956s including wait/save; 11910.643s since startup
Processed 191/228 this run (191/228 total window): PIPELINE_SUCCESS in 63.81s processing; model 63.397s/9 calls; 63.997s including wait/save; 11974.641s since startup
Processed 192/228 this run (192/228 total window): PIPELINE_SUCCESS in 48.524s processing; model 48.467s/7 calls; 48.728s including wait/save; 12023.369s since startup
Processed 193/228 this run (193/228 total window): PIPELINE_SUCCESS in 86.399s processing; model 86.279s/9 calls; 86.603s including wait/save; 12109.972s since startup
Processed 194/228 this run (194/228 total window): PIPELINE_SUCCESS in 142.35s processing; model 141.172s/12 calls; 142.533s including wait/save; 12252.505s since startup
Processed 195/228 this run (195/228 total window): PIPELINE_SUCCESS in 68.34s processing; model 67.597s/7 calls; 68.556s including wait/save; 12321.061s since startup
Processed 196/228 this run (196/228 total window): PIPELINE_SUCCESS in 139.726s processing; model 138.799s/9 calls; 139.939s including wait/save; 12461.000s since startup
Processed 197/228 this run (197/228 total window): PIPELINE_SUCCESS in 100.686s processing; model 99.924s/8 calls; 100.894s including wait/save; 12561.894s since startup
Processed 198/228 this run (198/228 total window): PIPELINE_SUCCESS in 24.982s processing; model 24.897s/6 calls; 25.189s including wait/save; 12587.083s since startup
Processed 199/228 this run (199/228 total window): PIPELINE_SUCCESS in 43.123s processing; model 43.044s/7 calls; 43.310s including wait/save; 12630.393s since startup
Processed 200/228 this run (200/228 total window): PIPELINE_SUCCESS in 42.612s processing; model 42.564s/5 calls; 42.822s including wait/save; 12673.216s since startup
Processed 201/228 this run (201/228 total window): PIPELINE_SUCCESS in 35.869s processing; model 35.812s/7 calls; 36.063s including wait/save; 12709.279s since startup
Processed 202/228 this run (202/228 total window): PIPELINE_SUCCESS in 164.026s processing; model 163.964s/6 calls; 164.223s including wait/save; 12873.502s since startup
Processed 203/228 this run (203/228 total window): PIPELINE_SUCCESS in 47.449s processing; model 47.332s/7 calls; 47.659s including wait/save; 12921.161s since startup
Processed 204/228 this run (204/228 total window): PIPELINE_SUCCESS in 25.599s processing; model 25.562s/5 calls; 25.801s including wait/save; 12946.963s since startup
Processed 205/228 this run (205/228 total window): PIPELINE_SUCCESS in 17.159s processing; model 17.124s/5 calls; 17.368s including wait/save; 12964.331s since startup
Processed 206/228 this run (206/228 total window): PIPELINE_SUCCESS in 45.296s processing; model 45.189s/6 calls; 45.495s including wait/save; 13009.826s since startup
Processed 207/228 this run (207/228 total window): PIPELINE_SUCCESS in 33.468s processing; model 33.425s/6 calls; 33.666s including wait/save; 13043.492s since startup
Processed 208/228 this run (208/228 total window): PIPELINE_SUCCESS in 21.31s processing; model 21.081s/5 calls; 21.510s including wait/save; 13065.002s since startup
Processed 209/228 this run (209/228 total window): PIPELINE_SUCCESS in 32.18s processing; model 32.075s/6 calls; 32.384s including wait/save; 13097.386s since startup
Processed 210/228 this run (210/228 total window): PIPELINE_SUCCESS in 32.212s processing; model 32.180s/5 calls; 32.415s including wait/save; 13129.801s since startup
Processed 211/228 this run (211/228 total window): PIPELINE_SUCCESS in 36.355s processing; model 36.316s/5 calls; 36.577s including wait/save; 13166.378s since startup
Processed 212/228 this run (212/228 total window): PIPELINE_SUCCESS in 45.508s processing; model 45.482s/5 calls; 45.725s including wait/save; 13212.103s since startup
Processed 213/228 this run (213/228 total window): PIPELINE_SUCCESS in 22.244s processing; model 22.210s/5 calls; 22.452s including wait/save; 13234.555s since startup
Processed 214/228 this run (214/228 total window): PIPELINE_SUCCESS in 52.541s processing; model 52.511s/5 calls; 52.746s including wait/save; 13287.301s since startup
Processed 215/228 this run (215/228 total window): PIPELINE_SUCCESS in 38.606s processing; model 38.571s/7 calls; 38.814s including wait/save; 13326.116s since startup
Processed 216/228 this run (216/228 total window): PIPELINE_SUCCESS in 54.982s processing; model 54.735s/6 calls; 55.183s including wait/save; 13381.298s since startup
Processed 217/228 this run (217/228 total window): PIPELINE_SUCCESS in 48.56s processing; model 48.316s/7 calls; 48.752s including wait/save; 13430.051s since startup
Processed 218/228 this run (218/228 total window): PIPELINE_SUCCESS in 46.484s processing; model 46.238s/6 calls; 46.688s including wait/save; 13476.739s since startup
Processed 219/228 this run (219/228 total window): PIPELINE_SUCCESS in 58.406s processing; model 58.214s/7 calls; 58.612s including wait/save; 13535.351s since startup
Processed 220/228 this run (220/228 total window): PIPELINE_SUCCESS in 32.995s processing; model 32.809s/6 calls; 33.202s including wait/save; 13568.553s since startup
Processed 221/228 this run (221/228 total window): PIPELINE_SUCCESS in 38.276s processing; model 38.090s/6 calls; 38.491s including wait/save; 13607.044s since startup
Processed 222/228 this run (222/228 total window): FINAL_SPEC_ERROR in 73.787s processing; model 73.726s/9 calls; 74.014s including wait/save; 13681.058s since startup
Processed 223/228 this run (223/228 total window): PIPELINE_SUCCESS in 82.926s processing; model 82.667s/8 calls; 83.143s including wait/save; 13764.201s since startup
Processed 224/228 this run (224/228 total window): PIPELINE_SUCCESS in 47.453s processing; model 47.349s/8 calls; 47.675s including wait/save; 13811.876s since startup
Processed 225/228 this run (225/228 total window): PIPELINE_SUCCESS in 63.566s processing; model 63.477s/7 calls; 63.773s including wait/save; 13875.649s since startup
Processed 226/228 this run (226/228 total window): PIPELINE_SUCCESS in 68.787s processing; model 68.372s/7 calls; 69.009s including wait/save; 13944.658s since startup
Processed 227/228 this run (227/228 total window): PIPELINE_SUCCESS in 46.477s processing; model 46.259s/7 calls; 46.677s including wait/save; 13991.335s since startup
Processed 228/228 this run (228/228 total window): PIPELINE_SUCCESS in 86.015s processing; model 85.586s/8 calls; 86.230s including wait/save; 14077.565s since startup
[COMPLETE] Pipeline finished. Details: /home/kritik/Desktop/neosapiens/finance/script_diff_llm2/ablations/improvement10_models/source/improvement10/.runtime/logs/pipeline_20261006_134111_134262.log
[TIME] Startup-to-finish: 14077.94s; model requests: 13995.72s (1624 calls). Slowest model stages: Query_Understanding=5760.08s, Decompose=2873.11s, Query_Spec=2849.13s, Final_Spec=2164.27s
[TIMING] /home/kritik/Desktop/neosapiens/finance/script_diff_llm2/ablations/improvement10_models/source/improvement10/.runtime/logs/timing_20261006_134109_134262.json
