[INPUT] SQLITE_DB_PATH: /home/kritik/Desktop/neosapiens/finance/script_diff_llm2/ablations/improvement10_models/source/improvement10/wealth_management_diverse.db
[INPUT] TABLE_METADATA_DIR: /home/kritik/Desktop/neosapiens/finance/script_diff_llm2/ablations/improvement10_models/source/improvement10/table_medatada
[INPUT] DOMAIN_INTRO_FILE: /home/kritik/Desktop/neosapiens/finance/script_diff_llm2/ablations/improvement10_models/source/improvement10/domain_intro_latest.prompt
[INPUT] BUSINESS_RULES_FILE: /home/kritik/Desktop/neosapiens/finance/script_diff_llm2/ablations/improvement10_models/source/improvement10/business_rules_addendum.md
[RUNNING] Report: /home/kritik/Desktop/neosapiens/finance/script_diff_llm2/ablations/improvement10_models/runs/gemma_3_27b_it/run_01/parallel_workers4/worker_04/raw_pipeline.csv
[LOG] /home/kritik/Desktop/neosapiens/finance/script_diff_llm2/ablations/improvement10_models/source/improvement10/.runtime/logs/pipeline_20261006_134112_134272.log
[CACHE] Knowledge hit in 0.009s
[TIME] Startup ready: 2.792s; query delay: 0s
Processed 1/234 this run (1/234 total window): PIPELINE_SUCCESS in 64.051s processing; model 63.980s/7 calls; 64.056s including wait/save; 66.848s since startup
Processed 2/234 this run (2/234 total window): PIPELINE_SUCCESS in 62.059s processing; model 61.995s/7 calls; 62.063s including wait/save; 128.911s since startup
Processed 3/234 this run (3/234 total window): PIPELINE_SUCCESS in 62.981s processing; model 62.906s/7 calls; 62.986s including wait/save; 191.897s since startup
Processed 4/234 this run (4/234 total window): PIPELINE_SUCCESS in 65.025s processing; model 64.950s/7 calls; 65.031s including wait/save; 256.928s since startup
Processed 5/234 this run (5/234 total window): FINAL_SPEC_ERROR in 135.894s processing; model 135.812s/15 calls; 135.910s including wait/save; 392.838s since startup
Processed 6/234 this run (6/234 total window): PIPELINE_SUCCESS in 54.323s processing; model 54.275s/7 calls; 54.333s including wait/save; 447.171s since startup
Processed 7/234 this run (7/234 total window): PIPELINE_SUCCESS in 82.393s processing; model 82.327s/8 calls; 82.400s including wait/save; 529.571s since startup
Processed 8/234 this run (8/234 total window): PIPELINE_SUCCESS in 86.139s processing; model 86.035s/8 calls; 86.148s including wait/save; 615.720s since startup
Processed 9/234 this run (9/234 total window): PIPELINE_SUCCESS in 83.374s processing; model 83.280s/8 calls; 83.384s including wait/save; 699.104s since startup
Processed 10/234 this run (10/234 total window): PIPELINE_SUCCESS in 87.395s processing; model 87.293s/8 calls; 87.407s including wait/save; 786.511s since startup
Processed 11/234 this run (11/234 total window): PIPELINE_SUCCESS in 177.797s processing; model 177.694s/8 calls; 177.820s including wait/save; 964.331s since startup
Processed 12/234 this run (12/234 total window): PIPELINE_SUCCESS in 77.159s processing; model 77.042s/8 calls; 77.172s including wait/save; 1041.503s since startup
Processed 13/234 this run (13/234 total window): FINAL_SPEC_ERROR in 190.826s processing; model 190.729s/14 calls; 190.844s including wait/save; 1232.347s since startup
Processed 14/234 this run (14/234 total window): PIPELINE_SUCCESS in 89.319s processing; model 89.184s/9 calls; 89.334s including wait/save; 1321.681s since startup
Processed 15/234 this run (15/234 total window): PIPELINE_SUCCESS in 105.437s processing; model 105.334s/10 calls; 105.453s including wait/save; 1427.134s since startup
Processed 16/234 this run (16/234 total window): FINAL_SPEC_ERROR in 48.481s processing; model 48.445s/8 calls; 48.500s including wait/save; 1475.634s since startup
Processed 17/234 this run (17/234 total window): FINAL_SPEC_ERROR in 54.809s processing; model 54.753s/9 calls; 54.835s including wait/save; 1530.469s since startup
Processed 18/234 this run (18/234 total window): PIPELINE_SUCCESS in 47.148s processing; model 47.111s/6 calls; 47.170s including wait/save; 1577.639s since startup
Processed 19/234 this run (19/234 total window): PIPELINE_SUCCESS in 28.669s processing; model 28.595s/5 calls; 28.691s including wait/save; 1606.330s since startup
Processed 20/234 this run (20/234 total window): PIPELINE_SUCCESS in 33.037s processing; model 33.001s/5 calls; 33.069s including wait/save; 1639.399s since startup
Processed 21/234 this run (21/234 total window): PIPELINE_SUCCESS in 45.12s processing; model 45.082s/6 calls; 45.142s including wait/save; 1684.541s since startup
Processed 22/234 this run (22/234 total window): PIPELINE_SUCCESS in 75.036s processing; model 74.965s/11 calls; 75.063s including wait/save; 1759.604s since startup
Processed 23/234 this run (23/234 total window): PIPELINE_SUCCESS in 52.078s processing; model 52.029s/6 calls; 52.103s including wait/save; 1811.707s since startup
Processed 24/234 this run (24/234 total window): PIPELINE_SUCCESS in 36.672s processing; model 36.633s/6 calls; 36.700s including wait/save; 1848.407s since startup
Processed 25/234 this run (25/234 total window): PIPELINE_SUCCESS in 70.331s processing; model 70.268s/11 calls; 70.356s including wait/save; 1918.763s since startup
Processed 26/234 this run (26/234 total window): PIPELINE_SUCCESS in 70.522s processing; model 70.453s/11 calls; 70.552s including wait/save; 1989.315s since startup
Processed 27/234 this run (27/234 total window): PIPELINE_SUCCESS in 44.625s processing; model 44.585s/6 calls; 44.654s including wait/save; 2033.969s since startup
Processed 28/234 this run (28/234 total window): PIPELINE_SUCCESS in 78.817s processing; model 78.755s/11 calls; 78.848s including wait/save; 2112.817s since startup
Processed 29/234 this run (29/234 total window): FINAL_SPEC_ERROR in 108.892s processing; model 108.754s/10 calls; 108.920s including wait/save; 2221.737s since startup
Processed 30/234 this run (30/234 total window): PIPELINE_SUCCESS in 70.485s processing; model 70.404s/7 calls; 70.513s including wait/save; 2292.250s since startup
Processed 31/234 this run (31/234 total window): PIPELINE_SUCCESS in 71.555s processing; model 71.470s/7 calls; 71.582s including wait/save; 2363.833s since startup
Processed 32/234 this run (32/234 total window): PIPELINE_SUCCESS in 74.008s processing; model 73.938s/7 calls; 74.039s including wait/save; 2437.871s since startup
Processed 33/234 this run (33/234 total window): PIPELINE_SUCCESS in 51.974s processing; model 51.927s/7 calls; 52.006s including wait/save; 2489.877s since startup
Processed 34/234 this run (34/234 total window): QUERY_SPEC_ERROR in 116.499s processing; model 116.423s/17 calls; 116.536s including wait/save; 2606.413s since startup
Processed 35/234 this run (35/234 total window): FINAL_SPEC_ERROR in 83.049s processing; model 82.991s/10 calls; 83.092s including wait/save; 2689.506s since startup
Processed 36/234 this run (36/234 total window): QUERY_SPEC_ERROR in 258.195s processing; model 258.104s/17 calls; 258.234s including wait/save; 2947.740s since startup
Processed 37/234 this run (37/234 total window): FINAL_SPEC_ERROR in 285.143s processing; model 284.948s/17 calls; 285.177s including wait/save; 3232.917s since startup
Processed 38/234 this run (38/234 total window): PIPELINE_SUCCESS in 75.975s processing; model 75.897s/9 calls; 76.009s including wait/save; 3308.927s since startup
Processed 39/234 this run (39/234 total window): PIPELINE_SUCCESS in 54.311s processing; model 54.134s/8 calls; 54.346s including wait/save; 3363.272s since startup
Processed 40/234 this run (40/234 total window): PIPELINE_SUCCESS in 54.345s processing; model 54.240s/8 calls; 54.382s including wait/save; 3417.654s since startup
Processed 41/234 this run (41/234 total window): QUERY_SPEC_ERROR in 172.804s processing; model 172.699s/20 calls; 172.848s including wait/save; 3590.503s since startup
Processed 42/234 this run (42/234 total window): PIPELINE_SUCCESS in 79.601s processing; model 79.357s/8 calls; 79.640s including wait/save; 3670.142s since startup
Processed 43/234 this run (43/234 total window): FINAL_SPEC_ERROR in 164.26s processing; model 164.089s/12 calls; 164.305s including wait/save; 3834.448s since startup
Processed 44/234 this run (44/234 total window): PIPELINE_SUCCESS in 109.773s processing; model 109.665s/9 calls; 109.813s including wait/save; 3944.261s since startup
Processed 45/234 this run (45/234 total window): PIPELINE_SUCCESS in 115.238s processing; model 115.099s/9 calls; 115.281s including wait/save; 4059.542s since startup
Processed 46/234 this run (46/234 total window): QUERY_SPEC_ERROR in 229.571s processing; model 229.468s/20 calls; 229.619s including wait/save; 4289.161s since startup
Processed 47/234 this run (47/234 total window): PIPELINE_SUCCESS in 134.124s processing; model 133.799s/16 calls; 134.168s including wait/save; 4423.330s since startup
Processed 48/234 this run (48/234 total window): FINAL_SPEC_ERROR in 33.374s processing; model 33.339s/8 calls; 33.427s including wait/save; 4456.757s since startup
Processed 49/234 this run (49/234 total window): FINAL_SPEC_ERROR in 58.445s processing; model 58.406s/8 calls; 58.495s including wait/save; 4515.252s since startup
Processed 50/234 this run (50/234 total window): FINAL_SPEC_ERROR in 32.042s processing; model 32.009s/8 calls; 32.100s including wait/save; 4547.352s since startup
Processed 51/234 this run (51/234 total window): FINAL_SPEC_ERROR in 42.638s processing; model 42.598s/8 calls; 42.693s including wait/save; 4590.045s since startup
Processed 52/234 this run (52/234 total window): FINAL_SPEC_ERROR in 37.184s processing; model 37.147s/8 calls; 37.239s including wait/save; 4627.284s since startup
Processed 53/234 this run (53/234 total window): FINAL_SPEC_ERROR in 34.508s processing; model 34.473s/8 calls; 34.561s including wait/save; 4661.845s since startup
Processed 54/234 this run (54/234 total window): PIPELINE_SUCCESS in 40.657s processing; model 40.609s/5 calls; 40.722s including wait/save; 4702.568s since startup
Processed 55/234 this run (55/234 total window): FINAL_SPEC_ERROR in 32.895s processing; model 32.850s/8 calls; 32.950s including wait/save; 4735.518s since startup
Processed 56/234 this run (56/234 total window): PIPELINE_SUCCESS in 34.132s processing; model 34.080s/7 calls; 34.178s including wait/save; 4769.696s since startup
Processed 57/234 this run (57/234 total window): PIPELINE_SUCCESS in 41.927s processing; model 41.874s/7 calls; 41.987s including wait/save; 4811.683s since startup
Processed 58/234 this run (58/234 total window): PIPELINE_SUCCESS in 154.197s processing; model 154.144s/9 calls; 154.250s including wait/save; 4965.933s since startup
Processed 59/234 this run (59/234 total window): PIPELINE_SUCCESS in 56.662s processing; model 56.598s/11 calls; 56.715s including wait/save; 5022.649s since startup
Processed 60/234 this run (60/234 total window): PIPELINE_SUCCESS in 41.628s processing; model 41.584s/7 calls; 41.682s including wait/save; 5064.331s since startup
Processed 61/234 this run (61/234 total window): PIPELINE_SUCCESS in 64.77s processing; model 64.663s/9 calls; 64.820s including wait/save; 5129.151s since startup
Processed 62/234 this run (62/234 total window): PIPELINE_SUCCESS in 41.627s processing; model 41.572s/7 calls; 41.675s including wait/save; 5170.826s since startup
Processed 63/234 this run (63/234 total window): PIPELINE_SUCCESS in 42.618s processing; model 42.575s/6 calls; 42.673s including wait/save; 5213.500s since startup
Processed 64/234 this run (64/234 total window): PIPELINE_SUCCESS in 57.354s processing; model 57.308s/7 calls; 57.410s including wait/save; 5270.910s since startup
Processed 65/234 this run (65/234 total window): PIPELINE_SUCCESS in 36.673s processing; model 36.616s/7 calls; 36.742s including wait/save; 5307.651s since startup
Processed 66/234 this run (66/234 total window): PIPELINE_SUCCESS in 51.153s processing; model 51.047s/7 calls; 51.205s including wait/save; 5358.857s since startup
Processed 67/234 this run (67/234 total window): FINAL_SPEC_ERROR in 112.697s processing; model 112.538s/10 calls; 112.748s including wait/save; 5471.605s since startup
Processed 68/234 this run (68/234 total window): FINAL_SPEC_ERROR in 80.032s processing; model 79.965s/10 calls; 80.094s including wait/save; 5551.699s since startup
Processed 69/234 this run (69/234 total window): PIPELINE_SUCCESS in 66.773s processing; model 66.714s/7 calls; 66.847s including wait/save; 5618.546s since startup
Processed 70/234 this run (70/234 total window): PIPELINE_SUCCESS in 53.155s processing; model 53.099s/7 calls; 53.213s including wait/save; 5671.760s since startup
Processed 71/234 this run (71/234 total window): PIPELINE_SUCCESS in 66.301s processing; model 66.224s/8 calls; 66.355s including wait/save; 5738.115s since startup
Processed 72/234 this run (72/234 total window): PIPELINE_SUCCESS in 58.21s processing; model 58.153s/7 calls; 58.267s including wait/save; 5796.382s since startup
Processed 73/234 this run (73/234 total window): PIPELINE_SUCCESS in 55.756s processing; model 55.702s/7 calls; 55.814s including wait/save; 5852.196s since startup
Processed 74/234 this run (74/234 total window): PIPELINE_SUCCESS in 70.828s processing; model 70.760s/8 calls; 70.891s including wait/save; 5923.087s since startup
Processed 75/234 this run (75/234 total window): FINAL_SPEC_ERROR in 128.276s processing; model 128.173s/11 calls; 128.340s including wait/save; 6051.427s since startup
Processed 76/234 this run (76/234 total window): FINAL_SPEC_ERROR in 160.386s processing; model 160.190s/11 calls; 160.445s including wait/save; 6211.873s since startup
Processed 77/234 this run (77/234 total window): PIPELINE_SUCCESS in 75.758s processing; model 75.672s/8 calls; 75.819s including wait/save; 6287.692s since startup
Processed 78/234 this run (78/234 total window): PIPELINE_SUCCESS in 95.776s processing; model 95.656s/8 calls; 95.854s including wait/save; 6383.546s since startup
Processed 79/234 this run (79/234 total window): PIPELINE_SUCCESS in 37.689s processing; model 37.466s/7 calls; 37.753s including wait/save; 6421.299s since startup
Processed 80/234 this run (80/234 total window): PIPELINE_SUCCESS in 63.866s processing; model 63.739s/7 calls; 63.942s including wait/save; 6485.241s since startup
Processed 81/234 this run (81/234 total window): PIPELINE_SUCCESS in 43.742s processing; model 43.629s/7 calls; 43.805s including wait/save; 6529.046s since startup
Processed 82/234 this run (82/234 total window): PIPELINE_SUCCESS in 42.186s processing; model 41.990s/7 calls; 42.261s including wait/save; 6571.308s since startup
Processed 83/234 this run (83/234 total window): PIPELINE_SUCCESS in 45.626s processing; model 45.537s/7 calls; 45.690s including wait/save; 6616.998s since startup
Processed 84/234 this run (84/234 total window): PIPELINE_SUCCESS in 141.066s processing; model 140.950s/7 calls; 141.129s including wait/save; 6758.128s since startup
Processed 85/234 this run (85/234 total window): FINAL_SPEC_ERROR in 49.205s processing; model 49.150s/9 calls; 49.275s including wait/save; 6807.402s since startup
Processed 86/234 this run (86/234 total window): FINAL_SPEC_ERROR in 49.642s processing; model 49.519s/9 calls; 49.708s including wait/save; 6857.110s since startup
Processed 87/234 this run (87/234 total window): PIPELINE_SUCCESS in 37.049s processing; model 36.932s/7 calls; 37.124s including wait/save; 6894.234s since startup
Processed 88/234 this run (88/234 total window): FINAL_SPEC_ERROR in 40.957s processing; model 40.818s/9 calls; 41.054s including wait/save; 6935.289s since startup
Processed 89/234 this run (89/234 total window): PIPELINE_SUCCESS in 30.403s processing; model 30.276s/5 calls; 30.469s including wait/save; 6965.758s since startup
Processed 90/234 this run (90/234 total window): PIPELINE_SUCCESS in 54.541s processing; model 54.469s/7 calls; 54.608s including wait/save; 7020.366s since startup
Processed 91/234 this run (91/234 total window): PIPELINE_SUCCESS in 65.322s processing; model 65.248s/7 calls; 65.391s including wait/save; 7085.757s since startup
Processed 92/234 this run (92/234 total window): PIPELINE_SUCCESS in 53.314s processing; model 53.265s/7 calls; 53.398s including wait/save; 7139.155s since startup
Processed 93/234 this run (93/234 total window): FINAL_SPEC_ERROR in 93.337s processing; model 93.279s/10 calls; 93.409s including wait/save; 7232.564s since startup
Processed 94/234 this run (94/234 total window): PIPELINE_SUCCESS in 54.491s processing; model 54.426s/7 calls; 54.564s including wait/save; 7287.128s since startup
Processed 95/234 this run (95/234 total window): PIPELINE_SUCCESS in 48.745s processing; model 48.689s/7 calls; 48.839s including wait/save; 7335.968s since startup
Processed 96/234 this run (96/234 total window): PIPELINE_SUCCESS in 62.19s processing; model 62.111s/7 calls; 62.259s including wait/save; 7398.227s since startup
Processed 97/234 this run (97/234 total window): PIPELINE_SUCCESS in 87.587s processing; model 87.518s/8 calls; 87.657s including wait/save; 7485.884s since startup
Processed 98/234 this run (98/234 total window): PIPELINE_SUCCESS in 51.678s processing; model 51.621s/7 calls; 51.761s including wait/save; 7537.645s since startup
Processed 99/234 this run (99/234 total window): FINAL_SPEC_ERROR in 97.02s processing; model 96.953s/9 calls; 97.100s including wait/save; 7634.745s since startup
Processed 100/234 this run (100/234 total window): PIPELINE_SUCCESS in 60.985s processing; model 60.935s/7 calls; 61.061s including wait/save; 7695.806s since startup
Processed 101/234 this run (101/234 total window): FINAL_SPEC_ERROR in 125.958s processing; model 125.811s/11 calls; 126.038s including wait/save; 7821.844s since startup
Processed 102/234 this run (102/234 total window): FINAL_SPEC_ERROR in 132.75s processing; model 132.634s/11 calls; 132.828s including wait/save; 7954.672s since startup
Processed 103/234 this run (103/234 total window): FINAL_SPEC_ERROR in 137.067s processing; model 136.902s/11 calls; 137.152s including wait/save; 8091.824s since startup
Processed 104/234 this run (104/234 total window): FINAL_SPEC_ERROR in 123.268s processing; model 123.146s/11 calls; 123.370s including wait/save; 8215.194s since startup
Processed 105/234 this run (105/234 total window): PIPELINE_SUCCESS in 76.13s processing; model 75.340s/8 calls; 76.207s including wait/save; 8291.402s since startup
Processed 106/234 this run (106/234 total window): FINAL_SPEC_ERROR in 122.453s processing; model 122.323s/12 calls; 122.541s including wait/save; 8413.943s since startup
Processed 107/234 this run (107/234 total window): FINAL_SPEC_ERROR in 110.145s processing; model 109.987s/10 calls; 110.228s including wait/save; 8524.171s since startup
Processed 108/234 this run (108/234 total window): FINAL_SPEC_ERROR in 228.581s processing; model 228.456s/11 calls; 228.670s including wait/save; 8752.842s since startup
Processed 109/234 this run (109/234 total window): PIPELINE_SUCCESS in 73.655s processing; model 73.574s/8 calls; 73.764s including wait/save; 8826.605s since startup
Processed 110/234 this run (110/234 total window): PIPELINE_SUCCESS in 177.782s processing; model 177.143s/7 calls; 177.870s including wait/save; 9004.475s since startup
Processed 111/234 this run (111/234 total window): PIPELINE_SUCCESS in 75.1s processing; model 75.006s/7 calls; 75.184s including wait/save; 9079.660s since startup
Processed 112/234 this run (112/234 total window): FINAL_SPEC_ERROR in 107.007s processing; model 106.916s/9 calls; 107.115s including wait/save; 9186.775s since startup
Processed 113/234 this run (113/234 total window): PIPELINE_SUCCESS in 90.307s processing; model 90.177s/7 calls; 90.393s including wait/save; 9277.168s since startup
Processed 114/234 this run (114/234 total window): FINAL_SPEC_ERROR in 48.965s processing; model 48.896s/8 calls; 49.056s including wait/save; 9326.224s since startup
Processed 115/234 this run (115/234 total window): PIPELINE_SUCCESS in 34.245s processing; model 33.893s/5 calls; 34.331s including wait/save; 9360.555s since startup
Processed 116/234 this run (116/234 total window): FINAL_SPEC_ERROR in 128.531s processing; model 128.372s/10 calls; 128.631s including wait/save; 9489.186s since startup
Processed 117/234 this run (117/234 total window): FINAL_SPEC_ERROR in 104.889s processing; model 104.792s/10 calls; 104.984s including wait/save; 9594.169s since startup
Processed 118/234 this run (118/234 total window): PIPELINE_SUCCESS in 114.321s processing; model 113.177s/8 calls; 114.410s including wait/save; 9708.580s since startup
Processed 119/234 this run (119/234 total window): FINAL_SPEC_ERROR in 135.595s processing; model 135.490s/10 calls; 135.693s including wait/save; 9844.273s since startup
Processed 120/234 this run (120/234 total window): PIPELINE_SUCCESS in 75.732s processing; model 75.611s/7 calls; 75.824s including wait/save; 9920.097s since startup
Processed 121/234 this run (121/234 total window): PIPELINE_SUCCESS in 65.145s processing; model 65.019s/7 calls; 65.237s including wait/save; 9985.334s since startup
Processed 122/234 this run (122/234 total window): FINAL_SPEC_ERROR in 121.238s processing; model 121.135s/12 calls; 121.335s including wait/save; 10106.670s since startup
Processed 123/234 this run (123/234 total window): FINAL_SPEC_ERROR in 141.903s processing; model 141.748s/11 calls; 142.012s including wait/save; 10248.682s since startup
Processed 124/234 this run (124/234 total window): FINAL_SPEC_ERROR in 181.554s processing; model 181.391s/12 calls; 181.648s including wait/save; 10430.330s since startup
Processed 125/234 this run (125/234 total window): FINAL_SPEC_ERROR in 155.419s processing; model 155.233s/11 calls; 155.528s including wait/save; 10585.859s since startup
Processed 126/234 this run (126/234 total window): FINAL_SPEC_ERROR in 228.194s processing; model 228.057s/11 calls; 228.298s including wait/save; 10814.157s since startup
Processed 127/234 this run (127/234 total window): FINAL_SPEC_ERROR in 238.596s processing; model 238.460s/11 calls; 238.698s including wait/save; 11052.855s since startup
Processed 128/234 this run (128/234 total window): FINAL_SPEC_ERROR in 136.596s processing; model 136.462s/11 calls; 136.707s including wait/save; 11189.562s since startup
Processed 129/234 this run (129/234 total window): PIPELINE_SUCCESS in 116.352s processing; model 115.286s/8 calls; 116.454s including wait/save; 11306.016s since startup
Processed 130/234 this run (130/234 total window): FINAL_SPEC_ERROR in 303.906s processing; model 303.712s/13 calls; 304.014s including wait/save; 11610.030s since startup
Processed 131/234 this run (131/234 total window): FINAL_SPEC_ERROR in 171.981s processing; model 171.854s/13 calls; 172.090s including wait/save; 11782.120s since startup
Processed 132/234 this run (132/234 total window): FINAL_SPEC_ERROR in 224.605s processing; model 224.491s/12 calls; 224.710s including wait/save; 12006.831s since startup
Processed 133/234 this run (133/234 total window): FINAL_SPEC_ERROR in 240.847s processing; model 240.693s/13 calls; 240.954s including wait/save; 12247.785s since startup
Processed 134/234 this run (134/234 total window): FINAL_SPEC_ERROR in 146.732s processing; model 146.533s/12 calls; 146.843s including wait/save; 12394.629s since startup
Processed 135/234 this run (135/234 total window): FINAL_SPEC_ERROR in 145.651s processing; model 145.448s/12 calls; 145.769s including wait/save; 12540.398s since startup
Processed 136/234 this run (136/234 total window): FINAL_SPEC_ERROR in 182.004s processing; model 181.841s/12 calls; 182.122s including wait/save; 12722.520s since startup
Processed 137/234 this run (137/234 total window): FINAL_SPEC_ERROR in 339.547s processing; model 339.344s/14 calls; 339.662s including wait/save; 13062.182s since startup
Processed 138/234 this run (138/234 total window): FINAL_SPEC_ERROR in 243.094s processing; model 242.864s/14 calls; 243.210s including wait/save; 13305.392s since startup
Processed 139/234 this run (139/234 total window): FINAL_SPEC_ERROR in 223.046s processing; model 222.820s/14 calls; 223.174s including wait/save; 13528.566s since startup
Processed 140/234 this run (140/234 total window): FINAL_SPEC_ERROR in 271.606s processing; model 271.434s/14 calls; 271.726s including wait/save; 13800.292s since startup
Processed 141/234 this run (141/234 total window): QUERY_SPEC_ERROR in 70.429s processing; model 70.372s/14 calls; 70.579s including wait/save; 13870.871s since startup
Processed 142/234 this run (142/234 total window): QUERY_SPEC_ERROR in 69.175s processing; model 69.120s/14 calls; 69.340s including wait/save; 13940.211s since startup
Processed 143/234 this run (143/234 total window): FINAL_SPEC_ERROR in 38.748s processing; model 38.715s/8 calls; 38.875s including wait/save; 13979.086s since startup
Processed 144/234 this run (144/234 total window): FINAL_SPEC_ERROR in 42.266s processing; model 42.234s/8 calls; 42.391s including wait/save; 14021.478s since startup
Processed 145/234 this run (145/234 total window): PIPELINE_SUCCESS in 31.323s processing; model 31.290s/5 calls; 31.448s including wait/save; 14052.926s since startup
Processed 146/234 this run (146/234 total window): FINAL_SPEC_ERROR in 36.623s processing; model 36.593s/8 calls; 36.780s including wait/save; 14089.706s since startup
Processed 147/234 this run (147/234 total window): PIPELINE_SUCCESS in 26.372s processing; model 26.339s/5 calls; 26.500s including wait/save; 14116.206s since startup
Processed 148/234 this run (148/234 total window): PIPELINE_SUCCESS in 28.456s processing; model 28.348s/5 calls; 28.598s including wait/save; 14144.804s since startup
Processed 149/234 this run (149/234 total window): FINAL_SPEC_ERROR in 38.274s processing; model 38.240s/8 calls; 38.407s including wait/save; 14183.211s since startup
Processed 150/234 this run (150/234 total window): PIPELINE_SUCCESS in 24.097s processing; model 24.071s/5 calls; 24.234s including wait/save; 14207.445s since startup
Processed 151/234 this run (151/234 total window): PIPELINE_SUCCESS in 44.153s processing; model 44.074s/8 calls; 44.293s including wait/save; 14251.738s since startup
Processed 152/234 this run (152/234 total window): FINAL_SPEC_ERROR in 37.423s processing; model 37.382s/8 calls; 37.555s including wait/save; 14289.293s since startup
Processed 153/234 this run (153/234 total window): FINAL_SPEC_ERROR in 57.366s processing; model 57.322s/8 calls; 57.492s including wait/save; 14346.785s since startup
Processed 154/234 this run (154/234 total window): FINAL_SPEC_ERROR in 52.499s processing; model 52.413s/9 calls; 52.623s including wait/save; 14399.409s since startup
Processed 155/234 this run (155/234 total window): FINAL_SPEC_ERROR in 39.896s processing; model 39.850s/8 calls; 40.029s including wait/save; 14439.438s since startup
Processed 156/234 this run (156/234 total window): PIPELINE_SUCCESS in 28.364s processing; model 28.315s/5 calls; 28.489s including wait/save; 14467.927s since startup
Processed 157/234 this run (157/234 total window): PIPELINE_SUCCESS in 27.93s processing; model 27.887s/7 calls; 28.059s including wait/save; 14495.986s since startup
Processed 158/234 this run (158/234 total window): FINAL_SPEC_ERROR in 40.621s processing; model 40.586s/8 calls; 40.783s including wait/save; 14536.769s since startup
Processed 159/234 this run (159/234 total window): PIPELINE_SUCCESS in 32.546s processing; model 32.431s/6 calls; 32.669s including wait/save; 14569.439s since startup
Processed 160/234 this run (160/234 total window): FINAL_SPEC_ERROR in 146.879s processing; model 146.810s/10 calls; 147.036s including wait/save; 14716.474s since startup
Processed 161/234 this run (161/234 total window): FINAL_SPEC_ERROR in 50.628s processing; model 50.579s/9 calls; 50.784s including wait/save; 14767.259s since startup
Processed 162/234 this run (162/234 total window): PIPELINE_SUCCESS in 54.547s processing; model 54.367s/9 calls; 54.683s including wait/save; 14821.942s since startup
Processed 163/234 this run (163/234 total window): FINAL_SPEC_ERROR in 79.94s processing; model 79.669s/16 calls; 80.081s including wait/save; 14902.023s since startup
Processed 164/234 this run (164/234 total window): FINAL_SPEC_ERROR in 55.17s processing; model 55.069s/10 calls; 55.307s including wait/save; 14957.329s since startup
Processed 165/234 this run (165/234 total window): FINAL_SPEC_ERROR in 61.503s processing; model 61.420s/9 calls; 61.653s including wait/save; 15018.982s since startup
Processed 166/234 this run (166/234 total window): PIPELINE_SUCCESS in 42.682s processing; model 42.510s/7 calls; 42.829s including wait/save; 15061.812s since startup
Processed 167/234 this run (167/234 total window): FINAL_SPEC_ERROR in 48.439s processing; model 48.362s/9 calls; 48.571s including wait/save; 15110.383s since startup
Processed 168/234 this run (168/234 total window): FINAL_SPEC_ERROR in 55.145s processing; model 55.042s/10 calls; 55.276s including wait/save; 15165.659s since startup
Processed 169/234 this run (169/234 total window): FINAL_SPEC_ERROR in 78.725s processing; model 78.657s/10 calls; 78.885s including wait/save; 15244.544s since startup
Processed 170/234 this run (170/234 total window): DECOMPOSITION_ERROR in 68.855s processing; model 68.839s/5 calls; 69.010s including wait/save; 15313.554s since startup
Processed 171/234 this run (171/234 total window): FINAL_SPEC_ERROR in 61.438s processing; model 61.373s/9 calls; 61.575s including wait/save; 15375.129s since startup
Processed 172/234 this run (172/234 total window): FINAL_SPEC_ERROR in 71.29s processing; model 71.225s/10 calls; 71.430s including wait/save; 15446.559s since startup
Processed 173/234 this run (173/234 total window): PIPELINE_SUCCESS in 28.44s processing; model 28.380s/5 calls; 28.584s including wait/save; 15475.143s since startup
Processed 174/234 this run (174/234 total window): PIPELINE_SUCCESS in 29.446s processing; model 29.411s/5 calls; 29.589s including wait/save; 15504.732s since startup
Processed 175/234 this run (175/234 total window): FINAL_SPEC_ERROR in 40.198s processing; model 40.139s/8 calls; 40.344s including wait/save; 15545.076s since startup
Processed 176/234 this run (176/234 total window): PIPELINE_SUCCESS in 36.748s processing; model 36.620s/5 calls; 36.892s including wait/save; 15581.969s since startup
Processed 177/234 this run (177/234 total window): PIPELINE_SUCCESS in 31.774s processing; model 31.740s/5 calls; 31.929s including wait/save; 15613.898s since startup
Processed 178/234 this run (178/234 total window): PIPELINE_SUCCESS in 40.892s processing; model 40.725s/5 calls; 41.047s including wait/save; 15654.944s since startup
Processed 179/234 this run (179/234 total window): PIPELINE_SUCCESS in 28.035s processing; model 27.982s/5 calls; 28.169s including wait/save; 15683.113s since startup
Processed 180/234 this run (180/234 total window): PIPELINE_SUCCESS in 32.621s processing; model 32.583s/5 calls; 32.769s including wait/save; 15715.882s since startup
Processed 181/234 this run (181/234 total window): FINAL_SPEC_ERROR in 44.964s processing; model 44.912s/8 calls; 45.111s including wait/save; 15760.993s since startup
Processed 182/234 this run (182/234 total window): FINAL_SPEC_ERROR in 39.599s processing; model 39.547s/8 calls; 39.748s including wait/save; 15800.742s since startup
Processed 183/234 this run (183/234 total window): PIPELINE_SUCCESS in 30.709s processing; model 30.336s/5 calls; 30.854s including wait/save; 15831.595s since startup
Processed 184/234 this run (184/234 total window): PIPELINE_SUCCESS in 31.848s processing; model 31.486s/5 calls; 31.992s including wait/save; 15863.587s since startup
Processed 185/234 this run (185/234 total window): PIPELINE_SUCCESS in 31.444s processing; model 31.092s/5 calls; 31.603s including wait/save; 15895.191s since startup
Processed 186/234 this run (186/234 total window): PIPELINE_SUCCESS in 37.879s processing; model 37.811s/7 calls; 38.034s including wait/save; 15933.225s since startup
Processed 187/234 this run (187/234 total window): FINAL_SPEC_ERROR in 43.649s processing; model 43.588s/9 calls; 43.787s including wait/save; 15977.013s since startup
Processed 188/234 this run (188/234 total window): PIPELINE_SUCCESS in 40.302s processing; model 40.238s/7 calls; 40.458s including wait/save; 16017.471s since startup
Processed 189/234 this run (189/234 total window): PIPELINE_SUCCESS in 37.015s processing; model 36.947s/7 calls; 37.174s including wait/save; 16054.644s since startup
Processed 190/234 this run (190/234 total window): FINAL_SPEC_ERROR in 44.981s processing; model 44.929s/9 calls; 45.153s including wait/save; 16099.798s since startup
Processed 191/234 this run (191/234 total window): PIPELINE_SUCCESS in 35.244s processing; model 35.133s/6 calls; 35.393s including wait/save; 16135.191s since startup
Processed 192/234 this run (192/234 total window): PIPELINE_SUCCESS in 33.19s processing; model 33.086s/6 calls; 33.342s including wait/save; 16168.533s since startup
Processed 193/234 this run (193/234 total window): QUERY_SPEC_ERROR in 156.31s processing; model 156.223s/20 calls; 156.470s including wait/save; 16325.003s since startup
Processed 194/234 this run (194/234 total window): QUERY_SPEC_ERROR in 225.846s processing; model 225.763s/20 calls; 226.000s including wait/save; 16551.003s since startup
Processed 195/234 this run (195/234 total window): PIPELINE_SUCCESS in 59.754s processing; model 59.667s/7 calls; 59.908s including wait/save; 16610.911s since startup
Processed 196/234 this run (196/234 total window): PIPELINE_SUCCESS in 62.164s processing; model 62.099s/7 calls; 62.333s including wait/save; 16673.244s since startup
Processed 197/234 this run (197/234 total window): QUERY_SPEC_ERROR in 120.478s processing; model 120.394s/17 calls; 120.657s including wait/save; 16793.901s since startup
Processed 198/234 this run (198/234 total window): FINAL_SPEC_ERROR in 96.588s processing; model 96.504s/10 calls; 96.735s including wait/save; 16890.635s since startup
Processed 199/234 this run (199/234 total window): PIPELINE_SUCCESS in 64.099s processing; model 63.936s/7 calls; 64.256s including wait/save; 16954.892s since startup
Processed 200/234 this run (200/234 total window): PIPELINE_SUCCESS in 92.457s processing; model 91.943s/9 calls; 92.628s including wait/save; 17047.520s since startup
Processed 201/234 this run (201/234 total window): PIPELINE_SUCCESS in 62.0s processing; model 61.666s/7 calls; 62.169s including wait/save; 17109.689s since startup
Processed 202/234 this run (202/234 total window): QUERY_SPEC_ERROR in 189.542s processing; model 189.447s/19 calls; 189.724s including wait/save; 17299.414s since startup
Processed 203/234 this run (203/234 total window): PIPELINE_SUCCESS in 90.234s processing; model 89.932s/10 calls; 90.387s including wait/save; 17389.801s since startup
Processed 204/234 this run (204/234 total window): PIPELINE_SUCCESS in 27.613s processing; model 27.184s/5 calls; 27.784s including wait/save; 17417.584s since startup
Processed 205/234 this run (205/234 total window): PIPELINE_SUCCESS in 33.465s processing; model 33.083s/5 calls; 33.624s including wait/save; 17451.208s since startup
Processed 206/234 this run (206/234 total window): FINAL_SPEC_ERROR in 40.891s processing; model 40.829s/8 calls; 41.054s including wait/save; 17492.263s since startup
Processed 207/234 this run (207/234 total window): PIPELINE_SUCCESS in 31.724s processing; model 31.551s/5 calls; 31.895s including wait/save; 17524.158s since startup
Processed 208/234 this run (208/234 total window): PIPELINE_SUCCESS in 38.544s processing; model 38.360s/5 calls; 38.703s including wait/save; 17562.861s since startup
Processed 209/234 this run (209/234 total window): PIPELINE_SUCCESS in 41.01s processing; model 40.825s/5 calls; 41.163s including wait/save; 17604.024s since startup
Processed 210/234 this run (210/234 total window): PIPELINE_SUCCESS in 35.072s processing; model 34.895s/5 calls; 35.231s including wait/save; 17639.255s since startup
Processed 211/234 this run (211/234 total window): PIPELINE_SUCCESS in 45.614s processing; model 45.419s/5 calls; 45.775s including wait/save; 17685.030s since startup
Processed 212/234 this run (212/234 total window): FINAL_SPEC_ERROR in 74.131s processing; model 74.092s/8 calls; 74.303s including wait/save; 17759.333s since startup
Processed 213/234 this run (213/234 total window): FINAL_SPEC_ERROR in 70.793s processing; model 70.746s/8 calls; 70.963s including wait/save; 17830.296s since startup
Processed 214/234 this run (214/234 total window): FINAL_SPEC_ERROR in 65.469s processing; model 65.424s/8 calls; 65.640s including wait/save; 17895.936s since startup
Processed 215/234 this run (215/234 total window): PIPELINE_SUCCESS in 23.688s processing; model 23.654s/5 calls; 23.874s including wait/save; 17919.811s since startup
Processed 216/234 this run (216/234 total window): FINAL_SPEC_ERROR in 39.033s processing; model 38.988s/8 calls; 39.275s including wait/save; 17959.086s since startup
Processed 217/234 this run (217/234 total window): FINAL_SPEC_ERROR in 34.803s processing; model 34.766s/8 calls; 34.974s including wait/save; 17994.060s since startup
Processed 218/234 this run (218/234 total window): PIPELINE_SUCCESS in 24.748s processing; model 24.724s/5 calls; 24.915s including wait/save; 18018.976s since startup
Processed 219/234 this run (219/234 total window): FINAL_SPEC_ERROR in 34.996s processing; model 34.956s/8 calls; 35.158s including wait/save; 18054.134s since startup
Processed 220/234 this run (220/234 total window): PIPELINE_SUCCESS in 31.176s processing; model 31.143s/5 calls; 31.351s including wait/save; 18085.486s since startup
Processed 221/234 this run (221/234 total window): PIPELINE_SUCCESS in 51.016s processing; model 50.908s/7 calls; 51.182s including wait/save; 18136.668s since startup
Processed 222/234 this run (222/234 total window): PIPELINE_SUCCESS in 59.375s processing; model 59.267s/7 calls; 59.551s including wait/save; 18196.219s since startup
Processed 223/234 this run (223/234 total window): PIPELINE_SUCCESS in 47.336s processing; model 47.237s/7 calls; 47.501s including wait/save; 18243.721s since startup
Processed 224/234 this run (224/234 total window): PIPELINE_SUCCESS in 137.771s processing; model 137.666s/7 calls; 137.937s including wait/save; 18381.658s since startup
Processed 225/234 this run (225/234 total window): PIPELINE_SUCCESS in 42.231s processing; model 42.140s/7 calls; 42.385s including wait/save; 18424.043s since startup
Processed 226/234 this run (226/234 total window): PIPELINE_SUCCESS in 39.568s processing; model 39.463s/7 calls; 39.732s including wait/save; 18463.776s since startup
Processed 227/234 this run (227/234 total window): PIPELINE_SUCCESS in 40.819s processing; model 40.786s/6 calls; 40.994s including wait/save; 18504.770s since startup
Processed 228/234 this run (228/234 total window): PIPELINE_SUCCESS in 43.751s processing; model 43.647s/7 calls; 43.910s including wait/save; 18548.679s since startup
Processed 229/234 this run (229/234 total window): PIPELINE_SUCCESS in 48.045s processing; model 47.935s/7 calls; 48.202s including wait/save; 18596.882s since startup
Processed 230/234 this run (230/234 total window): FINAL_SPEC_ERROR in 72.951s processing; model 72.892s/9 calls; 73.145s including wait/save; 18670.027s since startup
Processed 231/234 this run (231/234 total window): QUERY_SPEC_ERROR in 145.928s processing; model 145.843s/17 calls; 146.087s including wait/save; 18816.114s since startup
Processed 232/234 this run (232/234 total window): PIPELINE_SUCCESS in 58.431s processing; model 58.233s/7 calls; 58.610s including wait/save; 18874.725s since startup
Processed 233/234 this run (233/234 total window): QUERY_SPEC_ERROR in 128.052s processing; model 127.968s/17 calls; 128.237s including wait/save; 19002.962s since startup
Processed 234/234 this run (234/234 total window): FINAL_SPEC_ERROR in 75.255s processing; model 75.197s/9 calls; 75.449s including wait/save; 19078.411s since startup
[COMPLETE] Pipeline finished. Details: /home/kritik/Desktop/neosapiens/finance/script_diff_llm2/ablations/improvement10_models/source/improvement10/.runtime/logs/pipeline_20261006_134112_134272.log
[TIME] Startup-to-finish: 19078.71s; model requests: 19024.83s (2034 calls). Slowest model stages: Final_Spec=5022.26s, Decompose=4888.15s, Query_Understanding=4729.66s, Query_Spec=4089.04s
[TIMING] /home/kritik/Desktop/neosapiens/finance/script_diff_llm2/ablations/improvement10_models/source/improvement10/.runtime/logs/timing_20261006_134110_134272.json
