[INPUT] ONTOLOGY_FILE: /home/kritik/Desktop/neosapiens/finance/script_diff_llm2/ablations/improvement11_gpt_oss_120b/source/improvemnt11kgfixed/kg_output_fixed/wealth_management_diverse_schema.ttl
[INPUT] INSTANCE_FILE: /home/kritik/Desktop/neosapiens/finance/script_diff_llm2/ablations/improvement11_gpt_oss_120b/source/improvemnt11kgfixed/kg_output_fixed/wealth_management_diverse_kg.ttl
[INPUT] DOMAIN_INTRO_FILE: /home/kritik/Desktop/neosapiens/finance/script_diff_llm2/ablations/improvement11_gpt_oss_120b/source/improvemnt11kgfixed/domain_intro_latest.prompt
[INPUT] BUSINESS_RULES_FILE: /home/kritik/Desktop/neosapiens/finance/script_diff_llm2/ablations/improvement11_gpt_oss_120b/source/improvemnt11kgfixed/business_rules_addendum.md
[RUNNING] Report: /home/kritik/Desktop/neosapiens/finance/script_diff_llm2/ablations/improvement11_gpt_oss_120b/runs/azure_gpt_oss_120b/azure_run_01/parallel_workers4/worker_01/raw_pipeline.csv
[LOG] /home/kritik/Desktop/neosapiens/finance/script_diff_llm2/ablations/improvement11_gpt_oss_120b/source/improvemnt11kgfixed/.runtime/logs/pipeline_20261008_030151_364299.log
[CACHE] Knowledge hit in 0.012s
[TIME] Startup ready: 1.167s; query delay: 0s
Processed 1/189 this run (1/189 total window): PIPELINE_SUCCESS in 176.957s processing; model 176.697s/7 calls; 176.962s including wait/save; 178.128s since startup
Processed 2/189 this run (2/189 total window): PIPELINE_SUCCESS in 256.668s processing; model 256.416s/7 calls; 256.672s including wait/save; 434.801s since startup
Processed 3/189 this run (3/189 total window): PIPELINE_SUCCESS in 221.617s processing; model 221.412s/7 calls; 221.624s including wait/save; 656.424s since startup
Processed 4/189 this run (4/189 total window): PIPELINE_SUCCESS in 199.511s processing; model 199.219s/8 calls; 199.518s including wait/save; 855.943s since startup
Processed 5/189 this run (5/189 total window): PIPELINE_SUCCESS in 211.795s processing; model 211.239s/8 calls; 211.804s including wait/save; 1067.747s since startup
Processed 6/189 this run (6/189 total window): PIPELINE_SUCCESS in 183.346s processing; model 183.221s/7 calls; 183.355s including wait/save; 1251.103s since startup
Processed 7/189 this run (7/189 total window): PIPELINE_SUCCESS in 239.943s processing; model 239.657s/8 calls; 239.953s including wait/save; 1491.055s since startup
Processed 8/189 this run (8/189 total window): PIPELINE_SUCCESS in 167.065s processing; model 166.690s/7 calls; 167.076s including wait/save; 1658.132s since startup
Processed 9/189 this run (9/189 total window): PIPELINE_SUCCESS in 301.144s processing; model 300.681s/9 calls; 301.157s including wait/save; 1959.289s since startup
Processed 10/189 this run (10/189 total window): PIPELINE_SUCCESS in 530.683s processing; model 530.188s/11 calls; 530.710s including wait/save; 2489.999s since startup
Processed 11/189 this run (11/189 total window): PIPELINE_SUCCESS in 249.326s processing; model 249.032s/7 calls; 249.347s including wait/save; 2739.347s since startup
Processed 12/189 this run (12/189 total window): PIPELINE_SUCCESS in 125.541s processing; model 125.298s/5 calls; 125.580s including wait/save; 2864.928s since startup
Processed 13/189 this run (13/189 total window): PIPELINE_SUCCESS in 167.337s processing; model 167.187s/6 calls; 167.368s including wait/save; 3032.296s since startup
Processed 14/189 this run (14/189 total window): PIPELINE_SUCCESS in 261.875s processing; model 261.725s/8 calls; 261.899s including wait/save; 3294.195s since startup
Processed 15/189 this run (15/189 total window): PIPELINE_SUCCESS in 182.049s processing; model 181.911s/6 calls; 182.070s including wait/save; 3476.265s since startup
Processed 16/189 this run (16/189 total window): PIPELINE_SUCCESS in 208.22s processing; model 208.082s/6 calls; 208.244s including wait/save; 3684.509s since startup
Processed 17/189 this run (17/189 total window): PIPELINE_SUCCESS in 423.604s processing; model 423.297s/7 calls; 423.628s including wait/save; 4108.137s since startup
Processed 18/189 this run (18/189 total window): PIPELINE_SUCCESS in 368.017s processing; model 367.732s/7 calls; 368.041s including wait/save; 4476.178s since startup
Processed 19/189 this run (19/189 total window): PIPELINE_SUCCESS in 293.259s processing; model 293.089s/7 calls; 293.284s including wait/save; 4769.463s since startup
Processed 20/189 this run (20/189 total window): PIPELINE_SUCCESS in 319.651s processing; model 319.459s/8 calls; 319.677s including wait/save; 5089.139s since startup
Processed 21/189 this run (21/189 total window): PIPELINE_SUCCESS in 453.194s processing; model 452.595s/11 calls; 453.221s including wait/save; 5542.361s since startup
Processed 22/189 this run (22/189 total window): PIPELINE_SUCCESS in 265.947s processing; model 265.621s/8 calls; 265.975s including wait/save; 5808.336s since startup
[STOPPED] Interrupted. Details: /home/kritik/Desktop/neosapiens/finance/script_diff_llm2/ablations/improvement11_gpt_oss_120b/source/improvemnt11kgfixed/.runtime/logs/pipeline_20261008_030151_364299.log
[TIME] Startup-to-finish: 5911.24s; model requests: 5903.32s (166 calls). Slowest model stages: Query_Understanding=1859.81s, Query_Spec=1603.00s, Decompose=1467.57s, Final_Spec=733.74s
[TIMING] /home/kritik/Desktop/neosapiens/finance/script_diff_llm2/ablations/improvement11_gpt_oss_120b/source/improvemnt11kgfixed/.runtime/logs/timing_20261008_030150_364299.json
[INPUT] ONTOLOGY_FILE: /home/kritik/Desktop/neosapiens/finance/script_diff_llm2/ablations/improvement11_gpt_oss_120b/source/improvemnt11kgfixed/kg_output_fixed/wealth_management_diverse_schema.ttl
[INPUT] INSTANCE_FILE: /home/kritik/Desktop/neosapiens/finance/script_diff_llm2/ablations/improvement11_gpt_oss_120b/source/improvemnt11kgfixed/kg_output_fixed/wealth_management_diverse_kg.ttl
[INPUT] DOMAIN_INTRO_FILE: /home/kritik/Desktop/neosapiens/finance/script_diff_llm2/ablations/improvement11_gpt_oss_120b/source/improvemnt11kgfixed/domain_intro_latest.prompt
[INPUT] BUSINESS_RULES_FILE: /home/kritik/Desktop/neosapiens/finance/script_diff_llm2/ablations/improvement11_gpt_oss_120b/source/improvemnt11kgfixed/business_rules_addendum.md
[RUNNING] Report: /home/kritik/Desktop/neosapiens/finance/script_diff_llm2/ablations/improvement11_gpt_oss_120b/runs/azure_gpt_oss_120b/azure_run_01/parallel_workers4/worker_01/raw_pipeline.csv
[LOG] /home/kritik/Desktop/neosapiens/finance/script_diff_llm2/ablations/improvement11_gpt_oss_120b/source/improvemnt11kgfixed/.runtime/logs/pipeline_20261008_070844_406898.log
[CACHE] Knowledge hit in 0.007s
[TIME] Startup ready: 1.947s; query delay: 0s
Processed 1/167 this run (23/189 total window): PIPELINE_SUCCESS in 982.298s processing; model 981.309s/9 calls; 982.327s including wait/save; 984.275s since startup
[STOPPED] Interrupted. Details: /home/kritik/Desktop/neosapiens/finance/script_diff_llm2/ablations/improvement11_gpt_oss_120b/source/improvemnt11kgfixed/.runtime/logs/pipeline_20261008_070844_406898.log
[TIME] Startup-to-finish: 1262.55s; model requests: 1259.55s (13 calls). Slowest model stages: Query_Understanding=801.49s, Decompose=267.22s, Query_Spec=102.92s, Final_Spec=69.41s
[TIMING] /home/kritik/Desktop/neosapiens/finance/script_diff_llm2/ablations/improvement11_gpt_oss_120b/source/improvemnt11kgfixed/.runtime/logs/timing_20261008_070843_406898.json
