[INPUT] ONTOLOGY_FILE: /home/kritik/Desktop/neosapiens/finance/script_diff_llm2/ablations/improvement11_gpt_oss_120b/source/improvemnt11kgfixed/kg_output_fixed/wealth_management_diverse_schema.ttl
[INPUT] INSTANCE_FILE: /home/kritik/Desktop/neosapiens/finance/script_diff_llm2/ablations/improvement11_gpt_oss_120b/source/improvemnt11kgfixed/kg_output_fixed/wealth_management_diverse_kg.ttl
[INPUT] DOMAIN_INTRO_FILE: /home/kritik/Desktop/neosapiens/finance/script_diff_llm2/ablations/improvement11_gpt_oss_120b/source/improvemnt11kgfixed/domain_intro_latest.prompt
[INPUT] BUSINESS_RULES_FILE: /home/kritik/Desktop/neosapiens/finance/script_diff_llm2/ablations/improvement11_gpt_oss_120b/source/improvemnt11kgfixed/business_rules_addendum.md
[RUNNING] Report: /home/kritik/Desktop/neosapiens/finance/script_diff_llm2/ablations/improvement11_gpt_oss_120b/runs/azure_gpt_oss_120b/azure_resume8_01/parallel_workers8/worker_05/raw_pipeline.csv
[LOG] /home/kritik/Desktop/neosapiens/finance/script_diff_llm2/ablations/improvement11_gpt_oss_120b/source/improvemnt11kgfixed/.runtime/logs/pipeline_20261008_073706_418796.log
[CACHE] Knowledge hit in 0.011s
[TIME] Startup ready: 2.039s; query delay: 0s
Processed 1/87 this run (1/87 total window): PIPELINE_SUCCESS in 308.479s processing; model 308.038s/9 calls; 308.484s including wait/save; 310.524s since startup
Processed 2/87 this run (2/87 total window): FINAL_SPEC_ERROR in 279.224s processing; model 279.065s/9 calls; 279.236s including wait/save; 589.760s since startup
Processed 3/87 this run (3/87 total window): PIPELINE_SUCCESS in 254.316s processing; model 254.023s/7 calls; 254.323s including wait/save; 844.083s since startup
Processed 4/87 this run (4/87 total window): PIPELINE_SUCCESS in 300.995s processing; model 300.636s/8 calls; 301.002s including wait/save; 1145.086s since startup
Processed 5/87 this run (5/87 total window): CRASH in 570.507s processing; model 570.501s/1 calls; 570.522s including wait/save; 1715.608s since startup
Processed 6/87 this run (6/87 total window): PIPELINE_SUCCESS in 209.293s processing; model 209.212s/5 calls; 209.302s including wait/save; 1924.910s since startup
Processed 7/87 this run (7/87 total window): PIPELINE_SUCCESS in 111.907s processing; model 111.824s/5 calls; 111.923s including wait/save; 2036.834s since startup
Processed 8/87 this run (8/87 total window): PIPELINE_SUCCESS in 177.621s processing; model 177.417s/6 calls; 177.637s including wait/save; 2214.471s since startup
Processed 9/87 this run (9/87 total window): PIPELINE_SUCCESS in 178.111s processing; model 177.969s/6 calls; 178.121s including wait/save; 2392.592s since startup
Processed 10/87 this run (10/87 total window): PIPELINE_SUCCESS in 263.578s processing; model 263.397s/8 calls; 263.592s including wait/save; 2656.184s since startup
Processed 11/87 this run (11/87 total window): PIPELINE_SUCCESS in 268.527s processing; model 268.288s/7 calls; 268.538s including wait/save; 2924.723s since startup
Processed 12/87 this run (12/87 total window): PIPELINE_SUCCESS in 231.393s processing; model 231.166s/7 calls; 231.405s including wait/save; 3156.128s since startup
Processed 13/87 this run (13/87 total window): PIPELINE_SUCCESS in 291.968s processing; model 291.593s/8 calls; 291.981s including wait/save; 3448.109s since startup
Processed 14/87 this run (14/87 total window): PIPELINE_SUCCESS in 249.97s processing; model 249.600s/6 calls; 249.984s including wait/save; 3698.093s since startup
Processed 15/87 this run (15/87 total window): PIPELINE_SUCCESS in 346.57s processing; model 346.382s/7 calls; 346.584s including wait/save; 4044.677s since startup
Processed 16/87 this run (16/87 total window): PIPELINE_SUCCESS in 184.157s processing; model 183.709s/7 calls; 184.173s including wait/save; 4228.850s since startup
Processed 17/87 this run (17/87 total window): PIPELINE_SUCCESS in 238.752s processing; model 238.165s/7 calls; 238.768s including wait/save; 4467.618s since startup
Processed 18/87 this run (18/87 total window): PIPELINE_SUCCESS in 243.173s processing; model 242.972s/7 calls; 243.189s including wait/save; 4710.807s since startup
Processed 19/87 this run (19/87 total window): PIPELINE_SUCCESS in 283.824s processing; model 283.362s/7 calls; 283.851s including wait/save; 4994.659s since startup
Processed 20/87 this run (20/87 total window): PIPELINE_SUCCESS in 494.006s processing; model 493.750s/10 calls; 494.025s including wait/save; 5488.684s since startup
Processed 21/87 this run (21/87 total window): PIPELINE_SUCCESS in 241.675s processing; model 240.996s/7 calls; 241.695s including wait/save; 5730.380s since startup
Processed 22/87 this run (22/87 total window): PIPELINE_SUCCESS in 248.652s processing; model 248.342s/7 calls; 248.672s including wait/save; 5979.052s since startup
Processed 23/87 this run (23/87 total window): PIPELINE_SUCCESS in 443.825s processing; model 443.073s/10 calls; 443.846s including wait/save; 6422.898s since startup
Processed 24/87 this run (24/87 total window): PIPELINE_SUCCESS in 321.471s processing; model 321.148s/8 calls; 321.493s including wait/save; 6744.391s since startup
Processed 25/87 this run (25/87 total window): PIPELINE_SUCCESS in 302.355s processing; model 302.050s/8 calls; 302.378s including wait/save; 7046.769s since startup
Processed 26/87 this run (26/87 total window): PIPELINE_SUCCESS in 363.307s processing; model 363.025s/8 calls; 363.330s including wait/save; 7410.099s since startup
Processed 27/87 this run (27/87 total window): PIPELINE_SUCCESS in 249.04s processing; model 248.615s/6 calls; 249.064s including wait/save; 7659.163s since startup
Processed 28/87 this run (28/87 total window): PIPELINE_SUCCESS in 246.437s processing; model 246.194s/6 calls; 246.462s including wait/save; 7905.625s since startup
Processed 29/87 this run (29/87 total window): PIPELINE_SUCCESS in 134.374s processing; model 134.258s/5 calls; 134.405s including wait/save; 8040.030s since startup
Processed 30/87 this run (30/87 total window): PIPELINE_SUCCESS in 288.502s processing; model 287.151s/7 calls; 288.530s including wait/save; 8328.560s since startup
Processed 31/87 this run (31/87 total window): PIPELINE_SUCCESS in 566.144s processing; model 564.765s/7 calls; 566.172s including wait/save; 8894.732s since startup
Processed 32/87 this run (32/87 total window): PIPELINE_SUCCESS in 435.278s processing; model 434.209s/9 calls; 435.307s including wait/save; 9330.039s since startup
Processed 33/87 this run (33/87 total window): PIPELINE_SUCCESS in 538.974s processing; model 537.925s/7 calls; 539.004s including wait/save; 9869.042s since startup
Processed 34/87 this run (34/87 total window): PIPELINE_SUCCESS in 492.938s processing; model 490.895s/8 calls; 492.970s including wait/save; 10362.012s since startup
Processed 35/87 this run (35/87 total window): PIPELINE_SUCCESS in 615.036s processing; model 613.087s/8 calls; 615.069s including wait/save; 10977.081s since startup
Processed 36/87 this run (36/87 total window): CRASH in 565.004s processing; model 564.998s/1 calls; 565.049s including wait/save; 11542.130s since startup
Processed 37/87 this run (37/87 total window): CRASH in 566.659s processing; model 566.653s/1 calls; 566.702s including wait/save; 12108.833s since startup
Processed 38/87 this run (38/87 total window): CRASH in 570.454s processing; model 570.449s/1 calls; 570.507s including wait/save; 12679.340s since startup
Processed 39/87 this run (39/87 total window): PIPELINE_SUCCESS in 324.048s processing; model 322.019s/9 calls; 324.083s including wait/save; 13003.424s since startup
Processed 40/87 this run (40/87 total window): CRASH in 568.127s processing; model 568.122s/1 calls; 568.175s including wait/save; 13571.599s since startup
Processed 41/87 this run (41/87 total window): CRASH in 1241.811s processing; model 1240.719s/9 calls; 1241.857s including wait/save; 14813.456s since startup
Processed 42/87 this run (42/87 total window): CRASH in 571.48s processing; model 571.474s/1 calls; 571.527s including wait/save; 15384.984s since startup
Processed 43/87 this run (43/87 total window): PIPELINE_SUCCESS in 217.686s processing; model 217.594s/5 calls; 217.728s including wait/save; 15602.712s since startup
Processed 44/87 this run (44/87 total window): PIPELINE_SUCCESS in 92.811s processing; model 92.728s/5 calls; 92.851s including wait/save; 15695.563s since startup
Processed 45/87 this run (45/87 total window): PIPELINE_SUCCESS in 122.463s processing; model 122.176s/5 calls; 122.500s including wait/save; 15818.063s since startup
Processed 46/87 this run (46/87 total window): PIPELINE_SUCCESS in 101.783s processing; model 101.663s/5 calls; 101.826s including wait/save; 15919.889s since startup
Processed 47/87 this run (47/87 total window): PIPELINE_SUCCESS in 151.181s processing; model 151.072s/6 calls; 151.226s including wait/save; 16071.115s since startup
Processed 48/87 this run (48/87 total window): PIPELINE_SUCCESS in 156.792s processing; model 156.249s/6 calls; 156.834s including wait/save; 16227.948s since startup
Processed 49/87 this run (49/87 total window): PIPELINE_SUCCESS in 101.883s processing; model 101.791s/5 calls; 101.922s including wait/save; 16329.871s since startup
Processed 50/87 this run (50/87 total window): PIPELINE_SUCCESS in 193.855s processing; model 193.657s/7 calls; 193.894s including wait/save; 16523.765s since startup
Processed 51/87 this run (51/87 total window): PIPELINE_SUCCESS in 220.137s processing; model 219.620s/7 calls; 220.176s including wait/save; 16743.942s since startup
Processed 52/87 this run (52/87 total window): PIPELINE_SUCCESS in 176.446s processing; model 176.257s/6 calls; 176.485s including wait/save; 16920.427s since startup
Processed 53/87 this run (53/87 total window): PIPELINE_SUCCESS in 160.175s processing; model 159.844s/6 calls; 160.215s including wait/save; 17080.643s since startup
Processed 54/87 this run (54/87 total window): PIPELINE_SUCCESS in 180.965s processing; model 180.718s/6 calls; 181.006s including wait/save; 17261.648s since startup
Processed 55/87 this run (55/87 total window): PIPELINE_SUCCESS in 355.586s processing; model 355.240s/8 calls; 355.629s including wait/save; 17617.277s since startup
Processed 56/87 this run (56/87 total window): PIPELINE_SUCCESS in 495.598s processing; model 495.001s/17 calls; 495.641s including wait/save; 18112.919s since startup
Processed 57/87 this run (57/87 total window): PIPELINE_SUCCESS in 122.275s processing; model 122.093s/5 calls; 122.322s including wait/save; 18235.241s since startup
Processed 58/87 this run (58/87 total window): PIPELINE_SUCCESS in 121.212s processing; model 121.027s/5 calls; 121.268s including wait/save; 18356.509s since startup
Processed 59/87 this run (59/87 total window): PIPELINE_SUCCESS in 132.77s processing; model 132.234s/5 calls; 132.817s including wait/save; 18489.327s since startup
Processed 60/87 this run (60/87 total window): PIPELINE_SUCCESS in 156.962s processing; model 156.872s/6 calls; 157.021s including wait/save; 18646.347s since startup
Processed 61/87 this run (61/87 total window): PIPELINE_SUCCESS in 161.333s processing; model 161.241s/6 calls; 161.394s including wait/save; 18807.741s since startup
Processed 62/87 this run (62/87 total window): PIPELINE_SUCCESS in 149.957s processing; model 149.810s/6 calls; 150.004s including wait/save; 18957.746s since startup
Processed 63/87 this run (63/87 total window): PIPELINE_SUCCESS in 197.772s processing; model 197.238s/7 calls; 197.831s including wait/save; 19155.577s since startup
Processed 64/87 this run (64/87 total window): PIPELINE_SUCCESS in 281.594s processing; model 281.413s/7 calls; 281.656s including wait/save; 19437.232s since startup
Processed 65/87 this run (65/87 total window): PIPELINE_SUCCESS in 164.226s processing; model 164.063s/6 calls; 164.278s including wait/save; 19601.510s since startup
Processed 66/87 this run (66/87 total window): PIPELINE_SUCCESS in 177.679s processing; model 177.027s/6 calls; 177.740s including wait/save; 19779.251s since startup
Processed 67/87 this run (67/87 total window): PIPELINE_SUCCESS in 215.593s processing; model 215.337s/7 calls; 215.656s including wait/save; 19994.907s since startup
Processed 68/87 this run (68/87 total window): PIPELINE_SUCCESS in 310.633s processing; model 310.410s/8 calls; 310.687s including wait/save; 20305.594s since startup
Processed 69/87 this run (69/87 total window): PIPELINE_SUCCESS in 229.728s processing; model 229.516s/7 calls; 229.782s including wait/save; 20535.376s since startup
Processed 70/87 this run (70/87 total window): PIPELINE_SUCCESS in 231.035s processing; model 230.427s/7 calls; 231.090s including wait/save; 20766.466s since startup
Processed 71/87 this run (71/87 total window): PIPELINE_SUCCESS in 688.65s processing; model 687.426s/9 calls; 688.705s including wait/save; 21455.171s since startup
Processed 72/87 this run (72/87 total window): PIPELINE_SUCCESS in 330.395s processing; model 329.624s/9 calls; 330.462s including wait/save; 21785.634s since startup
Processed 73/87 this run (73/87 total window): PIPELINE_SUCCESS in 196.953s processing; model 196.339s/7 calls; 197.019s including wait/save; 21982.652s since startup
Processed 74/87 this run (74/87 total window): PIPELINE_SUCCESS in 216.642s processing; model 216.331s/6 calls; 216.698s including wait/save; 22199.350s since startup
Processed 75/87 this run (75/87 total window): PIPELINE_SUCCESS in 198.674s processing; model 198.360s/7 calls; 198.730s including wait/save; 22398.081s since startup
Processed 76/87 this run (76/87 total window): TRANSIENT_ERROR in 247.288s processing; model 247.253s/5 calls; 247.353s including wait/save; 22645.434s since startup
Processed 77/87 this run (77/87 total window): TRANSIENT_ERROR in 12.482s processing; model 12.477s/1 calls; 12.546s including wait/save; 22657.980s since startup
Processed 78/87 this run (78/87 total window): TRANSIENT_ERROR in 14.119s processing; model 14.114s/1 calls; 14.183s including wait/save; 22672.163s since startup
Processed 79/87 this run (79/87 total window): TRANSIENT_ERROR in 13.69s processing; model 13.684s/1 calls; 13.754s including wait/save; 22685.917s since startup
Processed 80/87 this run (80/87 total window): TRANSIENT_ERROR in 13.156s processing; model 13.151s/1 calls; 13.225s including wait/save; 22699.142s since startup
Processed 81/87 this run (81/87 total window): TRANSIENT_ERROR in 13.146s processing; model 13.140s/1 calls; 13.214s including wait/save; 22712.357s since startup
Processed 82/87 this run (82/87 total window): TRANSIENT_ERROR in 14.299s processing; model 14.293s/1 calls; 14.407s including wait/save; 22726.764s since startup
Processed 83/87 this run (83/87 total window): TRANSIENT_ERROR in 12.554s processing; model 12.546s/1 calls; 12.618s including wait/save; 22739.382s since startup
Processed 84/87 this run (84/87 total window): TRANSIENT_ERROR in 14.248s processing; model 14.243s/1 calls; 14.314s including wait/save; 22753.696s since startup
Processed 85/87 this run (85/87 total window): TRANSIENT_ERROR in 14.417s processing; model 14.411s/1 calls; 14.482s including wait/save; 22768.178s since startup
Processed 86/87 this run (86/87 total window): TRANSIENT_ERROR in 13.922s processing; model 13.916s/1 calls; 13.992s including wait/save; 22782.170s since startup
Processed 87/87 this run (87/87 total window): TRANSIENT_ERROR in 14.431s processing; model 14.426s/1 calls; 14.519s including wait/save; 22796.689s since startup
[COMPLETE] Pipeline finished. Details: /home/kritik/Desktop/neosapiens/finance/script_diff_llm2/ablations/improvement11_gpt_oss_120b/source/improvemnt11kgfixed/.runtime/logs/pipeline_20261008_073706_418796.log
[TIME] Startup-to-finish: 22796.80s; model requests: 22759.29s (507 calls). Slowest model stages: Query_Understanding=9694.67s, Query_Spec=4479.07s, Decompose=4455.50s, Final_Spec=3493.31s
[TIMING] /home/kritik/Desktop/neosapiens/finance/script_diff_llm2/ablations/improvement11_gpt_oss_120b/source/improvemnt11kgfixed/.runtime/logs/timing_20261008_073705_418796.json
