[INPUT] SQLITE_DB_PATH: /home/kritik/Desktop/neosapiens/finance/script_diff_llm2/ablations/improvement10_models/source/improvement10/wealth_management_diverse.db
[INPUT] TABLE_METADATA_DIR: /home/kritik/Desktop/neosapiens/finance/script_diff_llm2/ablations/improvement10_models/source/improvement10/table_medatada
[INPUT] DOMAIN_INTRO_FILE: /home/kritik/Desktop/neosapiens/finance/script_diff_llm2/ablations/improvement10_models/source/improvement10/domain_intro_latest.prompt
[INPUT] BUSINESS_RULES_FILE: /home/kritik/Desktop/neosapiens/finance/script_diff_llm2/ablations/improvement10_models/source/improvement10/business_rules_addendum.md
[RUNNING] Report: /home/kritik/Desktop/neosapiens/finance/script_diff_llm2/ablations/improvement10_models/runs/gemma_3_27b_it/run_01/parallel_workers4/worker_01/raw_pipeline.csv
[LOG] /home/kritik/Desktop/neosapiens/finance/script_diff_llm2/ablations/improvement10_models/source/improvement10/.runtime/logs/pipeline_20261006_134112_134269.log
[CACHE] Knowledge hit in 0.008s
[TIME] Startup ready: 2.674s; query delay: 0s
Processed 1/235 this run (1/235 total window): FINAL_SPEC_ERROR in 46.871s processing; model 46.812s/8 calls; 46.882s including wait/save; 49.556s since startup
Processed 2/235 this run (2/235 total window): PIPELINE_SUCCESS in 61.216s processing; model 61.154s/7 calls; 61.221s including wait/save; 110.777s since startup
Processed 3/235 this run (3/235 total window): PIPELINE_SUCCESS in 59.042s processing; model 58.968s/7 calls; 59.047s including wait/save; 169.823s since startup
Processed 4/235 this run (4/235 total window): PIPELINE_SUCCESS in 59.11s processing; model 59.060s/7 calls; 59.117s including wait/save; 228.940s since startup
Processed 5/235 this run (5/235 total window): PIPELINE_SUCCESS in 57.289s processing; model 57.218s/7 calls; 57.297s including wait/save; 286.237s since startup
Processed 6/235 this run (6/235 total window): QUERY_SPEC_ERROR in 136.395s processing; model 136.309s/18 calls; 136.409s including wait/save; 422.646s since startup
Processed 7/235 this run (7/235 total window): PIPELINE_SUCCESS in 60.961s processing; model 60.907s/7 calls; 60.972s including wait/save; 483.618s since startup
Processed 8/235 this run (8/235 total window): FINAL_SPEC_ERROR in 92.437s processing; model 92.376s/10 calls; 92.451s including wait/save; 576.069s since startup
Processed 9/235 this run (9/235 total window): FINAL_SPEC_ERROR in 130.03s processing; model 129.926s/11 calls; 130.044s including wait/save; 706.113s since startup
Processed 10/235 this run (10/235 total window): PIPELINE_SUCCESS in 140.291s processing; model 140.136s/15 calls; 140.302s including wait/save; 846.415s since startup
Processed 11/235 this run (11/235 total window): PIPELINE_SUCCESS in 174.475s processing; model 174.373s/8 calls; 174.488s including wait/save; 1020.903s since startup
Processed 12/235 this run (12/235 total window): FINAL_SPEC_ERROR in 123.579s processing; model 123.482s/11 calls; 123.601s including wait/save; 1144.505s since startup
Processed 13/235 this run (13/235 total window): FINAL_SPEC_ERROR in 121.488s processing; model 121.385s/11 calls; 121.511s including wait/save; 1266.016s since startup
Processed 14/235 this run (14/235 total window): PIPELINE_SUCCESS in 104.332s processing; model 104.209s/9 calls; 104.348s including wait/save; 1370.364s since startup
Processed 15/235 this run (15/235 total window): PIPELINE_SUCCESS in 181.488s processing; model 181.338s/19 calls; 181.504s including wait/save; 1551.867s since startup
Processed 16/235 this run (16/235 total window): PIPELINE_SUCCESS in 82.513s processing; model 82.378s/9 calls; 82.529s including wait/save; 1634.397s since startup
Processed 17/235 this run (17/235 total window): FINAL_SPEC_ERROR in 44.993s processing; model 44.956s/8 calls; 45.019s including wait/save; 1679.416s since startup
Processed 18/235 this run (18/235 total window): FINAL_SPEC_ERROR in 40.558s processing; model 40.508s/9 calls; 40.584s including wait/save; 1719.999s since startup
Processed 19/235 this run (19/235 total window): PIPELINE_SUCCESS in 40.635s processing; model 40.604s/5 calls; 40.657s including wait/save; 1760.656s since startup
Processed 20/235 this run (20/235 total window): FINAL_SPEC_ERROR in 47.623s processing; model 47.578s/8 calls; 47.655s including wait/save; 1808.312s since startup
Processed 21/235 this run (21/235 total window): PIPELINE_SUCCESS in 50.917s processing; model 50.855s/8 calls; 50.944s including wait/save; 1859.256s since startup
Processed 22/235 this run (22/235 total window): QUERY_SPEC_ERROR in 119.444s processing; model 119.366s/17 calls; 119.468s including wait/save; 1978.725s since startup
Processed 23/235 this run (23/235 total window): PIPELINE_SUCCESS in 70.761s processing; model 70.698s/11 calls; 70.787s including wait/save; 2049.512s since startup
Processed 24/235 this run (24/235 total window): PIPELINE_SUCCESS in 47.54s processing; model 47.502s/6 calls; 47.568s including wait/save; 2097.080s since startup
Processed 25/235 this run (25/235 total window): PIPELINE_SUCCESS in 39.042s processing; model 39.007s/6 calls; 39.073s including wait/save; 2136.153s since startup
Processed 26/235 this run (26/235 total window): PIPELINE_SUCCESS in 45.74s processing; model 45.698s/6 calls; 45.768s including wait/save; 2181.922s since startup
Processed 27/235 this run (27/235 total window): PIPELINE_SUCCESS in 49.341s processing; model 49.299s/6 calls; 49.375s including wait/save; 2231.297s since startup
Processed 28/235 this run (28/235 total window): PIPELINE_SUCCESS in 37.401s processing; model 37.363s/6 calls; 37.433s including wait/save; 2268.729s since startup
Processed 29/235 this run (29/235 total window): PIPELINE_SUCCESS in 101.092s processing; model 101.010s/16 calls; 101.120s including wait/save; 2369.850s since startup
Processed 30/235 this run (30/235 total window): PIPELINE_SUCCESS in 60.622s processing; model 60.521s/7 calls; 60.649s including wait/save; 2430.499s since startup
Processed 31/235 this run (31/235 total window): PIPELINE_SUCCESS in 54.849s processing; model 54.792s/7 calls; 54.875s including wait/save; 2485.374s since startup
Processed 32/235 this run (32/235 total window): PIPELINE_SUCCESS in 61.333s processing; model 61.227s/7 calls; 61.360s including wait/save; 2546.734s since startup
Processed 33/235 this run (33/235 total window): QUERY_SPEC_ERROR in 253.909s processing; model 253.817s/20 calls; 253.943s including wait/save; 2800.677s since startup
Processed 34/235 this run (34/235 total window): QUERY_SPEC_ERROR in 119.818s processing; model 119.741s/17 calls; 119.852s including wait/save; 2920.530s since startup
Processed 35/235 this run (35/235 total window): PIPELINE_SUCCESS in 48.091s processing; model 48.027s/7 calls; 48.120s including wait/save; 2968.650s since startup
Processed 36/235 this run (36/235 total window): PIPELINE_SUCCESS in 147.083s processing; model 147.015s/7 calls; 147.112s including wait/save; 3115.762s since startup
Processed 37/235 this run (37/235 total window): PIPELINE_SUCCESS in 91.124s processing; model 91.002s/8 calls; 91.155s including wait/save; 3206.918s since startup
Processed 38/235 this run (38/235 total window): PIPELINE_SUCCESS in 202.122s processing; model 201.818s/21 calls; 202.153s including wait/save; 3409.071s since startup
Processed 39/235 this run (39/235 total window): PIPELINE_SUCCESS in 92.748s processing; model 92.586s/10 calls; 92.780s including wait/save; 3501.850s since startup
Processed 40/235 this run (40/235 total window): PIPELINE_SUCCESS in 60.296s processing; model 60.179s/8 calls; 60.330s including wait/save; 3562.181s since startup
Processed 41/235 this run (41/235 total window): PIPELINE_SUCCESS in 85.473s processing; model 85.360s/10 calls; 85.508s including wait/save; 3647.688s since startup
Processed 42/235 this run (42/235 total window): PIPELINE_SUCCESS in 76.094s processing; model 75.872s/8 calls; 76.128s including wait/save; 3723.817s since startup
Processed 43/235 this run (43/235 total window): PIPELINE_SUCCESS in 117.273s processing; model 117.059s/9 calls; 117.308s including wait/save; 3841.125s since startup
Processed 44/235 this run (44/235 total window): PIPELINE_SUCCESS in 124.37s processing; model 124.152s/9 calls; 124.408s including wait/save; 3965.534s since startup
Processed 45/235 this run (45/235 total window): QUERY_SPEC_ERROR in 248.921s processing; model 248.823s/19 calls; 248.961s including wait/save; 4214.494s since startup
Processed 46/235 this run (46/235 total window): QUERY_SPEC_ERROR in 195.849s processing; model 195.734s/20 calls; 195.895s including wait/save; 4410.390s since startup
Processed 47/235 this run (47/235 total window): PIPELINE_SUCCESS in 146.559s processing; model 146.223s/16 calls; 146.598s including wait/save; 4556.988s since startup
Processed 48/235 this run (48/235 total window): FINAL_SPEC_ERROR in 33.477s processing; model 33.439s/8 calls; 33.525s including wait/save; 4590.513s since startup
Processed 49/235 this run (49/235 total window): FINAL_SPEC_ERROR in 41.289s processing; model 41.248s/8 calls; 41.341s including wait/save; 4631.854s since startup
Processed 50/235 this run (50/235 total window): FINAL_SPEC_ERROR in 48.514s processing; model 48.471s/8 calls; 48.562s including wait/save; 4680.416s since startup
Processed 51/235 this run (51/235 total window): FINAL_SPEC_ERROR in 30.976s processing; model 30.939s/8 calls; 31.032s including wait/save; 4711.448s since startup
Processed 52/235 this run (52/235 total window): PIPELINE_SUCCESS in 39.8s processing; model 39.746s/6 calls; 39.844s including wait/save; 4751.292s since startup
Processed 53/235 this run (53/235 total window): PIPELINE_SUCCESS in 158.858s processing; model 158.823s/7 calls; 158.906s including wait/save; 4910.199s since startup
Processed 54/235 this run (54/235 total window): FINAL_SPEC_ERROR in 33.42s processing; model 33.387s/8 calls; 33.469s including wait/save; 4943.667s since startup
Processed 55/235 this run (55/235 total window): FINAL_SPEC_ERROR in 32.528s processing; model 32.491s/8 calls; 32.583s including wait/save; 4976.251s since startup
Processed 56/235 this run (56/235 total window): FINAL_SPEC_ERROR in 33.941s processing; model 33.903s/8 calls; 33.995s including wait/save; 5010.246s since startup
Processed 57/235 this run (57/235 total window): PIPELINE_SUCCESS in 40.213s processing; model 40.158s/7 calls; 40.257s including wait/save; 5050.503s since startup
Processed 58/235 this run (58/235 total window): PIPELINE_SUCCESS in 39.205s processing; model 39.107s/7 calls; 39.249s including wait/save; 5089.752s since startup
Processed 59/235 this run (59/235 total window): PIPELINE_SUCCESS in 43.634s processing; model 43.585s/7 calls; 43.684s including wait/save; 5133.437s since startup
Processed 60/235 this run (60/235 total window): PIPELINE_SUCCESS in 44.73s processing; model 44.681s/7 calls; 44.776s including wait/save; 5178.213s since startup
Processed 61/235 this run (61/235 total window): PIPELINE_SUCCESS in 38.636s processing; model 38.575s/8 calls; 38.684s including wait/save; 5216.898s since startup
Processed 62/235 this run (62/235 total window): PIPELINE_SUCCESS in 41.847s processing; model 41.795s/7 calls; 41.906s including wait/save; 5258.804s since startup
Processed 63/235 this run (63/235 total window): PIPELINE_SUCCESS in 43.651s processing; model 43.609s/7 calls; 43.699s including wait/save; 5302.503s since startup
Processed 64/235 this run (64/235 total window): PIPELINE_SUCCESS in 33.019s processing; model 32.977s/6 calls; 33.089s including wait/save; 5335.591s since startup
Processed 65/235 this run (65/235 total window): FINAL_SPEC_ERROR in 66.924s processing; model 66.844s/10 calls; 66.975s including wait/save; 5402.566s since startup
Processed 66/235 this run (66/235 total window): DECOMPOSITION_ERROR in 55.143s processing; model 55.127s/5 calls; 55.200s including wait/save; 5457.767s since startup
Processed 67/235 this run (67/235 total window): PIPELINE_SUCCESS in 58.389s processing; model 58.333s/7 calls; 58.441s including wait/save; 5516.207s since startup
Processed 68/235 this run (68/235 total window): PIPELINE_SUCCESS in 66.64s processing; model 66.541s/7 calls; 66.688s including wait/save; 5582.896s since startup
Processed 69/235 this run (69/235 total window): FINAL_SPEC_ERROR in 140.95s processing; model 140.748s/10 calls; 141.000s including wait/save; 5723.896s since startup
Processed 70/235 this run (70/235 total window): PIPELINE_SUCCESS in 54.412s processing; model 54.345s/7 calls; 54.464s including wait/save; 5778.359s since startup
Processed 71/235 this run (71/235 total window): FINAL_SPEC_ERROR in 87.079s processing; model 87.017s/10 calls; 87.143s including wait/save; 5865.503s since startup
Processed 72/235 this run (72/235 total window): PIPELINE_SUCCESS in 56.062s processing; model 56.006s/7 calls; 56.114s including wait/save; 5921.617s since startup
Processed 73/235 this run (73/235 total window): PIPELINE_SUCCESS in 133.87s processing; model 133.764s/17 calls; 133.937s including wait/save; 6055.554s since startup
Processed 74/235 this run (74/235 total window): PIPELINE_SUCCESS in 63.155s processing; model 63.098s/7 calls; 63.211s including wait/save; 6118.765s since startup
Processed 75/235 this run (75/235 total window): QUERY_SPEC_ERROR in 205.531s processing; model 205.413s/23 calls; 205.591s including wait/save; 6324.356s since startup
Processed 76/235 this run (76/235 total window): PIPELINE_SUCCESS in 88.403s processing; model 88.298s/8 calls; 88.470s including wait/save; 6412.826s since startup
Processed 77/235 this run (77/235 total window): PIPELINE_SUCCESS in 77.222s processing; model 77.146s/8 calls; 77.279s including wait/save; 6490.105s since startup
Processed 78/235 this run (78/235 total window): PIPELINE_SUCCESS in 136.632s processing; model 136.460s/15 calls; 136.688s including wait/save; 6626.794s since startup
Processed 79/235 this run (79/235 total window): PIPELINE_SUCCESS in 180.102s processing; model 179.996s/8 calls; 180.161s including wait/save; 6806.955s since startup
Processed 80/235 this run (80/235 total window): FINAL_SPEC_ERROR in 85.311s processing; model 85.265s/9 calls; 85.381s including wait/save; 6892.337s since startup
Processed 81/235 this run (81/235 total window): PIPELINE_SUCCESS in 111.66s processing; model 111.599s/11 calls; 111.724s including wait/save; 7004.061s since startup
Processed 82/235 this run (82/235 total window): FINAL_SPEC_ERROR in 81.633s processing; model 81.575s/9 calls; 81.695s including wait/save; 7085.756s since startup
Processed 83/235 this run (83/235 total window): FINAL_SPEC_ERROR in 82.659s processing; model 82.606s/9 calls; 82.727s including wait/save; 7168.483s since startup
Processed 84/235 this run (84/235 total window): FINAL_SPEC_ERROR in 77.254s processing; model 77.196s/9 calls; 77.319s including wait/save; 7245.802s since startup
Processed 85/235 this run (85/235 total window): FINAL_SPEC_ERROR in 70.82s processing; model 70.768s/9 calls; 70.892s including wait/save; 7316.694s since startup
Processed 86/235 this run (86/235 total window): FINAL_SPEC_ERROR in 84.615s processing; model 84.565s/9 calls; 84.677s including wait/save; 7401.371s since startup
Processed 87/235 this run (87/235 total window): FINAL_SPEC_ERROR in 81.774s processing; model 81.713s/9 calls; 81.844s including wait/save; 7483.215s since startup
Processed 88/235 this run (88/235 total window): FINAL_SPEC_ERROR in 82.728s processing; model 82.684s/9 calls; 82.792s including wait/save; 7566.007s since startup
Processed 89/235 this run (89/235 total window): FINAL_SPEC_ERROR in 74.207s processing; model 74.164s/9 calls; 74.297s including wait/save; 7640.304s since startup
Processed 90/235 this run (90/235 total window): FINAL_SPEC_ERROR in 74.252s processing; model 74.208s/9 calls; 74.332s including wait/save; 7714.636s since startup
Processed 91/235 this run (91/235 total window): PIPELINE_SUCCESS in 55.207s processing; model 54.923s/7 calls; 55.271s including wait/save; 7769.907s since startup
Processed 92/235 this run (92/235 total window): PIPELINE_SUCCESS in 62.013s processing; model 61.890s/7 calls; 62.078s including wait/save; 7831.985s since startup
Processed 93/235 this run (93/235 total window): PIPELINE_SUCCESS in 63.546s processing; model 63.466s/7 calls; 63.615s including wait/save; 7895.600s since startup
Processed 94/235 this run (94/235 total window): PIPELINE_SUCCESS in 53.385s processing; model 53.139s/7 calls; 53.461s including wait/save; 7949.062s since startup
Processed 95/235 this run (95/235 total window): FINAL_SPEC_ERROR in 100.263s processing; model 100.174s/10 calls; 100.330s including wait/save; 8049.392s since startup
Processed 96/235 this run (96/235 total window): FINAL_SPEC_ERROR in 85.306s processing; model 85.245s/10 calls; 85.379s including wait/save; 8134.771s since startup
Processed 97/235 this run (97/235 total window): PIPELINE_SUCCESS in 53.964s processing; model 53.693s/7 calls; 54.044s including wait/save; 8188.816s since startup
Processed 98/235 this run (98/235 total window): FINAL_SPEC_ERROR in 77.749s processing; model 77.654s/10 calls; 77.819s including wait/save; 8266.635s since startup
Processed 99/235 this run (99/235 total window): PIPELINE_SUCCESS in 50.257s processing; model 50.196s/7 calls; 50.326s including wait/save; 8316.960s since startup
Processed 100/235 this run (100/235 total window): PIPELINE_SUCCESS in 50.147s processing; model 49.968s/8 calls; 50.230s including wait/save; 8367.190s since startup
Processed 101/235 this run (101/235 total window): PIPELINE_SUCCESS in 68.574s processing; model 68.161s/8 calls; 68.655s including wait/save; 8435.845s since startup
Processed 102/235 this run (102/235 total window): PIPELINE_SUCCESS in 67.521s processing; model 67.423s/8 calls; 67.592s including wait/save; 8503.438s since startup
Processed 103/235 this run (103/235 total window): PIPELINE_SUCCESS in 167.554s processing; model 167.475s/8 calls; 167.626s including wait/save; 8671.064s since startup
Processed 104/235 this run (104/235 total window): PIPELINE_SUCCESS in 76.627s processing; model 76.532s/8 calls; 76.703s including wait/save; 8747.767s since startup
Processed 105/235 this run (105/235 total window): PIPELINE_SUCCESS in 74.995s processing; model 74.888s/8 calls; 75.069s including wait/save; 8822.836s since startup
Processed 106/235 this run (106/235 total window): PIPELINE_SUCCESS in 170.799s processing; model 170.724s/8 calls; 170.875s including wait/save; 8993.711s since startup
Processed 107/235 this run (107/235 total window): PIPELINE_SUCCESS in 71.099s processing; model 71.033s/7 calls; 71.174s including wait/save; 9064.885s since startup
Processed 108/235 this run (108/235 total window): PIPELINE_SUCCESS in 80.09s processing; model 79.995s/8 calls; 80.166s including wait/save; 9145.051s since startup
Processed 109/235 this run (109/235 total window): PIPELINE_SUCCESS in 82.479s processing; model 82.396s/8 calls; 82.558s including wait/save; 9227.610s since startup
Processed 110/235 this run (110/235 total window): PIPELINE_SUCCESS in 72.122s processing; model 72.031s/8 calls; 72.203s including wait/save; 9299.813s since startup
Processed 111/235 this run (111/235 total window): FINAL_SPEC_ERROR in 100.147s processing; model 100.042s/9 calls; 100.231s including wait/save; 9400.044s since startup
Processed 112/235 this run (112/235 total window): PIPELINE_SUCCESS in 74.308s processing; model 74.149s/7 calls; 74.406s including wait/save; 9474.451s since startup
Processed 113/235 this run (113/235 total window): PIPELINE_SUCCESS in 53.839s processing; model 53.748s/7 calls; 53.921s including wait/save; 9528.372s since startup
Processed 114/235 this run (114/235 total window): FINAL_SPEC_ERROR in 111.369s processing; model 111.276s/9 calls; 111.457s including wait/save; 9639.829s since startup
Processed 115/235 this run (115/235 total window): FINAL_SPEC_ERROR in 41.276s processing; model 41.213s/8 calls; 41.371s including wait/save; 9681.201s since startup
Processed 116/235 this run (116/235 total window): FINAL_SPEC_ERROR in 50.795s processing; model 50.721s/8 calls; 50.878s including wait/save; 9732.079s since startup
Processed 117/235 this run (117/235 total window): FINAL_SPEC_ERROR in 127.661s processing; model 127.534s/10 calls; 127.761s including wait/save; 9859.840s since startup
Processed 118/235 this run (118/235 total window): FINAL_SPEC_ERROR in 103.633s processing; model 103.505s/10 calls; 103.728s including wait/save; 9963.568s since startup
Processed 119/235 this run (119/235 total window): PIPELINE_SUCCESS in 74.245s processing; model 73.914s/7 calls; 74.331s including wait/save; 10037.899s since startup
Processed 120/235 this run (120/235 total window): FINAL_SPEC_ERROR in 102.406s processing; model 102.309s/10 calls; 102.513s including wait/save; 10140.412s since startup
Processed 121/235 this run (121/235 total window): PIPELINE_SUCCESS in 67.289s processing; model 67.105s/7 calls; 67.378s including wait/save; 10207.790s since startup
Processed 122/235 this run (122/235 total window): FINAL_SPEC_ERROR in 130.603s processing; model 130.453s/10 calls; 130.692s including wait/save; 10338.483s since startup
Processed 123/235 this run (123/235 total window): FINAL_SPEC_ERROR in 193.536s processing; model 193.458s/11 calls; 193.631s including wait/save; 10532.114s since startup
Processed 124/235 this run (124/235 total window): PIPELINE_SUCCESS in 259.129s processing; model 258.276s/10 calls; 259.242s including wait/save; 10791.356s since startup
Processed 125/235 this run (125/235 total window): FINAL_SPEC_ERROR in 83.823s processing; model 83.742s/11 calls; 83.918s including wait/save; 10875.274s since startup
Processed 126/235 this run (126/235 total window): PIPELINE_SUCCESS in 175.108s processing; model 174.107s/8 calls; 175.200s including wait/save; 11050.474s since startup
Processed 127/235 this run (127/235 total window): FINAL_SPEC_ERROR in 131.711s processing; model 131.578s/11 calls; 131.808s including wait/save; 11182.282s since startup
Processed 128/235 this run (128/235 total window): PIPELINE_SUCCESS in 102.122s processing; model 101.085s/8 calls; 102.216s including wait/save; 11284.498s since startup
Processed 129/235 this run (129/235 total window): FINAL_SPEC_ERROR in 149.687s processing; model 149.552s/11 calls; 149.782s including wait/save; 11434.280s since startup
Processed 130/235 this run (130/235 total window): PIPELINE_SUCCESS in 85.263s processing; model 83.202s/8 calls; 85.373s including wait/save; 11519.653s since startup
Processed 131/235 this run (131/235 total window): FINAL_SPEC_ERROR in 268.977s processing; model 268.725s/13 calls; 269.077s including wait/save; 11788.730s since startup
Processed 132/235 this run (132/235 total window): FINAL_SPEC_ERROR in 204.165s processing; model 204.029s/12 calls; 204.285s including wait/save; 11993.015s since startup
Processed 133/235 this run (133/235 total window): FINAL_SPEC_ERROR in 176.063s processing; model 175.955s/12 calls; 176.174s including wait/save; 12169.189s since startup
Processed 134/235 this run (134/235 total window): FINAL_SPEC_ERROR in 212.761s processing; model 212.665s/13 calls; 212.864s including wait/save; 12382.053s since startup
Processed 135/235 this run (135/235 total window): PIPELINE_SUCCESS in 108.701s processing; model 95.573s/9 calls; 108.826s including wait/save; 12490.879s since startup
Processed 136/235 this run (136/235 total window): FINAL_SPEC_ERROR in 157.007s processing; model 156.779s/12 calls; 157.114s including wait/save; 12647.994s since startup
Processed 137/235 this run (137/235 total window): FINAL_SPEC_ERROR in 255.384s processing; model 255.229s/12 calls; 255.491s including wait/save; 12903.485s since startup
Processed 138/235 this run (138/235 total window): FINAL_SPEC_ERROR in 252.423s processing; model 252.186s/14 calls; 252.531s including wait/save; 13156.016s since startup
Processed 139/235 this run (139/235 total window): FINAL_SPEC_ERROR in 209.425s processing; model 209.198s/13 calls; 209.537s including wait/save; 13365.553s since startup
Processed 140/235 this run (140/235 total window): FINAL_SPEC_ERROR in 233.454s processing; model 233.303s/13 calls; 233.566s including wait/save; 13599.119s since startup
Processed 141/235 this run (141/235 total window): FINAL_SPEC_ERROR in 264.012s processing; model 263.809s/14 calls; 264.126s including wait/save; 13863.246s since startup
Processed 142/235 this run (142/235 total window): QUERY_SPEC_ERROR in 70.855s processing; model 70.803s/14 calls; 70.978s including wait/save; 13934.224s since startup
Processed 143/235 this run (143/235 total window): PIPELINE_SUCCESS in 27.442s processing; model 27.392s/5 calls; 27.573s including wait/save; 13961.797s since startup
Processed 144/235 this run (144/235 total window): PIPELINE_SUCCESS in 26.42s processing; model 26.394s/5 calls; 26.533s including wait/save; 13988.330s since startup
Processed 145/235 this run (145/235 total window): FINAL_SPEC_ERROR in 39.872s processing; model 39.832s/8 calls; 40.002s including wait/save; 14028.332s since startup
Processed 146/235 this run (146/235 total window): FINAL_SPEC_ERROR in 38.653s processing; model 38.621s/8 calls; 38.786s including wait/save; 14067.117s since startup
Processed 147/235 this run (147/235 total window): PIPELINE_SUCCESS in 27.965s processing; model 27.934s/5 calls; 28.087s including wait/save; 14095.204s since startup
Processed 148/235 this run (148/235 total window): PIPELINE_SUCCESS in 37.311s processing; model 37.154s/6 calls; 37.426s including wait/save; 14132.631s since startup
Processed 149/235 this run (149/235 total window): FINAL_SPEC_ERROR in 37.842s processing; model 37.805s/8 calls; 37.970s including wait/save; 14170.601s since startup
Processed 150/235 this run (150/235 total window): PIPELINE_SUCCESS in 33.36s processing; model 33.284s/5 calls; 33.480s including wait/save; 14204.082s since startup
Processed 151/235 this run (151/235 total window): FINAL_SPEC_ERROR in 45.562s processing; model 45.461s/9 calls; 45.684s including wait/save; 14249.766s since startup
Processed 152/235 this run (152/235 total window): FINAL_SPEC_ERROR in 37.704s processing; model 37.662s/8 calls; 37.832s including wait/save; 14287.598s since startup
Processed 153/235 this run (153/235 total window): PIPELINE_SUCCESS in 41.767s processing; model 41.722s/5 calls; 41.888s including wait/save; 14329.486s since startup
Processed 154/235 this run (154/235 total window): FINAL_SPEC_ERROR in 43.28s processing; model 43.234s/8 calls; 43.411s including wait/save; 14372.898s since startup
Processed 155/235 this run (155/235 total window): FINAL_SPEC_ERROR in 36.644s processing; model 36.614s/8 calls; 36.804s including wait/save; 14409.702s since startup
Processed 156/235 this run (156/235 total window): PIPELINE_SUCCESS in 28.405s processing; model 28.363s/5 calls; 28.529s including wait/save; 14438.231s since startup
Processed 157/235 this run (157/235 total window): PIPELINE_SUCCESS in 22.495s processing; model 22.460s/5 calls; 22.648s including wait/save; 14460.879s since startup
Processed 158/235 this run (158/235 total window): FINAL_SPEC_ERROR in 38.044s processing; model 38.009s/8 calls; 38.180s including wait/save; 14499.059s since startup
Processed 159/235 this run (159/235 total window): PIPELINE_SUCCESS in 26.694s processing; model 26.662s/5 calls; 26.842s including wait/save; 14525.901s since startup
Processed 160/235 this run (160/235 total window): FINAL_SPEC_ERROR in 165.952s processing; model 165.905s/10 calls; 166.084s including wait/save; 14691.986s since startup
Processed 161/235 this run (161/235 total window): FINAL_SPEC_ERROR in 59.143s processing; model 59.064s/10 calls; 59.271s including wait/save; 14751.257s since startup
Processed 162/235 this run (162/235 total window): FINAL_SPEC_ERROR in 65.639s processing; model 65.531s/10 calls; 65.794s including wait/save; 14817.051s since startup
Processed 163/235 this run (163/235 total window): FINAL_SPEC_ERROR in 52.034s processing; model 51.976s/9 calls; 52.166s including wait/save; 14869.217s since startup
Processed 164/235 this run (164/235 total window): FINAL_SPEC_ERROR in 82.202s processing; model 82.041s/15 calls; 82.342s including wait/save; 14951.559s since startup
Processed 165/235 this run (165/235 total window): PIPELINE_SUCCESS in 49.363s processing; model 49.242s/8 calls; 49.511s including wait/save; 15001.070s since startup
Processed 166/235 this run (166/235 total window): FINAL_SPEC_ERROR in 56.28s processing; model 56.132s/9 calls; 56.436s including wait/save; 15057.506s since startup
Processed 167/235 this run (167/235 total window): FINAL_SPEC_ERROR in 59.756s processing; model 59.661s/10 calls; 59.897s including wait/save; 15117.402s since startup
Processed 168/235 this run (168/235 total window): FINAL_SPEC_ERROR in 96.453s processing; model 96.348s/15 calls; 96.585s including wait/save; 15213.988s since startup
Processed 169/235 this run (169/235 total window): FINAL_SPEC_ERROR in 51.186s processing; model 51.081s/9 calls; 51.319s including wait/save; 15265.307s since startup
Processed 170/235 this run (170/235 total window): FINAL_SPEC_ERROR in 59.25s processing; model 59.187s/10 calls; 59.389s including wait/save; 15324.696s since startup
Processed 171/235 this run (171/235 total window): PIPELINE_SUCCESS in 48.09s processing; model 47.893s/7 calls; 48.219s including wait/save; 15372.916s since startup
Processed 172/235 this run (172/235 total window): PIPELINE_SUCCESS in 64.533s processing; model 64.424s/9 calls; 64.664s including wait/save; 15437.579s since startup
Processed 173/235 this run (173/235 total window): PIPELINE_SUCCESS in 27.382s processing; model 27.327s/5 calls; 27.537s including wait/save; 15465.117s since startup
Processed 174/235 this run (174/235 total window): PIPELINE_SUCCESS in 30.829s processing; model 30.773s/5 calls; 30.985s including wait/save; 15496.101s since startup
Processed 175/235 this run (175/235 total window): FINAL_SPEC_ERROR in 55.682s processing; model 55.625s/8 calls; 55.831s including wait/save; 15551.933s since startup
Processed 176/235 this run (176/235 total window): PIPELINE_SUCCESS in 35.299s processing; model 35.232s/5 calls; 35.452s including wait/save; 15587.385s since startup
Processed 177/235 this run (177/235 total window): PIPELINE_SUCCESS in 32.779s processing; model 32.715s/6 calls; 32.913s including wait/save; 15620.298s since startup
Processed 178/235 this run (178/235 total window): PIPELINE_SUCCESS in 26.429s processing; model 26.324s/5 calls; 26.565s including wait/save; 15646.863s since startup
Processed 179/235 this run (179/235 total window): PIPELINE_SUCCESS in 33.07s processing; model 32.966s/5 calls; 33.215s including wait/save; 15680.078s since startup
Processed 180/235 this run (180/235 total window): PIPELINE_SUCCESS in 33.995s processing; model 33.962s/5 calls; 34.137s including wait/save; 15714.214s since startup
Processed 181/235 this run (181/235 total window): FINAL_SPEC_ERROR in 43.324s processing; model 43.278s/8 calls; 43.486s including wait/save; 15757.700s since startup
Processed 182/235 this run (182/235 total window): FINAL_SPEC_ERROR in 43.931s processing; model 43.893s/8 calls; 44.074s including wait/save; 15801.775s since startup
Processed 183/235 this run (183/235 total window): PIPELINE_SUCCESS in 45.973s processing; model 45.897s/8 calls; 46.124s including wait/save; 15847.899s since startup
Processed 184/235 this run (184/235 total window): PIPELINE_SUCCESS in 41.41s processing; model 41.345s/7 calls; 41.568s including wait/save; 15889.467s since startup
Processed 185/235 this run (185/235 total window): PIPELINE_SUCCESS in 44.81s processing; model 44.716s/8 calls; 44.948s including wait/save; 15934.415s since startup
Processed 186/235 this run (186/235 total window): PIPELINE_SUCCESS in 40.776s processing; model 40.719s/7 calls; 40.923s including wait/save; 15975.338s since startup
Processed 187/235 this run (187/235 total window): PIPELINE_SUCCESS in 49.236s processing; model 49.175s/7 calls; 49.374s including wait/save; 16024.712s since startup
Processed 188/235 this run (188/235 total window): PIPELINE_SUCCESS in 58.316s processing; model 58.272s/8 calls; 58.457s including wait/save; 16083.169s since startup
Processed 189/235 this run (189/235 total window): PIPELINE_SUCCESS in 57.22s processing; model 57.162s/7 calls; 57.366s including wait/save; 16140.535s since startup
Processed 190/235 this run (190/235 total window): PIPELINE_SUCCESS in 51.916s processing; model 51.867s/7 calls; 52.086s including wait/save; 16192.621s since startup
Processed 191/235 this run (191/235 total window): PIPELINE_SUCCESS in 49.422s processing; model 49.358s/7 calls; 49.564s including wait/save; 16242.186s since startup
Processed 192/235 this run (192/235 total window): PIPELINE_SUCCESS in 43.747s processing; model 43.650s/7 calls; 43.897s including wait/save; 16286.083s since startup
Processed 193/235 this run (193/235 total window): FINAL_SPEC_ERROR in 282.45s processing; model 282.301s/22 calls; 282.619s including wait/save; 16568.702s since startup
Processed 194/235 this run (194/235 total window): PIPELINE_SUCCESS in 67.747s processing; model 67.640s/7 calls; 67.898s including wait/save; 16636.601s since startup
Processed 195/235 this run (195/235 total window): FINAL_SPEC_ERROR in 112.569s processing; model 112.502s/10 calls; 112.736s including wait/save; 16749.337s since startup
Processed 196/235 this run (196/235 total window): QUERY_SPEC_ERROR in 133.969s processing; model 133.887s/20 calls; 134.144s including wait/save; 16883.480s since startup
Processed 197/235 this run (197/235 total window): FINAL_SPEC_ERROR in 105.411s processing; model 105.355s/10 calls; 105.571s including wait/save; 16989.052s since startup
Processed 198/235 this run (198/235 total window): PIPELINE_SUCCESS in 123.973s processing; model 123.889s/7 calls; 124.128s including wait/save; 17113.179s since startup
Processed 199/235 this run (199/235 total window): PIPELINE_SUCCESS in 114.05s processing; model 113.922s/7 calls; 114.207s including wait/save; 17227.387s since startup
Processed 200/235 this run (200/235 total window): PIPELINE_SUCCESS in 66.999s processing; model 66.914s/7 calls; 67.159s including wait/save; 17294.546s since startup
Processed 201/235 this run (201/235 total window): PIPELINE_SUCCESS in 79.029s processing; model 78.727s/8 calls; 79.186s including wait/save; 17373.732s since startup
Processed 202/235 this run (202/235 total window): FINAL_SPEC_ERROR in 116.758s processing; model 116.603s/11 calls; 116.925s including wait/save; 17490.657s since startup
Processed 203/235 this run (203/235 total window): PIPELINE_SUCCESS in 78.35s processing; model 77.766s/8 calls; 78.501s including wait/save; 17569.158s since startup
Processed 204/235 this run (204/235 total window): FINAL_SPEC_ERROR in 147.955s processing; model 147.792s/11 calls; 148.135s including wait/save; 17717.293s since startup
Processed 205/235 this run (205/235 total window): FINAL_SPEC_ERROR in 52.304s processing; model 52.259s/8 calls; 52.485s including wait/save; 17769.779s since startup
Processed 206/235 this run (206/235 total window): PIPELINE_SUCCESS in 44.483s processing; model 44.432s/5 calls; 44.661s including wait/save; 17814.440s since startup
Processed 207/235 this run (207/235 total window): PIPELINE_SUCCESS in 39.469s processing; model 39.301s/5 calls; 39.633s including wait/save; 17854.073s since startup
Processed 208/235 this run (208/235 total window): PIPELINE_SUCCESS in 35.76s processing; model 35.645s/6 calls; 35.923s including wait/save; 17889.996s since startup
Processed 209/235 this run (209/235 total window): PIPELINE_SUCCESS in 65.085s processing; model 65.009s/9 calls; 65.251s including wait/save; 17955.247s since startup
Processed 210/235 this run (210/235 total window): PIPELINE_SUCCESS in 32.837s processing; model 32.800s/5 calls; 33.006s including wait/save; 17988.253s since startup
Processed 211/235 this run (211/235 total window): PIPELINE_SUCCESS in 59.888s processing; model 59.833s/9 calls; 60.053s including wait/save; 18048.306s since startup
Processed 212/235 this run (212/235 total window): PIPELINE_SUCCESS in 43.708s processing; model 43.646s/6 calls; 43.878s including wait/save; 18092.184s since startup
Processed 213/235 this run (213/235 total window): PIPELINE_SUCCESS in 35.158s processing; model 34.968s/5 calls; 35.323s including wait/save; 18127.507s since startup
Processed 214/235 this run (214/235 total window): FINAL_SPEC_ERROR in 46.306s processing; model 46.264s/8 calls; 46.492s including wait/save; 18174.000s since startup
Processed 215/235 this run (215/235 total window): FINAL_SPEC_ERROR in 49.036s processing; model 48.979s/8 calls; 49.217s including wait/save; 18223.217s since startup
Processed 216/235 this run (216/235 total window): FINAL_SPEC_ERROR in 51.352s processing; model 51.304s/8 calls; 51.515s including wait/save; 18274.732s since startup
Processed 217/235 this run (217/235 total window): FINAL_SPEC_ERROR in 132.912s processing; model 132.873s/8 calls; 133.105s including wait/save; 18407.838s since startup
Processed 218/235 this run (218/235 total window): PIPELINE_SUCCESS in 31.7s processing; model 31.665s/5 calls; 31.883s including wait/save; 18439.721s since startup
Processed 219/235 this run (219/235 total window): PIPELINE_SUCCESS in 34.311s processing; model 34.285s/5 calls; 34.521s including wait/save; 18474.243s since startup
Processed 220/235 this run (220/235 total window): PIPELINE_SUCCESS in 36.345s processing; model 36.314s/5 calls; 36.538s including wait/save; 18510.780s since startup
Processed 221/235 this run (221/235 total window): FINAL_SPEC_ERROR in 56.433s processing; model 56.393s/8 calls; 56.604s including wait/save; 18567.385s since startup
Processed 222/235 this run (222/235 total window): FINAL_SPEC_ERROR in 69.876s processing; model 69.801s/9 calls; 70.070s including wait/save; 18637.455s since startup
Processed 223/235 this run (223/235 total window): FINAL_SPEC_ERROR in 70.262s processing; model 70.196s/9 calls; 70.450s including wait/save; 18707.905s since startup
Processed 224/235 this run (224/235 total window): FINAL_SPEC_ERROR in 127.092s processing; model 127.028s/9 calls; 127.284s including wait/save; 18835.189s since startup
Processed 225/235 this run (225/235 total window): FINAL_SPEC_ERROR in 56.136s processing; model 56.085s/9 calls; 56.316s including wait/save; 18891.505s since startup
Processed 226/235 this run (226/235 total window): PIPELINE_SUCCESS in 44.682s processing; model 44.620s/7 calls; 44.853s including wait/save; 18936.358s since startup
Processed 227/235 this run (227/235 total window): FINAL_SPEC_ERROR in 58.591s processing; model 58.530s/9 calls; 58.777s including wait/save; 18995.135s since startup
Processed 228/235 this run (228/235 total window): FINAL_SPEC_ERROR in 57.471s processing; model 57.411s/9 calls; 57.651s including wait/save; 19052.786s since startup
Processed 229/235 this run (229/235 total window): FINAL_SPEC_ERROR in 54.301s processing; model 54.244s/9 calls; 54.493s including wait/save; 19107.280s since startup
Processed 230/235 this run (230/235 total window): FINAL_SPEC_ERROR in 53.463s processing; model 53.398s/9 calls; 53.655s including wait/save; 19160.934s since startup
Processed 231/235 this run (231/235 total window): FINAL_SPEC_ERROR in 86.133s processing; model 86.072s/9 calls; 86.315s including wait/save; 19247.249s since startup
Processed 232/235 this run (232/235 total window): PIPELINE_SUCCESS in 53.614s processing; model 53.526s/7 calls; 53.788s including wait/save; 19301.037s since startup
Processed 233/235 this run (233/235 total window): PIPELINE_SUCCESS in 74.365s processing; model 74.184s/8 calls; 74.534s including wait/save; 19375.571s since startup
Processed 234/235 this run (234/235 total window): PIPELINE_SUCCESS in 50.838s processing; model 50.751s/7 calls; 51.022s including wait/save; 19426.593s since startup
Processed 235/235 this run (235/235 total window): PIPELINE_SUCCESS in 46.493s processing; model 46.425s/6 calls; 46.675s including wait/save; 19473.268s since startup
[COMPLETE] Pipeline finished. Details: /home/kritik/Desktop/neosapiens/finance/script_diff_llm2/ablations/improvement10_models/source/improvement10/.runtime/logs/pipeline_20261006_134112_134269.log
[TIME] Startup-to-finish: 19473.60s; model requests: 19407.95s (2083 calls). Slowest model stages: Decompose=5316.58s, Final_Spec=4842.86s, Query_Understanding=4599.85s, Query_Spec=4357.04s
[TIMING] /home/kritik/Desktop/neosapiens/finance/script_diff_llm2/ablations/improvement10_models/source/improvement10/.runtime/logs/timing_20261006_134110_134269.json
