[INPUT] SQLITE_DB_PATH: /home/kritik/Desktop/neosapiens/finance/script_diff_llm2/ablations/improvement10_models/source/improvement10/wealth_management_diverse.db
[INPUT] TABLE_METADATA_DIR: /home/kritik/Desktop/neosapiens/finance/script_diff_llm2/ablations/improvement10_models/source/improvement10/table_medatada
[INPUT] DOMAIN_INTRO_FILE: /home/kritik/Desktop/neosapiens/finance/script_diff_llm2/ablations/improvement10_models/source/improvement10/domain_intro_latest.prompt
[INPUT] BUSINESS_RULES_FILE: /home/kritik/Desktop/neosapiens/finance/script_diff_llm2/ablations/improvement10_models/source/improvement10/business_rules_addendum.md
[RUNNING] Report: /home/kritik/Desktop/neosapiens/finance/script_diff_llm2/ablations/improvement10_models/runs/deepseek_v3_2/run_01/parallel_workers4/worker_02/raw_pipeline.csv
[LOG] /home/kritik/Desktop/neosapiens/finance/script_diff_llm2/ablations/improvement10_models/source/improvement10/.runtime/logs/pipeline_20261006_134111_134266.log
[CACHE] Knowledge hit in 0.009s
[TIME] Startup ready: 2.573s; query delay: 0s
Processed 1/229 this run (1/229 total window): PIPELINE_SUCCESS in 82.966s processing; model 82.893s/7 calls; 82.971s including wait/save; 85.543s since startup
Processed 2/229 this run (2/229 total window): FINAL_SPEC_ERROR in 121.372s processing; model 121.309s/10 calls; 121.383s including wait/save; 206.927s since startup
Processed 3/229 this run (3/229 total window): PIPELINE_SUCCESS in 52.431s processing; model 52.347s/8 calls; 52.438s including wait/save; 259.365s since startup
Processed 4/229 this run (4/229 total window): PIPELINE_SUCCESS in 64.748s processing; model 64.633s/8 calls; 64.756s including wait/save; 324.121s since startup
Processed 5/229 this run (5/229 total window): PIPELINE_SUCCESS in 68.778s processing; model 68.686s/8 calls; 68.787s including wait/save; 392.909s since startup
Processed 6/229 this run (6/229 total window): PIPELINE_SUCCESS in 59.031s processing; model 58.923s/8 calls; 59.041s including wait/save; 451.949s since startup
Processed 7/229 this run (7/229 total window): PIPELINE_SUCCESS in 66.724s processing; model 66.597s/8 calls; 66.736s including wait/save; 518.685s since startup
Processed 8/229 this run (8/229 total window): PIPELINE_SUCCESS in 57.609s processing; model 57.501s/9 calls; 57.623s including wait/save; 576.308s since startup
Processed 9/229 this run (9/229 total window): PIPELINE_SUCCESS in 80.926s processing; model 80.816s/9 calls; 80.940s including wait/save; 657.249s since startup
Processed 10/229 this run (10/229 total window): PIPELINE_SUCCESS in 111.532s processing; model 111.417s/10 calls; 111.550s including wait/save; 768.799s since startup
Processed 11/229 this run (11/229 total window): PIPELINE_SUCCESS in 94.118s processing; model 93.983s/10 calls; 94.135s including wait/save; 862.934s since startup
Processed 12/229 this run (12/229 total window): PIPELINE_SUCCESS in 119.078s processing; model 119.028s/6 calls; 119.097s including wait/save; 982.031s since startup
Processed 13/229 this run (13/229 total window): PIPELINE_SUCCESS in 22.607s processing; model 22.573s/5 calls; 22.626s including wait/save; 1004.657s since startup
Processed 14/229 this run (14/229 total window): PIPELINE_SUCCESS in 47.533s processing; model 47.486s/5 calls; 47.552s including wait/save; 1052.209s since startup
Processed 15/229 this run (15/229 total window): PIPELINE_SUCCESS in 66.567s processing; model 66.482s/7 calls; 66.606s including wait/save; 1118.815s since startup
Processed 16/229 this run (16/229 total window): PIPELINE_SUCCESS in 41.28s processing; model 41.253s/5 calls; 41.326s including wait/save; 1160.142s since startup
Processed 17/229 this run (17/229 total window): PIPELINE_SUCCESS in 42.488s processing; model 42.448s/6 calls; 42.521s including wait/save; 1202.663s since startup
Processed 18/229 this run (18/229 total window): PIPELINE_SUCCESS in 31.505s processing; model 31.464s/6 calls; 31.557s including wait/save; 1234.220s since startup
Processed 19/229 this run (19/229 total window): PIPELINE_SUCCESS in 30.877s processing; model 30.832s/6 calls; 30.907s including wait/save; 1265.126s since startup
Processed 20/229 this run (20/229 total window): PIPELINE_SUCCESS in 39.513s processing; model 39.466s/6 calls; 39.545s including wait/save; 1304.672s since startup
Processed 21/229 this run (21/229 total window): PIPELINE_SUCCESS in 35.073s processing; model 35.029s/6 calls; 35.123s including wait/save; 1339.795s since startup
Processed 22/229 this run (22/229 total window): PIPELINE_SUCCESS in 42.768s processing; model 42.722s/6 calls; 42.811s including wait/save; 1382.607s since startup
Processed 23/229 this run (23/229 total window): PIPELINE_SUCCESS in 39.785s processing; model 39.736s/6 calls; 39.818s including wait/save; 1422.425s since startup
Processed 24/229 this run (24/229 total window): PIPELINE_SUCCESS in 77.877s processing; model 77.790s/9 calls; 77.910s including wait/save; 1500.336s since startup
Processed 25/229 this run (25/229 total window): PIPELINE_SUCCESS in 69.506s processing; model 69.418s/9 calls; 69.541s including wait/save; 1569.877s since startup
Processed 26/229 this run (26/229 total window): PIPELINE_SUCCESS in 61.633s processing; model 61.526s/7 calls; 61.668s including wait/save; 1631.545s since startup
Processed 27/229 this run (27/229 total window): FINAL_SPEC_ERROR in 106.663s processing; model 106.586s/10 calls; 106.705s including wait/save; 1738.249s since startup
Processed 28/229 this run (28/229 total window): FINAL_SPEC_ERROR in 87.869s processing; model 87.792s/10 calls; 87.916s including wait/save; 1826.165s since startup
Processed 29/229 this run (29/229 total window): PIPELINE_SUCCESS in 49.99s processing; model 49.927s/7 calls; 50.034s including wait/save; 1876.199s since startup
Processed 30/229 this run (30/229 total window): FINAL_SPEC_ERROR in 73.447s processing; model 73.372s/10 calls; 73.505s including wait/save; 1949.704s since startup
Processed 31/229 this run (31/229 total window): FINAL_SPEC_ERROR in 106.76s processing; model 106.697s/10 calls; 106.806s including wait/save; 2056.510s since startup
Processed 32/229 this run (32/229 total window): PIPELINE_SUCCESS in 71.445s processing; model 71.335s/9 calls; 71.496s including wait/save; 2128.006s since startup
Processed 33/229 this run (33/229 total window): PIPELINE_SUCCESS in 69.084s processing; model 68.998s/9 calls; 69.128s including wait/save; 2197.135s since startup
Processed 34/229 this run (34/229 total window): PIPELINE_SUCCESS in 67.862s processing; model 67.751s/9 calls; 67.909s including wait/save; 2265.043s since startup
Processed 35/229 this run (35/229 total window): PIPELINE_SUCCESS in 39.05s processing; model 38.964s/8 calls; 39.098s including wait/save; 2304.141s since startup
Processed 36/229 this run (36/229 total window): PIPELINE_SUCCESS in 70.233s processing; model 70.017s/8 calls; 70.279s including wait/save; 2374.420s since startup
Processed 37/229 this run (37/229 total window): PIPELINE_SUCCESS in 66.295s processing; model 66.201s/8 calls; 66.365s including wait/save; 2440.786s since startup
Processed 38/229 this run (38/229 total window): PIPELINE_SUCCESS in 67.092s processing; model 66.991s/9 calls; 67.142s including wait/save; 2507.928s since startup
Processed 39/229 this run (39/229 total window): PIPELINE_SUCCESS in 87.304s processing; model 87.198s/10 calls; 87.359s including wait/save; 2595.287s since startup
Processed 40/229 this run (40/229 total window): PIPELINE_SUCCESS in 196.902s processing; model 196.694s/10 calls; 196.966s including wait/save; 2792.253s since startup
Processed 41/229 this run (41/229 total window): PIPELINE_SUCCESS in 74.363s processing; model 74.195s/9 calls; 74.417s including wait/save; 2866.670s since startup
Processed 42/229 this run (42/229 total window): PIPELINE_SUCCESS in 62.598s processing; model 62.502s/9 calls; 62.654s including wait/save; 2929.323s since startup
Processed 43/229 this run (43/229 total window): PIPELINE_SUCCESS in 37.34s processing; model 37.313s/5 calls; 37.403s including wait/save; 2966.726s since startup
Processed 44/229 this run (44/229 total window): PIPELINE_SUCCESS in 16.816s processing; model 16.784s/5 calls; 16.877s including wait/save; 2983.603s since startup
Processed 45/229 this run (45/229 total window): PIPELINE_SUCCESS in 23.681s processing; model 23.623s/5 calls; 23.742s including wait/save; 3007.345s since startup
Processed 46/229 this run (46/229 total window): PIPELINE_SUCCESS in 113.909s processing; model 113.884s/5 calls; 113.974s including wait/save; 3121.319s since startup
Processed 47/229 this run (47/229 total window): PIPELINE_SUCCESS in 17.759s processing; model 17.726s/5 calls; 17.821s including wait/save; 3139.141s since startup
Processed 48/229 this run (48/229 total window): PIPELINE_SUCCESS in 22.462s processing; model 22.435s/5 calls; 22.529s including wait/save; 3161.670s since startup
Processed 49/229 this run (49/229 total window): PIPELINE_SUCCESS in 17.542s processing; model 17.517s/5 calls; 17.609s including wait/save; 3179.279s since startup
Processed 50/229 this run (50/229 total window): PIPELINE_SUCCESS in 44.026s processing; model 43.993s/7 calls; 44.099s including wait/save; 3223.379s since startup
Processed 51/229 this run (51/229 total window): PIPELINE_SUCCESS in 27.669s processing; model 27.634s/5 calls; 27.733s including wait/save; 3251.112s since startup
Processed 52/229 this run (52/229 total window): PIPELINE_SUCCESS in 27.823s processing; model 27.753s/6 calls; 27.885s including wait/save; 3278.998s since startup
Processed 53/229 this run (53/229 total window): PIPELINE_SUCCESS in 26.274s processing; model 25.916s/6 calls; 26.347s including wait/save; 3305.344s since startup
Processed 54/229 this run (54/229 total window): PIPELINE_SUCCESS in 32.012s processing; model 31.956s/6 calls; 32.081s including wait/save; 3337.426s since startup
Processed 55/229 this run (55/229 total window): PIPELINE_SUCCESS in 40.66s processing; model 40.612s/8 calls; 40.729s including wait/save; 3378.154s since startup
Processed 56/229 this run (56/229 total window): PIPELINE_SUCCESS in 26.426s processing; model 26.368s/6 calls; 26.493s including wait/save; 3404.648s since startup
Processed 57/229 this run (57/229 total window): PIPELINE_SUCCESS in 29.342s processing; model 28.965s/6 calls; 29.418s including wait/save; 3434.066s since startup
Processed 58/229 this run (58/229 total window): PIPELINE_SUCCESS in 33.003s processing; model 32.957s/6 calls; 33.081s including wait/save; 3467.147s since startup
Processed 59/229 this run (59/229 total window): PIPELINE_SUCCESS in 26.471s processing; model 26.375s/6 calls; 26.548s including wait/save; 3493.695s since startup
Processed 60/229 this run (60/229 total window): PIPELINE_SUCCESS in 25.83s processing; model 25.464s/6 calls; 25.896s including wait/save; 3519.592s since startup
Processed 61/229 this run (61/229 total window): PIPELINE_SUCCESS in 32.689s processing; model 32.631s/6 calls; 32.756s including wait/save; 3552.348s since startup
Processed 62/229 this run (62/229 total window): PIPELINE_SUCCESS in 32.394s processing; model 32.324s/7 calls; 32.475s including wait/save; 3584.823s since startup
Processed 63/229 this run (63/229 total window): PIPELINE_SUCCESS in 49.478s processing; model 49.419s/7 calls; 49.546s including wait/save; 3634.369s since startup
Processed 64/229 this run (64/229 total window): PIPELINE_SUCCESS in 38.419s processing; model 38.366s/7 calls; 38.489s including wait/save; 3672.858s since startup
Processed 65/229 this run (65/229 total window): PIPELINE_SUCCESS in 45.706s processing; model 45.619s/7 calls; 45.777s including wait/save; 3718.635s since startup
Processed 66/229 this run (66/229 total window): FINAL_SPEC_ERROR in 98.025s processing; model 97.961s/10 calls; 98.112s including wait/save; 3816.747s since startup
Processed 67/229 this run (67/229 total window): PIPELINE_SUCCESS in 39.683s processing; model 39.587s/7 calls; 39.756s including wait/save; 3856.503s since startup
Processed 68/229 this run (68/229 total window): PIPELINE_SUCCESS in 46.993s processing; model 46.939s/7 calls; 47.082s including wait/save; 3903.586s since startup
Processed 69/229 this run (69/229 total window): PIPELINE_SUCCESS in 54.083s processing; model 53.994s/9 calls; 54.169s including wait/save; 3957.755s since startup
Processed 70/229 this run (70/229 total window): PIPELINE_SUCCESS in 80.702s processing; model 80.630s/8 calls; 80.781s including wait/save; 4038.536s since startup
Processed 71/229 this run (71/229 total window): PIPELINE_SUCCESS in 65.766s processing; model 65.677s/8 calls; 65.842s including wait/save; 4104.378s since startup
Processed 72/229 this run (72/229 total window): PIPELINE_SUCCESS in 82.085s processing; model 81.999s/9 calls; 82.173s including wait/save; 4186.551s since startup
Processed 73/229 this run (73/229 total window): PIPELINE_SUCCESS in 56.198s processing; model 56.119s/8 calls; 56.290s including wait/save; 4242.841s since startup
Processed 74/229 this run (74/229 total window): PIPELINE_SUCCESS in 43.31s processing; model 43.266s/6 calls; 43.406s including wait/save; 4286.247s since startup
Processed 75/229 this run (75/229 total window): FINAL_SPEC_ERROR in 50.511s processing; model 50.466s/9 calls; 50.609s including wait/save; 4336.856s since startup
Processed 76/229 this run (76/229 total window): FINAL_SPEC_ERROR in 120.707s processing; model 120.665s/9 calls; 120.806s including wait/save; 4457.663s since startup
Processed 77/229 this run (77/229 total window): FINAL_SPEC_ERROR in 178.319s processing; model 178.273s/9 calls; 178.408s including wait/save; 4636.071s since startup
Processed 78/229 this run (78/229 total window): PIPELINE_SUCCESS in 80.579s processing; model 80.544s/6 calls; 80.663s including wait/save; 4716.734s since startup
Processed 79/229 this run (79/229 total window): FINAL_SPEC_ERROR in 235.201s processing; model 235.155s/9 calls; 235.291s including wait/save; 4952.025s since startup
Processed 80/229 this run (80/229 total window): FINAL_SPEC_ERROR in 85.221s processing; model 85.181s/9 calls; 85.309s including wait/save; 5037.334s since startup
Processed 81/229 this run (81/229 total window): FINAL_SPEC_ERROR in 129.046s processing; model 129.001s/9 calls; 129.136s including wait/save; 5166.470s since startup
Processed 82/229 this run (82/229 total window): PIPELINE_SUCCESS in 95.124s processing; model 95.087s/6 calls; 95.212s including wait/save; 5261.682s since startup
Processed 83/229 this run (83/229 total window): PIPELINE_SUCCESS in 66.163s processing; model 66.106s/6 calls; 66.251s including wait/save; 5327.933s since startup
Processed 84/229 this run (84/229 total window): PIPELINE_SUCCESS in 78.422s processing; model 78.383s/6 calls; 78.532s including wait/save; 5406.465s since startup
Processed 85/229 this run (85/229 total window): PIPELINE_SUCCESS in 64.516s processing; model 64.331s/7 calls; 64.612s including wait/save; 5471.077s since startup
Processed 86/229 this run (86/229 total window): PIPELINE_SUCCESS in 46.325s processing; model 46.242s/7 calls; 46.412s including wait/save; 5517.489s since startup
Processed 87/229 this run (87/229 total window): PIPELINE_SUCCESS in 36.468s processing; model 36.308s/7 calls; 36.554s including wait/save; 5554.043s since startup
Processed 88/229 this run (88/229 total window): PIPELINE_SUCCESS in 80.471s processing; model 80.277s/7 calls; 80.561s including wait/save; 5634.604s since startup
Processed 89/229 this run (89/229 total window): PIPELINE_SUCCESS in 60.261s processing; model 60.184s/7 calls; 60.350s including wait/save; 5694.954s since startup
Processed 90/229 this run (90/229 total window): PIPELINE_SUCCESS in 41.01s processing; model 40.886s/7 calls; 41.117s including wait/save; 5736.071s since startup
Processed 91/229 this run (91/229 total window): PIPELINE_SUCCESS in 40.394s processing; model 40.223s/7 calls; 40.485s including wait/save; 5776.555s since startup
Processed 92/229 this run (92/229 total window): PIPELINE_SUCCESS in 61.335s processing; model 61.241s/7 calls; 61.437s including wait/save; 5837.993s since startup
Processed 93/229 this run (93/229 total window): FINAL_SPEC_ERROR in 77.335s processing; model 77.238s/10 calls; 77.441s including wait/save; 5915.434s since startup
Processed 94/229 this run (94/229 total window): PIPELINE_SUCCESS in 52.406s processing; model 52.192s/8 calls; 52.508s including wait/save; 5967.942s since startup
Processed 95/229 this run (95/229 total window): PIPELINE_SUCCESS in 49.096s processing; model 49.019s/7 calls; 49.197s including wait/save; 6017.139s since startup
Processed 96/229 this run (96/229 total window): PIPELINE_SUCCESS in 47.561s processing; model 47.402s/7 calls; 47.666s including wait/save; 6064.806s since startup
Processed 97/229 this run (97/229 total window): PIPELINE_SUCCESS in 83.324s processing; model 83.201s/8 calls; 83.436s including wait/save; 6148.242s since startup
Processed 98/229 this run (98/229 total window): PIPELINE_SUCCESS in 87.559s processing; model 87.469s/8 calls; 87.655s including wait/save; 6235.897s since startup
Processed 99/229 this run (99/229 total window): PIPELINE_SUCCESS in 48.329s processing; model 48.230s/8 calls; 48.425s including wait/save; 6284.322s since startup
Processed 100/229 this run (100/229 total window): PIPELINE_SUCCESS in 57.752s processing; model 57.655s/8 calls; 57.854s including wait/save; 6342.176s since startup
Processed 101/229 this run (101/229 total window): PIPELINE_SUCCESS in 57.257s processing; model 57.157s/8 calls; 57.355s including wait/save; 6399.531s since startup
Processed 102/229 this run (102/229 total window): PIPELINE_SUCCESS in 66.313s processing; model 66.204s/8 calls; 66.411s including wait/save; 6465.942s since startup
Processed 103/229 this run (103/229 total window): FINAL_SPEC_ERROR in 80.512s processing; model 80.424s/11 calls; 80.619s including wait/save; 6546.561s since startup
Processed 104/229 this run (104/229 total window): PIPELINE_SUCCESS in 51.849s processing; model 51.765s/8 calls; 51.951s including wait/save; 6598.511s since startup
Processed 105/229 this run (105/229 total window): PIPELINE_SUCCESS in 38.173s processing; model 37.375s/6 calls; 38.275s including wait/save; 6636.787s since startup
Processed 106/229 this run (106/229 total window): PIPELINE_SUCCESS in 140.122s processing; model 139.588s/6 calls; 140.236s including wait/save; 6777.023s since startup
Processed 107/229 this run (107/229 total window): PIPELINE_SUCCESS in 78.463s processing; model 76.885s/7 calls; 78.567s including wait/save; 6855.591s since startup
Processed 108/229 this run (108/229 total window): PIPELINE_SUCCESS in 69.313s processing; model 67.904s/6 calls; 69.418s including wait/save; 6925.009s since startup
Processed 109/229 this run (109/229 total window): PIPELINE_SUCCESS in 40.131s processing; model 39.666s/6 calls; 40.250s including wait/save; 6965.258s since startup
Processed 110/229 this run (110/229 total window): PIPELINE_SUCCESS in 26.47s processing; model 26.412s/6 calls; 26.618s including wait/save; 6991.876s since startup
Processed 111/229 this run (111/229 total window): PIPELINE_SUCCESS in 30.125s processing; model 29.758s/6 calls; 30.232s including wait/save; 7022.108s since startup
Processed 112/229 this run (112/229 total window): PIPELINE_SUCCESS in 49.645s processing; model 48.458s/7 calls; 49.751s including wait/save; 7071.859s since startup
Processed 113/229 this run (113/229 total window): PIPELINE_SUCCESS in 69.223s processing; model 68.096s/8 calls; 69.342s including wait/save; 7141.201s since startup
Processed 114/229 this run (114/229 total window): PIPELINE_SUCCESS in 48.433s processing; model 47.117s/7 calls; 48.542s including wait/save; 7189.743s since startup
Processed 115/229 this run (115/229 total window): PIPELINE_SUCCESS in 57.131s processing; model 56.176s/7 calls; 57.241s including wait/save; 7246.984s since startup
Processed 116/229 this run (116/229 total window): PIPELINE_SUCCESS in 95.908s processing; model 94.966s/8 calls; 96.018s including wait/save; 7343.002s since startup
Processed 117/229 this run (117/229 total window): PIPELINE_SUCCESS in 65.168s processing; model 64.415s/9 calls; 65.280s including wait/save; 7408.282s since startup
Processed 118/229 this run (118/229 total window): PIPELINE_SUCCESS in 62.566s processing; model 61.796s/9 calls; 62.693s including wait/save; 7470.975s since startup
Processed 119/229 this run (119/229 total window): PIPELINE_SUCCESS in 162.681s processing; model 161.546s/9 calls; 162.795s including wait/save; 7633.771s since startup
Processed 120/229 this run (120/229 total window): PIPELINE_SUCCESS in 70.214s processing; model 68.746s/8 calls; 70.334s including wait/save; 7704.105s since startup
Processed 121/229 this run (121/229 total window): PIPELINE_SUCCESS in 98.157s processing; model 96.627s/9 calls; 98.286s including wait/save; 7802.391s since startup
Processed 122/229 this run (122/229 total window): PIPELINE_SUCCESS in 122.507s processing; model 121.007s/10 calls; 122.626s including wait/save; 7925.017s since startup
Processed 123/229 this run (123/229 total window): PIPELINE_SUCCESS in 133.553s processing; model 132.177s/9 calls; 133.673s including wait/save; 8058.691s since startup
Processed 124/229 this run (124/229 total window): PIPELINE_SUCCESS in 75.736s processing; model 74.383s/8 calls; 75.858s including wait/save; 8134.549s since startup
Processed 125/229 this run (125/229 total window): PIPELINE_SUCCESS in 114.113s processing; model 112.633s/9 calls; 114.237s including wait/save; 8248.787s since startup
Processed 126/229 this run (126/229 total window): PIPELINE_SUCCESS in 121.883s processing; model 120.336s/11 calls; 122.012s including wait/save; 8370.799s since startup
Processed 127/229 this run (127/229 total window): PIPELINE_SUCCESS in 91.237s processing; model 90.137s/8 calls; 91.364s including wait/save; 8462.163s since startup
Processed 128/229 this run (128/229 total window): PIPELINE_SUCCESS in 233.903s processing; model 232.881s/10 calls; 234.035s including wait/save; 8696.198s since startup
Processed 129/229 this run (129/229 total window): PIPELINE_SUCCESS in 120.812s processing; model 119.370s/10 calls; 120.954s including wait/save; 8817.152s since startup
Processed 130/229 this run (130/229 total window): PIPELINE_SUCCESS in 177.609s processing; model 176.072s/9 calls; 177.745s including wait/save; 8994.897s since startup
Processed 131/229 this run (131/229 total window): PIPELINE_SUCCESS in 112.69s processing; model 110.784s/10 calls; 112.854s including wait/save; 9107.751s since startup
Processed 132/229 this run (132/229 total window): PIPELINE_SUCCESS in 98.78s processing; model 96.944s/10 calls; 98.939s including wait/save; 9206.690s since startup
Processed 133/229 this run (133/229 total window): PIPELINE_SUCCESS in 94.51s processing; model 92.616s/10 calls; 94.663s including wait/save; 9301.353s since startup
Processed 134/229 this run (134/229 total window): FINAL_SPEC_ERROR in 188.281s processing; model 188.081s/12 calls; 188.436s including wait/save; 9489.789s since startup
Processed 135/229 this run (135/229 total window): PIPELINE_SUCCESS in 100.613s processing; model 99.267s/10 calls; 100.767s including wait/save; 9590.556s since startup
Processed 136/229 this run (136/229 total window): PIPELINE_SUCCESS in 166.925s processing; model 165.749s/11 calls; 167.083s including wait/save; 9757.639s since startup
Processed 137/229 this run (137/229 total window): PIPELINE_SUCCESS in 57.306s processing; model 57.269s/6 calls; 57.469s including wait/save; 9815.108s since startup
Processed 138/229 this run (138/229 total window): PIPELINE_SUCCESS in 46.273s processing; model 46.234s/5 calls; 46.437s including wait/save; 9861.545s since startup
Processed 139/229 this run (139/229 total window): PIPELINE_SUCCESS in 23.85s processing; model 23.823s/5 calls; 24.021s including wait/save; 9885.566s since startup
Processed 140/229 this run (140/229 total window): PIPELINE_SUCCESS in 33.457s processing; model 33.429s/5 calls; 33.624s including wait/save; 9919.190s since startup
Processed 141/229 this run (141/229 total window): PIPELINE_SUCCESS in 19.298s processing; model 19.259s/5 calls; 19.459s including wait/save; 9938.649s since startup
Processed 142/229 this run (142/229 total window): PIPELINE_SUCCESS in 49.351s processing; model 49.327s/5 calls; 49.532s including wait/save; 9988.181s since startup
Processed 143/229 this run (143/229 total window): PIPELINE_SUCCESS in 28.544s processing; model 28.502s/5 calls; 28.705s including wait/save; 10016.886s since startup
Processed 144/229 this run (144/229 total window): PIPELINE_SUCCESS in 23.726s processing; model 23.629s/5 calls; 23.887s including wait/save; 10040.773s since startup
Processed 145/229 this run (145/229 total window): PIPELINE_SUCCESS in 17.326s processing; model 17.302s/5 calls; 17.494s including wait/save; 10058.267s since startup
Processed 146/229 this run (146/229 total window): PIPELINE_SUCCESS in 25.139s processing; model 25.091s/5 calls; 25.302s including wait/save; 10083.570s since startup
Processed 147/229 this run (147/229 total window): PIPELINE_SUCCESS in 20.233s processing; model 20.170s/5 calls; 20.396s including wait/save; 10103.966s since startup
Processed 148/229 this run (148/229 total window): PIPELINE_SUCCESS in 27.161s processing; model 27.134s/5 calls; 27.329s including wait/save; 10131.295s since startup
Processed 149/229 this run (149/229 total window): PIPELINE_SUCCESS in 28.296s processing; model 28.243s/5 calls; 28.461s including wait/save; 10159.756s since startup
Processed 150/229 this run (150/229 total window): PIPELINE_SUCCESS in 18.564s processing; model 18.506s/5 calls; 18.734s including wait/save; 10178.490s since startup
Processed 151/229 this run (151/229 total window): PIPELINE_SUCCESS in 19.212s processing; model 19.186s/5 calls; 19.383s including wait/save; 10197.873s since startup
Processed 152/229 this run (152/229 total window): PIPELINE_SUCCESS in 55.217s processing; model 55.168s/5 calls; 55.387s including wait/save; 10253.260s since startup
Processed 153/229 this run (153/229 total window): PIPELINE_SUCCESS in 19.992s processing; model 19.952s/5 calls; 20.165s including wait/save; 10273.426s since startup
Processed 154/229 this run (154/229 total window): PIPELINE_SUCCESS in 39.693s processing; model 39.557s/6 calls; 39.870s including wait/save; 10313.296s since startup
Processed 155/229 this run (155/229 total window): PIPELINE_SUCCESS in 26.949s processing; model 26.862s/6 calls; 27.127s including wait/save; 10340.423s since startup
Processed 156/229 this run (156/229 total window): PIPELINE_SUCCESS in 48.714s processing; model 48.650s/7 calls; 48.885s including wait/save; 10389.308s since startup
Processed 157/229 this run (157/229 total window): PIPELINE_SUCCESS in 30.602s processing; model 30.518s/6 calls; 30.769s including wait/save; 10420.077s since startup
Processed 158/229 this run (158/229 total window): PIPELINE_SUCCESS in 31.899s processing; model 31.798s/6 calls; 32.068s including wait/save; 10452.146s since startup
Processed 159/229 this run (159/229 total window): PIPELINE_SUCCESS in 35.975s processing; model 35.871s/7 calls; 36.161s including wait/save; 10488.307s since startup
Processed 160/229 this run (160/229 total window): PIPELINE_SUCCESS in 47.014s processing; model 46.923s/7 calls; 47.188s including wait/save; 10535.495s since startup
Processed 161/229 this run (161/229 total window): PIPELINE_SUCCESS in 45.7s processing; model 45.632s/6 calls; 45.905s including wait/save; 10581.401s since startup
Processed 162/229 this run (162/229 total window): PIPELINE_SUCCESS in 56.128s processing; model 56.037s/7 calls; 56.299s including wait/save; 10637.700s since startup
Processed 163/229 this run (163/229 total window): PIPELINE_SUCCESS in 130.078s processing; model 130.009s/7 calls; 130.252s including wait/save; 10767.952s since startup
Processed 164/229 this run (164/229 total window): PIPELINE_SUCCESS in 41.32s processing; model 41.237s/7 calls; 41.503s including wait/save; 10809.456s since startup
Processed 165/229 this run (165/229 total window): PIPELINE_SUCCESS in 108.146s processing; model 107.979s/19 calls; 108.331s including wait/save; 10917.786s since startup
Processed 166/229 this run (166/229 total window): PIPELINE_SUCCESS in 133.182s processing; model 133.077s/7 calls; 133.358s including wait/save; 11051.145s since startup
Processed 167/229 this run (167/229 total window): QUERY_SPEC_ERROR in 110.754s processing; model 110.676s/17 calls; 110.944s including wait/save; 11162.089s since startup
Processed 168/229 this run (168/229 total window): PIPELINE_SUCCESS in 39.059s processing; model 38.990s/5 calls; 39.236s including wait/save; 11201.325s since startup
Processed 169/229 this run (169/229 total window): PIPELINE_SUCCESS in 20.255s processing; model 20.199s/5 calls; 20.431s including wait/save; 11221.756s since startup
Processed 170/229 this run (170/229 total window): PIPELINE_SUCCESS in 44.478s processing; model 44.439s/5 calls; 44.653s including wait/save; 11266.410s since startup
Processed 171/229 this run (171/229 total window): PIPELINE_SUCCESS in 25.766s processing; model 25.701s/5 calls; 25.950s including wait/save; 11292.360s since startup
Processed 172/229 this run (172/229 total window): PIPELINE_SUCCESS in 34.537s processing; model 34.410s/5 calls; 34.717s including wait/save; 11327.077s since startup
Processed 173/229 this run (173/229 total window): PIPELINE_SUCCESS in 54.58s processing; model 54.553s/5 calls; 54.767s including wait/save; 11381.844s since startup
Processed 174/229 this run (174/229 total window): PIPELINE_SUCCESS in 41.813s processing; model 41.757s/6 calls; 41.992s including wait/save; 11423.836s since startup
Processed 175/229 this run (175/229 total window): PIPELINE_SUCCESS in 32.371s processing; model 32.329s/5 calls; 32.566s including wait/save; 11456.402s since startup
Processed 176/229 this run (176/229 total window): PIPELINE_SUCCESS in 35.428s processing; model 35.393s/5 calls; 35.609s including wait/save; 11492.012s since startup
Processed 177/229 this run (177/229 total window): PIPELINE_SUCCESS in 21.357s processing; model 21.307s/5 calls; 21.539s including wait/save; 11513.551s since startup
Processed 178/229 this run (178/229 total window): PIPELINE_SUCCESS in 49.672s processing; model 49.629s/6 calls; 49.852s including wait/save; 11563.403s since startup
Processed 179/229 this run (179/229 total window): PIPELINE_SUCCESS in 31.454s processing; model 31.424s/5 calls; 31.637s including wait/save; 11595.040s since startup
Processed 180/229 this run (180/229 total window): PIPELINE_SUCCESS in 70.178s processing; model 70.139s/5 calls; 70.370s including wait/save; 11665.410s since startup
Processed 181/229 this run (181/229 total window): PIPELINE_SUCCESS in 41.439s processing; model 41.068s/6 calls; 41.620s including wait/save; 11707.030s since startup
Processed 182/229 this run (182/229 total window): PIPELINE_SUCCESS in 36.661s processing; model 36.592s/6 calls; 36.856s including wait/save; 11743.886s since startup
Processed 183/229 this run (183/229 total window): PIPELINE_SUCCESS in 46.374s processing; model 46.318s/6 calls; 46.557s including wait/save; 11790.443s since startup
Processed 184/229 this run (184/229 total window): PIPELINE_SUCCESS in 43.743s processing; model 43.684s/6 calls; 43.932s including wait/save; 11834.375s since startup
Processed 185/229 this run (185/229 total window): PIPELINE_SUCCESS in 45.909s processing; model 45.531s/6 calls; 46.110s including wait/save; 11880.485s since startup
Processed 186/229 this run (186/229 total window): PIPELINE_SUCCESS in 25.478s processing; model 25.038s/6 calls; 25.672s including wait/save; 11906.157s since startup
Processed 187/229 this run (187/229 total window): PIPELINE_SUCCESS in 26.974s processing; model 26.577s/6 calls; 27.195s including wait/save; 11933.353s since startup
Processed 188/229 this run (188/229 total window): PIPELINE_SUCCESS in 40.135s processing; model 39.734s/7 calls; 40.322s including wait/save; 11973.675s since startup
Processed 189/229 this run (189/229 total window): PIPELINE_SUCCESS in 64.163s processing; model 63.754s/7 calls; 64.350s including wait/save; 12038.025s since startup
Processed 190/229 this run (190/229 total window): PIPELINE_SUCCESS in 41.674s processing; model 41.265s/7 calls; 41.870s including wait/save; 12079.894s since startup
Processed 191/229 this run (191/229 total window): PIPELINE_SUCCESS in 52.659s processing; model 52.255s/7 calls; 52.847s including wait/save; 12132.741s since startup
Processed 192/229 this run (192/229 total window): PIPELINE_SUCCESS in 78.182s processing; model 77.787s/7 calls; 78.370s including wait/save; 12211.111s since startup
Processed 193/229 this run (193/229 total window): FINAL_SPEC_ERROR in 118.061s processing; model 117.998s/10 calls; 118.261s including wait/save; 12329.372s since startup
Processed 194/229 this run (194/229 total window): PIPELINE_SUCCESS in 42.225s processing; model 41.809s/7 calls; 42.422s including wait/save; 12371.794s since startup
Processed 195/229 this run (195/229 total window): PIPELINE_SUCCESS in 72.756s processing; model 71.921s/8 calls; 72.951s including wait/save; 12444.745s since startup
Processed 196/229 this run (196/229 total window): PIPELINE_SUCCESS in 60.332s processing; model 59.438s/8 calls; 60.537s including wait/save; 12505.282s since startup
Processed 197/229 this run (197/229 total window): PIPELINE_SUCCESS in 69.625s processing; model 68.790s/8 calls; 69.809s including wait/save; 12575.092s since startup
Processed 198/229 this run (198/229 total window): PIPELINE_SUCCESS in 76.26s processing; model 75.135s/8 calls; 76.457s including wait/save; 12651.549s since startup
Processed 199/229 this run (199/229 total window): PIPELINE_SUCCESS in 25.177s processing; model 25.141s/5 calls; 25.366s including wait/save; 12676.915s since startup
Processed 200/229 this run (200/229 total window): PIPELINE_SUCCESS in 22.93s processing; model 22.894s/5 calls; 23.145s including wait/save; 12700.060s since startup
Processed 201/229 this run (201/229 total window): PIPELINE_SUCCESS in 25.97s processing; model 25.929s/5 calls; 26.171s including wait/save; 12726.232s since startup
Processed 202/229 this run (202/229 total window): PIPELINE_SUCCESS in 125.795s processing; model 125.756s/5 calls; 126.004s including wait/save; 12852.235s since startup
Processed 203/229 this run (203/229 total window): PIPELINE_SUCCESS in 20.385s processing; model 20.345s/5 calls; 20.589s including wait/save; 12872.824s since startup
Processed 204/229 this run (204/229 total window): PIPELINE_SUCCESS in 21.547s processing; model 21.432s/5 calls; 21.751s including wait/save; 12894.576s since startup
Processed 205/229 this run (205/229 total window): PIPELINE_SUCCESS in 25.659s processing; model 25.623s/5 calls; 25.874s including wait/save; 12920.450s since startup
Processed 206/229 this run (206/229 total window): PIPELINE_SUCCESS in 21.799s processing; model 21.754s/5 calls; 22.001s including wait/save; 12942.451s since startup
Processed 207/229 this run (207/229 total window): PIPELINE_SUCCESS in 23.338s processing; model 23.298s/5 calls; 23.549s including wait/save; 12966.001s since startup
Processed 208/229 this run (208/229 total window): PIPELINE_SUCCESS in 15.276s processing; model 15.229s/5 calls; 15.483s including wait/save; 12981.484s since startup
Processed 209/229 this run (209/229 total window): PIPELINE_SUCCESS in 32.166s processing; model 31.896s/6 calls; 32.363s including wait/save; 13013.847s since startup
Processed 210/229 this run (210/229 total window): PIPELINE_SUCCESS in 23.395s processing; model 23.333s/5 calls; 23.617s including wait/save; 13037.464s since startup
Processed 211/229 this run (211/229 total window): PIPELINE_SUCCESS in 30.124s processing; model 30.079s/5 calls; 30.332s including wait/save; 13067.796s since startup
Processed 212/229 this run (212/229 total window): PIPELINE_SUCCESS in 33.891s processing; model 33.863s/5 calls; 34.094s including wait/save; 13101.890s since startup
Processed 213/229 this run (213/229 total window): PIPELINE_SUCCESS in 47.342s processing; model 47.314s/5 calls; 47.547s including wait/save; 13149.437s since startup
Processed 214/229 this run (214/229 total window): PIPELINE_SUCCESS in 25.755s processing; model 25.721s/5 calls; 25.962s including wait/save; 13175.399s since startup
Processed 215/229 this run (215/229 total window): PIPELINE_SUCCESS in 27.001s processing; model 26.974s/5 calls; 27.208s including wait/save; 13202.608s since startup
Processed 216/229 this run (216/229 total window): PIPELINE_SUCCESS in 28.833s processing; model 28.798s/5 calls; 29.031s including wait/save; 13231.639s since startup
Processed 217/229 this run (217/229 total window): FINAL_SPEC_ERROR in 54.576s processing; model 54.515s/9 calls; 54.788s including wait/save; 13286.427s since startup
Processed 218/229 this run (218/229 total window): FINAL_SPEC_ERROR in 54.639s processing; model 54.584s/9 calls; 54.849s including wait/save; 13341.277s since startup
Processed 219/229 this run (219/229 total window): FINAL_SPEC_ERROR in 73.873s processing; model 73.816s/9 calls; 74.094s including wait/save; 13415.371s since startup
Processed 220/229 this run (220/229 total window): PIPELINE_SUCCESS in 41.702s processing; model 41.494s/6 calls; 41.909s including wait/save; 13457.280s since startup
Processed 221/229 this run (221/229 total window): PIPELINE_SUCCESS in 44.089s processing; model 43.894s/6 calls; 44.291s including wait/save; 13501.571s since startup
Processed 222/229 this run (222/229 total window): PIPELINE_SUCCESS in 58.842s processing; model 58.650s/6 calls; 59.045s including wait/save; 13560.615s since startup
Processed 223/229 this run (223/229 total window): PIPELINE_SUCCESS in 43.405s processing; model 43.203s/6 calls; 43.608s including wait/save; 13604.223s since startup
Processed 224/229 this run (224/229 total window): PIPELINE_SUCCESS in 58.138s processing; model 57.882s/6 calls; 58.332s including wait/save; 13662.555s since startup
Processed 225/229 this run (225/229 total window): PIPELINE_SUCCESS in 38.828s processing; model 38.432s/6 calls; 39.032s including wait/save; 13701.588s since startup
Processed 226/229 this run (226/229 total window): PIPELINE_SUCCESS in 73.9s processing; model 73.841s/7 calls; 74.108s including wait/save; 13775.696s since startup
Processed 227/229 this run (227/229 total window): PIPELINE_SUCCESS in 95.596s processing; model 95.149s/7 calls; 95.811s including wait/save; 13871.507s since startup
Processed 228/229 this run (228/229 total window): PIPELINE_SUCCESS in 62.034s processing; model 61.594s/7 calls; 62.252s including wait/save; 13933.759s since startup
Processed 229/229 this run (229/229 total window): PIPELINE_SUCCESS in 57.235s processing; model 56.791s/7 calls; 57.448s including wait/save; 13991.207s since startup
[COMPLETE] Pipeline finished. Details: /home/kritik/Desktop/neosapiens/finance/script_diff_llm2/ablations/improvement10_models/source/improvement10/.runtime/logs/pipeline_20261006_134111_134266.log
[TIME] Startup-to-finish: 13991.59s; model requests: 13899.10s (1624 calls). Slowest model stages: Decompose=3907.13s, Query_Understanding=3831.62s, Final_Spec=2956.47s, Query_Spec=2734.83s
[TIMING] /home/kritik/Desktop/neosapiens/finance/script_diff_llm2/ablations/improvement10_models/source/improvement10/.runtime/logs/timing_20261006_134109_134266.json
