Preparing/reusing SQL-only context; see /home/kritik/Desktop/neosapiens/finance/script_diff_llm2/ablations/hybrid_sql_only/runs/gpt_oss_120b/with_context/run_01/preparation/pipeline.log
Maximum active workers: 1; retaining 4 original shards
Worker 1: PID 186048, 250 questions
113/1000 saved
113/1000 saved
113/1000 saved
114/1000 saved
114/1000 saved
115/1000 saved
115/1000 saved
116/1000 saved
116/1000 saved
116/1000 saved
117/1000 saved
117/1000 saved
118/1000 saved
118/1000 saved: /home/kritik/Desktop/neosapiens/finance/script_diff_llm2/ablations/hybrid_sql_only/runs/gpt_oss_120b/with_context/run_01/raw_pipeline.csv
Traceback (most recent call last):
  File "/home/kritik/Desktop/neosapiens/finance/script_diff_llm2/ablations/hybrid_sql_only/run_raw.py", line 139, in <module>
    if __name__=='__main__':raise SystemExit(main())
  File "/home/kritik/Desktop/neosapiens/finance/script_diff_llm2/ablations/hybrid_sql_only/run_raw.py", line 124, in main
    time.sleep(10)
KeyboardInterrupt
