[INPUT] ONTOLOGY_FILE: /home/kritik/Desktop/neosapiens/finance/script_diff_llm2/ablations/improvement11_gpt_oss_120b/source/improvemnt11kgfixed/kg_output_fixed/wealth_management_diverse_schema.ttl
[INPUT] INSTANCE_FILE: /home/kritik/Desktop/neosapiens/finance/script_diff_llm2/ablations/improvement11_gpt_oss_120b/source/improvemnt11kgfixed/kg_output_fixed/wealth_management_diverse_kg.ttl
[INPUT] DOMAIN_INTRO_FILE: /home/kritik/Desktop/neosapiens/finance/script_diff_llm2/ablations/improvement11_gpt_oss_120b/source/improvemnt11kgfixed/domain_intro_latest.prompt
[INPUT] BUSINESS_RULES_FILE: /home/kritik/Desktop/neosapiens/finance/script_diff_llm2/ablations/improvement11_gpt_oss_120b/source/improvemnt11kgfixed/business_rules_addendum.md
[RUNNING] Report: /home/kritik/Desktop/neosapiens/finance/script_diff_llm2/ablations/improvement11_gpt_oss_120b/runs/gpt_oss_120b/run_01/parallel_workers4/worker_03/raw_pipeline.csv
[LOG] /home/kritik/Desktop/neosapiens/finance/script_diff_llm2/ablations/improvement11_gpt_oss_120b/source/improvemnt11kgfixed/.runtime/logs/pipeline_20261007_144234_169555.log
[CACHE] Knowledge hit in 0.012s
[TIME] Startup ready: 1.314s; query delay: 0s
Processed 1/247 this run (1/247 total window): PIPELINE_SUCCESS in 33.574s processing; model 33.479s/5 calls; 33.580s including wait/save; 34.895s since startup
Processed 2/247 this run (2/247 total window): PIPELINE_SUCCESS in 35.273s processing; model 35.175s/5 calls; 35.279s including wait/save; 70.174s since startup
Processed 3/247 this run (3/247 total window): PIPELINE_SUCCESS in 24.867s processing; model 24.779s/5 calls; 24.878s including wait/save; 95.052s since startup
Processed 4/247 this run (4/247 total window): PIPELINE_SUCCESS in 42.597s processing; model 42.523s/5 calls; 42.606s including wait/save; 137.658s since startup
Processed 5/247 this run (5/247 total window): PIPELINE_SUCCESS in 44.951s processing; model 44.861s/5 calls; 44.957s including wait/save; 182.615s since startup
Processed 6/247 this run (6/247 total window): PIPELINE_SUCCESS in 66.452s processing; model 66.299s/7 calls; 66.459s including wait/save; 249.075s since startup
Processed 7/247 this run (7/247 total window): PIPELINE_SUCCESS in 43.396s processing; model 43.239s/6 calls; 43.403s including wait/save; 292.478s since startup
Processed 8/247 this run (8/247 total window): PIPELINE_SUCCESS in 62.266s processing; model 62.089s/6 calls; 62.272s including wait/save; 354.750s since startup
Processed 9/247 this run (9/247 total window): PIPELINE_SUCCESS in 71.884s processing; model 71.689s/8 calls; 71.890s including wait/save; 426.640s since startup
Processed 10/247 this run (10/247 total window): PIPELINE_SUCCESS in 102.404s processing; model 102.214s/7 calls; 102.414s including wait/save; 529.055s since startup
Processed 11/247 this run (11/247 total window): PIPELINE_SUCCESS in 77.523s processing; model 77.258s/5 calls; 77.531s including wait/save; 606.586s since startup
Processed 12/247 this run (12/247 total window): PIPELINE_SUCCESS in 73.578s processing; model 73.278s/6 calls; 73.585s including wait/save; 680.171s since startup
Processed 13/247 this run (13/247 total window): PIPELINE_SUCCESS in 51.003s processing; model 50.750s/6 calls; 51.016s including wait/save; 731.187s since startup
Processed 14/247 this run (14/247 total window): PIPELINE_SUCCESS in 46.221s processing; model 45.941s/7 calls; 46.231s including wait/save; 777.418s since startup
Processed 15/247 this run (15/247 total window): PIPELINE_SUCCESS in 61.966s processing; model 61.685s/7 calls; 61.976s including wait/save; 839.394s since startup
Processed 16/247 this run (16/247 total window): TRANSIENT_ERROR in 34.908s processing; model 34.897s/2 calls; 34.930s including wait/save; 874.324s since startup
Processed 17/247 this run (17/247 total window): TRANSIENT_ERROR in 21.434s processing; model 21.428s/1 calls; 21.455s including wait/save; 895.779s since startup
Processed 18/247 this run (18/247 total window): TRANSIENT_ERROR in 20.53s processing; model 20.524s/1 calls; 20.558s including wait/save; 916.337s since startup
Processed 19/247 this run (19/247 total window): TRANSIENT_ERROR in 22.691s processing; model 22.685s/1 calls; 22.712s including wait/save; 939.049s since startup
Processed 20/247 this run (20/247 total window): TRANSIENT_ERROR in 37.152s processing; model 37.141s/2 calls; 37.166s including wait/save; 976.215s since startup
Processed 21/247 this run (21/247 total window): PIPELINE_SUCCESS in 194.022s processing; model 193.438s/8 calls; 194.034s including wait/save; 1170.250s since startup
Processed 22/247 this run (22/247 total window): TRANSIENT_ERROR in 60.338s processing; model 60.305s/4 calls; 60.364s including wait/save; 1230.614s since startup
Processed 23/247 this run (23/247 total window): TRANSIENT_ERROR in 51.902s processing; model 51.891s/2 calls; 51.931s including wait/save; 1282.545s since startup
Processed 24/247 this run (24/247 total window): TRANSIENT_ERROR in 65.563s processing; model 65.552s/2 calls; 65.585s including wait/save; 1348.129s since startup
Processed 25/247 this run (25/247 total window): TRANSIENT_ERROR in 51.899s processing; model 51.891s/2 calls; 51.922s including wait/save; 1400.051s since startup
Processed 26/247 this run (26/247 total window): TRANSIENT_ERROR in 59.131s processing; model 59.120s/2 calls; 59.153s including wait/save; 1459.205s since startup
[STOPPED] Interrupted. Details: /home/kritik/Desktop/neosapiens/finance/script_diff_llm2/ablations/improvement11_gpt_oss_120b/source/improvemnt11kgfixed/.runtime/logs/pipeline_20261007_144234_169555.log
[TIME] Startup-to-finish: 1518.53s; model requests: 1513.42s (120 calls). Slowest model stages: Query_Understanding=789.72s, Query_Spec=228.54s, Decompose=225.41s, Retrieve=169.37s
[TIMING] /home/kritik/Desktop/neosapiens/finance/script_diff_llm2/ablations/improvement11_gpt_oss_120b/source/improvemnt11kgfixed/.runtime/logs/timing_20261007_144234_169555.json
