[INPUT] SQLITE_DB_PATH: /home/kritik/Desktop/neosapiens/finance/script_diff_llm2/ablations/improvement10_models/source/improvement10/wealth_management_diverse.db
[INPUT] TABLE_METADATA_DIR: /home/kritik/Desktop/neosapiens/finance/script_diff_llm2/ablations/improvement10_models/source/improvement10/table_medatada
[INPUT] DOMAIN_INTRO_FILE: /home/kritik/Desktop/neosapiens/finance/script_diff_llm2/ablations/improvement10_models/source/improvement10/domain_intro_latest.prompt
[INPUT] BUSINESS_RULES_FILE: /home/kritik/Desktop/neosapiens/finance/script_diff_llm2/ablations/improvement10_models/source/improvement10/business_rules_addendum.md
[RUNNING] Report: /home/kritik/Desktop/neosapiens/finance/script_diff_llm2/ablations/improvement10_models/runs/qwen3_coder_480b/run_01/parallel_workers4/worker_02/raw_pipeline.csv
[LOG] /home/kritik/Desktop/neosapiens/finance/script_diff_llm2/ablations/improvement10_models/source/improvement10/.runtime/logs/pipeline_20261006_194225_299885.log
[CACHE] Knowledge hit in 0.005s
[TIME] Startup ready: 0.977s; query delay: 0s
Processed 1/250 this run (1/250 total window): FINAL_SPEC_ERROR in 17.44s processing; model 17.398s/8 calls; 17.450s including wait/save; 18.428s since startup
Processed 2/250 this run (2/250 total window): PIPELINE_SUCCESS in 16.136s processing; model 16.093s/7 calls; 16.146s including wait/save; 34.574s since startup
Processed 3/250 this run (3/250 total window): PIPELINE_SUCCESS in 9.222s processing; model 9.198s/5 calls; 9.231s including wait/save; 43.804s since startup
Processed 4/250 this run (4/250 total window): PIPELINE_SUCCESS in 9.968s processing; model 9.947s/5 calls; 9.977s including wait/save; 53.781s since startup
Processed 5/250 this run (5/250 total window): PIPELINE_SUCCESS in 11.42s processing; model 11.399s/5 calls; 11.429s including wait/save; 65.211s since startup
Processed 6/250 this run (6/250 total window): FINAL_SPEC_ERROR in 15.554s processing; model 15.518s/8 calls; 15.559s including wait/save; 80.770s since startup
Processed 7/250 this run (7/250 total window): PIPELINE_SUCCESS in 9.413s processing; model 9.392s/5 calls; 9.426s including wait/save; 90.196s since startup
Processed 8/250 this run (8/250 total window): PIPELINE_SUCCESS in 15.766s processing; model 15.727s/7 calls; 15.775s including wait/save; 105.971s since startup
Processed 9/250 this run (9/250 total window): PIPELINE_SUCCESS in 9.751s processing; model 9.731s/5 calls; 9.763s including wait/save; 115.734s since startup
Processed 10/250 this run (10/250 total window): PIPELINE_SUCCESS in 16.698s processing; model 16.659s/6 calls; 16.704s including wait/save; 132.439s since startup
Processed 11/250 this run (11/250 total window): PIPELINE_SUCCESS in 25.643s processing; model 25.604s/8 calls; 25.655s including wait/save; 158.094s since startup
Processed 12/250 this run (12/250 total window): PIPELINE_SUCCESS in 22.483s processing; model 22.417s/8 calls; 22.491s including wait/save; 180.585s since startup
Processed 13/250 this run (13/250 total window): FINAL_SPEC_ERROR in 27.27s processing; model 27.209s/10 calls; 27.284s including wait/save; 207.868s since startup
Processed 14/250 this run (14/250 total window): FINAL_SPEC_ERROR in 26.802s processing; model 26.752s/10 calls; 26.824s including wait/save; 234.693s since startup
Processed 15/250 this run (15/250 total window): PIPELINE_SUCCESS in 21.288s processing; model 20.914s/7 calls; 21.295s including wait/save; 255.988s since startup
Processed 16/250 this run (16/250 total window): PIPELINE_SUCCESS in 109.866s processing; model 109.829s/6 calls; 109.875s including wait/save; 365.863s since startup
Processed 17/250 this run (17/250 total window): PIPELINE_SUCCESS in 26.296s processing; model 26.235s/9 calls; 26.308s including wait/save; 392.171s since startup
Processed 18/250 this run (18/250 total window): PIPELINE_SUCCESS in 32.674s processing; model 32.620s/8 calls; 32.684s including wait/save; 424.855s since startup
Processed 19/250 this run (19/250 total window): PIPELINE_SUCCESS in 21.912s processing; model 21.854s/8 calls; 21.954s including wait/save; 446.809s since startup
Processed 20/250 this run (20/250 total window): PIPELINE_SUCCESS in 26.504s processing; model 26.439s/9 calls; 26.520s including wait/save; 473.329s since startup
Processed 21/250 this run (21/250 total window): PIPELINE_SUCCESS in 21.987s processing; model 21.935s/8 calls; 22.000s including wait/save; 495.329s since startup
Processed 22/250 this run (22/250 total window): PIPELINE_SUCCESS in 20.346s processing; model 20.291s/7 calls; 20.359s including wait/save; 515.687s since startup
Processed 23/250 this run (23/250 total window): PIPELINE_SUCCESS in 22.621s processing; model 22.562s/8 calls; 22.635s including wait/save; 538.323s since startup
Processed 24/250 this run (24/250 total window): PIPELINE_SUCCESS in 37.962s processing; model 37.588s/10 calls; 37.975s including wait/save; 576.298s since startup
Processed 25/250 this run (25/250 total window): PIPELINE_SUCCESS in 38.056s processing; model 37.673s/10 calls; 38.071s including wait/save; 614.369s since startup
Processed 26/250 this run (26/250 total window): PIPELINE_SUCCESS in 36.804s processing; model 36.673s/9 calls; 36.820s including wait/save; 651.190s since startup
Processed 27/250 this run (27/250 total window): PIPELINE_SUCCESS in 48.251s processing; model 48.148s/12 calls; 48.268s including wait/save; 699.458s since startup
Processed 28/250 this run (28/250 total window): PIPELINE_SUCCESS in 36.786s processing; model 36.684s/9 calls; 36.804s including wait/save; 736.263s since startup
Processed 29/250 this run (29/250 total window): PIPELINE_SUCCESS in 29.985s processing; model 29.878s/9 calls; 30.004s including wait/save; 766.267s since startup
Processed 30/250 this run (30/250 total window): PIPELINE_SUCCESS in 40.028s processing; model 39.911s/11 calls; 40.057s including wait/save; 806.324s since startup
Processed 31/250 this run (31/250 total window): PIPELINE_SUCCESS in 43.093s processing; model 42.961s/11 calls; 43.114s including wait/save; 849.438s since startup
Processed 32/250 this run (32/250 total window): PIPELINE_SUCCESS in 10.35s processing; model 10.318s/5 calls; 10.381s including wait/save; 859.819s since startup
Processed 33/250 this run (33/250 total window): PIPELINE_SUCCESS in 13.407s processing; model 13.366s/6 calls; 13.430s including wait/save; 873.249s since startup
Processed 34/250 this run (34/250 total window): PIPELINE_SUCCESS in 15.0s processing; model 14.977s/5 calls; 15.028s including wait/save; 888.276s since startup
Processed 35/250 this run (35/250 total window): PIPELINE_SUCCESS in 9.717s processing; model 9.655s/5 calls; 9.746s including wait/save; 898.023s since startup
Processed 36/250 this run (36/250 total window): PIPELINE_SUCCESS in 10.76s processing; model 10.735s/5 calls; 10.790s including wait/save; 908.813s since startup
Processed 37/250 this run (37/250 total window): PIPELINE_SUCCESS in 14.008s processing; model 13.970s/6 calls; 14.046s including wait/save; 922.859s since startup
Processed 38/250 this run (38/250 total window): PIPELINE_SUCCESS in 13.997s processing; model 13.960s/6 calls; 14.028s including wait/save; 936.887s since startup
Processed 39/250 this run (39/250 total window): PIPELINE_SUCCESS in 14.269s processing; model 14.219s/6 calls; 14.305s including wait/save; 951.192s since startup
Processed 40/250 this run (40/250 total window): PIPELINE_SUCCESS in 14.395s processing; model 14.364s/6 calls; 14.427s including wait/save; 965.619s since startup
Processed 41/250 this run (41/250 total window): PIPELINE_SUCCESS in 14.611s processing; model 14.572s/6 calls; 14.644s including wait/save; 980.263s since startup
Processed 42/250 this run (42/250 total window): PIPELINE_SUCCESS in 13.683s processing; model 13.640s/6 calls; 13.721s including wait/save; 993.984s since startup
Processed 43/250 this run (43/250 total window): PIPELINE_SUCCESS in 20.257s processing; model 20.216s/8 calls; 20.299s including wait/save; 1014.283s since startup
Processed 44/250 this run (44/250 total window): PIPELINE_SUCCESS in 18.07s processing; model 18.029s/7 calls; 18.109s including wait/save; 1032.392s since startup
Processed 45/250 this run (45/250 total window): PIPELINE_SUCCESS in 30.074s processing; model 30.003s/8 calls; 30.107s including wait/save; 1062.499s since startup
Processed 46/250 this run (46/250 total window): PIPELINE_SUCCESS in 38.472s processing; model 38.385s/9 calls; 38.505s including wait/save; 1101.004s since startup
Processed 47/250 this run (47/250 total window): PIPELINE_SUCCESS in 31.498s processing; model 31.416s/8 calls; 31.532s including wait/save; 1132.537s since startup
Processed 48/250 this run (48/250 total window): PIPELINE_SUCCESS in 26.287s processing; model 26.212s/7 calls; 26.324s including wait/save; 1158.860s since startup
Processed 49/250 this run (49/250 total window): PIPELINE_SUCCESS in 25.048s processing; model 24.994s/8 calls; 25.089s including wait/save; 1183.949s since startup
Processed 50/250 this run (50/250 total window): PIPELINE_SUCCESS in 23.234s processing; model 23.181s/8 calls; 23.277s including wait/save; 1207.227s since startup
Processed 51/250 this run (51/250 total window): PIPELINE_SUCCESS in 21.991s processing; model 21.932s/8 calls; 22.031s including wait/save; 1229.258s since startup
Processed 52/250 this run (52/250 total window): PIPELINE_SUCCESS in 42.304s processing; model 42.168s/9 calls; 42.349s including wait/save; 1271.606s since startup
Processed 53/250 this run (53/250 total window): FINAL_SPEC_ERROR in 55.753s processing; model 55.650s/11 calls; 55.799s including wait/save; 1327.406s since startup
Processed 54/250 this run (54/250 total window): PIPELINE_SUCCESS in 37.015s processing; model 36.627s/9 calls; 37.056s including wait/save; 1364.462s since startup
Processed 55/250 this run (55/250 total window): PIPELINE_SUCCESS in 34.159s processing; model 33.772s/9 calls; 34.202s including wait/save; 1398.664s since startup
Processed 56/250 this run (56/250 total window): PIPELINE_SUCCESS in 33.294s processing; model 32.852s/9 calls; 33.337s including wait/save; 1432.001s since startup
Processed 57/250 this run (57/250 total window): PIPELINE_SUCCESS in 45.054s processing; model 44.882s/10 calls; 45.099s including wait/save; 1477.100s since startup
Processed 58/250 this run (58/250 total window): PIPELINE_SUCCESS in 41.055s processing; model 40.932s/9 calls; 41.103s including wait/save; 1518.204s since startup
Processed 59/250 this run (59/250 total window): PIPELINE_SUCCESS in 57.344s processing; model 57.185s/11 calls; 57.394s including wait/save; 1575.598s since startup
Processed 60/250 this run (60/250 total window): PIPELINE_SUCCESS in 50.987s processing; model 50.544s/10 calls; 51.038s including wait/save; 1626.637s since startup
Processed 61/250 this run (61/250 total window): PIPELINE_SUCCESS in 54.046s processing; model 53.902s/11 calls; 54.099s including wait/save; 1680.736s since startup
Processed 62/250 this run (62/250 total window): PIPELINE_SUCCESS in 54.057s processing; model 53.557s/10 calls; 54.110s including wait/save; 1734.846s since startup
Processed 63/250 this run (63/250 total window): PIPELINE_SUCCESS in 51.713s processing; model 51.557s/11 calls; 51.771s including wait/save; 1786.616s since startup
Processed 64/250 this run (64/250 total window): PIPELINE_SUCCESS in 12.066s processing; model 12.042s/5 calls; 12.123s including wait/save; 1798.740s since startup
Processed 65/250 this run (65/250 total window): PIPELINE_SUCCESS in 13.983s processing; model 13.936s/6 calls; 14.045s including wait/save; 1812.785s since startup
Processed 66/250 this run (66/250 total window): PIPELINE_SUCCESS in 10.689s processing; model 10.660s/5 calls; 10.751s including wait/save; 1823.537s since startup
Processed 67/250 this run (67/250 total window): PIPELINE_SUCCESS in 9.969s processing; model 9.927s/5 calls; 10.028s including wait/save; 1833.565s since startup
Processed 68/250 this run (68/250 total window): FINAL_SPEC_ERROR in 18.574s processing; model 18.552s/8 calls; 18.637s including wait/save; 1852.202s since startup
Processed 69/250 this run (69/250 total window): PIPELINE_SUCCESS in 11.043s processing; model 11.016s/5 calls; 11.112s including wait/save; 1863.314s since startup
Processed 70/250 this run (70/250 total window): PIPELINE_SUCCESS in 11.781s processing; model 11.735s/6 calls; 11.845s including wait/save; 1875.159s since startup
Processed 71/250 this run (71/250 total window): PIPELINE_SUCCESS in 10.573s processing; model 10.539s/5 calls; 10.636s including wait/save; 1885.795s since startup
Processed 72/250 this run (72/250 total window): PIPELINE_SUCCESS in 25.65s processing; model 25.589s/9 calls; 25.713s including wait/save; 1911.508s since startup
Processed 73/250 this run (73/250 total window): FINAL_SPEC_ERROR in 27.037s processing; model 26.983s/10 calls; 27.101s including wait/save; 1938.609s since startup
Processed 74/250 this run (74/250 total window): PIPELINE_SUCCESS in 21.262s processing; model 21.220s/7 calls; 21.321s including wait/save; 1959.930s since startup
Processed 75/250 this run (75/250 total window): PIPELINE_SUCCESS in 13.637s processing; model 13.598s/6 calls; 13.713s including wait/save; 1973.643s since startup
Processed 76/250 this run (76/250 total window): PIPELINE_SUCCESS in 24.459s processing; model 23.334s/7 calls; 24.519s including wait/save; 1998.163s since startup
Processed 77/250 this run (77/250 total window): PIPELINE_SUCCESS in 23.057s processing; model 22.990s/8 calls; 23.122s including wait/save; 2021.285s since startup
Processed 78/250 this run (78/250 total window): FINAL_SPEC_ERROR in 31.31s processing; model 31.256s/11 calls; 31.382s including wait/save; 2052.667s since startup
Processed 79/250 this run (79/250 total window): PIPELINE_SUCCESS in 20.36s processing; model 20.322s/8 calls; 20.428s including wait/save; 2073.095s since startup
Processed 80/250 this run (80/250 total window): PIPELINE_SUCCESS in 28.06s processing; model 27.951s/7 calls; 28.205s including wait/save; 2101.300s since startup
Processed 81/250 this run (81/250 total window): FINAL_SPEC_ERROR in 120.546s processing; model 120.484s/10 calls; 120.619s including wait/save; 2221.919s since startup
Processed 82/250 this run (82/250 total window): PIPELINE_SUCCESS in 43.369s processing; model 43.266s/10 calls; 43.433s including wait/save; 2265.353s since startup
Processed 83/250 this run (83/250 total window): FINAL_SPEC_ERROR in 44.827s processing; model 44.748s/12 calls; 44.896s including wait/save; 2310.249s since startup
Processed 84/250 this run (84/250 total window): PIPELINE_SUCCESS in 30.35s processing; model 30.270s/9 calls; 30.416s including wait/save; 2340.665s since startup
Processed 85/250 this run (85/250 total window): PIPELINE_SUCCESS in 28.147s processing; model 28.084s/9 calls; 28.217s including wait/save; 2368.882s since startup
Processed 86/250 this run (86/250 total window): PIPELINE_SUCCESS in 30.384s processing; model 30.317s/9 calls; 30.483s including wait/save; 2399.365s since startup
Processed 87/250 this run (87/250 total window): PIPELINE_SUCCESS in 21.107s processing; model 21.055s/7 calls; 21.175s including wait/save; 2420.541s since startup
Processed 88/250 this run (88/250 total window): PIPELINE_SUCCESS in 30.547s processing; model 30.487s/10 calls; 30.619s including wait/save; 2451.160s since startup
Processed 89/250 this run (89/250 total window): PIPELINE_SUCCESS in 30.239s processing; model 30.176s/10 calls; 30.308s including wait/save; 2481.468s since startup
Processed 90/250 this run (90/250 total window): PIPELINE_SUCCESS in 35.578s processing; model 35.173s/10 calls; 35.650s including wait/save; 2517.118s since startup
Processed 91/250 this run (91/250 total window): PIPELINE_SUCCESS in 50.026s processing; model 49.898s/11 calls; 50.097s including wait/save; 2567.216s since startup
Processed 92/250 this run (92/250 total window): PIPELINE_SUCCESS in 37.882s processing; model 37.496s/10 calls; 37.953s including wait/save; 2605.169s since startup
Processed 93/250 this run (93/250 total window): PIPELINE_SUCCESS in 44.396s processing; model 44.295s/11 calls; 44.486s including wait/save; 2649.655s since startup
Processed 94/250 this run (94/250 total window): PIPELINE_SUCCESS in 47.081s processing; model 46.895s/11 calls; 47.154s including wait/save; 2696.809s since startup
Processed 95/250 this run (95/250 total window): PIPELINE_SUCCESS in 15.791s processing; model 15.601s/6 calls; 15.865s including wait/save; 2712.674s since startup
Processed 96/250 this run (96/250 total window): PIPELINE_SUCCESS in 15.33s processing; model 15.210s/6 calls; 15.404s including wait/save; 2728.078s since startup
Processed 97/250 this run (97/250 total window): PIPELINE_SUCCESS in 14.881s processing; model 14.775s/6 calls; 14.956s including wait/save; 2743.034s since startup
Processed 98/250 this run (98/250 total window): PIPELINE_SUCCESS in 15.387s processing; model 15.161s/6 calls; 15.463s including wait/save; 2758.498s since startup
Processed 99/250 this run (99/250 total window): PIPELINE_SUCCESS in 16.499s processing; model 16.431s/6 calls; 16.574s including wait/save; 2775.072s since startup
Processed 100/250 this run (100/250 total window): PIPELINE_SUCCESS in 17.473s processing; model 17.357s/6 calls; 17.551s including wait/save; 2792.624s since startup
Processed 101/250 this run (101/250 total window): PIPELINE_SUCCESS in 15.316s processing; model 15.249s/6 calls; 15.392s including wait/save; 2808.016s since startup
Processed 102/250 this run (102/250 total window): PIPELINE_SUCCESS in 15.589s processing; model 15.401s/6 calls; 15.667s including wait/save; 2823.683s since startup
Processed 103/250 this run (103/250 total window): PIPELINE_SUCCESS in 14.943s processing; model 14.809s/6 calls; 15.021s including wait/save; 2838.704s since startup
Processed 104/250 this run (104/250 total window): PIPELINE_SUCCESS in 14.825s processing; model 14.716s/6 calls; 14.915s including wait/save; 2853.619s since startup
Processed 105/250 this run (105/250 total window): PIPELINE_SUCCESS in 12.241s processing; model 12.101s/5 calls; 12.320s including wait/save; 2865.939s since startup
Processed 106/250 this run (106/250 total window): PIPELINE_SUCCESS in 22.298s processing; model 22.206s/7 calls; 22.377s including wait/save; 2888.317s since startup
Processed 107/250 this run (107/250 total window): PIPELINE_SUCCESS in 20.839s processing; model 20.756s/7 calls; 20.931s including wait/save; 2909.247s since startup
Processed 108/250 this run (108/250 total window): PIPELINE_SUCCESS in 21.197s processing; model 21.145s/7 calls; 21.282s including wait/save; 2930.530s since startup
Processed 109/250 this run (109/250 total window): PIPELINE_SUCCESS in 28.915s processing; model 28.820s/8 calls; 29.004s including wait/save; 2959.533s since startup
Processed 110/250 this run (110/250 total window): PIPELINE_SUCCESS in 23.454s processing; model 23.384s/7 calls; 23.551s including wait/save; 2983.084s since startup
Processed 111/250 this run (111/250 total window): PIPELINE_SUCCESS in 27.29s processing; model 27.232s/8 calls; 27.375s including wait/save; 3010.459s since startup
Processed 112/250 this run (112/250 total window): PIPELINE_SUCCESS in 29.156s processing; model 29.075s/8 calls; 29.238s including wait/save; 3039.697s since startup
Processed 113/250 this run (113/250 total window): PIPELINE_SUCCESS in 21.773s processing; model 21.656s/7 calls; 21.857s including wait/save; 3061.554s since startup
Processed 114/250 this run (114/250 total window): PIPELINE_SUCCESS in 25.793s processing; model 25.734s/7 calls; 25.877s including wait/save; 3087.431s since startup
Processed 115/250 this run (115/250 total window): PIPELINE_SUCCESS in 31.045s processing; model 30.949s/8 calls; 31.131s including wait/save; 3118.563s since startup
Processed 116/250 this run (116/250 total window): PIPELINE_SUCCESS in 22.636s processing; model 22.569s/7 calls; 22.721s including wait/save; 3141.284s since startup
Processed 117/250 this run (117/250 total window): PIPELINE_SUCCESS in 30.158s processing; model 29.347s/8 calls; 30.244s including wait/save; 3171.528s since startup
Processed 118/250 this run (118/250 total window): PIPELINE_SUCCESS in 35.766s processing; model 34.682s/9 calls; 35.854s including wait/save; 3207.382s since startup
Processed 119/250 this run (119/250 total window): PIPELINE_SUCCESS in 28.797s processing; model 28.268s/8 calls; 28.898s including wait/save; 3236.280s since startup
Processed 120/250 this run (120/250 total window): PIPELINE_SUCCESS in 37.54s processing; model 36.494s/9 calls; 37.630s including wait/save; 3273.910s since startup
Processed 121/250 this run (121/250 total window): PIPELINE_SUCCESS in 28.906s processing; model 28.071s/8 calls; 29.003s including wait/save; 3302.913s since startup
Processed 122/250 this run (122/250 total window): PIPELINE_SUCCESS in 29.091s processing; model 27.981s/8 calls; 29.184s including wait/save; 3332.097s since startup
Processed 123/250 this run (123/250 total window): PIPELINE_SUCCESS in 28.274s processing; model 27.272s/7 calls; 28.368s including wait/save; 3360.466s since startup
Processed 124/250 this run (124/250 total window): PIPELINE_SUCCESS in 45.371s processing; model 44.262s/11 calls; 45.467s including wait/save; 3405.932s since startup
Processed 125/250 this run (125/250 total window): PIPELINE_SUCCESS in 22.71s processing; model 22.640s/7 calls; 22.821s including wait/save; 3428.754s since startup
Processed 126/250 this run (126/250 total window): PIPELINE_SUCCESS in 31.309s processing; model 29.867s/6 calls; 31.416s including wait/save; 3460.170s since startup
Processed 127/250 this run (127/250 total window): FINAL_SPEC_ERROR in 38.183s processing; model 38.112s/9 calls; 38.283s including wait/save; 3498.453s since startup
Processed 128/250 this run (128/250 total window): PIPELINE_SUCCESS in 30.855s processing; model 29.716s/7 calls; 30.961s including wait/save; 3529.414s since startup
Processed 129/250 this run (129/250 total window): PIPELINE_SUCCESS in 28.857s processing; model 27.541s/7 calls; 28.959s including wait/save; 3558.373s since startup
Processed 130/250 this run (130/250 total window): PIPELINE_SUCCESS in 15.209s processing; model 14.883s/6 calls; 15.309s including wait/save; 3573.682s since startup
Processed 131/250 this run (131/250 total window): PIPELINE_SUCCESS in 18.889s processing; model 18.517s/6 calls; 18.989s including wait/save; 3592.671s since startup
Processed 132/250 this run (132/250 total window): PIPELINE_SUCCESS in 26.167s processing; model 25.099s/7 calls; 26.268s including wait/save; 3618.939s since startup
Processed 133/250 this run (133/250 total window): PIPELINE_SUCCESS in 29.139s processing; model 28.127s/8 calls; 29.239s including wait/save; 3648.177s since startup
Processed 134/250 this run (134/250 total window): PIPELINE_SUCCESS in 39.871s processing; model 38.677s/8 calls; 39.972s including wait/save; 3688.150s since startup
Processed 135/250 this run (135/250 total window): PIPELINE_SUCCESS in 36.217s processing; model 34.895s/7 calls; 36.320s including wait/save; 3724.470s since startup
Processed 136/250 this run (136/250 total window): PIPELINE_SUCCESS in 118.361s processing; model 117.386s/7 calls; 118.477s including wait/save; 3842.947s since startup
Processed 137/250 this run (137/250 total window): PIPELINE_SUCCESS in 273.522s processing; model 272.515s/7 calls; 273.629s including wait/save; 4116.577s since startup
Processed 138/250 this run (138/250 total window): PIPELINE_SUCCESS in 156.714s processing; model 155.980s/9 calls; 156.819s including wait/save; 4273.396s since startup
Processed 139/250 this run (139/250 total window): PIPELINE_SUCCESS in 199.018s processing; model 197.945s/8 calls; 199.124s including wait/save; 4472.520s since startup
Processed 140/250 this run (140/250 total window): PIPELINE_SUCCESS in 98.222s processing; model 97.078s/8 calls; 98.335s including wait/save; 4570.855s since startup
Processed 141/250 this run (141/250 total window): PIPELINE_SUCCESS in 50.898s processing; model 49.390s/9 calls; 51.006s including wait/save; 4621.862s since startup
Processed 142/250 this run (142/250 total window): PIPELINE_SUCCESS in 78.608s processing; model 77.292s/8 calls; 78.719s including wait/save; 4700.581s since startup
Processed 143/250 this run (143/250 total window): PIPELINE_SUCCESS in 185.688s processing; model 184.447s/9 calls; 185.813s including wait/save; 4886.394s since startup
Processed 144/250 this run (144/250 total window): PIPELINE_SUCCESS in 165.125s processing; model 163.841s/8 calls; 165.252s including wait/save; 5051.647s since startup
Processed 145/250 this run (145/250 total window): PIPELINE_SUCCESS in 206.476s processing; model 205.095s/8 calls; 206.604s including wait/save; 5258.250s since startup
Processed 146/250 this run (146/250 total window): PIPELINE_SUCCESS in 123.673s processing; model 122.269s/7 calls; 123.790s including wait/save; 5382.040s since startup
Processed 147/250 this run (147/250 total window): PIPELINE_SUCCESS in 91.81s processing; model 90.799s/10 calls; 91.930s including wait/save; 5473.970s since startup
Processed 148/250 this run (148/250 total window): PIPELINE_SUCCESS in 125.81s processing; model 124.857s/9 calls; 125.946s including wait/save; 5599.916s since startup
Processed 149/250 this run (149/250 total window): PIPELINE_SUCCESS in 118.995s processing; model 117.776s/9 calls; 119.117s including wait/save; 5719.033s since startup
Processed 150/250 this run (150/250 total window): PIPELINE_SUCCESS in 248.884s processing; model 247.109s/11 calls; 249.015s including wait/save; 5968.049s since startup
Processed 151/250 this run (151/250 total window): PIPELINE_SUCCESS in 154.753s processing; model 153.040s/10 calls; 154.878s including wait/save; 6122.927s since startup
[INPUT] SQLITE_DB_PATH: /home/kritik/Desktop/neosapiens/finance/script_diff_llm2/ablations/improvement10_models/source/improvement10/wealth_management_diverse.db
[INPUT] TABLE_METADATA_DIR: /home/kritik/Desktop/neosapiens/finance/script_diff_llm2/ablations/improvement10_models/source/improvement10/table_medatada
[INPUT] DOMAIN_INTRO_FILE: /home/kritik/Desktop/neosapiens/finance/script_diff_llm2/ablations/improvement10_models/source/improvement10/domain_intro_latest.prompt
[INPUT] BUSINESS_RULES_FILE: /home/kritik/Desktop/neosapiens/finance/script_diff_llm2/ablations/improvement10_models/source/improvement10/business_rules_addendum.md
[RUNNING] Report: /home/kritik/Desktop/neosapiens/finance/script_diff_llm2/ablations/improvement10_models/runs/qwen3_coder_480b/run_01/parallel_workers4/worker_02/raw_pipeline.csv
[LOG] /home/kritik/Desktop/neosapiens/finance/script_diff_llm2/ablations/improvement10_models/source/improvement10/.runtime/logs/pipeline_20261006_215606_23478.log
[CACHE] Knowledge hit in 0.005s
[TIME] Startup ready: 1.170s; query delay: 0s
Processed 1/99 this run (152/250 total window): PIPELINE_SUCCESS in 96.155s processing; model 94.496s/9 calls; 96.293s including wait/save; 97.463s since startup
Processed 2/99 this run (153/250 total window): FINAL_SPEC_ERROR in 208.925s processing; model 208.766s/12 calls; 209.054s including wait/save; 306.518s since startup
Processed 3/99 this run (154/250 total window): PIPELINE_SUCCESS in 286.746s processing; model 285.021s/10 calls; 286.888s including wait/save; 593.406s since startup
Processed 4/99 this run (155/250 total window): PIPELINE_SUCCESS in 242.233s processing; model 240.392s/10 calls; 242.383s including wait/save; 835.789s since startup
Processed 5/99 this run (156/250 total window): PIPELINE_SUCCESS in 177.571s processing; model 176.117s/9 calls; 177.719s including wait/save; 1013.508s since startup
Processed 6/99 this run (157/250 total window): PIPELINE_SUCCESS in 52.685s processing; model 52.664s/5 calls; 52.835s including wait/save; 1066.343s since startup
Processed 7/99 this run (158/250 total window): PIPELINE_SUCCESS in 38.543s processing; model 38.523s/5 calls; 38.708s including wait/save; 1105.051s since startup
Processed 8/99 this run (159/250 total window): PIPELINE_SUCCESS in 39.156s processing; model 39.128s/6 calls; 39.341s including wait/save; 1144.393s since startup
Processed 9/99 this run (160/250 total window): PIPELINE_SUCCESS in 70.801s processing; model 70.769s/7 calls; 70.960s including wait/save; 1215.353s since startup
Processed 10/99 this run (161/250 total window): PIPELINE_SUCCESS in 40.455s processing; model 40.409s/7 calls; 40.608s including wait/save; 1255.961s since startup
Processed 11/99 this run (162/250 total window): PIPELINE_SUCCESS in 54.066s processing; model 54.048s/5 calls; 54.217s including wait/save; 1310.178s since startup
Processed 12/99 this run (163/250 total window): PIPELINE_SUCCESS in 57.269s processing; model 57.245s/7 calls; 57.421s including wait/save; 1367.599s since startup
Processed 13/99 this run (164/250 total window): PIPELINE_SUCCESS in 54.544s processing; model 54.446s/7 calls; 54.686s including wait/save; 1422.285s since startup
Processed 14/99 this run (165/250 total window): PIPELINE_SUCCESS in 166.563s processing; model 166.540s/7 calls; 166.705s including wait/save; 1588.990s since startup
Processed 15/99 this run (166/250 total window): PIPELINE_SUCCESS in 38.351s processing; model 38.320s/7 calls; 38.516s including wait/save; 1627.506s since startup
Processed 16/99 this run (167/250 total window): PIPELINE_SUCCESS in 41.329s processing; model 41.277s/5 calls; 41.478s including wait/save; 1668.984s since startup
Processed 17/99 this run (168/250 total window): PIPELINE_SUCCESS in 63.588s processing; model 63.557s/7 calls; 63.741s including wait/save; 1732.726s since startup
Processed 18/99 this run (169/250 total window): PIPELINE_SUCCESS in 57.504s processing; model 57.461s/7 calls; 57.659s including wait/save; 1790.385s since startup
Processed 19/99 this run (170/250 total window): PIPELINE_SUCCESS in 72.945s processing; model 72.906s/7 calls; 73.101s including wait/save; 1863.485s since startup
Processed 20/99 this run (171/250 total window): PIPELINE_SUCCESS in 74.329s processing; model 74.301s/7 calls; 74.504s including wait/save; 1937.989s since startup
Processed 21/99 this run (172/250 total window): PIPELINE_SUCCESS in 40.607s processing; model 40.575s/7 calls; 40.766s including wait/save; 1978.755s since startup
Processed 22/99 this run (173/250 total window): PIPELINE_SUCCESS in 53.639s processing; model 53.609s/7 calls; 53.786s including wait/save; 2032.541s since startup
Processed 23/99 this run (174/250 total window): PIPELINE_SUCCESS in 25.467s processing; model 25.444s/5 calls; 25.640s including wait/save; 2058.182s since startup
Processed 24/99 this run (175/250 total window): FINAL_SPEC_ERROR in 65.018s processing; model 64.934s/9 calls; 65.176s including wait/save; 2123.358s since startup
Processed 25/99 this run (176/250 total window): PIPELINE_SUCCESS in 38.19s processing; model 38.129s/6 calls; 38.344s including wait/save; 2161.702s since startup
Processed 26/99 this run (177/250 total window): PIPELINE_SUCCESS in 161.535s processing; model 161.482s/8 calls; 161.690s including wait/save; 2323.392s since startup
Processed 27/99 this run (178/250 total window): PIPELINE_SUCCESS in 97.486s processing; model 97.339s/7 calls; 97.643s including wait/save; 2421.035s since startup
Processed 28/99 this run (179/250 total window): PIPELINE_SUCCESS in 124.74s processing; model 124.641s/6 calls; 124.910s including wait/save; 2545.945s since startup
Processed 29/99 this run (180/250 total window): PIPELINE_SUCCESS in 99.314s processing; model 99.206s/7 calls; 99.476s including wait/save; 2645.421s since startup
Processed 30/99 this run (181/250 total window): PIPELINE_SUCCESS in 193.95s processing; model 193.839s/7 calls; 194.109s including wait/save; 2839.530s since startup
Processed 31/99 this run (182/250 total window): PIPELINE_SUCCESS in 61.98s processing; model 61.901s/6 calls; 62.157s including wait/save; 2901.686s since startup
Processed 32/99 this run (183/250 total window): PIPELINE_SUCCESS in 37.449s processing; model 37.378s/6 calls; 37.620s including wait/save; 2939.306s since startup
Processed 33/99 this run (184/250 total window): PIPELINE_SUCCESS in 148.574s processing; model 148.506s/8 calls; 148.722s including wait/save; 3088.028s since startup
Processed 34/99 this run (185/250 total window): PIPELINE_SUCCESS in 101.018s processing; model 100.965s/7 calls; 101.179s including wait/save; 3189.208s since startup
Processed 35/99 this run (186/250 total window): PIPELINE_SUCCESS in 38.566s processing; model 38.465s/7 calls; 38.741s including wait/save; 3227.948s since startup
Processed 36/99 this run (187/250 total window): PIPELINE_SUCCESS in 27.857s processing; model 27.793s/7 calls; 28.016s including wait/save; 3255.965s since startup
Processed 37/99 this run (188/250 total window): PIPELINE_SUCCESS in 29.321s processing; model 29.251s/7 calls; 29.484s including wait/save; 3285.449s since startup
Processed 38/99 this run (189/250 total window): PIPELINE_SUCCESS in 19.982s processing; model 19.928s/5 calls; 20.143s including wait/save; 3305.592s since startup
Processed 39/99 this run (190/250 total window): PIPELINE_SUCCESS in 18.902s processing; model 18.877s/5 calls; 19.077s including wait/save; 3324.669s since startup
Processed 40/99 this run (191/250 total window): PIPELINE_SUCCESS in 18.747s processing; model 18.684s/5 calls; 18.917s including wait/save; 3343.586s since startup
Processed 41/99 this run (192/250 total window): PIPELINE_SUCCESS in 37.165s processing; model 37.047s/6 calls; 37.329s including wait/save; 3380.916s since startup
Processed 42/99 this run (193/250 total window): PIPELINE_SUCCESS in 17.543s processing; model 17.520s/5 calls; 17.710s including wait/save; 3398.626s since startup
Processed 43/99 this run (194/250 total window): PIPELINE_SUCCESS in 44.841s processing; model 44.708s/5 calls; 45.016s including wait/save; 3443.642s since startup
Processed 44/99 this run (195/250 total window): PIPELINE_SUCCESS in 12.817s processing; model 12.777s/5 calls; 12.993s including wait/save; 3456.635s since startup
Processed 45/99 this run (196/250 total window): PIPELINE_SUCCESS in 19.531s processing; model 19.192s/6 calls; 19.694s including wait/save; 3476.329s since startup
Processed 46/99 this run (197/250 total window): PIPELINE_SUCCESS in 20.135s processing; model 20.083s/7 calls; 20.297s including wait/save; 3496.627s since startup
Processed 47/99 this run (198/250 total window): PIPELINE_SUCCESS in 14.092s processing; model 14.051s/5 calls; 14.255s including wait/save; 3510.882s since startup
Processed 48/99 this run (199/250 total window): PIPELINE_SUCCESS in 52.121s processing; model 51.747s/6 calls; 52.296s including wait/save; 3563.179s since startup
Processed 49/99 this run (200/250 total window): PIPELINE_SUCCESS in 29.085s processing; model 28.715s/6 calls; 29.252s including wait/save; 3592.431s since startup
Processed 50/99 this run (201/250 total window): PIPELINE_SUCCESS in 29.065s processing; model 28.693s/6 calls; 29.241s including wait/save; 3621.672s since startup
Processed 51/99 this run (202/250 total window): PIPELINE_SUCCESS in 40.157s processing; model 39.830s/6 calls; 40.323s including wait/save; 3661.995s since startup
Processed 52/99 this run (203/250 total window): PIPELINE_SUCCESS in 30.059s processing; model 29.710s/6 calls; 30.240s including wait/save; 3692.236s since startup
Processed 53/99 this run (204/250 total window): PIPELINE_SUCCESS in 31.156s processing; model 30.817s/6 calls; 31.322s including wait/save; 3723.557s since startup
Processed 54/99 this run (205/250 total window): PIPELINE_SUCCESS in 34.3s processing; model 33.953s/6 calls; 34.466s including wait/save; 3758.024s since startup
Processed 55/99 this run (206/250 total window): PIPELINE_SUCCESS in 45.745s processing; model 45.410s/6 calls; 45.923s including wait/save; 3803.947s since startup
Processed 56/99 this run (207/250 total window): PIPELINE_SUCCESS in 39.333s processing; model 38.966s/6 calls; 39.508s including wait/save; 3843.455s since startup
Processed 57/99 this run (208/250 total window): PIPELINE_SUCCESS in 27.921s processing; model 27.502s/6 calls; 28.100s including wait/save; 3871.555s since startup
Processed 58/99 this run (209/250 total window): PIPELINE_SUCCESS in 85.87s processing; model 85.720s/9 calls; 86.047s including wait/save; 3957.603s since startup
Processed 59/99 this run (210/250 total window): PIPELINE_SUCCESS in 87.863s processing; model 87.795s/9 calls; 88.048s including wait/save; 4045.651s since startup
Processed 60/99 this run (211/250 total window): PIPELINE_SUCCESS in 68.33s processing; model 68.269s/9 calls; 68.529s including wait/save; 4114.180s since startup
Processed 61/99 this run (212/250 total window): PIPELINE_SUCCESS in 58.04s processing; model 57.991s/9 calls; 58.214s including wait/save; 4172.395s since startup
Processed 62/99 this run (213/250 total window): PIPELINE_SUCCESS in 47.951s processing; model 47.896s/8 calls; 48.132s including wait/save; 4220.527s since startup
Processed 63/99 this run (214/250 total window): PIPELINE_SUCCESS in 62.962s processing; model 62.280s/9 calls; 63.151s including wait/save; 4283.678s since startup
Processed 64/99 this run (215/250 total window): PIPELINE_SUCCESS in 59.818s processing; model 59.735s/10 calls; 59.994s including wait/save; 4343.672s since startup
Processed 65/99 this run (216/250 total window): FINAL_SPEC_ERROR in 56.615s processing; model 56.468s/11 calls; 56.793s including wait/save; 4400.465s since startup
Processed 66/99 this run (217/250 total window): PIPELINE_SUCCESS in 59.913s processing; model 58.355s/9 calls; 60.092s including wait/save; 4460.557s since startup
Processed 67/99 this run (218/250 total window): PIPELINE_SUCCESS in 58.153s processing; model 57.365s/10 calls; 58.332s including wait/save; 4518.889s since startup
Processed 68/99 this run (219/250 total window): PIPELINE_SUCCESS in 32.056s processing; model 31.487s/7 calls; 32.245s including wait/save; 4551.134s since startup
Processed 69/99 this run (220/250 total window): PIPELINE_SUCCESS in 19.92s processing; model 19.512s/6 calls; 20.111s including wait/save; 4571.245s since startup
Processed 70/99 this run (221/250 total window): PIPELINE_SUCCESS in 21.505s processing; model 21.131s/6 calls; 21.685s including wait/save; 4592.930s since startup
Processed 71/99 this run (222/250 total window): PIPELINE_SUCCESS in 18.562s processing; model 18.483s/6 calls; 18.754s including wait/save; 4611.684s since startup
Processed 72/99 this run (223/250 total window): PIPELINE_SUCCESS in 32.317s processing; model 32.123s/8 calls; 32.506s including wait/save; 4644.191s since startup
Processed 73/99 this run (224/250 total window): PIPELINE_SUCCESS in 30.282s processing; model 30.100s/7 calls; 30.461s including wait/save; 4674.653s since startup
Processed 74/99 this run (225/250 total window): PIPELINE_SUCCESS in 34.062s processing; model 33.878s/7 calls; 34.252s including wait/save; 4708.905s since startup
Processed 75/99 this run (226/250 total window): PIPELINE_SUCCESS in 30.095s processing; model 29.896s/7 calls; 30.289s including wait/save; 4739.194s since startup
Processed 76/99 this run (227/250 total window): PIPELINE_SUCCESS in 20.121s processing; model 19.943s/5 calls; 20.310s including wait/save; 4759.505s since startup
Processed 77/99 this run (228/250 total window): PIPELINE_SUCCESS in 38.248s processing; model 38.064s/7 calls; 38.432s including wait/save; 4797.936s since startup
Processed 78/99 this run (229/250 total window): PIPELINE_SUCCESS in 42.59s processing; model 42.393s/8 calls; 42.774s including wait/save; 4840.710s since startup
Processed 79/99 this run (230/250 total window): PIPELINE_SUCCESS in 20.879s processing; model 20.830s/6 calls; 21.065s including wait/save; 4861.776s since startup
Processed 80/99 this run (231/250 total window): CRASH in 34.584s processing; model 34.571s/5 calls; 34.778s including wait/save; 4896.554s since startup
Processed 81/99 this run (232/250 total window): PIPELINE_SUCCESS in 59.538s processing; model 59.493s/7 calls; 59.720s including wait/save; 4956.274s since startup
Processed 82/99 this run (233/250 total window): PIPELINE_SUCCESS in 36.809s processing; model 36.776s/5 calls; 37.009s including wait/save; 4993.283s since startup
Processed 83/99 this run (234/250 total window): PIPELINE_SUCCESS in 31.724s processing; model 31.697s/5 calls; 31.902s including wait/save; 5025.185s since startup
Processed 84/99 this run (235/250 total window): PIPELINE_SUCCESS in 40.528s processing; model 40.487s/5 calls; 40.709s including wait/save; 5065.894s since startup
Processed 85/99 this run (236/250 total window): PIPELINE_SUCCESS in 28.434s processing; model 28.407s/5 calls; 28.636s including wait/save; 5094.531s since startup
Processed 86/99 this run (237/250 total window): PIPELINE_SUCCESS in 51.053s processing; model 50.955s/7 calls; 51.245s including wait/save; 5145.776s since startup
Processed 87/99 this run (238/250 total window): CRASH in 41.142s processing; model 41.136s/3 calls; 41.332s including wait/save; 5187.108s since startup
Processed 88/99 this run (239/250 total window): PIPELINE_SUCCESS in 143.818s processing; model 143.719s/8 calls; 144.015s including wait/save; 5331.123s since startup
Processed 89/99 this run (240/250 total window): PIPELINE_SUCCESS in 16.291s processing; model 16.209s/6 calls; 16.493s including wait/save; 5347.616s since startup
Processed 90/99 this run (241/250 total window): PIPELINE_SUCCESS in 15.98s processing; model 15.894s/6 calls; 16.180s including wait/save; 5363.796s since startup
Processed 91/99 this run (242/250 total window): PIPELINE_SUCCESS in 15.982s processing; model 15.898s/6 calls; 16.188s including wait/save; 5379.984s since startup
Processed 92/99 this run (243/250 total window): PIPELINE_SUCCESS in 18.164s processing; model 18.070s/6 calls; 18.363s including wait/save; 5398.348s since startup
Processed 93/99 this run (244/250 total window): PIPELINE_SUCCESS in 21.268s processing; model 21.183s/7 calls; 21.458s including wait/save; 5419.806s since startup
Processed 94/99 this run (245/250 total window): PIPELINE_SUCCESS in 21.382s processing; model 21.294s/7 calls; 21.569s including wait/save; 5441.375s since startup
Processed 95/99 this run (246/250 total window): PIPELINE_SUCCESS in 21.561s processing; model 21.480s/7 calls; 21.751s including wait/save; 5463.127s since startup
Processed 96/99 this run (247/250 total window): PIPELINE_SUCCESS in 27.028s processing; model 26.752s/8 calls; 27.215s including wait/save; 5490.342s since startup
Processed 97/99 this run (248/250 total window): PIPELINE_SUCCESS in 33.849s processing; model 33.565s/10 calls; 34.049s including wait/save; 5524.391s since startup
Processed 98/99 this run (249/250 total window): PIPELINE_SUCCESS in 28.467s processing; model 28.180s/9 calls; 28.660s including wait/save; 5553.052s since startup
Processed 99/99 this run (250/250 total window): PIPELINE_SUCCESS in 28.751s processing; model 28.485s/9 calls; 28.943s including wait/save; 5581.995s since startup
[COMPLETE] Pipeline finished. Details: /home/kritik/Desktop/neosapiens/finance/script_diff_llm2/ablations/improvement10_models/source/improvement10/.runtime/logs/pipeline_20261006_215606_23478.log
[TIME] Startup-to-finish: 5582.19s; model requests: 5542.02s (681 calls). Slowest model stages: Query_Understanding=1916.38s, Decompose=1379.07s, Final_Spec=1040.96s, Query_Spec=1005.43s
[TIMING] /home/kritik/Desktop/neosapiens/finance/script_diff_llm2/ablations/improvement10_models/source/improvement10/.runtime/logs/timing_20261006_215605_23478.json
