[INPUT] SQLITE_DB_PATH: /home/kritik/Desktop/neosapiens/finance/script_diff_llm2/ablations/improvement10_models/source/improvement10/wealth_management_diverse.db
[INPUT] TABLE_METADATA_DIR: /home/kritik/Desktop/neosapiens/finance/script_diff_llm2/ablations/improvement10_models/source/improvement10/table_medatada
[INPUT] DOMAIN_INTRO_FILE: /home/kritik/Desktop/neosapiens/finance/script_diff_llm2/ablations/improvement10_models/source/improvement10/domain_intro_latest.prompt
[INPUT] BUSINESS_RULES_FILE: /home/kritik/Desktop/neosapiens/finance/script_diff_llm2/ablations/improvement10_models/source/improvement10/business_rules_addendum.md
[RUNNING] Report: /home/kritik/Desktop/neosapiens/finance/script_diff_llm2/ablations/improvement10_models/runs/deepseek_v3_2/run_01/parallel_workers4/worker_01/raw_pipeline.csv
[LOG] /home/kritik/Desktop/neosapiens/finance/script_diff_llm2/ablations/improvement10_models/source/improvement10/.runtime/logs/pipeline_20261006_134112_134265.log
[CACHE] Knowledge hit in 0.009s
[TIME] Startup ready: 2.790s; query delay: 0s
Processed 1/230 this run (1/230 total window): FINAL_SPEC_ERROR in 86.063s processing; model 85.987s/10 calls; 86.073s including wait/save; 88.863s since startup
Processed 2/230 this run (2/230 total window): FINAL_SPEC_ERROR in 126.459s processing; model 126.399s/10 calls; 126.465s including wait/save; 215.328s since startup
Processed 3/230 this run (3/230 total window): PIPELINE_SUCCESS in 79.563s processing; model 79.473s/9 calls; 79.570s including wait/save; 294.898s since startup
Processed 4/230 this run (4/230 total window): PIPELINE_SUCCESS in 53.456s processing; model 53.353s/8 calls; 53.466s including wait/save; 348.364s since startup
Processed 5/230 this run (5/230 total window): PIPELINE_SUCCESS in 101.079s processing; model 100.969s/9 calls; 101.090s including wait/save; 449.453s since startup
Processed 6/230 this run (6/230 total window): PIPELINE_SUCCESS in 94.571s processing; model 94.481s/8 calls; 94.583s including wait/save; 544.036s since startup
Processed 7/230 this run (7/230 total window): PIPELINE_SUCCESS in 79.264s processing; model 79.133s/8 calls; 79.275s including wait/save; 623.312s since startup
Processed 8/230 this run (8/230 total window): PIPELINE_SUCCESS in 63.545s processing; model 63.459s/9 calls; 63.557s including wait/save; 686.869s since startup
Processed 9/230 this run (9/230 total window): PIPELINE_SUCCESS in 80.182s processing; model 80.091s/9 calls; 80.195s including wait/save; 767.065s since startup
Processed 10/230 this run (10/230 total window): PIPELINE_SUCCESS in 48.778s processing; model 48.682s/9 calls; 48.794s including wait/save; 815.858s since startup
Processed 11/230 this run (11/230 total window): PIPELINE_SUCCESS in 152.713s processing; model 152.598s/9 calls; 152.729s including wait/save; 968.588s since startup
Processed 12/230 this run (12/230 total window): PIPELINE_SUCCESS in 43.555s processing; model 43.517s/5 calls; 43.575s including wait/save; 1012.163s since startup
Processed 13/230 this run (13/230 total window): PIPELINE_SUCCESS in 42.0s processing; model 41.944s/6 calls; 42.019s including wait/save; 1054.182s since startup
Processed 14/230 this run (14/230 total window): PIPELINE_SUCCESS in 28.234s processing; model 28.204s/5 calls; 28.252s including wait/save; 1082.434s since startup
Processed 15/230 this run (15/230 total window): PIPELINE_SUCCESS in 56.024s processing; model 55.941s/6 calls; 56.052s including wait/save; 1138.486s since startup
Processed 16/230 this run (16/230 total window): PIPELINE_SUCCESS in 56.093s processing; model 56.032s/5 calls; 56.126s including wait/save; 1194.612s since startup
Processed 17/230 this run (17/230 total window): PIPELINE_SUCCESS in 29.427s processing; model 29.387s/6 calls; 29.460s including wait/save; 1224.072s since startup
Processed 18/230 this run (18/230 total window): PIPELINE_SUCCESS in 33.123s processing; model 33.080s/6 calls; 33.171s including wait/save; 1257.243s since startup
Processed 19/230 this run (19/230 total window): PIPELINE_SUCCESS in 40.414s processing; model 40.371s/6 calls; 40.449s including wait/save; 1297.693s since startup
Processed 20/230 this run (20/230 total window): PIPELINE_SUCCESS in 62.434s processing; model 62.387s/6 calls; 62.471s including wait/save; 1360.163s since startup
Processed 21/230 this run (21/230 total window): PIPELINE_SUCCESS in 46.62s processing; model 46.568s/6 calls; 46.655s including wait/save; 1406.819s since startup
Processed 22/230 this run (22/230 total window): PIPELINE_SUCCESS in 43.93s processing; model 43.884s/6 calls; 43.975s including wait/save; 1450.794s since startup
Processed 23/230 this run (23/230 total window): PIPELINE_SUCCESS in 41.937s processing; model 41.889s/6 calls; 41.987s including wait/save; 1492.781s since startup
Processed 24/230 this run (24/230 total window): FINAL_SPEC_ERROR in 81.273s processing; model 81.202s/10 calls; 81.317s including wait/save; 1574.097s since startup
Processed 25/230 this run (25/230 total window): PIPELINE_SUCCESS in 56.036s processing; model 55.953s/8 calls; 56.074s including wait/save; 1630.172s since startup
Processed 26/230 this run (26/230 total window): PIPELINE_SUCCESS in 96.168s processing; model 95.990s/10 calls; 96.215s including wait/save; 1726.387s since startup
Processed 27/230 this run (27/230 total window): FINAL_SPEC_ERROR in 113.169s processing; model 113.099s/10 calls; 113.229s including wait/save; 1839.616s since startup
Processed 28/230 this run (28/230 total window): PIPELINE_SUCCESS in 75.778s processing; model 75.704s/7 calls; 75.820s including wait/save; 1915.436s since startup
Processed 29/230 this run (29/230 total window): FINAL_SPEC_ERROR in 72.406s processing; model 72.339s/10 calls; 72.467s including wait/save; 1987.903s since startup
Processed 30/230 this run (30/230 total window): FINAL_SPEC_ERROR in 58.28s processing; model 58.217s/10 calls; 58.345s including wait/save; 2046.248s since startup
Processed 31/230 this run (31/230 total window): FINAL_SPEC_ERROR in 84.251s processing; model 84.189s/10 calls; 84.312s including wait/save; 2130.560s since startup
Processed 32/230 this run (32/230 total window): PIPELINE_SUCCESS in 65.643s processing; model 65.544s/8 calls; 65.690s including wait/save; 2196.250s since startup
Processed 33/230 this run (33/230 total window): PIPELINE_SUCCESS in 47.936s processing; model 47.857s/8 calls; 47.993s including wait/save; 2244.243s since startup
Processed 34/230 this run (34/230 total window): PIPELINE_SUCCESS in 57.734s processing; model 57.649s/9 calls; 57.781s including wait/save; 2302.024s since startup
Processed 35/230 this run (35/230 total window): PIPELINE_SUCCESS in 51.331s processing; model 51.249s/9 calls; 51.389s including wait/save; 2353.413s since startup
Processed 36/230 this run (36/230 total window): PIPELINE_SUCCESS in 60.661s processing; model 60.571s/8 calls; 60.714s including wait/save; 2414.127s since startup
Processed 37/230 this run (37/230 total window): PIPELINE_SUCCESS in 51.375s processing; model 51.297s/8 calls; 51.425s including wait/save; 2465.552s since startup
Processed 38/230 this run (38/230 total window): PIPELINE_SUCCESS in 79.419s processing; model 79.327s/10 calls; 79.471s including wait/save; 2545.023s since startup
Processed 39/230 this run (39/230 total window): PIPELINE_SUCCESS in 84.889s processing; model 84.782s/9 calls; 84.942s including wait/save; 2629.966s since startup
Processed 40/230 this run (40/230 total window): PIPELINE_SUCCESS in 188.235s processing; model 188.139s/10 calls; 188.290s including wait/save; 2818.256s since startup
Processed 41/230 this run (41/230 total window): PIPELINE_SUCCESS in 76.725s processing; model 76.574s/9 calls; 76.792s including wait/save; 2895.048s since startup
Processed 42/230 this run (42/230 total window): PIPELINE_SUCCESS in 69.499s processing; model 69.389s/9 calls; 69.556s including wait/save; 2964.604s since startup
Processed 43/230 this run (43/230 total window): PIPELINE_SUCCESS in 17.702s processing; model 17.675s/5 calls; 17.768s including wait/save; 2982.372s since startup
Processed 44/230 this run (44/230 total window): PIPELINE_SUCCESS in 25.471s processing; model 25.435s/6 calls; 25.531s including wait/save; 3007.904s since startup
Processed 45/230 this run (45/230 total window): PIPELINE_SUCCESS in 137.987s processing; model 137.952s/7 calls; 138.050s including wait/save; 3145.955s since startup
Processed 46/230 this run (46/230 total window): PIPELINE_SUCCESS in 14.624s processing; model 14.596s/5 calls; 14.690s including wait/save; 3160.645s since startup
Processed 47/230 this run (47/230 total window): PIPELINE_SUCCESS in 30.767s processing; model 30.723s/6 calls; 30.828s including wait/save; 3191.472s since startup
Processed 48/230 this run (48/230 total window): PIPELINE_SUCCESS in 15.493s processing; model 15.467s/5 calls; 15.562s including wait/save; 3207.035s since startup
Processed 49/230 this run (49/230 total window): PIPELINE_SUCCESS in 18.771s processing; model 18.746s/5 calls; 18.835s including wait/save; 3225.870s since startup
Processed 50/230 this run (50/230 total window): PIPELINE_SUCCESS in 51.658s processing; model 51.627s/5 calls; 51.738s including wait/save; 3277.607s since startup
Processed 51/230 this run (51/230 total window): PIPELINE_SUCCESS in 17.125s processing; model 17.091s/5 calls; 17.194s including wait/save; 3294.801s since startup
Processed 52/230 this run (52/230 total window): PIPELINE_SUCCESS in 42.28s processing; model 42.173s/6 calls; 42.341s including wait/save; 3337.143s since startup
Processed 53/230 this run (53/230 total window): PIPELINE_SUCCESS in 40.226s processing; model 39.871s/6 calls; 40.287s including wait/save; 3377.430s since startup
Processed 54/230 this run (54/230 total window): PIPELINE_SUCCESS in 41.134s processing; model 41.083s/6 calls; 41.197s including wait/save; 3418.627s since startup
Processed 55/230 this run (55/230 total window): PIPELINE_SUCCESS in 44.707s processing; model 44.642s/7 calls; 44.781s including wait/save; 3463.408s since startup
Processed 56/230 this run (56/230 total window): PIPELINE_SUCCESS in 26.422s processing; model 26.266s/6 calls; 26.512s including wait/save; 3489.920s since startup
Processed 57/230 this run (57/230 total window): PIPELINE_SUCCESS in 26.96s processing; model 26.904s/6 calls; 27.025s including wait/save; 3516.945s since startup
Processed 58/230 this run (58/230 total window): PIPELINE_SUCCESS in 32.922s processing; model 32.879s/7 calls; 32.990s including wait/save; 3549.936s since startup
Processed 59/230 this run (59/230 total window): PIPELINE_SUCCESS in 32.441s processing; model 32.395s/7 calls; 32.509s including wait/save; 3582.445s since startup
Processed 60/230 this run (60/230 total window): PIPELINE_SUCCESS in 38.653s processing; model 38.588s/6 calls; 38.720s including wait/save; 3621.165s since startup
Processed 61/230 this run (61/230 total window): FINAL_SPEC_ERROR in 55.005s processing; model 54.950s/9 calls; 55.076s including wait/save; 3676.242s since startup
Processed 62/230 this run (62/230 total window): PIPELINE_SUCCESS in 101.913s processing; model 101.853s/8 calls; 101.985s including wait/save; 3778.227s since startup
Processed 63/230 this run (63/230 total window): PIPELINE_SUCCESS in 49.213s processing; model 49.141s/7 calls; 49.290s including wait/save; 3827.517s since startup
Processed 64/230 this run (64/230 total window): FINAL_SPEC_ERROR in 115.505s processing; model 115.420s/11 calls; 115.580s including wait/save; 3943.097s since startup
Processed 65/230 this run (65/230 total window): PIPELINE_SUCCESS in 79.472s processing; model 79.396s/9 calls; 79.552s including wait/save; 4022.649s since startup
Processed 66/230 this run (66/230 total window): PIPELINE_SUCCESS in 60.289s processing; model 60.223s/7 calls; 60.360s including wait/save; 4083.009s since startup
Processed 67/230 this run (67/230 total window): PIPELINE_SUCCESS in 41.44s processing; model 41.385s/7 calls; 41.514s including wait/save; 4124.523s since startup
Processed 68/230 this run (68/230 total window): PIPELINE_SUCCESS in 42.036s processing; model 41.972s/8 calls; 42.118s including wait/save; 4166.642s since startup
Processed 69/230 this run (69/230 total window): PIPELINE_SUCCESS in 42.879s processing; model 42.795s/8 calls; 42.967s including wait/save; 4209.609s since startup
Processed 70/230 this run (70/230 total window): PIPELINE_SUCCESS in 138.194s processing; model 138.104s/8 calls; 138.281s including wait/save; 4347.891s since startup
Processed 71/230 this run (71/230 total window): PIPELINE_SUCCESS in 131.8s processing; model 131.720s/8 calls; 131.877s including wait/save; 4479.768s since startup
Processed 72/230 this run (72/230 total window): PIPELINE_SUCCESS in 162.556s processing; model 162.446s/8 calls; 162.634s including wait/save; 4642.402s since startup
Processed 73/230 this run (73/230 total window): PIPELINE_SUCCESS in 160.275s processing; model 160.191s/9 calls; 160.353s including wait/save; 4802.755s since startup
Processed 74/230 this run (74/230 total window): PIPELINE_SUCCESS in 139.617s processing; model 139.372s/6 calls; 139.708s including wait/save; 4942.463s since startup
Processed 75/230 this run (75/230 total window): PIPELINE_SUCCESS in 112.408s processing; model 112.335s/6 calls; 112.486s including wait/save; 5054.949s since startup
Processed 76/230 this run (76/230 total window): PIPELINE_SUCCESS in 97.091s processing; model 96.977s/6 calls; 97.171s including wait/save; 5152.120s since startup
Processed 77/230 this run (77/230 total window): PIPELINE_SUCCESS in 71.46s processing; model 71.381s/6 calls; 71.550s including wait/save; 5223.670s since startup
Processed 78/230 this run (78/230 total window): PIPELINE_SUCCESS in 95.068s processing; model 94.902s/6 calls; 95.150s including wait/save; 5318.820s since startup
Processed 79/230 this run (79/230 total window): PIPELINE_SUCCESS in 45.673s processing; model 45.537s/6 calls; 45.765s including wait/save; 5364.586s since startup
Processed 80/230 this run (80/230 total window): PIPELINE_SUCCESS in 47.279s processing; model 47.167s/6 calls; 47.362s including wait/save; 5411.948s since startup
Processed 81/230 this run (81/230 total window): PIPELINE_SUCCESS in 25.652s processing; model 25.529s/5 calls; 25.735s including wait/save; 5437.684s since startup
Processed 82/230 this run (82/230 total window): PIPELINE_SUCCESS in 47.675s processing; model 47.607s/6 calls; 47.758s including wait/save; 5485.442s since startup
Processed 83/230 this run (83/230 total window): PIPELINE_SUCCESS in 27.338s processing; model 27.171s/6 calls; 27.433s including wait/save; 5512.875s since startup
Processed 84/230 this run (84/230 total window): PIPELINE_SUCCESS in 48.247s processing; model 48.176s/6 calls; 48.331s including wait/save; 5561.207s since startup
Processed 85/230 this run (85/230 total window): PIPELINE_SUCCESS in 34.259s processing; model 34.125s/5 calls; 34.345s including wait/save; 5595.552s since startup
Processed 86/230 this run (86/230 total window): PIPELINE_SUCCESS in 58.967s processing; model 58.897s/7 calls; 59.052s including wait/save; 5654.603s since startup
Processed 87/230 this run (87/230 total window): PIPELINE_SUCCESS in 61.813s processing; model 61.744s/7 calls; 61.898s including wait/save; 5716.502s since startup
Processed 88/230 this run (88/230 total window): PIPELINE_SUCCESS in 59.553s processing; model 59.498s/7 calls; 59.639s including wait/save; 5776.141s since startup
Processed 89/230 this run (89/230 total window): PIPELINE_SUCCESS in 51.709s processing; model 51.644s/7 calls; 51.807s including wait/save; 5827.948s since startup
Processed 90/230 this run (90/230 total window): PIPELINE_SUCCESS in 51.944s processing; model 51.881s/7 calls; 52.077s including wait/save; 5880.026s since startup
Processed 91/230 this run (91/230 total window): PIPELINE_SUCCESS in 55.072s processing; model 55.003s/7 calls; 55.176s including wait/save; 5935.202s since startup
Processed 92/230 this run (92/230 total window): PIPELINE_SUCCESS in 43.697s processing; model 43.635s/7 calls; 43.803s including wait/save; 5979.006s since startup
Processed 93/230 this run (93/230 total window): PIPELINE_SUCCESS in 50.412s processing; model 50.354s/7 calls; 50.512s including wait/save; 6029.517s since startup
Processed 94/230 this run (94/230 total window): PIPELINE_SUCCESS in 65.465s processing; model 65.404s/7 calls; 65.557s including wait/save; 6095.074s since startup
Processed 95/230 this run (95/230 total window): PIPELINE_SUCCESS in 64.198s processing; model 64.128s/7 calls; 64.288s including wait/save; 6159.363s since startup
Processed 96/230 this run (96/230 total window): PIPELINE_SUCCESS in 59.1s processing; model 59.035s/7 calls; 59.206s including wait/save; 6218.569s since startup
Processed 97/230 this run (97/230 total window): PIPELINE_SUCCESS in 72.707s processing; model 72.074s/8 calls; 72.811s including wait/save; 6291.380s since startup
Processed 98/230 this run (98/230 total window): PIPELINE_SUCCESS in 66.096s processing; model 65.024s/8 calls; 66.190s including wait/save; 6357.571s since startup
Processed 99/230 this run (99/230 total window): PIPELINE_SUCCESS in 59.793s processing; model 59.161s/8 calls; 59.899s including wait/save; 6417.470s since startup
Processed 100/230 this run (100/230 total window): PIPELINE_SUCCESS in 79.74s processing; model 78.668s/8 calls; 79.851s including wait/save; 6497.321s since startup
Processed 101/230 this run (101/230 total window): PIPELINE_SUCCESS in 91.536s processing; model 90.915s/8 calls; 91.636s including wait/save; 6588.957s since startup
Processed 102/230 this run (102/230 total window): PIPELINE_SUCCESS in 176.255s processing; model 175.477s/8 calls; 176.354s including wait/save; 6765.311s since startup
Processed 103/230 this run (103/230 total window): PIPELINE_SUCCESS in 74.662s processing; model 74.086s/8 calls; 74.764s including wait/save; 6840.075s since startup
Processed 104/230 this run (104/230 total window): PIPELINE_SUCCESS in 76.168s processing; model 75.074s/8 calls; 76.271s including wait/save; 6916.346s since startup
Processed 105/230 this run (105/230 total window): PIPELINE_SUCCESS in 56.852s processing; model 56.764s/8 calls; 56.968s including wait/save; 6973.314s since startup
Processed 106/230 this run (106/230 total window): PIPELINE_SUCCESS in 45.126s processing; model 44.451s/6 calls; 45.246s including wait/save; 7018.560s since startup
Processed 107/230 this run (107/230 total window): PIPELINE_SUCCESS in 42.218s processing; model 41.481s/6 calls; 42.323s including wait/save; 7060.883s since startup
Processed 108/230 this run (108/230 total window): PIPELINE_SUCCESS in 47.197s processing; model 46.841s/6 calls; 47.311s including wait/save; 7108.195s since startup
Processed 109/230 this run (109/230 total window): PIPELINE_SUCCESS in 26.423s processing; model 26.047s/5 calls; 26.529s including wait/save; 7134.723s since startup
Processed 110/230 this run (110/230 total window): PIPELINE_SUCCESS in 24.871s processing; model 24.788s/5 calls; 24.979s including wait/save; 7159.702s since startup
Processed 111/230 this run (111/230 total window): PIPELINE_SUCCESS in 22.596s processing; model 22.187s/5 calls; 22.711s including wait/save; 7182.414s since startup
Processed 112/230 this run (112/230 total window): PIPELINE_SUCCESS in 61.367s processing; model 60.364s/7 calls; 61.474s including wait/save; 7243.888s since startup
Processed 113/230 this run (113/230 total window): PIPELINE_SUCCESS in 56.956s processing; model 55.894s/7 calls; 57.066s including wait/save; 7300.954s since startup
Processed 114/230 this run (114/230 total window): PIPELINE_SUCCESS in 70.073s processing; model 68.989s/7 calls; 70.193s including wait/save; 7371.146s since startup
Processed 115/230 this run (115/230 total window): PIPELINE_SUCCESS in 53.14s processing; model 51.891s/7 calls; 53.250s including wait/save; 7424.396s since startup
Processed 116/230 this run (116/230 total window): PIPELINE_SUCCESS in 56.691s processing; model 56.018s/7 calls; 56.802s including wait/save; 7481.199s since startup
Processed 117/230 this run (117/230 total window): PIPELINE_SUCCESS in 81.86s processing; model 80.762s/8 calls; 81.972s including wait/save; 7563.171s since startup
Processed 118/230 this run (118/230 total window): PIPELINE_SUCCESS in 114.793s processing; model 114.027s/9 calls; 114.918s including wait/save; 7678.089s since startup
Processed 119/230 this run (119/230 total window): PIPELINE_SUCCESS in 130.645s processing; model 129.424s/8 calls; 130.759s including wait/save; 7808.849s since startup
Processed 120/230 this run (120/230 total window): PIPELINE_SUCCESS in 220.006s processing; model 219.134s/14 calls; 220.124s including wait/save; 8028.972s since startup
Processed 121/230 this run (121/230 total window): PIPELINE_SUCCESS in 81.094s processing; model 79.952s/9 calls; 81.212s including wait/save; 8110.185s since startup
Processed 122/230 this run (122/230 total window): PIPELINE_SUCCESS in 90.918s processing; model 89.524s/9 calls; 91.054s including wait/save; 8201.239s since startup
Processed 123/230 this run (123/230 total window): PIPELINE_SUCCESS in 119.57s processing; model 118.188s/8 calls; 119.701s including wait/save; 8320.940s since startup
Processed 124/230 this run (124/230 total window): PIPELINE_SUCCESS in 104.894s processing; model 103.503s/8 calls; 105.026s including wait/save; 8425.966s since startup
Processed 125/230 this run (125/230 total window): PIPELINE_SUCCESS in 71.768s processing; model 70.454s/8 calls; 71.899s including wait/save; 8497.865s since startup
Processed 126/230 this run (126/230 total window): FINAL_SPEC_ERROR in 240.976s processing; model 240.779s/13 calls; 241.116s including wait/save; 8738.981s since startup
Processed 127/230 this run (127/230 total window): PIPELINE_SUCCESS in 214.33s processing; model 213.258s/12 calls; 214.479s including wait/save; 8953.460s since startup
Processed 128/230 this run (128/230 total window): PIPELINE_SUCCESS in 77.255s processing; model 76.220s/8 calls; 77.393s including wait/save; 9030.853s since startup
Processed 129/230 this run (129/230 total window): PIPELINE_SUCCESS in 111.377s processing; model 109.600s/10 calls; 111.513s including wait/save; 9142.366s since startup
Processed 130/230 this run (130/230 total window): PIPELINE_SUCCESS in 131.714s processing; model 130.014s/11 calls; 131.870s including wait/save; 9274.237s since startup
Processed 131/230 this run (131/230 total window): PIPELINE_SUCCESS in 100.379s processing; model 98.709s/10 calls; 100.538s including wait/save; 9374.774s since startup
Processed 132/230 this run (132/230 total window): PIPELINE_SUCCESS in 82.727s processing; model 81.033s/9 calls; 82.875s including wait/save; 9457.649s since startup
Processed 133/230 this run (133/230 total window): PIPELINE_SUCCESS in 97.031s processing; model 95.295s/9 calls; 97.180s including wait/save; 9554.829s since startup
Processed 134/230 this run (134/230 total window): PIPELINE_SUCCESS in 171.873s processing; model 169.828s/11 calls; 172.036s including wait/save; 9726.865s since startup
Processed 135/230 this run (135/230 total window): PIPELINE_SUCCESS in 139.406s processing; model 138.210s/10 calls; 139.559s including wait/save; 9866.425s since startup
Processed 136/230 this run (136/230 total window): PIPELINE_SUCCESS in 168.085s processing; model 166.799s/12 calls; 168.242s including wait/save; 10034.667s since startup
Processed 137/230 this run (137/230 total window): PIPELINE_SUCCESS in 33.274s processing; model 33.238s/7 calls; 33.436s including wait/save; 10068.103s since startup
Processed 138/230 this run (138/230 total window): PIPELINE_SUCCESS in 36.706s processing; model 36.668s/5 calls; 36.857s including wait/save; 10104.961s since startup
Processed 139/230 this run (139/230 total window): PIPELINE_SUCCESS in 20.929s processing; model 20.891s/5 calls; 21.102s including wait/save; 10126.063s since startup
Processed 140/230 this run (140/230 total window): PIPELINE_SUCCESS in 22.553s processing; model 22.528s/5 calls; 22.719s including wait/save; 10148.782s since startup
Processed 141/230 this run (141/230 total window): PIPELINE_SUCCESS in 21.345s processing; model 21.316s/5 calls; 21.508s including wait/save; 10170.290s since startup
Processed 142/230 this run (142/230 total window): PIPELINE_SUCCESS in 22.694s processing; model 22.591s/5 calls; 22.869s including wait/save; 10193.159s since startup
Processed 143/230 this run (143/230 total window): PIPELINE_SUCCESS in 24.967s processing; model 24.943s/5 calls; 25.131s including wait/save; 10218.291s since startup
Processed 144/230 this run (144/230 total window): PIPELINE_SUCCESS in 31.24s processing; model 31.190s/5 calls; 31.402s including wait/save; 10249.693s since startup
Processed 145/230 this run (145/230 total window): PIPELINE_SUCCESS in 19.585s processing; model 19.539s/5 calls; 19.738s including wait/save; 10269.431s since startup
Processed 146/230 this run (146/230 total window): PIPELINE_SUCCESS in 21.139s processing; model 21.109s/5 calls; 21.312s including wait/save; 10290.743s since startup
Processed 147/230 this run (147/230 total window): PIPELINE_SUCCESS in 99.491s processing; model 99.427s/6 calls; 99.653s including wait/save; 10390.396s since startup
Processed 148/230 this run (148/230 total window): PIPELINE_SUCCESS in 24.089s processing; model 24.028s/5 calls; 24.254s including wait/save; 10414.651s since startup
Processed 149/230 this run (149/230 total window): PIPELINE_SUCCESS in 20.904s processing; model 20.872s/5 calls; 21.076s including wait/save; 10435.727s since startup
Processed 150/230 this run (150/230 total window): PIPELINE_SUCCESS in 41.477s processing; model 41.450s/5 calls; 41.651s including wait/save; 10477.378s since startup
Processed 151/230 this run (151/230 total window): PIPELINE_SUCCESS in 35.846s processing; model 35.807s/7 calls; 36.029s including wait/save; 10513.407s since startup
Processed 152/230 this run (152/230 total window): PIPELINE_SUCCESS in 20.664s processing; model 20.624s/5 calls; 20.846s including wait/save; 10534.253s since startup
Processed 153/230 this run (153/230 total window): PIPELINE_SUCCESS in 70.783s processing; model 70.755s/5 calls; 70.955s including wait/save; 10605.208s since startup
Processed 154/230 this run (154/230 total window): FINAL_SPEC_ERROR in 147.189s processing; model 147.138s/9 calls; 147.362s including wait/save; 10752.570s since startup
Processed 155/230 this run (155/230 total window): PIPELINE_SUCCESS in 30.266s processing; model 30.198s/6 calls; 30.432s including wait/save; 10783.002s since startup
Processed 156/230 this run (156/230 total window): PIPELINE_SUCCESS in 36.224s processing; model 36.056s/6 calls; 36.390s including wait/save; 10819.392s since startup
Processed 157/230 this run (157/230 total window): PIPELINE_SUCCESS in 25.738s processing; model 25.658s/6 calls; 25.905s including wait/save; 10845.297s since startup
Processed 158/230 this run (158/230 total window): PIPELINE_SUCCESS in 39.163s processing; model 39.097s/6 calls; 39.344s including wait/save; 10884.641s since startup
Processed 159/230 this run (159/230 total window): PIPELINE_SUCCESS in 37.466s processing; model 37.381s/6 calls; 37.624s including wait/save; 10922.265s since startup
Processed 160/230 this run (160/230 total window): PIPELINE_SUCCESS in 121.863s processing; model 121.774s/6 calls; 122.039s including wait/save; 11044.304s since startup
Processed 161/230 this run (161/230 total window): FINAL_SPEC_ERROR in 48.421s processing; model 48.353s/10 calls; 48.601s including wait/save; 11092.905s since startup
Processed 162/230 this run (162/230 total window): PIPELINE_SUCCESS in 35.483s processing; model 35.394s/6 calls; 35.653s including wait/save; 11128.559s since startup
Processed 163/230 this run (163/230 total window): PIPELINE_SUCCESS in 46.11s processing; model 46.046s/6 calls; 46.283s including wait/save; 11174.842s since startup
Processed 164/230 this run (164/230 total window): PIPELINE_SUCCESS in 44.373s processing; model 44.279s/7 calls; 44.545s including wait/save; 11219.387s since startup
Processed 165/230 this run (165/230 total window): PIPELINE_SUCCESS in 44.855s processing; model 44.711s/8 calls; 45.028s including wait/save; 11264.416s since startup
Processed 166/230 this run (166/230 total window): PIPELINE_SUCCESS in 49.785s processing; model 49.681s/7 calls; 49.958s including wait/save; 11314.374s since startup
Processed 167/230 this run (167/230 total window): PIPELINE_SUCCESS in 46.818s processing; model 46.721s/9 calls; 46.982s including wait/save; 11361.356s since startup
Processed 168/230 this run (168/230 total window): PIPELINE_SUCCESS in 42.752s processing; model 42.692s/5 calls; 42.931s including wait/save; 11404.287s since startup
Processed 169/230 this run (169/230 total window): PIPELINE_SUCCESS in 33.64s processing; model 33.579s/5 calls; 33.809s including wait/save; 11438.097s since startup
Processed 170/230 this run (170/230 total window): PIPELINE_SUCCESS in 19.556s processing; model 19.491s/5 calls; 19.741s including wait/save; 11457.838s since startup
Processed 171/230 this run (171/230 total window): PIPELINE_SUCCESS in 32.065s processing; model 32.027s/5 calls; 32.250s including wait/save; 11490.088s since startup
Processed 172/230 this run (172/230 total window): PIPELINE_SUCCESS in 31.992s processing; model 31.874s/5 calls; 32.182s including wait/save; 11522.270s since startup
Processed 173/230 this run (173/230 total window): PIPELINE_SUCCESS in 25.231s processing; model 25.127s/5 calls; 25.422s including wait/save; 11547.692s since startup
Processed 174/230 this run (174/230 total window): PIPELINE_SUCCESS in 27.525s processing; model 27.492s/5 calls; 27.710s including wait/save; 11575.403s since startup
Processed 175/230 this run (175/230 total window): PIPELINE_SUCCESS in 24.791s processing; model 24.724s/5 calls; 24.972s including wait/save; 11600.375s since startup
Processed 176/230 this run (176/230 total window): PIPELINE_SUCCESS in 48.927s processing; model 48.850s/6 calls; 49.107s including wait/save; 11649.482s since startup
Processed 177/230 this run (177/230 total window): PIPELINE_SUCCESS in 26.789s processing; model 26.760s/5 calls; 26.991s including wait/save; 11676.473s since startup
Processed 178/230 this run (178/230 total window): PIPELINE_SUCCESS in 28.884s processing; model 28.501s/6 calls; 29.063s including wait/save; 11705.536s since startup
Processed 179/230 this run (179/230 total window): PIPELINE_SUCCESS in 39.374s processing; model 39.017s/6 calls; 39.546s including wait/save; 11745.082s since startup
Processed 180/230 this run (180/230 total window): PIPELINE_SUCCESS in 42.817s processing; model 42.472s/5 calls; 42.994s including wait/save; 11788.077s since startup
Processed 181/230 this run (181/230 total window): PIPELINE_SUCCESS in 50.878s processing; model 50.480s/5 calls; 51.062s including wait/save; 11839.139s since startup
Processed 182/230 this run (182/230 total window): PIPELINE_SUCCESS in 49.443s processing; model 49.087s/6 calls; 49.626s including wait/save; 11888.765s since startup
Processed 183/230 this run (183/230 total window): PIPELINE_SUCCESS in 33.688s processing; model 33.324s/6 calls; 33.885s including wait/save; 11922.650s since startup
Processed 184/230 this run (184/230 total window): PIPELINE_SUCCESS in 49.255s processing; model 48.900s/6 calls; 49.440s including wait/save; 11972.091s since startup
Processed 185/230 this run (185/230 total window): PIPELINE_SUCCESS in 39.465s processing; model 39.099s/6 calls; 39.650s including wait/save; 12011.741s since startup
Processed 186/230 this run (186/230 total window): PIPELINE_SUCCESS in 27.943s processing; model 27.589s/6 calls; 28.144s including wait/save; 12039.885s since startup
Processed 187/230 this run (187/230 total window): PIPELINE_SUCCESS in 32.326s processing; model 31.954s/6 calls; 32.514s including wait/save; 12072.399s since startup
Processed 188/230 this run (188/230 total window): PIPELINE_SUCCESS in 38.903s processing; model 38.506s/6 calls; 39.101s including wait/save; 12111.500s since startup
Processed 189/230 this run (189/230 total window): PIPELINE_SUCCESS in 42.682s processing; model 42.314s/7 calls; 42.872s including wait/save; 12154.372s since startup
Processed 190/230 this run (190/230 total window): PIPELINE_SUCCESS in 47.765s processing; model 47.390s/7 calls; 47.966s including wait/save; 12202.339s since startup
Processed 191/230 this run (191/230 total window): PIPELINE_SUCCESS in 42.684s processing; model 42.288s/7 calls; 42.882s including wait/save; 12245.221s since startup
Processed 192/230 this run (192/230 total window): PIPELINE_SUCCESS in 36.458s processing; model 36.065s/7 calls; 36.659s including wait/save; 12281.880s since startup
Processed 193/230 this run (193/230 total window): PIPELINE_SUCCESS in 58.8s processing; model 58.343s/7 calls; 59.003s including wait/save; 12340.883s since startup
Processed 194/230 this run (194/230 total window): PIPELINE_SUCCESS in 54.649s processing; model 53.966s/7 calls; 54.841s including wait/save; 12395.724s since startup
Processed 195/230 this run (195/230 total window): PIPELINE_SUCCESS in 47.078s processing; model 46.678s/7 calls; 47.270s including wait/save; 12442.994s since startup
Processed 196/230 this run (196/230 total window): PIPELINE_SUCCESS in 71.673s processing; model 70.877s/8 calls; 71.879s including wait/save; 12514.874s since startup
Processed 197/230 this run (197/230 total window): PIPELINE_SUCCESS in 98.016s processing; model 97.198s/8 calls; 98.225s including wait/save; 12613.099s since startup
Processed 198/230 this run (198/230 total window): PIPELINE_SUCCESS in 79.716s processing; model 79.228s/10 calls; 79.913s including wait/save; 12693.012s since startup
Processed 199/230 this run (199/230 total window): PIPELINE_SUCCESS in 37.576s processing; model 37.546s/5 calls; 37.780s including wait/save; 12730.792s since startup
Processed 200/230 this run (200/230 total window): PIPELINE_SUCCESS in 124.638s processing; model 124.602s/5 calls; 125.062s including wait/save; 12855.854s since startup
Processed 201/230 this run (201/230 total window): PIPELINE_SUCCESS in 20.27s processing; model 20.237s/5 calls; 20.476s including wait/save; 12876.330s since startup
Processed 202/230 this run (202/230 total window): PIPELINE_SUCCESS in 31.31s processing; model 31.272s/5 calls; 31.527s including wait/save; 12907.858s since startup
Processed 203/230 this run (203/230 total window): PIPELINE_SUCCESS in 23.039s processing; model 23.000s/5 calls; 23.256s including wait/save; 12931.114s since startup
Processed 204/230 this run (204/230 total window): PIPELINE_SUCCESS in 23.746s processing; model 23.710s/5 calls; 23.953s including wait/save; 12955.067s since startup
Processed 205/230 this run (205/230 total window): PIPELINE_SUCCESS in 17.026s processing; model 16.992s/5 calls; 17.228s including wait/save; 12972.295s since startup
Processed 206/230 this run (206/230 total window): PIPELINE_SUCCESS in 30.093s processing; model 30.053s/5 calls; 30.309s including wait/save; 13002.603s since startup
Processed 207/230 this run (207/230 total window): PIPELINE_SUCCESS in 17.066s processing; model 17.031s/5 calls; 17.283s including wait/save; 13019.886s since startup
Processed 208/230 this run (208/230 total window): PIPELINE_SUCCESS in 17.798s processing; model 17.769s/5 calls; 18.001s including wait/save; 13037.887s since startup
Processed 209/230 this run (209/230 total window): PIPELINE_SUCCESS in 18.448s processing; model 18.388s/5 calls; 18.648s including wait/save; 13056.535s since startup
Processed 210/230 this run (210/230 total window): PIPELINE_SUCCESS in 29.08s processing; model 29.035s/5 calls; 29.300s including wait/save; 13085.834s since startup
Processed 211/230 this run (211/230 total window): PIPELINE_SUCCESS in 23.847s processing; model 23.810s/5 calls; 24.067s including wait/save; 13109.902s since startup
Processed 212/230 this run (212/230 total window): PIPELINE_SUCCESS in 19.158s processing; model 19.127s/5 calls; 19.361s including wait/save; 13129.262s since startup
Processed 213/230 this run (213/230 total window): PIPELINE_SUCCESS in 18.839s processing; model 18.811s/5 calls; 19.043s including wait/save; 13148.305s since startup
Processed 214/230 this run (214/230 total window): PIPELINE_SUCCESS in 16.976s processing; model 16.942s/5 calls; 17.191s including wait/save; 13165.496s since startup
Processed 215/230 this run (215/230 total window): PIPELINE_SUCCESS in 22.771s processing; model 22.743s/5 calls; 22.964s including wait/save; 13188.460s since startup
Processed 216/230 this run (216/230 total window): PIPELINE_SUCCESS in 41.963s processing; model 41.933s/5 calls; 42.168s including wait/save; 13230.629s since startup
Processed 217/230 this run (217/230 total window): FINAL_SPEC_ERROR in 54.878s processing; model 54.797s/9 calls; 55.108s including wait/save; 13285.737s since startup
Processed 218/230 this run (218/230 total window): PIPELINE_SUCCESS in 42.867s processing; model 42.477s/6 calls; 43.067s including wait/save; 13328.804s since startup
Processed 219/230 this run (219/230 total window): PIPELINE_SUCCESS in 50.427s processing; model 50.054s/6 calls; 50.627s including wait/save; 13379.431s since startup
Processed 220/230 this run (220/230 total window): PIPELINE_SUCCESS in 40.645s processing; model 40.250s/6 calls; 40.851s including wait/save; 13420.283s since startup
Processed 221/230 this run (221/230 total window): PIPELINE_SUCCESS in 32.126s processing; model 31.944s/6 calls; 32.329s including wait/save; 13452.612s since startup
Processed 222/230 this run (222/230 total window): PIPELINE_SUCCESS in 40.704s processing; model 40.525s/6 calls; 40.907s including wait/save; 13493.519s since startup
Processed 223/230 this run (223/230 total window): PIPELINE_SUCCESS in 70.236s processing; model 70.059s/8 calls; 70.451s including wait/save; 13563.970s since startup
Processed 224/230 this run (224/230 total window): PIPELINE_SUCCESS in 49.462s processing; model 49.273s/6 calls; 49.690s including wait/save; 13613.661s since startup
Processed 225/230 this run (225/230 total window): PIPELINE_SUCCESS in 53.498s processing; model 53.245s/6 calls; 53.702s including wait/save; 13667.362s since startup
Processed 226/230 this run (226/230 total window): PIPELINE_SUCCESS in 30.108s processing; model 30.022s/6 calls; 30.324s including wait/save; 13697.686s since startup
Processed 227/230 this run (227/230 total window): PIPELINE_SUCCESS in 50.273s processing; model 49.885s/6 calls; 50.478s including wait/save; 13748.165s since startup
Processed 228/230 this run (228/230 total window): PIPELINE_SUCCESS in 83.046s processing; model 82.647s/7 calls; 83.253s including wait/save; 13831.418s since startup
Processed 229/230 this run (229/230 total window): PIPELINE_SUCCESS in 54.774s processing; model 54.390s/7 calls; 54.979s including wait/save; 13886.398s since startup
Processed 230/230 this run (230/230 total window): PIPELINE_SUCCESS in 35.536s processing; model 35.154s/7 calls; 35.747s including wait/save; 13922.144s since startup
[COMPLETE] Pipeline finished. Details: /home/kritik/Desktop/neosapiens/finance/script_diff_llm2/ablations/improvement10_models/source/improvement10/.runtime/logs/pipeline_20261006_134112_134265.log
[TIME] Startup-to-finish: 13922.52s; model requests: 13826.10s (1595 calls). Slowest model stages: Decompose=4181.51s, Query_Understanding=3672.52s, Query_Spec=2866.49s, Final_Spec=2726.80s
[TIMING] /home/kritik/Desktop/neosapiens/finance/script_diff_llm2/ablations/improvement10_models/source/improvement10/.runtime/logs/timing_20261006_134109_134265.json
