[INPUT] SQLITE_DB_PATH: /home/kritik/Desktop/neosapiens/finance/script_diff_llm2/ablations/improvement10_models/source/improvement10/wealth_management_diverse.db
[INPUT] TABLE_METADATA_DIR: /home/kritik/Desktop/neosapiens/finance/script_diff_llm2/ablations/improvement10_models/source/improvement10/table_medatada
[INPUT] DOMAIN_INTRO_FILE: /home/kritik/Desktop/neosapiens/finance/script_diff_llm2/ablations/improvement10_models/source/improvement10/domain_intro_latest.prompt
[INPUT] BUSINESS_RULES_FILE: /home/kritik/Desktop/neosapiens/finance/script_diff_llm2/ablations/improvement10_models/source/improvement10/business_rules_addendum.md
[RUNNING] Report: /home/kritik/Desktop/neosapiens/finance/script_diff_llm2/ablations/improvement10_models/runs/kimi_k2_thinking/run_01/parallel_workers4/worker_01/raw_pipeline.csv
[LOG] /home/kritik/Desktop/neosapiens/finance/script_diff_llm2/ablations/improvement10_models/source/improvement10/.runtime/logs/pipeline_20261006_134111_134273.log
[CACHE] Knowledge hit in 0.009s
[TIME] Startup ready: 2.388s; query delay: 0s
Processed 1/244 this run (1/244 total window): FINAL_SPEC_ERROR in 91.132s processing; model 91.091s/8 calls; 91.147s including wait/save; 93.536s since startup
Processed 2/244 this run (2/244 total window): PIPELINE_SUCCESS in 61.764s processing; model 61.740s/5 calls; 61.775s including wait/save; 155.310s since startup
Processed 3/244 this run (3/244 total window): PIPELINE_SUCCESS in 104.346s processing; model 104.296s/6 calls; 104.350s including wait/save; 259.661s since startup
Processed 4/244 this run (4/244 total window): PIPELINE_SUCCESS in 140.478s processing; model 140.430s/6 calls; 140.484s including wait/save; 400.145s since startup
Processed 5/244 this run (5/244 total window): PIPELINE_SUCCESS in 130.373s processing; model 130.306s/6 calls; 130.379s including wait/save; 530.525s since startup
Processed 6/244 this run (6/244 total window): PIPELINE_SUCCESS in 173.739s processing; model 173.681s/7 calls; 173.744s including wait/save; 704.269s since startup
Processed 7/244 this run (7/244 total window): PIPELINE_SUCCESS in 117.957s processing; model 117.909s/6 calls; 117.963s including wait/save; 822.232s since startup
Processed 8/244 this run (8/244 total window): PIPELINE_SUCCESS in 202.244s processing; model 202.129s/6 calls; 202.250s including wait/save; 1024.483s since startup
Processed 9/244 this run (9/244 total window): PIPELINE_SUCCESS in 121.935s processing; model 121.808s/6 calls; 121.942s including wait/save; 1146.425s since startup
Processed 10/244 this run (10/244 total window): PIPELINE_SUCCESS in 63.418s processing; model 63.387s/5 calls; 63.430s including wait/save; 1209.855s since startup
Processed 11/244 this run (11/244 total window): PIPELINE_SUCCESS in 156.433s processing; model 156.357s/7 calls; 156.441s including wait/save; 1366.296s since startup
Processed 12/244 this run (12/244 total window): PIPELINE_SUCCESS in 233.581s processing; model 233.475s/8 calls; 233.590s including wait/save; 1599.886s since startup
Processed 13/244 this run (13/244 total window): PIPELINE_SUCCESS in 152.64s processing; model 152.550s/7 calls; 152.651s including wait/save; 1752.537s since startup
Processed 14/244 this run (14/244 total window): PIPELINE_SUCCESS in 179.95s processing; model 179.863s/7 calls; 179.961s including wait/save; 1932.498s since startup
Processed 15/244 this run (15/244 total window): PIPELINE_SUCCESS in 153.667s processing; model 153.608s/7 calls; 153.678s including wait/save; 2086.177s since startup
Processed 16/244 this run (16/244 total window): PIPELINE_SUCCESS in 151.141s processing; model 151.076s/7 calls; 151.154s including wait/save; 2237.331s since startup
Processed 17/244 this run (17/244 total window): PIPELINE_SUCCESS in 284.689s processing; model 284.552s/8 calls; 284.703s including wait/save; 2522.034s since startup
Processed 18/244 this run (18/244 total window): PIPELINE_SUCCESS in 402.103s processing; model 401.956s/10 calls; 402.118s including wait/save; 2924.152s since startup
Processed 19/244 this run (19/244 total window): PIPELINE_SUCCESS in 309.063s processing; model 308.961s/8 calls; 309.082s including wait/save; 3233.235s since startup
Processed 20/244 this run (20/244 total window): PIPELINE_SUCCESS in 253.322s processing; model 253.227s/8 calls; 253.340s including wait/save; 3486.574s since startup
Processed 21/244 this run (21/244 total window): PIPELINE_SUCCESS in 240.337s processing; model 240.224s/8 calls; 240.355s including wait/save; 3726.929s since startup
Processed 22/244 this run (22/244 total window): PIPELINE_SUCCESS in 305.003s processing; model 304.801s/10 calls; 305.024s including wait/save; 4031.953s since startup
Processed 23/244 this run (23/244 total window): PIPELINE_SUCCESS in 236.571s processing; model 236.415s/9 calls; 236.592s including wait/save; 4268.545s since startup
Processed 24/244 this run (24/244 total window): PIPELINE_SUCCESS in 446.171s processing; model 446.017s/10 calls; 446.195s including wait/save; 4714.740s since startup
Processed 25/244 this run (25/244 total window): PIPELINE_SUCCESS in 495.388s processing; model 495.226s/11 calls; 495.413s including wait/save; 5210.153s since startup
Processed 26/244 this run (26/244 total window): PIPELINE_SUCCESS in 81.236s processing; model 81.187s/6 calls; 81.260s including wait/save; 5291.414s since startup
Processed 27/244 this run (27/244 total window): PIPELINE_SUCCESS in 135.022s processing; model 134.968s/6 calls; 135.051s including wait/save; 5426.465s since startup
Processed 28/244 this run (28/244 total window): PIPELINE_SUCCESS in 159.498s processing; model 159.461s/6 calls; 159.527s including wait/save; 5585.992s since startup
Processed 29/244 this run (29/244 total window): PIPELINE_SUCCESS in 93.774s processing; model 93.679s/5 calls; 93.809s including wait/save; 5679.802s since startup
Processed 30/244 this run (30/244 total window): PIPELINE_SUCCESS in 136.505s processing; model 136.448s/7 calls; 136.541s including wait/save; 5816.343s since startup
Processed 31/244 this run (31/244 total window): PIPELINE_SUCCESS in 126.121s processing; model 126.074s/6 calls; 126.158s including wait/save; 5942.501s since startup
Processed 32/244 this run (32/244 total window): PIPELINE_SUCCESS in 155.008s processing; model 154.961s/6 calls; 155.050s including wait/save; 6097.550s since startup
Processed 33/244 this run (33/244 total window): PIPELINE_SUCCESS in 125.51s processing; model 125.461s/6 calls; 125.551s including wait/save; 6223.102s since startup
Processed 34/244 this run (34/244 total window): PIPELINE_SUCCESS in 105.354s processing; model 105.307s/6 calls; 105.392s including wait/save; 6328.494s since startup
Processed 35/244 this run (35/244 total window): PIPELINE_SUCCESS in 124.274s processing; model 124.224s/6 calls; 124.312s including wait/save; 6452.807s since startup
Processed 36/244 this run (36/244 total window): PIPELINE_SUCCESS in 144.066s processing; model 144.012s/6 calls; 144.111s including wait/save; 6596.918s since startup
Processed 37/244 this run (37/244 total window): PIPELINE_SUCCESS in 207.5s processing; model 207.457s/6 calls; 207.542s including wait/save; 6804.460s since startup
Processed 38/244 this run (38/244 total window): PIPELINE_SUCCESS in 257.711s processing; model 257.634s/9 calls; 257.752s including wait/save; 7062.212s since startup
Processed 39/244 this run (39/244 total window): PIPELINE_SUCCESS in 343.34s processing; model 343.267s/9 calls; 343.382s including wait/save; 7405.595s since startup
Processed 40/244 this run (40/244 total window): PIPELINE_SUCCESS in 367.941s processing; model 367.881s/9 calls; 367.986s including wait/save; 7773.581s since startup
Processed 41/244 this run (41/244 total window): PIPELINE_SUCCESS in 190.115s processing; model 190.050s/7 calls; 190.159s including wait/save; 7963.740s since startup
Processed 42/244 this run (42/244 total window): PIPELINE_SUCCESS in 319.346s processing; model 319.285s/9 calls; 319.400s including wait/save; 8283.140s since startup
Processed 43/244 this run (43/244 total window): PIPELINE_SUCCESS in 355.918s processing; model 355.824s/8 calls; 355.963s including wait/save; 8639.103s since startup
Processed 44/244 this run (44/244 total window): PIPELINE_SUCCESS in 173.833s processing; model 173.787s/7 calls; 173.880s including wait/save; 8812.983s since startup
Processed 45/244 this run (45/244 total window): PIPELINE_SUCCESS in 449.325s processing; model 449.245s/9 calls; 449.374s including wait/save; 9262.357s since startup
Processed 46/244 this run (46/244 total window): PIPELINE_SUCCESS in 290.466s processing; model 290.206s/8 calls; 290.515s including wait/save; 9552.872s since startup
Processed 47/244 this run (47/244 total window): PIPELINE_SUCCESS in 212.28s processing; model 212.141s/8 calls; 212.331s including wait/save; 9765.203s since startup
Processed 48/244 this run (48/244 total window): PIPELINE_SUCCESS in 266.995s processing; model 266.902s/8 calls; 267.049s including wait/save; 10032.252s since startup
Processed 49/244 this run (49/244 total window): PIPELINE_SUCCESS in 291.802s processing; model 291.690s/8 calls; 291.864s including wait/save; 10324.116s since startup
Processed 50/244 this run (50/244 total window): PIPELINE_SUCCESS in 612.553s processing; model 612.324s/14 calls; 612.608s including wait/save; 10936.724s since startup
Processed 51/244 this run (51/244 total window): PIPELINE_SUCCESS in 769.428s processing; model 769.182s/17 calls; 769.480s including wait/save; 11706.204s since startup
Processed 52/244 this run (52/244 total window): PIPELINE_SUCCESS in 1026.664s processing; model 1026.421s/14 calls; 1026.731s including wait/save; 12732.935s since startup
Processed 53/244 this run (53/244 total window): PIPELINE_SUCCESS in 1018.066s processing; model 1017.792s/10 calls; 1018.134s including wait/save; 13751.070s since startup
Processed 54/244 this run (54/244 total window): PIPELINE_SUCCESS in 776.892s processing; model 776.677s/11 calls; 776.951s including wait/save; 14528.021s since startup
Processed 55/244 this run (55/244 total window): PIPELINE_SUCCESS in 932.934s processing; model 932.362s/12 calls; 933.005s including wait/save; 15461.026s since startup
Processed 56/244 this run (56/244 total window): PIPELINE_SUCCESS in 1296.056s processing; model 1295.751s/16 calls; 1296.128s including wait/save; 16757.154s since startup
Processed 57/244 this run (57/244 total window): PIPELINE_SUCCESS in 72.096s processing; model 72.071s/5 calls; 72.164s including wait/save; 16829.318s since startup
Processed 58/244 this run (58/244 total window): PIPELINE_SUCCESS in 75.199s processing; model 75.168s/6 calls; 75.264s including wait/save; 16904.582s since startup
Processed 59/244 this run (59/244 total window): PIPELINE_SUCCESS in 111.244s processing; model 111.214s/5 calls; 111.336s including wait/save; 17015.918s since startup
Processed 60/244 this run (60/244 total window): PIPELINE_SUCCESS in 98.405s processing; model 98.380s/5 calls; 98.470s including wait/save; 17114.388s since startup
Processed 61/244 this run (61/244 total window): PIPELINE_SUCCESS in 73.056s processing; model 73.031s/5 calls; 73.120s including wait/save; 17187.508s since startup
Processed 62/244 this run (62/244 total window): PIPELINE_SUCCESS in 83.295s processing; model 83.267s/5 calls; 83.371s including wait/save; 17270.880s since startup
Processed 63/244 this run (63/244 total window): PIPELINE_SUCCESS in 123.429s processing; model 123.389s/6 calls; 123.502s including wait/save; 17394.382s since startup
Processed 64/244 this run (64/244 total window): PIPELINE_SUCCESS in 86.448s processing; model 86.418s/5 calls; 86.520s including wait/save; 17480.902s since startup
Processed 65/244 this run (65/244 total window): PIPELINE_SUCCESS in 81.74s processing; model 81.717s/5 calls; 81.806s including wait/save; 17562.708s since startup
Processed 66/244 this run (66/244 total window): PIPELINE_SUCCESS in 116.0s processing; model 115.953s/6 calls; 116.071s including wait/save; 17678.780s since startup
Processed 67/244 this run (67/244 total window): PIPELINE_SUCCESS in 147.703s processing; model 147.497s/6 calls; 147.768s including wait/save; 17826.548s since startup
Processed 68/244 this run (68/244 total window): FINAL_SPEC_ERROR in 216.623s processing; model 216.577s/9 calls; 216.700s including wait/save; 18043.248s since startup
Processed 69/244 this run (69/244 total window): PIPELINE_SUCCESS in 143.759s processing; model 143.683s/6 calls; 143.826s including wait/save; 18187.074s since startup
Processed 70/244 this run (70/244 total window): PIPELINE_SUCCESS in 234.708s processing; model 234.654s/6 calls; 234.779s including wait/save; 18421.853s since startup
Processed 71/244 this run (71/244 total window): PIPELINE_SUCCESS in 165.551s processing; model 165.494s/7 calls; 165.618s including wait/save; 18587.472s since startup
Processed 72/244 this run (72/244 total window): PIPELINE_SUCCESS in 89.216s processing; model 89.177s/6 calls; 89.289s including wait/save; 18676.761s since startup
Processed 73/244 this run (73/244 total window): PIPELINE_SUCCESS in 125.791s processing; model 125.733s/6 calls; 125.874s including wait/save; 18802.634s since startup
Processed 74/244 this run (74/244 total window): PIPELINE_SUCCESS in 129.911s processing; model 129.849s/6 calls; 129.984s including wait/save; 18932.619s since startup
Processed 75/244 this run (75/244 total window): PIPELINE_SUCCESS in 121.69s processing; model 121.639s/6 calls; 121.766s including wait/save; 19054.385s since startup
Processed 76/244 this run (76/244 total window): PIPELINE_SUCCESS in 200.279s processing; model 200.219s/7 calls; 200.356s including wait/save; 19254.741s since startup
Processed 77/244 this run (77/244 total window): PIPELINE_SUCCESS in 247.095s processing; model 247.010s/7 calls; 247.176s including wait/save; 19501.918s since startup
Processed 78/244 this run (78/244 total window): PIPELINE_SUCCESS in 254.242s processing; model 254.116s/7 calls; 254.314s including wait/save; 19756.232s since startup
[STOPPED] Interrupted. Details: /home/kritik/Desktop/neosapiens/finance/script_diff_llm2/ablations/improvement10_models/source/improvement10/.runtime/logs/pipeline_20261006_134111_134273.log
[TIME] Startup-to-finish: 19901.44s; model requests: 19888.10s (590 calls). Slowest model stages: Query_Understanding=6502.52s, Query_Spec=5580.87s, Final_Spec=3677.96s, Decompose=3458.51s
[TIMING] /home/kritik/Desktop/neosapiens/finance/script_diff_llm2/ablations/improvement10_models/source/improvement10/.runtime/logs/timing_20261006_134110_134273.json
