[INPUT] ONTOLOGY_FILE: /home/kritik/Desktop/neosapiens/finance/script_diff_llm2/ablations/improvement11_gpt_oss_120b/source/improvemnt11kgfixed/kg_output_fixed/wealth_management_diverse_schema.ttl
[INPUT] INSTANCE_FILE: /home/kritik/Desktop/neosapiens/finance/script_diff_llm2/ablations/improvement11_gpt_oss_120b/source/improvemnt11kgfixed/kg_output_fixed/wealth_management_diverse_kg.ttl
[INPUT] DOMAIN_INTRO_FILE: /home/kritik/Desktop/neosapiens/finance/script_diff_llm2/ablations/improvement11_gpt_oss_120b/source/improvemnt11kgfixed/domain_intro_latest.prompt
[INPUT] BUSINESS_RULES_FILE: /home/kritik/Desktop/neosapiens/finance/script_diff_llm2/ablations/improvement11_gpt_oss_120b/source/improvemnt11kgfixed/business_rules_addendum.md
[RUNNING] Report: /home/kritik/Desktop/neosapiens/finance/script_diff_llm2/ablations/improvement11_gpt_oss_120b/runs/azure_gpt_oss_120b/azure_resume8_01/parallel_workers8/worker_08/raw_pipeline.csv
[LOG] /home/kritik/Desktop/neosapiens/finance/script_diff_llm2/ablations/improvement11_gpt_oss_120b/source/improvemnt11kgfixed/.runtime/logs/pipeline_20261008_073705_418799.log
[CACHE] Knowledge hit in 0.012s
[TIME] Startup ready: 1.241s; query delay: 0s
Processed 1/87 this run (1/87 total window): PIPELINE_SUCCESS in 130.739s processing; model 130.635s/5 calls; 130.743s including wait/save; 131.984s since startup
Processed 2/87 this run (2/87 total window): PIPELINE_SUCCESS in 163.392s processing; model 163.272s/6 calls; 163.396s including wait/save; 295.380s since startup
Processed 3/87 this run (3/87 total window): PIPELINE_SUCCESS in 210.887s processing; model 210.702s/7 calls; 210.895s including wait/save; 506.276s since startup
Processed 4/87 this run (4/87 total window): PIPELINE_SUCCESS in 1006.06s processing; model 1005.706s/8 calls; 1006.066s including wait/save; 1512.342s since startup
Processed 5/87 this run (5/87 total window): CRASH in 733.912s processing; model 733.889s/3 calls; 733.929s including wait/save; 2246.271s since startup
Processed 6/87 this run (6/87 total window): PIPELINE_SUCCESS in 111.453s processing; model 111.366s/5 calls; 111.466s including wait/save; 2357.737s since startup
Processed 7/87 this run (7/87 total window): PIPELINE_SUCCESS in 121.113s processing; model 121.004s/6 calls; 121.128s including wait/save; 2478.865s since startup
Processed 8/87 this run (8/87 total window): PIPELINE_SUCCESS in 170.503s processing; model 170.331s/6 calls; 170.511s including wait/save; 2649.377s since startup
Processed 9/87 this run (9/87 total window): PIPELINE_SUCCESS in 211.126s processing; model 210.990s/7 calls; 211.135s including wait/save; 2860.512s since startup
Processed 10/87 this run (10/87 total window): PIPELINE_SUCCESS in 180.263s processing; model 180.120s/6 calls; 180.272s including wait/save; 3040.784s since startup
Processed 11/87 this run (11/87 total window): PIPELINE_SUCCESS in 270.39s processing; model 270.085s/8 calls; 270.411s including wait/save; 3311.196s since startup
Processed 12/87 this run (12/87 total window): PIPELINE_SUCCESS in 454.655s processing; model 454.345s/8 calls; 454.667s including wait/save; 3765.863s since startup
Processed 13/87 this run (13/87 total window): PIPELINE_SUCCESS in 273.037s processing; model 272.720s/8 calls; 273.049s including wait/save; 4038.912s since startup
Processed 14/87 this run (14/87 total window): PIPELINE_SUCCESS in 175.536s processing; model 175.382s/6 calls; 175.554s including wait/save; 4214.466s since startup
Processed 15/87 this run (15/87 total window): FINAL_SPEC_ERROR in 397.725s processing; model 397.528s/10 calls; 397.745s including wait/save; 4612.211s since startup
Processed 16/87 this run (16/87 total window): PIPELINE_SUCCESS in 199.399s processing; model 199.238s/6 calls; 199.413s including wait/save; 4811.624s since startup
Processed 17/87 this run (17/87 total window): PIPELINE_SUCCESS in 245.668s processing; model 245.367s/8 calls; 245.684s including wait/save; 5057.307s since startup
Processed 18/87 this run (18/87 total window): PIPELINE_SUCCESS in 273.543s processing; model 273.273s/7 calls; 273.570s including wait/save; 5330.878s since startup
Processed 19/87 this run (19/87 total window): PIPELINE_SUCCESS in 300.336s processing; model 300.145s/7 calls; 300.352s including wait/save; 5631.230s since startup
Processed 20/87 this run (20/87 total window): PIPELINE_SUCCESS in 234.58s processing; model 234.349s/7 calls; 234.597s including wait/save; 5865.827s since startup
Processed 21/87 this run (21/87 total window): PIPELINE_SUCCESS in 216.344s processing; model 216.154s/6 calls; 216.364s including wait/save; 6082.191s since startup
Processed 22/87 this run (22/87 total window): PIPELINE_SUCCESS in 310.37s processing; model 309.437s/8 calls; 310.389s including wait/save; 6392.581s since startup
Processed 23/87 this run (23/87 total window): PIPELINE_SUCCESS in 537.836s processing; model 536.990s/8 calls; 537.856s including wait/save; 6930.437s since startup
Processed 24/87 this run (24/87 total window): PIPELINE_SUCCESS in 380.443s processing; model 379.561s/8 calls; 380.465s including wait/save; 7310.902s since startup
Processed 25/87 this run (25/87 total window): PIPELINE_SUCCESS in 306.523s processing; model 305.003s/7 calls; 306.546s including wait/save; 7617.449s since startup
Processed 26/87 this run (26/87 total window): PIPELINE_SUCCESS in 315.037s processing; model 314.698s/8 calls; 315.073s including wait/save; 7932.523s since startup
Processed 27/87 this run (27/87 total window): PIPELINE_SUCCESS in 254.872s processing; model 253.831s/6 calls; 254.899s including wait/save; 8187.422s since startup
Processed 28/87 this run (28/87 total window): PIPELINE_SUCCESS in 187.272s processing; model 186.606s/6 calls; 187.296s including wait/save; 8374.718s since startup
Processed 29/87 this run (29/87 total window): PIPELINE_SUCCESS in 201.154s processing; model 200.251s/6 calls; 201.180s including wait/save; 8575.899s since startup
Processed 30/87 this run (30/87 total window): CRASH in 568.915s processing; model 568.910s/1 calls; 568.950s including wait/save; 9144.849s since startup
Processed 31/87 this run (31/87 total window): PIPELINE_SUCCESS in 380.75s processing; model 379.380s/7 calls; 380.776s including wait/save; 9525.625s since startup
Processed 32/87 this run (32/87 total window): PIPELINE_SUCCESS in 937.221s processing; model 935.728s/8 calls; 937.248s including wait/save; 10462.873s since startup
Processed 33/87 this run (33/87 total window): CRASH in 565.503s processing; model 565.497s/1 calls; 565.551s including wait/save; 11028.425s since startup
Processed 34/87 this run (34/87 total window): PIPELINE_SUCCESS in 319.479s processing; model 317.775s/8 calls; 319.508s including wait/save; 11347.933s since startup
Processed 35/87 this run (35/87 total window): PIPELINE_SUCCESS in 385.632s processing; model 383.709s/8 calls; 385.663s including wait/save; 11733.596s since startup
Processed 36/87 this run (36/87 total window): PIPELINE_SUCCESS in 742.818s processing; model 740.330s/9 calls; 742.850s including wait/save; 12476.446s since startup
Processed 37/87 this run (37/87 total window): CRASH in 567.682s processing; model 567.677s/1 calls; 567.726s including wait/save; 13044.172s since startup
Processed 38/87 this run (38/87 total window): PIPELINE_SUCCESS in 622.809s processing; model 620.151s/9 calls; 622.843s including wait/save; 13667.015s since startup
Processed 39/87 this run (39/87 total window): CRASH in 1304.313s processing; model 1303.251s/11 calls; 1304.365s including wait/save; 14971.381s since startup
Processed 40/87 this run (40/87 total window): CRASH in 569.112s processing; model 569.107s/1 calls; 569.160s including wait/save; 15540.541s since startup
Processed 41/87 this run (41/87 total window): CRASH in 570.721s processing; model 570.715s/1 calls; 570.767s including wait/save; 16111.308s since startup
Processed 42/87 this run (42/87 total window): PIPELINE_SUCCESS in 114.804s processing; model 114.732s/5 calls; 114.844s including wait/save; 16226.152s since startup
Processed 43/87 this run (43/87 total window): PIPELINE_SUCCESS in 210.262s processing; model 210.135s/7 calls; 210.298s including wait/save; 16436.451s since startup
Processed 44/87 this run (44/87 total window): PIPELINE_SUCCESS in 105.348s processing; model 105.257s/5 calls; 105.388s including wait/save; 16541.839s since startup
Processed 45/87 this run (45/87 total window): PIPELINE_SUCCESS in 147.897s processing; model 147.629s/6 calls; 147.933s including wait/save; 16689.773s since startup
Processed 46/87 this run (46/87 total window): PIPELINE_SUCCESS in 125.077s processing; model 124.895s/5 calls; 125.115s including wait/save; 16814.887s since startup
Processed 47/87 this run (47/87 total window): PIPELINE_SUCCESS in 118.093s processing; model 117.978s/5 calls; 118.131s including wait/save; 16933.018s since startup
Processed 48/87 this run (48/87 total window): PIPELINE_SUCCESS in 114.381s processing; model 114.305s/5 calls; 114.437s including wait/save; 17047.456s since startup
Processed 49/87 this run (49/87 total window): PIPELINE_SUCCESS in 104.343s processing; model 104.267s/5 calls; 104.385s including wait/save; 17151.841s since startup
Processed 50/87 this run (50/87 total window): PIPELINE_SUCCESS in 182.124s processing; model 181.911s/6 calls; 182.163s including wait/save; 17334.005s since startup
Processed 51/87 this run (51/87 total window): PIPELINE_SUCCESS in 261.87s processing; model 261.286s/6 calls; 261.909s including wait/save; 17595.913s since startup
Processed 52/87 this run (52/87 total window): PIPELINE_SUCCESS in 174.55s processing; model 174.141s/6 calls; 174.588s including wait/save; 17770.502s since startup
Processed 53/87 this run (53/87 total window): PIPELINE_SUCCESS in 181.03s processing; model 180.828s/6 calls; 181.069s including wait/save; 17951.571s since startup
Processed 54/87 this run (54/87 total window): PIPELINE_SUCCESS in 161.763s processing; model 161.458s/6 calls; 161.804s including wait/save; 18113.375s since startup
Processed 55/87 this run (55/87 total window): PIPELINE_SUCCESS in 212.469s processing; model 212.221s/7 calls; 212.510s including wait/save; 18325.885s since startup
Processed 56/87 this run (56/87 total window): PIPELINE_SUCCESS in 302.412s processing; model 302.012s/8 calls; 302.453s including wait/save; 18628.338s since startup
Processed 57/87 this run (57/87 total window): PIPELINE_SUCCESS in 172.359s processing; model 172.158s/6 calls; 172.401s including wait/save; 18800.740s since startup
Processed 58/87 this run (58/87 total window): PIPELINE_SUCCESS in 118.128s processing; model 117.945s/5 calls; 118.172s including wait/save; 18918.912s since startup
Processed 59/87 this run (59/87 total window): PIPELINE_SUCCESS in 137.992s processing; model 137.477s/5 calls; 138.035s including wait/save; 19056.948s since startup
Processed 60/87 this run (60/87 total window): PIPELINE_SUCCESS in 128.994s processing; model 128.871s/5 calls; 129.050s including wait/save; 19185.998s since startup
Processed 61/87 this run (61/87 total window): PIPELINE_SUCCESS in 228.167s processing; model 228.039s/5 calls; 228.211s including wait/save; 19414.209s since startup
Processed 62/87 this run (62/87 total window): PIPELINE_SUCCESS in 124.594s processing; model 124.493s/5 calls; 124.641s including wait/save; 19538.850s since startup
Processed 63/87 this run (63/87 total window): PIPELINE_SUCCESS in 153.977s processing; model 153.435s/5 calls; 154.023s including wait/save; 19692.873s since startup
Processed 64/87 this run (64/87 total window): PIPELINE_SUCCESS in 192.987s processing; model 192.823s/6 calls; 193.036s including wait/save; 19885.910s since startup
Processed 65/87 this run (65/87 total window): PIPELINE_SUCCESS in 162.962s processing; model 162.702s/6 calls; 163.022s including wait/save; 20048.932s since startup
Processed 66/87 this run (66/87 total window): PIPELINE_SUCCESS in 149.19s processing; model 148.626s/6 calls; 149.236s including wait/save; 20198.168s since startup
Processed 67/87 this run (67/87 total window): PIPELINE_SUCCESS in 228.383s processing; model 227.937s/7 calls; 228.430s including wait/save; 20426.599s since startup
Processed 68/87 this run (68/87 total window): PIPELINE_SUCCESS in 214.44s processing; model 213.990s/7 calls; 214.489s including wait/save; 20641.087s since startup
Processed 69/87 this run (69/87 total window): PIPELINE_SUCCESS in 243.354s processing; model 243.153s/8 calls; 243.404s including wait/save; 20884.492s since startup
Processed 70/87 this run (70/87 total window): PIPELINE_SUCCESS in 565.38s processing; model 563.890s/10 calls; 565.432s including wait/save; 21449.924s since startup
Processed 71/87 this run (71/87 total window): PIPELINE_SUCCESS in 561.644s processing; model 560.202s/10 calls; 561.701s including wait/save; 22011.625s since startup
Processed 72/87 this run (72/87 total window): PIPELINE_SUCCESS in 123.94s processing; model 123.791s/5 calls; 123.999s including wait/save; 22135.624s since startup
Processed 73/87 this run (73/87 total window): PIPELINE_SUCCESS in 115.715s processing; model 115.572s/5 calls; 115.769s including wait/save; 22251.393s since startup
Processed 74/87 this run (74/87 total window): PIPELINE_SUCCESS in 119.168s processing; model 118.994s/5 calls; 119.225s including wait/save; 22370.618s since startup
Processed 75/87 this run (75/87 total window): PIPELINE_SUCCESS in 141.823s processing; model 141.693s/6 calls; 141.883s including wait/save; 22512.500s since startup
Processed 76/87 this run (76/87 total window): TRANSIENT_ERROR in 104.438s processing; model 104.433s/1 calls; 104.498s including wait/save; 22616.998s since startup
Processed 77/87 this run (77/87 total window): TRANSIENT_ERROR in 13.242s processing; model 13.236s/1 calls; 13.307s including wait/save; 22630.306s since startup
Processed 78/87 this run (78/87 total window): TRANSIENT_ERROR in 12.447s processing; model 12.442s/1 calls; 12.516s including wait/save; 22642.822s since startup
Processed 79/87 this run (79/87 total window): TRANSIENT_ERROR in 12.292s processing; model 12.286s/1 calls; 12.358s including wait/save; 22655.180s since startup
Processed 80/87 this run (80/87 total window): TRANSIENT_ERROR in 13.814s processing; model 13.809s/1 calls; 13.880s including wait/save; 22669.060s since startup
Processed 81/87 this run (81/87 total window): TRANSIENT_ERROR in 14.467s processing; model 14.462s/1 calls; 14.532s including wait/save; 22683.592s since startup
Processed 82/87 this run (82/87 total window): TRANSIENT_ERROR in 14.197s processing; model 14.191s/1 calls; 14.260s including wait/save; 22697.852s since startup
Processed 83/87 this run (83/87 total window): TRANSIENT_ERROR in 12.967s processing; model 12.962s/1 calls; 13.032s including wait/save; 22710.884s since startup
Processed 84/87 this run (84/87 total window): TRANSIENT_ERROR in 13.491s processing; model 13.486s/1 calls; 13.552s including wait/save; 22724.436s since startup
Processed 85/87 this run (85/87 total window): TRANSIENT_ERROR in 14.572s processing; model 14.567s/1 calls; 14.644s including wait/save; 22739.080s since startup
Processed 86/87 this run (86/87 total window): TRANSIENT_ERROR in 14.768s processing; model 14.763s/1 calls; 14.830s including wait/save; 22753.910s since startup
Processed 87/87 this run (87/87 total window): TRANSIENT_ERROR in 14.051s processing; model 14.041s/1 calls; 14.117s including wait/save; 22768.028s since startup
[COMPLETE] Pipeline finished. Details: /home/kritik/Desktop/neosapiens/finance/script_diff_llm2/ablations/improvement11_gpt_oss_120b/source/improvemnt11kgfixed/.runtime/logs/pipeline_20261008_073705_418799.log
[TIME] Startup-to-finish: 22768.12s; model requests: 22728.73s (479 calls). Slowest model stages: Query_Understanding=10119.72s, Decompose=4443.43s, Query_Spec=3935.40s, Final_Spec=3673.85s
[TIMING] /home/kritik/Desktop/neosapiens/finance/script_diff_llm2/ablations/improvement11_gpt_oss_120b/source/improvemnt11kgfixed/.runtime/logs/timing_20261008_073705_418799.json
