[INPUT] SQLITE_DB_PATH: /home/kritik/Desktop/neosapiens/finance/script_diff_llm2/ablations/improvement10_models/source/improvement10/wealth_management_diverse.db
[INPUT] TABLE_METADATA_DIR: /home/kritik/Desktop/neosapiens/finance/script_diff_llm2/ablations/improvement10_models/source/improvement10/table_medatada
[INPUT] DOMAIN_INTRO_FILE: /home/kritik/Desktop/neosapiens/finance/script_diff_llm2/ablations/improvement10_models/source/improvement10/domain_intro_latest.prompt
[INPUT] BUSINESS_RULES_FILE: /home/kritik/Desktop/neosapiens/finance/script_diff_llm2/ablations/improvement10_models/source/improvement10/business_rules_addendum.md
[RUNNING] Report: /home/kritik/Desktop/neosapiens/finance/script_diff_llm2/ablations/improvement10_models/runs/kimi_k2_thinking/run_01/parallel_workers4/worker_02/raw_pipeline.csv
[LOG] /home/kritik/Desktop/neosapiens/finance/script_diff_llm2/ablations/improvement10_models/source/improvement10/.runtime/logs/pipeline_20261006_134111_134274.log
[CACHE] Knowledge hit in 0.011s
[TIME] Startup ready: 2.131s; query delay: 0s
Processed 1/243 this run (1/243 total window): PIPELINE_SUCCESS in 92.442s processing; model 92.407s/5 calls; 92.453s including wait/save; 94.584s since startup
Processed 2/243 this run (2/243 total window): PIPELINE_SUCCESS in 68.493s processing; model 68.472s/5 calls; 68.501s including wait/save; 163.086s since startup
Processed 3/243 this run (3/243 total window): PIPELINE_SUCCESS in 138.01s processing; model 137.971s/6 calls; 138.015s including wait/save; 301.100s since startup
Processed 4/243 this run (4/243 total window): PIPELINE_SUCCESS in 114.394s processing; model 114.350s/6 calls; 114.402s including wait/save; 415.502s since startup
Processed 5/243 this run (5/243 total window): PIPELINE_SUCCESS in 137.377s processing; model 137.253s/6 calls; 137.382s including wait/save; 552.884s since startup
Processed 6/243 this run (6/243 total window): PIPELINE_SUCCESS in 142.676s processing; model 142.618s/6 calls; 142.682s including wait/save; 695.567s since startup
Processed 7/243 this run (7/243 total window): PIPELINE_SUCCESS in 133.018s processing; model 132.960s/6 calls; 133.024s including wait/save; 828.591s since startup
Processed 8/243 this run (8/243 total window): PIPELINE_SUCCESS in 235.534s processing; model 235.409s/7 calls; 235.541s including wait/save; 1064.132s since startup
Processed 9/243 this run (9/243 total window): PIPELINE_SUCCESS in 132.916s processing; model 132.797s/6 calls; 132.923s including wait/save; 1197.054s since startup
Processed 10/243 this run (10/243 total window): PIPELINE_SUCCESS in 196.668s processing; model 196.582s/7 calls; 196.676s including wait/save; 1393.730s since startup
Processed 11/243 this run (11/243 total window): PIPELINE_SUCCESS in 178.038s processing; model 177.983s/7 calls; 178.048s including wait/save; 1571.779s since startup
Processed 12/243 this run (12/243 total window): PIPELINE_SUCCESS in 214.854s processing; model 214.770s/7 calls; 214.863s including wait/save; 1786.642s since startup
Processed 13/243 this run (13/243 total window): PIPELINE_SUCCESS in 172.051s processing; model 171.980s/7 calls; 172.061s including wait/save; 1958.703s since startup
Processed 14/243 this run (14/243 total window): PIPELINE_SUCCESS in 158.693s processing; model 158.629s/7 calls; 158.722s including wait/save; 2117.426s since startup
Processed 15/243 this run (15/243 total window): PIPELINE_SUCCESS in 222.11s processing; model 222.005s/8 calls; 222.127s including wait/save; 2339.553s since startup
Processed 16/243 this run (16/243 total window): PIPELINE_SUCCESS in 189.82s processing; model 189.757s/7 calls; 189.833s including wait/save; 2529.386s since startup
Processed 17/243 this run (17/243 total window): PIPELINE_SUCCESS in 343.272s processing; model 343.134s/9 calls; 343.287s including wait/save; 2872.673s since startup
Processed 18/243 this run (18/243 total window): PIPELINE_SUCCESS in 390.829s processing; model 390.733s/10 calls; 390.845s including wait/save; 3263.518s since startup
Processed 19/243 this run (19/243 total window): PIPELINE_SUCCESS in 215.802s processing; model 215.720s/8 calls; 215.819s including wait/save; 3479.337s since startup
Processed 20/243 this run (20/243 total window): PIPELINE_SUCCESS in 549.69s processing; model 549.535s/16 calls; 549.708s including wait/save; 4029.045s since startup
Processed 21/243 this run (21/243 total window): PIPELINE_SUCCESS in 282.164s processing; model 282.059s/8 calls; 282.183s including wait/save; 4311.228s since startup
Processed 22/243 this run (22/243 total window): PIPELINE_SUCCESS in 373.667s processing; model 373.532s/11 calls; 373.697s including wait/save; 4684.925s since startup
Processed 23/243 this run (23/243 total window): PIPELINE_SUCCESS in 413.725s processing; model 413.600s/11 calls; 413.746s including wait/save; 5098.671s since startup
Processed 24/243 this run (24/243 total window): PIPELINE_SUCCESS in 283.272s processing; model 283.127s/11 calls; 283.295s including wait/save; 5381.966s since startup
Processed 25/243 this run (25/243 total window): PIPELINE_SUCCESS in 374.166s processing; model 374.016s/12 calls; 374.191s including wait/save; 5756.157s since startup
Processed 26/243 this run (26/243 total window): PIPELINE_SUCCESS in 207.811s processing; model 207.743s/7 calls; 207.836s including wait/save; 5963.993s since startup
Processed 27/243 this run (27/243 total window): PIPELINE_SUCCESS in 176.833s processing; model 176.780s/6 calls; 176.858s including wait/save; 6140.851s since startup
Processed 28/243 this run (28/243 total window): PIPELINE_SUCCESS in 126.337s processing; model 126.314s/5 calls; 126.369s including wait/save; 6267.220s since startup
Processed 29/243 this run (29/243 total window): PIPELINE_SUCCESS in 80.294s processing; model 80.186s/5 calls; 80.329s including wait/save; 6347.549s since startup
Processed 30/243 this run (30/243 total window): PIPELINE_SUCCESS in 133.076s processing; model 133.049s/5 calls; 133.116s including wait/save; 6480.665s since startup
Processed 31/243 this run (31/243 total window): PIPELINE_SUCCESS in 106.644s processing; model 106.601s/6 calls; 106.695s including wait/save; 6587.360s since startup
Processed 32/243 this run (32/243 total window): PIPELINE_SUCCESS in 209.162s processing; model 209.124s/6 calls; 209.200s including wait/save; 6796.560s since startup
Processed 33/243 this run (33/243 total window): PIPELINE_SUCCESS in 115.288s processing; model 115.236s/6 calls; 115.326s including wait/save; 6911.886s since startup
Processed 34/243 this run (34/243 total window): PIPELINE_SUCCESS in 129.343s processing; model 129.300s/6 calls; 129.382s including wait/save; 7041.268s since startup
Processed 35/243 this run (35/243 total window): PIPELINE_SUCCESS in 117.967s processing; model 117.926s/6 calls; 118.007s including wait/save; 7159.276s since startup
Processed 36/243 this run (36/243 total window): PIPELINE_SUCCESS in 131.975s processing; model 131.931s/6 calls; 132.015s including wait/save; 7291.291s since startup
Processed 37/243 this run (37/243 total window): PIPELINE_SUCCESS in 109.441s processing; model 109.398s/6 calls; 109.492s including wait/save; 7400.783s since startup
Processed 38/243 this run (38/243 total window): PIPELINE_SUCCESS in 167.231s processing; model 167.099s/7 calls; 167.271s including wait/save; 7568.054s since startup
Processed 39/243 this run (39/243 total window): PIPELINE_SUCCESS in 470.556s processing; model 470.146s/10 calls; 470.597s including wait/save; 8038.651s since startup
Processed 40/243 this run (40/243 total window): PIPELINE_SUCCESS in 268.051s processing; model 267.862s/7 calls; 268.095s including wait/save; 8306.746s since startup
Processed 41/243 this run (41/243 total window): PIPELINE_SUCCESS in 347.388s processing; model 347.267s/7 calls; 347.431s including wait/save; 8654.177s since startup
Processed 42/243 this run (42/243 total window): PIPELINE_SUCCESS in 293.321s processing; model 293.199s/7 calls; 293.368s including wait/save; 8947.545s since startup
Processed 43/243 this run (43/243 total window): PIPELINE_SUCCESS in 281.076s processing; model 281.000s/8 calls; 281.121s including wait/save; 9228.666s since startup
Processed 44/243 this run (44/243 total window): PIPELINE_SUCCESS in 184.266s processing; model 184.206s/7 calls; 184.315s including wait/save; 9412.982s since startup
Processed 45/243 this run (45/243 total window): PIPELINE_SUCCESS in 198.978s processing; model 198.919s/7 calls; 199.026s including wait/save; 9612.008s since startup
Processed 46/243 this run (46/243 total window): PIPELINE_SUCCESS in 546.853s processing; model 546.760s/10 calls; 546.902s including wait/save; 10158.910s since startup
Processed 47/243 this run (47/243 total window): PIPELINE_SUCCESS in 475.742s processing; model 475.274s/11 calls; 475.821s including wait/save; 10634.731s since startup
Processed 48/243 this run (48/243 total window): PIPELINE_SUCCESS in 293.763s processing; model 293.657s/8 calls; 293.813s including wait/save; 10928.544s since startup
Processed 49/243 this run (49/243 total window): PIPELINE_SUCCESS in 484.772s processing; model 484.661s/9 calls; 484.825s including wait/save; 11413.370s since startup
Processed 50/243 this run (50/243 total window): PIPELINE_SUCCESS in 287.086s processing; model 286.933s/8 calls; 287.144s including wait/save; 11700.513s since startup
Processed 51/243 this run (51/243 total window): PIPELINE_SUCCESS in 303.674s processing; model 303.381s/9 calls; 303.739s including wait/save; 12004.252s since startup
Processed 52/243 this run (52/243 total window): PIPELINE_SUCCESS in 421.57s processing; model 421.350s/9 calls; 421.626s including wait/save; 12425.879s since startup
Processed 53/243 this run (53/243 total window): PIPELINE_SUCCESS in 902.709s processing; model 902.451s/13 calls; 902.775s including wait/save; 13328.654s since startup
Processed 54/243 this run (54/243 total window): PIPELINE_SUCCESS in 588.349s processing; model 588.065s/9 calls; 588.408s including wait/save; 13917.063s since startup
Processed 55/243 this run (55/243 total window): PIPELINE_SUCCESS in 966.694s processing; model 966.317s/12 calls; 966.757s including wait/save; 14883.819s since startup
Processed 56/243 this run (56/243 total window): PIPELINE_SUCCESS in 669.129s processing; model 668.821s/16 calls; 669.191s including wait/save; 15553.011s since startup
Processed 57/243 this run (57/243 total window): PIPELINE_SUCCESS in 65.632s processing; model 65.611s/5 calls; 65.695s including wait/save; 15618.705s since startup
Processed 58/243 this run (58/243 total window): PIPELINE_SUCCESS in 93.95s processing; model 93.912s/5 calls; 94.015s including wait/save; 15712.720s since startup
Processed 59/243 this run (59/243 total window): PIPELINE_SUCCESS in 123.329s processing; model 123.279s/5 calls; 123.418s including wait/save; 15836.139s since startup
Processed 60/243 this run (60/243 total window): PIPELINE_SUCCESS in 134.043s processing; model 134.017s/5 calls; 134.123s including wait/save; 15970.262s since startup
Processed 61/243 this run (61/243 total window): PIPELINE_SUCCESS in 120.649s processing; model 120.620s/5 calls; 120.724s including wait/save; 16090.986s since startup
Processed 62/243 this run (62/243 total window): PIPELINE_SUCCESS in 87.994s processing; model 87.967s/5 calls; 88.068s including wait/save; 16179.055s since startup
Processed 63/243 this run (63/243 total window): PIPELINE_SUCCESS in 149.75s processing; model 149.716s/7 calls; 149.821s including wait/save; 16328.876s since startup
Processed 64/243 this run (64/243 total window): PIPELINE_SUCCESS in 229.856s processing; model 229.825s/5 calls; 229.932s including wait/save; 16558.808s since startup
Processed 65/243 this run (65/243 total window): PIPELINE_SUCCESS in 98.967s processing; model 98.940s/5 calls; 99.047s including wait/save; 16657.855s since startup
Processed 66/243 this run (66/243 total window): PIPELINE_SUCCESS in 161.623s processing; model 161.563s/6 calls; 161.695s including wait/save; 16819.550s since startup
Processed 67/243 this run (67/243 total window): PIPELINE_SUCCESS in 107.362s processing; model 107.241s/6 calls; 107.432s including wait/save; 16926.982s since startup
Processed 68/243 this run (68/243 total window): PIPELINE_SUCCESS in 167.9s processing; model 167.851s/6 calls; 167.985s including wait/save; 17094.967s since startup
Processed 69/243 this run (69/243 total window): PIPELINE_SUCCESS in 190.273s processing; model 190.234s/6 calls; 190.348s including wait/save; 17285.316s since startup
Processed 70/243 this run (70/243 total window): PIPELINE_SUCCESS in 169.049s processing; model 168.943s/6 calls; 169.121s including wait/save; 17454.437s since startup
Processed 71/243 this run (71/243 total window): PIPELINE_SUCCESS in 145.48s processing; model 145.332s/6 calls; 145.551s including wait/save; 17599.988s since startup
Processed 72/243 this run (72/243 total window): PIPELINE_SUCCESS in 113.669s processing; model 113.628s/6 calls; 113.754s including wait/save; 17713.742s since startup
Processed 73/243 this run (73/243 total window): PIPELINE_SUCCESS in 175.47s processing; model 175.363s/6 calls; 175.542s including wait/save; 17889.284s since startup
Processed 74/243 this run (74/243 total window): PIPELINE_SUCCESS in 164.488s processing; model 164.427s/6 calls; 164.564s including wait/save; 18053.848s since startup
Processed 75/243 this run (75/243 total window): PIPELINE_SUCCESS in 100.274s processing; model 100.221s/6 calls; 100.360s including wait/save; 18154.209s since startup
Processed 76/243 this run (76/243 total window): PIPELINE_SUCCESS in 256.236s processing; model 256.152s/7 calls; 256.310s including wait/save; 18410.519s since startup
Processed 77/243 this run (77/243 total window): PIPELINE_SUCCESS in 209.338s processing; model 209.276s/7 calls; 209.431s including wait/save; 18619.951s since startup
Processed 78/243 this run (78/243 total window): PIPELINE_SUCCESS in 126.723s processing; model 126.655s/7 calls; 126.798s including wait/save; 18746.749s since startup
Processed 79/243 this run (79/243 total window): PIPELINE_SUCCESS in 185.44s processing; model 185.368s/7 calls; 185.518s including wait/save; 18932.267s since startup
Processed 80/243 this run (80/243 total window): PIPELINE_SUCCESS in 243.946s processing; model 243.874s/8 calls; 244.025s including wait/save; 19176.292s since startup
Processed 81/243 this run (81/243 total window): PIPELINE_SUCCESS in 200.534s processing; model 200.467s/7 calls; 200.613s including wait/save; 19376.905s since startup
Processed 82/243 this run (82/243 total window): PIPELINE_SUCCESS in 195.292s processing; model 195.221s/8 calls; 195.383s including wait/save; 19572.288s since startup
Processed 83/243 this run (83/243 total window): PIPELINE_SUCCESS in 251.422s processing; model 251.337s/8 calls; 251.503s including wait/save; 19823.792s since startup
[STOPPED] Interrupted. Details: /home/kritik/Desktop/neosapiens/finance/script_diff_llm2/ablations/improvement10_models/source/improvement10/.runtime/logs/pipeline_20261006_134111_134274.log
[TIME] Startup-to-finish: 19901.46s; model requests: 19886.98s (612 calls). Slowest model stages: Query_Spec=5881.90s, Query_Understanding=5687.98s, Final_Spec=3933.06s, Decompose=3757.42s
[TIMING] /home/kritik/Desktop/neosapiens/finance/script_diff_llm2/ablations/improvement10_models/source/improvement10/.runtime/logs/timing_20261006_134110_134274.json
