[INPUT] SQLITE_DB_PATH: /home/kritik/Desktop/neosapiens/finance/script_diff_llm2/ablations/improvement10_models/source/improvement10/wealth_management_diverse.db
[INPUT] TABLE_METADATA_DIR: /home/kritik/Desktop/neosapiens/finance/script_diff_llm2/ablations/improvement10_models/source/improvement10/table_medatada
[INPUT] DOMAIN_INTRO_FILE: /home/kritik/Desktop/neosapiens/finance/script_diff_llm2/ablations/improvement10_models/source/improvement10/domain_intro_latest.prompt
[INPUT] BUSINESS_RULES_FILE: /home/kritik/Desktop/neosapiens/finance/script_diff_llm2/ablations/improvement10_models/source/improvement10/business_rules_addendum.md
[RUNNING] Report: /home/kritik/Desktop/neosapiens/finance/script_diff_llm2/ablations/improvement10_models/runs/kimi_k2_thinking/run_01/parallel_workers4/worker_04/raw_pipeline.csv
[LOG] /home/kritik/Desktop/neosapiens/finance/script_diff_llm2/ablations/improvement10_models/source/improvement10/.runtime/logs/pipeline_20261006_134112_134276.log
[CACHE] Knowledge hit in 0.010s
[TIME] Startup ready: 2.535s; query delay: 0s
Processed 1/243 this run (1/243 total window): PIPELINE_SUCCESS in 80.157s processing; model 80.127s/5 calls; 80.168s including wait/save; 82.703s since startup
Processed 2/243 this run (2/243 total window): PIPELINE_SUCCESS in 132.944s processing; model 132.891s/6 calls; 132.948s including wait/save; 215.651s since startup
Processed 3/243 this run (3/243 total window): PIPELINE_SUCCESS in 117.604s processing; model 117.561s/6 calls; 117.617s including wait/save; 333.269s since startup
Processed 4/243 this run (4/243 total window): PIPELINE_SUCCESS in 116.273s processing; model 116.227s/6 calls; 116.280s including wait/save; 449.549s since startup
Processed 5/243 this run (5/243 total window): PIPELINE_SUCCESS in 108.886s processing; model 108.820s/6 calls; 108.891s including wait/save; 558.440s since startup
Processed 6/243 this run (6/243 total window): PIPELINE_SUCCESS in 157.823s processing; model 157.768s/7 calls; 157.830s including wait/save; 716.270s since startup
Processed 7/243 this run (7/243 total window): PIPELINE_SUCCESS in 112.646s processing; model 112.597s/6 calls; 112.655s including wait/save; 828.925s since startup
Processed 8/243 this run (8/243 total window): PIPELINE_SUCCESS in 212.681s processing; model 212.549s/6 calls; 212.687s including wait/save; 1041.612s since startup
Processed 9/243 this run (9/243 total window): PIPELINE_SUCCESS in 86.766s processing; model 86.727s/5 calls; 86.778s including wait/save; 1128.390s since startup
Processed 10/243 this run (10/243 total window): PIPELINE_SUCCESS in 136.058s processing; model 135.981s/7 calls; 136.065s including wait/save; 1264.456s since startup
Processed 11/243 this run (11/243 total window): PIPELINE_SUCCESS in 197.766s processing; model 197.683s/7 calls; 197.774s including wait/save; 1462.230s since startup
Processed 12/243 this run (12/243 total window): PIPELINE_SUCCESS in 180.286s processing; model 180.224s/7 calls; 180.298s including wait/save; 1642.528s since startup
Processed 13/243 this run (13/243 total window): PIPELINE_SUCCESS in 148.179s processing; model 148.097s/7 calls; 148.189s including wait/save; 1790.718s since startup
Processed 14/243 this run (14/243 total window): PIPELINE_SUCCESS in 221.622s processing; model 221.534s/8 calls; 221.633s including wait/save; 2012.350s since startup
Processed 15/243 this run (15/243 total window): PIPELINE_SUCCESS in 277.617s processing; model 277.556s/8 calls; 277.629s including wait/save; 2289.980s since startup
Processed 16/243 this run (16/243 total window): PIPELINE_SUCCESS in 245.252s processing; model 245.198s/7 calls; 245.265s including wait/save; 2535.245s since startup
Processed 17/243 this run (17/243 total window): PIPELINE_SUCCESS in 437.027s processing; model 436.924s/11 calls; 437.041s including wait/save; 2972.286s since startup
Processed 18/243 this run (18/243 total window): PIPELINE_SUCCESS in 356.245s processing; model 356.104s/9 calls; 356.260s including wait/save; 3328.546s since startup
Processed 19/243 this run (19/243 total window): PIPELINE_SUCCESS in 201.695s processing; model 201.598s/8 calls; 201.711s including wait/save; 3530.257s since startup
Processed 20/243 this run (20/243 total window): PIPELINE_SUCCESS in 229.215s processing; model 228.899s/8 calls; 229.233s including wait/save; 3759.491s since startup
Processed 21/243 this run (21/243 total window): PIPELINE_SUCCESS in 218.554s processing; model 218.442s/8 calls; 218.574s including wait/save; 3978.065s since startup
Processed 22/243 this run (22/243 total window): PIPELINE_SUCCESS in 302.056s processing; model 301.924s/9 calls; 302.077s including wait/save; 4280.142s since startup
Processed 23/243 this run (23/243 total window): PIPELINE_SUCCESS in 410.287s processing; model 410.088s/12 calls; 410.310s including wait/save; 4690.451s since startup
Processed 24/243 this run (24/243 total window): PIPELINE_SUCCESS in 489.45s processing; model 489.307s/11 calls; 489.473s including wait/save; 5179.925s since startup
Processed 25/243 this run (25/243 total window): PIPELINE_SUCCESS in 62.911s processing; model 62.873s/5 calls; 62.937s including wait/save; 5242.862s since startup
Processed 26/243 this run (26/243 total window): PIPELINE_SUCCESS in 93.192s processing; model 93.159s/5 calls; 93.220s including wait/save; 5336.082s since startup
Processed 27/243 this run (27/243 total window): PIPELINE_SUCCESS in 103.054s processing; model 103.030s/5 calls; 103.084s including wait/save; 5439.166s since startup
Processed 28/243 this run (28/243 total window): PIPELINE_SUCCESS in 138.487s processing; model 138.444s/6 calls; 138.515s including wait/save; 5577.681s since startup
Processed 29/243 this run (29/243 total window): PIPELINE_SUCCESS in 103.657s processing; model 103.601s/5 calls; 103.686s including wait/save; 5681.367s since startup
Processed 30/243 this run (30/243 total window): PIPELINE_SUCCESS in 139.215s processing; model 139.169s/6 calls; 139.250s including wait/save; 5820.617s since startup
Processed 31/243 this run (31/243 total window): PIPELINE_SUCCESS in 159.187s processing; model 159.140s/6 calls; 159.218s including wait/save; 5979.835s since startup
Processed 32/243 this run (32/243 total window): PIPELINE_SUCCESS in 130.153s processing; model 130.112s/6 calls; 130.186s including wait/save; 6110.021s since startup
Processed 33/243 this run (33/243 total window): PIPELINE_SUCCESS in 150.787s processing; model 150.743s/6 calls; 150.825s including wait/save; 6260.846s since startup
Processed 34/243 this run (34/243 total window): PIPELINE_SUCCESS in 106.97s processing; model 106.913s/6 calls; 107.016s including wait/save; 6367.862s since startup
Processed 35/243 this run (35/243 total window): PIPELINE_SUCCESS in 125.377s processing; model 125.329s/6 calls; 125.414s including wait/save; 6493.277s since startup
Processed 36/243 this run (36/243 total window): PIPELINE_SUCCESS in 117.784s processing; model 117.736s/6 calls; 117.821s including wait/save; 6611.098s since startup
Processed 37/243 this run (37/243 total window): PIPELINE_SUCCESS in 195.8s processing; model 195.757s/6 calls; 195.834s including wait/save; 6806.932s since startup
Processed 38/243 this run (38/243 total window): PIPELINE_SUCCESS in 142.687s processing; model 142.610s/7 calls; 142.722s including wait/save; 6949.653s since startup
Processed 39/243 this run (39/243 total window): PIPELINE_SUCCESS in 177.975s processing; model 177.881s/7 calls; 178.015s including wait/save; 7127.668s since startup
Processed 40/243 this run (40/243 total window): PIPELINE_SUCCESS in 214.262s processing; model 214.175s/7 calls; 214.299s including wait/save; 7341.967s since startup
Processed 41/243 this run (41/243 total window): FINAL_SPEC_ERROR in 248.004s processing; model 247.928s/10 calls; 248.045s including wait/save; 7590.012s since startup
Processed 42/243 this run (42/243 total window): FINAL_SPEC_ERROR in 348.384s processing; model 348.312s/10 calls; 348.428s including wait/save; 7938.441s since startup
Processed 43/243 this run (43/243 total window): PIPELINE_SUCCESS in 232.964s processing; model 232.857s/7 calls; 233.004s including wait/save; 8171.445s since startup
Processed 44/243 this run (44/243 total window): PIPELINE_SUCCESS in 229.114s processing; model 229.054s/7 calls; 229.154s including wait/save; 8400.599s since startup
Processed 45/243 this run (45/243 total window): PIPELINE_SUCCESS in 661.114s processing; model 660.759s/9 calls; 661.156s including wait/save; 9061.756s since startup
Processed 46/243 this run (46/243 total window): PIPELINE_SUCCESS in 600.23s processing; model 599.999s/8 calls; 600.284s including wait/save; 9662.040s since startup
Processed 47/243 this run (47/243 total window): PIPELINE_SUCCESS in 276.321s processing; model 276.220s/8 calls; 276.366s including wait/save; 9938.405s since startup
Processed 48/243 this run (48/243 total window): PIPELINE_SUCCESS in 360.408s processing; model 360.311s/9 calls; 360.457s including wait/save; 10298.862s since startup
Processed 49/243 this run (49/243 total window): PIPELINE_SUCCESS in 565.028s processing; model 564.925s/11 calls; 565.075s including wait/save; 10863.937s since startup
Processed 50/243 this run (50/243 total window): FINAL_SPEC_ERROR in 709.719s processing; model 709.489s/13 calls; 709.773s including wait/save; 11573.710s since startup
Processed 51/243 this run (51/243 total window): PIPELINE_SUCCESS in 459.583s processing; model 459.292s/9 calls; 459.634s including wait/save; 12033.344s since startup
Processed 52/243 this run (52/243 total window): PIPELINE_SUCCESS in 1086.642s processing; model 1086.326s/10 calls; 1086.696s including wait/save; 13120.040s since startup
Processed 53/243 this run (53/243 total window): PIPELINE_SUCCESS in 440.024s processing; model 439.738s/9 calls; 440.079s including wait/save; 13560.119s since startup
Processed 54/243 this run (54/243 total window): PIPELINE_SUCCESS in 436.649s processing; model 436.396s/9 calls; 436.715s including wait/save; 13996.835s since startup
Processed 55/243 this run (55/243 total window): PIPELINE_SUCCESS in 465.115s processing; model 464.853s/10 calls; 465.183s including wait/save; 14462.017s since startup
Processed 56/243 this run (56/243 total window): PIPELINE_SUCCESS in 120.193s processing; model 120.171s/5 calls; 120.256s including wait/save; 14582.274s since startup
Processed 57/243 this run (57/243 total window): PIPELINE_SUCCESS in 197.31s processing; model 197.274s/6 calls; 197.375s including wait/save; 14779.648s since startup
Processed 58/243 this run (58/243 total window): PIPELINE_SUCCESS in 87.174s processing; model 87.139s/5 calls; 87.238s including wait/save; 14866.886s since startup
Processed 59/243 this run (59/243 total window): PIPELINE_SUCCESS in 106.634s processing; model 106.616s/5 calls; 106.697s including wait/save; 14973.584s since startup
Processed 60/243 this run (60/243 total window): PIPELINE_SUCCESS in 90.52s processing; model 90.497s/5 calls; 90.580s including wait/save; 15064.164s since startup
Processed 61/243 this run (61/243 total window): PIPELINE_SUCCESS in 183.261s processing; model 183.226s/7 calls; 183.331s including wait/save; 15247.495s since startup
Processed 62/243 this run (62/243 total window): PIPELINE_SUCCESS in 71.519s processing; model 71.492s/5 calls; 71.585s including wait/save; 15319.081s since startup
Processed 63/243 this run (63/243 total window): PIPELINE_SUCCESS in 204.783s processing; model 204.751s/5 calls; 204.854s including wait/save; 15523.935s since startup
Processed 64/243 this run (64/243 total window): PIPELINE_SUCCESS in 100.434s processing; model 100.410s/5 calls; 100.501s including wait/save; 15624.436s since startup
Processed 65/243 this run (65/243 total window): PIPELINE_SUCCESS in 166.69s processing; model 166.635s/6 calls; 166.750s including wait/save; 15791.186s since startup
Processed 66/243 this run (66/243 total window): PIPELINE_SUCCESS in 218.937s processing; model 218.884s/6 calls; 219.011s including wait/save; 16010.197s since startup
Processed 67/243 this run (67/243 total window): PIPELINE_SUCCESS in 162.226s processing; model 162.187s/6 calls; 162.292s including wait/save; 16172.490s since startup
Processed 68/243 this run (68/243 total window): PIPELINE_SUCCESS in 260.958s processing; model 260.888s/7 calls; 261.046s including wait/save; 16433.535s since startup
Processed 69/243 this run (69/243 total window): PIPELINE_SUCCESS in 209.854s processing; model 209.799s/6 calls; 209.919s including wait/save; 16643.455s since startup
Processed 70/243 this run (70/243 total window): PIPELINE_SUCCESS in 153.706s processing; model 153.651s/6 calls; 153.781s including wait/save; 16797.236s since startup
Processed 71/243 this run (71/243 total window): PIPELINE_SUCCESS in 146.317s processing; model 146.268s/6 calls; 146.386s including wait/save; 16943.622s since startup
Processed 72/243 this run (72/243 total window): PIPELINE_SUCCESS in 167.532s processing; model 167.491s/6 calls; 167.601s including wait/save; 17111.223s since startup
Processed 73/243 this run (73/243 total window): PIPELINE_SUCCESS in 166.141s processing; model 165.964s/6 calls; 166.207s including wait/save; 17277.431s since startup
Processed 74/243 this run (74/243 total window): PIPELINE_SUCCESS in 145.335s processing; model 145.275s/6 calls; 145.399s including wait/save; 17422.830s since startup
Processed 75/243 this run (75/243 total window): PIPELINE_SUCCESS in 182.13s processing; model 182.051s/8 calls; 182.206s including wait/save; 17605.036s since startup
Processed 76/243 this run (76/243 total window): PIPELINE_SUCCESS in 186.928s processing; model 186.775s/7 calls; 186.998s including wait/save; 17792.033s since startup
Processed 77/243 this run (77/243 total window): PIPELINE_SUCCESS in 255.805s processing; model 255.706s/7 calls; 255.875s including wait/save; 18047.908s since startup
Processed 78/243 this run (78/243 total window): FINAL_SPEC_ERROR in 421.097s processing; model 421.008s/10 calls; 421.170s including wait/save; 18469.078s since startup
Processed 79/243 this run (79/243 total window): PIPELINE_SUCCESS in 179.245s processing; model 179.172s/7 calls; 179.328s including wait/save; 18648.406s since startup
Processed 80/243 this run (80/243 total window): PIPELINE_SUCCESS in 206.685s processing; model 206.597s/7 calls; 206.758s including wait/save; 18855.165s since startup
Processed 81/243 this run (81/243 total window): PIPELINE_SUCCESS in 215.412s processing; model 215.344s/8 calls; 215.488s including wait/save; 19070.653s since startup
Processed 82/243 this run (82/243 total window): PIPELINE_SUCCESS in 235.096s processing; model 235.028s/8 calls; 235.183s including wait/save; 19305.836s since startup
Processed 83/243 this run (83/243 total window): PIPELINE_SUCCESS in 275.392s processing; model 275.232s/9 calls; 275.467s including wait/save; 19581.303s since startup
Processed 84/243 this run (84/243 total window): PIPELINE_SUCCESS in 263.846s processing; model 263.753s/8 calls; 263.920s including wait/save; 19845.223s since startup
[STOPPED] Interrupted. Details: /home/kritik/Desktop/neosapiens/finance/script_diff_llm2/ablations/improvement10_models/source/improvement10/.runtime/logs/pipeline_20261006_134112_134276.log
[TIME] Startup-to-finish: 19901.45s; model requests: 19887.40s (603 calls). Slowest model stages: Query_Understanding=6414.54s, Query_Spec=5459.44s, Final_Spec=4095.92s, Decompose=3203.14s
[TIMING] /home/kritik/Desktop/neosapiens/finance/script_diff_llm2/ablations/improvement10_models/source/improvement10/.runtime/logs/timing_20261006_134110_134276.json
