[INPUT] SQLITE_DB_PATH: /home/kritik/Desktop/neosapiens/finance/script_diff_llm2/ablations/improvement10_models/source/improvement10/wealth_management_diverse.db
[INPUT] TABLE_METADATA_DIR: /home/kritik/Desktop/neosapiens/finance/script_diff_llm2/ablations/improvement10_models/source/improvement10/table_medatada
[INPUT] DOMAIN_INTRO_FILE: /home/kritik/Desktop/neosapiens/finance/script_diff_llm2/ablations/improvement10_models/source/improvement10/domain_intro_latest.prompt
[INPUT] BUSINESS_RULES_FILE: /home/kritik/Desktop/neosapiens/finance/script_diff_llm2/ablations/improvement10_models/source/improvement10/business_rules_addendum.md
[RUNNING] Report: /home/kritik/Desktop/neosapiens/finance/script_diff_llm2/ablations/improvement10_models/runs/gpt_oss_120b/run_01/parallel_workers4/worker_01/raw_pipeline.csv
[LOG] /home/kritik/Desktop/neosapiens/finance/script_diff_llm2/ablations/improvement10_models/source/improvement10/.runtime/logs/pipeline_20261006_134111_134261.log
[CACHE] Knowledge hit in 0.010s
[TIME] Startup ready: 2.642s; query delay: 0s
Processed 1/229 this run (1/229 total window): PIPELINE_SUCCESS in 56.45s processing; model 56.363s/8 calls; 56.456s including wait/save; 59.098s since startup
Processed 2/229 this run (2/229 total window): PIPELINE_SUCCESS in 74.056s processing; model 73.972s/9 calls; 74.062s including wait/save; 133.160s since startup
Processed 3/229 this run (3/229 total window): PIPELINE_SUCCESS in 73.905s processing; model 73.811s/8 calls; 73.912s including wait/save; 207.072s since startup
Processed 4/229 this run (4/229 total window): PIPELINE_SUCCESS in 47.944s processing; model 47.852s/8 calls; 47.951s including wait/save; 255.023s since startup
Processed 5/229 this run (5/229 total window): PIPELINE_SUCCESS in 52.416s processing; model 52.320s/8 calls; 52.425s including wait/save; 307.449s since startup
Processed 6/229 this run (6/229 total window): PIPELINE_SUCCESS in 83.168s processing; model 83.061s/8 calls; 83.177s including wait/save; 390.626s since startup
Processed 7/229 this run (7/229 total window): PIPELINE_SUCCESS in 73.908s processing; model 73.803s/9 calls; 73.918s including wait/save; 464.544s since startup
Processed 8/229 this run (8/229 total window): PIPELINE_SUCCESS in 68.075s processing; model 67.946s/9 calls; 68.087s including wait/save; 532.631s since startup
Processed 9/229 this run (9/229 total window): PIPELINE_SUCCESS in 65.428s processing; model 65.308s/9 calls; 65.442s including wait/save; 598.073s since startup
Processed 10/229 this run (10/229 total window): PIPELINE_SUCCESS in 61.709s processing; model 61.601s/9 calls; 61.723s including wait/save; 659.796s since startup
Processed 11/229 this run (11/229 total window): PIPELINE_SUCCESS in 30.822s processing; model 30.795s/5 calls; 30.839s including wait/save; 690.635s since startup
Processed 12/229 this run (12/229 total window): PIPELINE_SUCCESS in 19.313s processing; model 19.273s/5 calls; 19.332s including wait/save; 709.967s since startup
Processed 13/229 this run (13/229 total window): PIPELINE_SUCCESS in 55.233s processing; model 55.185s/5 calls; 55.251s including wait/save; 765.218s since startup
Processed 14/229 this run (14/229 total window): PIPELINE_SUCCESS in 36.399s processing; model 36.323s/7 calls; 36.422s including wait/save; 801.640s since startup
Processed 15/229 this run (15/229 total window): PIPELINE_SUCCESS in 16.056s processing; model 16.018s/5 calls; 16.080s including wait/save; 817.720s since startup
Processed 16/229 this run (16/229 total window): PIPELINE_SUCCESS in 44.598s processing; model 44.556s/6 calls; 44.621s including wait/save; 862.341s since startup
Processed 17/229 this run (17/229 total window): PIPELINE_SUCCESS in 114.354s processing; model 114.312s/6 calls; 114.379s including wait/save; 976.721s since startup
Processed 18/229 this run (18/229 total window): PIPELINE_SUCCESS in 25.984s processing; model 25.941s/6 calls; 26.011s including wait/save; 1002.731s since startup
Processed 19/229 this run (19/229 total window): PIPELINE_SUCCESS in 45.508s processing; model 45.460s/6 calls; 45.534s including wait/save; 1048.265s since startup
Processed 20/229 this run (20/229 total window): PIPELINE_SUCCESS in 32.007s processing; model 31.966s/7 calls; 32.036s including wait/save; 1080.301s since startup
Processed 21/229 this run (21/229 total window): PIPELINE_SUCCESS in 35.86s processing; model 35.820s/6 calls; 35.892s including wait/save; 1116.194s since startup
Processed 22/229 this run (22/229 total window): PIPELINE_SUCCESS in 43.324s processing; model 43.279s/7 calls; 43.354s including wait/save; 1159.548s since startup
Processed 23/229 this run (23/229 total window): PIPELINE_SUCCESS in 73.73s processing; model 73.637s/8 calls; 73.758s including wait/save; 1233.307s since startup
Processed 24/229 this run (24/229 total window): PIPELINE_SUCCESS in 46.513s processing; model 46.426s/8 calls; 46.541s including wait/save; 1279.848s since startup
Processed 25/229 this run (25/229 total window): FINAL_SPEC_ERROR in 166.858s processing; model 166.786s/10 calls; 166.909s including wait/save; 1446.757s since startup
Processed 26/229 this run (26/229 total window): PIPELINE_SUCCESS in 64.996s processing; model 64.914s/7 calls; 65.026s including wait/save; 1511.782s since startup
Processed 27/229 this run (27/229 total window): FINAL_SPEC_ERROR in 64.189s processing; model 64.024s/10 calls; 64.222s including wait/save; 1576.004s since startup
Processed 28/229 this run (28/229 total window): PIPELINE_SUCCESS in 32.801s processing; model 32.747s/7 calls; 32.836s including wait/save; 1608.841s since startup
Processed 29/229 this run (29/229 total window): PIPELINE_SUCCESS in 50.247s processing; model 50.180s/8 calls; 50.284s including wait/save; 1659.125s since startup
Processed 30/229 this run (30/229 total window): PIPELINE_SUCCESS in 70.308s processing; model 70.254s/7 calls; 70.348s including wait/save; 1729.473s since startup
Processed 31/229 this run (31/229 total window): PIPELINE_SUCCESS in 95.879s processing; model 95.566s/9 calls; 95.924s including wait/save; 1825.397s since startup
Processed 32/229 this run (32/229 total window): PIPELINE_SUCCESS in 41.273s processing; model 41.182s/8 calls; 41.311s including wait/save; 1866.707s since startup
Processed 33/229 this run (33/229 total window): PIPELINE_SUCCESS in 52.067s processing; model 51.905s/8 calls; 52.115s including wait/save; 1918.823s since startup
Processed 34/229 this run (34/229 total window): PIPELINE_SUCCESS in 52.925s processing; model 52.803s/8 calls; 52.966s including wait/save; 1971.789s since startup
Processed 35/229 this run (35/229 total window): PIPELINE_SUCCESS in 123.814s processing; model 123.320s/8 calls; 123.854s including wait/save; 2095.644s since startup
Processed 36/229 this run (36/229 total window): PIPELINE_SUCCESS in 72.373s processing; model 72.108s/8 calls; 72.414s including wait/save; 2168.058s since startup
Processed 37/229 this run (37/229 total window): PIPELINE_SUCCESS in 75.101s processing; model 74.898s/10 calls; 75.147s including wait/save; 2243.205s since startup
Processed 38/229 this run (38/229 total window): PIPELINE_SUCCESS in 85.454s processing; model 84.605s/10 calls; 85.500s including wait/save; 2328.706s since startup
Processed 39/229 this run (39/229 total window): PIPELINE_SUCCESS in 159.673s processing; model 158.074s/11 calls; 159.721s including wait/save; 2488.427s since startup
Processed 40/229 this run (40/229 total window): PIPELINE_SUCCESS in 72.972s processing; model 72.697s/9 calls; 73.023s including wait/save; 2561.451s since startup
Processed 41/229 this run (41/229 total window): FINAL_SPEC_ERROR in 281.149s processing; model 280.950s/15 calls; 281.205s including wait/save; 2842.656s since startup
Processed 42/229 this run (42/229 total window): PIPELINE_SUCCESS in 50.465s processing; model 50.436s/6 calls; 50.524s including wait/save; 2893.180s since startup
Processed 43/229 this run (43/229 total window): PIPELINE_SUCCESS in 26.83s processing; model 26.802s/5 calls; 26.904s including wait/save; 2920.084s since startup
Processed 44/229 this run (44/229 total window): PIPELINE_SUCCESS in 66.678s processing; model 66.642s/7 calls; 66.761s including wait/save; 2986.845s since startup
Processed 45/229 this run (45/229 total window): PIPELINE_SUCCESS in 114.81s processing; model 114.781s/5 calls; 114.871s including wait/save; 3101.716s since startup
Processed 46/229 this run (46/229 total window): PIPELINE_SUCCESS in 19.601s processing; model 19.573s/5 calls; 19.674s including wait/save; 3121.390s since startup
Processed 47/229 this run (47/229 total window): PIPELINE_SUCCESS in 25.161s processing; model 25.134s/5 calls; 25.223s including wait/save; 3146.613s since startup
Processed 48/229 this run (48/229 total window): PIPELINE_SUCCESS in 26.624s processing; model 26.595s/5 calls; 26.693s including wait/save; 3173.306s since startup
Processed 49/229 this run (49/229 total window): PIPELINE_SUCCESS in 36.545s processing; model 36.514s/5 calls; 36.611s including wait/save; 3209.917s since startup
Processed 50/229 this run (50/229 total window): PIPELINE_SUCCESS in 33.083s processing; model 33.055s/5 calls; 33.147s including wait/save; 3243.064s since startup
Processed 51/229 this run (51/229 total window): PIPELINE_SUCCESS in 35.872s processing; model 35.817s/7 calls; 35.931s including wait/save; 3278.995s since startup
Processed 52/229 this run (52/229 total window): PIPELINE_SUCCESS in 78.208s processing; model 78.107s/6 calls; 78.265s including wait/save; 3357.260s since startup
Processed 53/229 this run (53/229 total window): PIPELINE_SUCCESS in 54.576s processing; model 54.530s/6 calls; 54.648s including wait/save; 3411.908s since startup
Processed 54/229 this run (54/229 total window): PIPELINE_SUCCESS in 61.558s processing; model 61.436s/7 calls; 61.616s including wait/save; 3473.524s since startup
Processed 55/229 this run (55/229 total window): PIPELINE_SUCCESS in 43.184s processing; model 43.118s/7 calls; 43.255s including wait/save; 3516.779s since startup
Processed 56/229 this run (56/229 total window): PIPELINE_SUCCESS in 45.123s processing; model 44.788s/6 calls; 45.192s including wait/save; 3561.971s since startup
Processed 57/229 this run (57/229 total window): PIPELINE_SUCCESS in 66.55s processing; model 66.503s/7 calls; 66.632s including wait/save; 3628.604s since startup
Processed 58/229 this run (58/229 total window): PIPELINE_SUCCESS in 26.744s processing; model 26.693s/6 calls; 26.809s including wait/save; 3655.412s since startup
Processed 59/229 this run (59/229 total window): PIPELINE_SUCCESS in 36.084s processing; model 36.036s/6 calls; 36.145s including wait/save; 3691.558s since startup
Processed 60/229 this run (60/229 total window): PIPELINE_SUCCESS in 31.579s processing; model 31.519s/6 calls; 31.644s including wait/save; 3723.202s since startup
Processed 61/229 this run (61/229 total window): PIPELINE_SUCCESS in 68.339s processing; model 68.282s/8 calls; 68.406s including wait/save; 3791.608s since startup
Processed 62/229 this run (62/229 total window): PIPELINE_SUCCESS in 75.809s processing; model 75.745s/7 calls; 75.874s including wait/save; 3867.482s since startup
Processed 63/229 this run (63/229 total window): PIPELINE_SUCCESS in 32.507s processing; model 32.417s/7 calls; 32.572s including wait/save; 3900.054s since startup
Processed 64/229 this run (64/229 total window): PIPELINE_SUCCESS in 68.164s processing; model 68.072s/9 calls; 68.233s including wait/save; 3968.287s since startup
Processed 65/229 this run (65/229 total window): PIPELINE_SUCCESS in 44.162s processing; model 44.094s/7 calls; 44.229s including wait/save; 4012.517s since startup
Processed 66/229 this run (66/229 total window): PIPELINE_SUCCESS in 89.268s processing; model 89.205s/8 calls; 89.337s including wait/save; 4101.853s since startup
Processed 67/229 this run (67/229 total window): PIPELINE_SUCCESS in 53.381s processing; model 53.308s/7 calls; 53.454s including wait/save; 4155.308s since startup
Processed 68/229 this run (68/229 total window): PIPELINE_SUCCESS in 42.655s processing; model 42.549s/8 calls; 42.726s including wait/save; 4198.034s since startup
Processed 69/229 this run (69/229 total window): PIPELINE_SUCCESS in 68.846s processing; model 68.743s/9 calls; 68.929s including wait/save; 4266.963s since startup
Processed 70/229 this run (70/229 total window): PIPELINE_SUCCESS in 41.684s processing; model 41.563s/9 calls; 41.756s including wait/save; 4308.720s since startup
Processed 71/229 this run (71/229 total window): PIPELINE_SUCCESS in 42.375s processing; model 42.270s/8 calls; 42.456s including wait/save; 4351.176s since startup
Processed 72/229 this run (72/229 total window): PIPELINE_SUCCESS in 58.428s processing; model 58.310s/8 calls; 58.505s including wait/save; 4409.681s since startup
Processed 73/229 this run (73/229 total window): PIPELINE_SUCCESS in 58.154s processing; model 57.896s/7 calls; 58.239s including wait/save; 4467.920s since startup
Processed 74/229 this run (74/229 total window): PIPELINE_SUCCESS in 145.574s processing; model 145.484s/8 calls; 145.647s including wait/save; 4613.568s since startup
Processed 75/229 this run (75/229 total window): PIPELINE_SUCCESS in 68.142s processing; model 68.001s/8 calls; 68.219s including wait/save; 4681.787s since startup
Processed 76/229 this run (76/229 total window): PIPELINE_SUCCESS in 33.332s processing; model 33.272s/6 calls; 33.407s including wait/save; 4715.194s since startup
Processed 77/229 this run (77/229 total window): PIPELINE_SUCCESS in 65.829s processing; model 65.600s/6 calls; 65.905s including wait/save; 4781.099s since startup
Processed 78/229 this run (78/229 total window): PIPELINE_SUCCESS in 126.961s processing; model 126.800s/6 calls; 127.046s including wait/save; 4908.145s since startup
Processed 79/229 this run (79/229 total window): PIPELINE_SUCCESS in 62.549s processing; model 62.392s/8 calls; 62.625s including wait/save; 4970.770s since startup
Processed 80/229 this run (80/229 total window): PIPELINE_SUCCESS in 16.797s processing; model 16.679s/5 calls; 16.875s including wait/save; 4987.645s since startup
Processed 81/229 this run (81/229 total window): PIPELINE_SUCCESS in 69.74s processing; model 69.646s/8 calls; 69.817s including wait/save; 5057.462s since startup
Processed 82/229 this run (82/229 total window): PIPELINE_SUCCESS in 25.654s processing; model 25.538s/6 calls; 25.741s including wait/save; 5083.203s since startup
Processed 83/229 this run (83/229 total window): PIPELINE_SUCCESS in 50.369s processing; model 50.292s/8 calls; 50.448s including wait/save; 5133.651s since startup
Processed 84/229 this run (84/229 total window): PIPELINE_SUCCESS in 57.9s processing; model 57.755s/6 calls; 57.983s including wait/save; 5191.634s since startup
Processed 85/229 this run (85/229 total window): PIPELINE_SUCCESS in 97.577s processing; model 97.509s/9 calls; 97.657s including wait/save; 5289.291s since startup
Processed 86/229 this run (86/229 total window): PIPELINE_SUCCESS in 103.658s processing; model 103.585s/8 calls; 103.741s including wait/save; 5393.032s since startup
Processed 87/229 this run (87/229 total window): PIPELINE_SUCCESS in 42.393s processing; model 42.327s/7 calls; 42.475s including wait/save; 5435.507s since startup
Processed 88/229 this run (88/229 total window): PIPELINE_SUCCESS in 48.475s processing; model 48.395s/9 calls; 48.558s including wait/save; 5484.065s since startup
Processed 89/229 this run (89/229 total window): PIPELINE_SUCCESS in 52.035s processing; model 51.961s/7 calls; 52.119s including wait/save; 5536.184s since startup
Processed 90/229 this run (90/229 total window): PIPELINE_SUCCESS in 80.705s processing; model 80.649s/8 calls; 80.802s including wait/save; 5616.986s since startup
Processed 91/229 this run (91/229 total window): PIPELINE_SUCCESS in 26.046s processing; model 25.986s/6 calls; 26.129s including wait/save; 5643.115s since startup
Processed 92/229 this run (92/229 total window): PIPELINE_SUCCESS in 53.651s processing; model 53.579s/9 calls; 53.736s including wait/save; 5696.850s since startup
Processed 93/229 this run (93/229 total window): PIPELINE_SUCCESS in 31.037s processing; model 30.981s/7 calls; 31.123s including wait/save; 5727.974s since startup
Processed 94/229 this run (94/229 total window): PIPELINE_SUCCESS in 83.058s processing; model 82.996s/8 calls; 83.143s including wait/save; 5811.117s since startup
Processed 95/229 this run (95/229 total window): PIPELINE_SUCCESS in 78.234s processing; model 78.156s/8 calls; 78.334s including wait/save; 5889.451s since startup
Processed 96/229 this run (96/229 total window): PIPELINE_SUCCESS in 43.838s processing; model 43.323s/8 calls; 43.926s including wait/save; 5933.377s since startup
Processed 97/229 this run (97/229 total window): PIPELINE_SUCCESS in 47.166s processing; model 46.311s/8 calls; 47.257s including wait/save; 5980.634s since startup
Processed 98/229 this run (98/229 total window): PIPELINE_SUCCESS in 78.624s processing; model 78.085s/8 calls; 78.717s including wait/save; 6059.351s since startup
Processed 99/229 this run (99/229 total window): PIPELINE_SUCCESS in 90.246s processing; model 89.162s/10 calls; 90.339s including wait/save; 6149.690s since startup
Processed 100/229 this run (100/229 total window): PIPELINE_SUCCESS in 44.946s processing; model 44.423s/8 calls; 45.042s including wait/save; 6194.732s since startup
Processed 101/229 this run (101/229 total window): PIPELINE_SUCCESS in 42.551s processing; model 41.748s/8 calls; 42.647s including wait/save; 6237.380s since startup
Processed 102/229 this run (102/229 total window): PIPELINE_SUCCESS in 77.587s processing; model 77.305s/8 calls; 77.691s including wait/save; 6315.071s since startup
Processed 103/229 this run (103/229 total window): PIPELINE_SUCCESS in 150.622s processing; model 149.534s/9 calls; 150.720s including wait/save; 6465.791s since startup
Processed 104/229 this run (104/229 total window): PIPELINE_SUCCESS in 82.698s processing; model 82.620s/8 calls; 82.796s including wait/save; 6548.587s since startup
Processed 105/229 this run (105/229 total window): PIPELINE_SUCCESS in 103.993s processing; model 103.241s/6 calls; 104.095s including wait/save; 6652.682s since startup
Processed 106/229 this run (106/229 total window): PIPELINE_SUCCESS in 163.151s processing; model 162.676s/8 calls; 163.251s including wait/save; 6815.933s since startup
Processed 107/229 this run (107/229 total window): PIPELINE_SUCCESS in 131.981s processing; model 131.658s/8 calls; 132.082s including wait/save; 6948.014s since startup
Processed 108/229 this run (108/229 total window): PIPELINE_SUCCESS in 66.615s processing; model 66.224s/8 calls; 66.716s including wait/save; 7014.730s since startup
Processed 109/229 this run (109/229 total window): PIPELINE_SUCCESS in 44.047s processing; model 44.006s/5 calls; 44.149s including wait/save; 7058.880s since startup
Processed 110/229 this run (110/229 total window): PIPELINE_SUCCESS in 60.27s processing; model 59.836s/6 calls; 60.374s including wait/save; 7119.254s since startup
Processed 111/229 this run (111/229 total window): PIPELINE_SUCCESS in 81.706s processing; model 81.023s/7 calls; 81.810s including wait/save; 7201.064s since startup
Processed 112/229 this run (112/229 total window): PIPELINE_SUCCESS in 53.528s processing; model 52.466s/7 calls; 53.632s including wait/save; 7254.696s since startup
Processed 113/229 this run (113/229 total window): PIPELINE_SUCCESS in 110.313s processing; model 109.154s/8 calls; 110.428s including wait/save; 7365.124s since startup
Processed 114/229 this run (114/229 total window): PIPELINE_SUCCESS in 41.592s processing; model 41.385s/7 calls; 41.699s including wait/save; 7406.823s since startup
Processed 115/229 this run (115/229 total window): PIPELINE_SUCCESS in 109.418s processing; model 109.082s/9 calls; 109.525s including wait/save; 7516.348s since startup
Processed 116/229 this run (116/229 total window): PIPELINE_SUCCESS in 43.207s processing; model 42.387s/7 calls; 43.316s including wait/save; 7559.664s since startup
Processed 117/229 this run (117/229 total window): FINAL_SPEC_ERROR in 131.413s processing; model 131.307s/10 calls; 131.530s including wait/save; 7691.194s since startup
Processed 118/229 this run (118/229 total window): FINAL_SPEC_ERROR in 123.443s processing; model 123.298s/10 calls; 123.565s including wait/save; 7814.760s since startup
Processed 119/229 this run (119/229 total window): PIPELINE_SUCCESS in 90.369s processing; model 89.776s/7 calls; 90.486s including wait/save; 7905.245s since startup
Processed 120/229 this run (120/229 total window): PIPELINE_SUCCESS in 110.49s processing; model 108.972s/9 calls; 110.609s including wait/save; 8015.854s since startup
Processed 121/229 this run (121/229 total window): PIPELINE_SUCCESS in 96.661s processing; model 95.787s/10 calls; 96.779s including wait/save; 8112.633s since startup
Processed 122/229 this run (122/229 total window): PIPELINE_SUCCESS in 57.834s processing; model 56.734s/8 calls; 57.953s including wait/save; 8170.587s since startup
Processed 123/229 this run (123/229 total window): PIPELINE_SUCCESS in 65.167s processing; model 63.751s/8 calls; 65.287s including wait/save; 8235.874s since startup
Processed 124/229 this run (124/229 total window): PIPELINE_SUCCESS in 56.636s processing; model 55.386s/8 calls; 56.759s including wait/save; 8292.633s since startup
Processed 125/229 this run (125/229 total window): FINAL_SPEC_ERROR in 177.904s processing; model 177.710s/12 calls; 178.034s including wait/save; 8470.667s since startup
Processed 126/229 this run (126/229 total window): FINAL_SPEC_ERROR in 176.153s processing; model 175.995s/11 calls; 176.290s including wait/save; 8646.957s since startup
Processed 127/229 this run (127/229 total window): PIPELINE_SUCCESS in 134.408s processing; model 133.454s/9 calls; 134.540s including wait/save; 8781.497s since startup
Processed 128/229 this run (128/229 total window): PIPELINE_SUCCESS in 233.448s processing; model 231.982s/11 calls; 233.591s including wait/save; 9015.088s since startup
Processed 129/229 this run (129/229 total window): PIPELINE_SUCCESS in 125.511s processing; model 124.107s/10 calls; 125.670s including wait/save; 9140.758s since startup
Processed 130/229 this run (130/229 total window): PIPELINE_SUCCESS in 69.519s processing; model 68.174s/9 calls; 69.672s including wait/save; 9210.431s since startup
Processed 131/229 this run (131/229 total window): PIPELINE_SUCCESS in 149.587s processing; model 148.162s/9 calls; 149.737s including wait/save; 9360.168s since startup
Processed 132/229 this run (132/229 total window): PIPELINE_SUCCESS in 140.954s processing; model 139.191s/10 calls; 141.097s including wait/save; 9501.265s since startup
Processed 133/229 this run (133/229 total window): FINAL_SPEC_ERROR in 185.281s processing; model 185.016s/17 calls; 185.439s including wait/save; 9686.705s since startup
Processed 134/229 this run (134/229 total window): FINAL_SPEC_ERROR in 186.008s processing; model 185.839s/12 calls; 186.173s including wait/save; 9872.878s since startup
Processed 135/229 this run (135/229 total window): PIPELINE_SUCCESS in 343.082s processing; model 341.265s/14 calls; 343.252s including wait/save; 10216.130s since startup
Processed 136/229 this run (136/229 total window): PIPELINE_SUCCESS in 31.629s processing; model 31.607s/5 calls; 31.807s including wait/save; 10247.937s since startup
Processed 137/229 this run (137/229 total window): PIPELINE_SUCCESS in 29.359s processing; model 29.337s/5 calls; 29.534s including wait/save; 10277.471s since startup
Processed 138/229 this run (138/229 total window): PIPELINE_SUCCESS in 18.061s processing; model 18.025s/5 calls; 18.269s including wait/save; 10295.740s since startup
Processed 139/229 this run (139/229 total window): PIPELINE_SUCCESS in 20.106s processing; model 20.084s/5 calls; 20.280s including wait/save; 10316.019s since startup
Processed 140/229 this run (140/229 total window): PIPELINE_SUCCESS in 26.236s processing; model 26.216s/5 calls; 26.404s including wait/save; 10342.423s since startup
Processed 141/229 this run (141/229 total window): PIPELINE_SUCCESS in 37.056s processing; model 36.948s/7 calls; 37.228s including wait/save; 10379.651s since startup
Processed 142/229 this run (142/229 total window): PIPELINE_SUCCESS in 51.149s processing; model 51.120s/7 calls; 51.325s including wait/save; 10430.976s since startup
Processed 143/229 this run (143/229 total window): PIPELINE_SUCCESS in 33.247s processing; model 33.209s/7 calls; 33.420s including wait/save; 10464.396s since startup
Processed 144/229 this run (144/229 total window): PIPELINE_SUCCESS in 19.256s processing; model 19.205s/5 calls; 19.441s including wait/save; 10483.838s since startup
Processed 145/229 this run (145/229 total window): PIPELINE_SUCCESS in 43.536s processing; model 43.504s/7 calls; 43.711s including wait/save; 10527.549s since startup
Processed 146/229 this run (146/229 total window): PIPELINE_SUCCESS in 13.008s processing; model 12.976s/5 calls; 13.171s including wait/save; 10540.720s since startup
Processed 147/229 this run (147/229 total window): PIPELINE_SUCCESS in 33.559s processing; model 33.493s/6 calls; 33.736s including wait/save; 10574.456s since startup
Processed 148/229 this run (148/229 total window): PIPELINE_SUCCESS in 35.255s processing; model 35.228s/5 calls; 35.438s including wait/save; 10609.895s since startup
Processed 149/229 this run (149/229 total window): PIPELINE_SUCCESS in 138.574s processing; model 138.544s/6 calls; 138.770s including wait/save; 10748.664s since startup
Processed 150/229 this run (150/229 total window): PIPELINE_SUCCESS in 40.354s processing; model 40.313s/7 calls; 40.545s including wait/save; 10789.209s since startup
Processed 151/229 this run (151/229 total window): PIPELINE_SUCCESS in 42.306s processing; model 42.278s/5 calls; 42.472s including wait/save; 10831.682s since startup
Processed 152/229 this run (152/229 total window): PIPELINE_SUCCESS in 40.283s processing; model 40.257s/5 calls; 40.475s including wait/save; 10872.157s since startup
Processed 153/229 this run (153/229 total window): PIPELINE_SUCCESS in 22.361s processing; model 22.297s/6 calls; 22.528s including wait/save; 10894.684s since startup
Processed 154/229 this run (154/229 total window): PIPELINE_SUCCESS in 140.84s processing; model 140.746s/7 calls; 141.025s including wait/save; 11035.710s since startup
Processed 155/229 this run (155/229 total window): PIPELINE_SUCCESS in 22.186s processing; model 22.025s/6 calls; 22.372s including wait/save; 11058.082s since startup
Processed 156/229 this run (156/229 total window): PIPELINE_SUCCESS in 65.8s processing; model 65.722s/7 calls; 65.986s including wait/save; 11124.069s since startup
Processed 157/229 this run (157/229 total window): PIPELINE_SUCCESS in 41.547s processing; model 41.486s/7 calls; 41.732s including wait/save; 11165.801s since startup
Processed 158/229 this run (158/229 total window): PIPELINE_SUCCESS in 55.635s processing; model 55.538s/6 calls; 55.813s including wait/save; 11221.614s since startup
Processed 159/229 this run (159/229 total window): PIPELINE_SUCCESS in 48.513s processing; model 48.410s/6 calls; 48.694s including wait/save; 11270.308s since startup
Processed 160/229 this run (160/229 total window): PIPELINE_SUCCESS in 30.419s processing; model 30.346s/7 calls; 30.600s including wait/save; 11300.908s since startup
Processed 161/229 this run (161/229 total window): PIPELINE_SUCCESS in 48.587s processing; model 48.503s/6 calls; 48.779s including wait/save; 11349.687s since startup
Processed 162/229 this run (162/229 total window): PIPELINE_SUCCESS in 27.651s processing; model 27.580s/6 calls; 27.831s including wait/save; 11377.518s since startup
Processed 163/229 this run (163/229 total window): PIPELINE_SUCCESS in 30.028s processing; model 29.951s/7 calls; 30.209s including wait/save; 11407.727s since startup
Processed 164/229 this run (164/229 total window): PIPELINE_SUCCESS in 42.52s processing; model 42.366s/7 calls; 42.701s including wait/save; 11450.429s since startup
Processed 165/229 this run (165/229 total window): PIPELINE_SUCCESS in 40.671s processing; model 40.547s/6 calls; 40.853s including wait/save; 11491.282s since startup
Processed 166/229 this run (166/229 total window): PIPELINE_SUCCESS in 75.461s processing; model 75.369s/7 calls; 75.643s including wait/save; 11566.925s since startup
Processed 167/229 this run (167/229 total window): PIPELINE_SUCCESS in 18.464s processing; model 18.413s/5 calls; 18.667s including wait/save; 11585.592s since startup
Processed 168/229 this run (168/229 total window): PIPELINE_SUCCESS in 28.721s processing; model 28.636s/5 calls; 28.921s including wait/save; 11614.512s since startup
Processed 169/229 this run (169/229 total window): PIPELINE_SUCCESS in 49.335s processing; model 49.273s/5 calls; 49.519s including wait/save; 11664.032s since startup
Processed 170/229 this run (170/229 total window): PIPELINE_SUCCESS in 76.197s processing; model 76.160s/7 calls; 76.396s including wait/save; 11740.428s since startup
Processed 171/229 this run (171/229 total window): PIPELINE_SUCCESS in 26.5s processing; model 26.380s/5 calls; 26.680s including wait/save; 11767.107s since startup
Processed 172/229 this run (172/229 total window): PIPELINE_SUCCESS in 14.52s processing; model 14.403s/5 calls; 14.709s including wait/save; 11781.817s since startup
Processed 173/229 this run (173/229 total window): PIPELINE_SUCCESS in 31.426s processing; model 31.388s/6 calls; 31.631s including wait/save; 11813.448s since startup
Processed 174/229 this run (174/229 total window): PIPELINE_SUCCESS in 49.374s processing; model 49.309s/5 calls; 49.559s including wait/save; 11863.007s since startup
Processed 175/229 this run (175/229 total window): PIPELINE_SUCCESS in 23.047s processing; model 23.001s/5 calls; 23.242s including wait/save; 11886.249s since startup
Processed 176/229 this run (176/229 total window): PIPELINE_SUCCESS in 41.532s processing; model 41.502s/5 calls; 41.739s including wait/save; 11927.988s since startup
Processed 177/229 this run (177/229 total window): PIPELINE_SUCCESS in 27.364s processing; model 26.994s/5 calls; 27.556s including wait/save; 11955.544s since startup
Processed 178/229 this run (178/229 total window): PIPELINE_SUCCESS in 42.94s processing; model 42.585s/6 calls; 43.130s including wait/save; 11998.674s since startup
Processed 179/229 this run (179/229 total window): PIPELINE_SUCCESS in 25.62s processing; model 25.275s/5 calls; 25.811s including wait/save; 12024.486s since startup
Processed 180/229 this run (180/229 total window): PIPELINE_SUCCESS in 38.838s processing; model 38.452s/6 calls; 39.032s including wait/save; 12063.518s since startup
Processed 181/229 this run (181/229 total window): PIPELINE_SUCCESS in 39.632s processing; model 39.562s/6 calls; 39.830s including wait/save; 12103.348s since startup
Processed 182/229 this run (182/229 total window): PIPELINE_SUCCESS in 54.8s processing; model 54.721s/7 calls; 54.992s including wait/save; 12158.341s since startup
Processed 183/229 this run (183/229 total window): PIPELINE_SUCCESS in 33.775s processing; model 33.706s/6 calls; 33.959s including wait/save; 12192.300s since startup
Processed 184/229 this run (184/229 total window): PIPELINE_SUCCESS in 37.312s processing; model 37.252s/6 calls; 37.496s including wait/save; 12229.796s since startup
Processed 185/229 this run (185/229 total window): PIPELINE_SUCCESS in 27.215s processing; model 27.149s/6 calls; 27.411s including wait/save; 12257.206s since startup
Processed 186/229 this run (186/229 total window): PIPELINE_SUCCESS in 56.793s processing; model 56.414s/6 calls; 56.988s including wait/save; 12314.195s since startup
Processed 187/229 this run (187/229 total window): PIPELINE_SUCCESS in 98.362s processing; model 98.222s/8 calls; 98.559s including wait/save; 12412.754s since startup
Processed 188/229 this run (188/229 total window): PIPELINE_SUCCESS in 44.139s processing; model 43.775s/6 calls; 44.336s including wait/save; 12457.090s since startup
Processed 189/229 this run (189/229 total window): PIPELINE_SUCCESS in 50.037s processing; model 49.659s/7 calls; 50.245s including wait/save; 12507.335s since startup
Processed 190/229 this run (190/229 total window): PIPELINE_SUCCESS in 48.589s processing; model 48.201s/7 calls; 48.791s including wait/save; 12556.126s since startup
Processed 191/229 this run (191/229 total window): PIPELINE_SUCCESS in 89.648s processing; model 89.254s/8 calls; 89.847s including wait/save; 12645.973s since startup
Processed 192/229 this run (192/229 total window): PIPELINE_SUCCESS in 62.463s processing; model 61.746s/7 calls; 62.680s including wait/save; 12708.652s since startup
Processed 193/229 this run (193/229 total window): FINAL_SPEC_ERROR in 167.302s processing; model 167.206s/10 calls; 167.518s including wait/save; 12876.170s since startup
Processed 194/229 this run (194/229 total window): PIPELINE_SUCCESS in 65.292s processing; model 64.895s/8 calls; 65.502s including wait/save; 12941.673s since startup
Processed 195/229 this run (195/229 total window): PIPELINE_SUCCESS in 55.846s processing; model 55.058s/8 calls; 56.070s including wait/save; 12997.743s since startup
Processed 196/229 this run (196/229 total window): PIPELINE_SUCCESS in 102.868s processing; model 102.115s/8 calls; 103.160s including wait/save; 13100.903s since startup
Processed 197/229 this run (197/229 total window): PIPELINE_SUCCESS in 120.585s processing; model 120.021s/10 calls; 120.802s including wait/save; 13221.706s since startup
Processed 198/229 this run (198/229 total window): PIPELINE_SUCCESS in 37.267s processing; model 37.228s/6 calls; 37.494s including wait/save; 13259.200s since startup
Processed 199/229 this run (199/229 total window): PIPELINE_SUCCESS in 31.952s processing; model 31.915s/5 calls; 32.166s including wait/save; 13291.366s since startup
Processed 200/229 this run (200/229 total window): PIPELINE_SUCCESS in 19.49s processing; model 19.454s/5 calls; 19.723s including wait/save; 13311.090s since startup
Processed 201/229 this run (201/229 total window): PIPELINE_SUCCESS in 20.706s processing; model 20.658s/5 calls; 20.932s including wait/save; 13332.022s since startup
Processed 202/229 this run (202/229 total window): PIPELINE_SUCCESS in 42.734s processing; model 42.694s/5 calls; 42.931s including wait/save; 13374.954s since startup
Processed 203/229 this run (203/229 total window): PIPELINE_SUCCESS in 21.49s processing; model 21.447s/5 calls; 21.715s including wait/save; 13396.669s since startup
Processed 204/229 this run (204/229 total window): PIPELINE_SUCCESS in 33.614s processing; model 33.526s/6 calls; 33.825s including wait/save; 13430.495s since startup
Processed 205/229 this run (205/229 total window): PIPELINE_SUCCESS in 58.624s processing; model 58.569s/7 calls; 58.849s including wait/save; 13489.344s since startup
Processed 206/229 this run (206/229 total window): PIPELINE_SUCCESS in 54.623s processing; model 54.581s/7 calls; 54.856s including wait/save; 13544.200s since startup
Processed 207/229 this run (207/229 total window): PIPELINE_SUCCESS in 27.472s processing; model 27.436s/5 calls; 27.705s including wait/save; 13571.905s since startup
Processed 208/229 this run (208/229 total window): PIPELINE_SUCCESS in 19.461s processing; model 19.411s/5 calls; 19.673s including wait/save; 13591.578s since startup
Processed 209/229 this run (209/229 total window): PIPELINE_SUCCESS in 20.244s processing; model 20.197s/5 calls; 20.465s including wait/save; 13612.043s since startup
Processed 210/229 this run (210/229 total window): PIPELINE_SUCCESS in 41.156s processing; model 41.127s/6 calls; 41.375s including wait/save; 13653.418s since startup
Processed 211/229 this run (211/229 total window): PIPELINE_SUCCESS in 19.276s processing; model 19.246s/5 calls; 19.482s including wait/save; 13672.900s since startup
Processed 212/229 this run (212/229 total window): PIPELINE_SUCCESS in 36.704s processing; model 36.671s/6 calls; 36.961s including wait/save; 13709.861s since startup
Processed 213/229 this run (213/229 total window): PIPELINE_SUCCESS in 44.289s processing; model 44.252s/6 calls; 44.503s including wait/save; 13754.364s since startup
Processed 214/229 this run (214/229 total window): PIPELINE_SUCCESS in 32.645s processing; model 32.610s/5 calls; 32.880s including wait/save; 13787.244s since startup
Processed 215/229 this run (215/229 total window): PIPELINE_SUCCESS in 32.744s processing; model 32.714s/6 calls; 32.953s including wait/save; 13820.198s since startup
Processed 216/229 this run (216/229 total window): PIPELINE_SUCCESS in 84.397s processing; model 83.995s/8 calls; 84.610s including wait/save; 13904.807s since startup
Processed 217/229 this run (217/229 total window): PIPELINE_SUCCESS in 40.19s processing; model 39.786s/6 calls; 40.401s including wait/save; 13945.209s since startup
Processed 218/229 this run (218/229 total window): PIPELINE_SUCCESS in 39.707s processing; model 39.502s/6 calls; 39.918s including wait/save; 13985.127s since startup
Processed 219/229 this run (219/229 total window): PIPELINE_SUCCESS in 42.367s processing; model 41.940s/6 calls; 42.593s including wait/save; 14027.719s since startup
Processed 220/229 this run (220/229 total window): PIPELINE_SUCCESS in 44.655s processing; model 44.565s/6 calls; 44.872s including wait/save; 14072.591s since startup
Processed 221/229 this run (221/229 total window): PIPELINE_SUCCESS in 60.991s processing; model 60.795s/7 calls; 61.206s including wait/save; 14133.797s since startup
Processed 222/229 this run (222/229 total window): PIPELINE_SUCCESS in 88.861s processing; model 88.670s/7 calls; 89.073s including wait/save; 14222.870s since startup
Processed 223/229 this run (223/229 total window): PIPELINE_SUCCESS in 58.642s processing; model 58.412s/9 calls; 58.866s including wait/save; 14281.736s since startup
Processed 224/229 this run (224/229 total window): FINAL_SPEC_ERROR in 57.82s processing; model 57.746s/9 calls; 58.040s including wait/save; 14339.776s since startup
Processed 225/229 this run (225/229 total window): PIPELINE_SUCCESS in 33.52s processing; model 33.397s/6 calls; 33.738s including wait/save; 14373.514s since startup
Processed 226/229 this run (226/229 total window): PIPELINE_SUCCESS in 56.56s processing; model 56.436s/8 calls; 56.775s including wait/save; 14430.289s since startup
Processed 227/229 this run (227/229 total window): PIPELINE_SUCCESS in 44.279s processing; model 43.891s/7 calls; 44.493s including wait/save; 14474.782s since startup
Processed 228/229 this run (228/229 total window): PIPELINE_SUCCESS in 88.11s processing; model 87.725s/8 calls; 88.326s including wait/save; 14563.109s since startup
Processed 229/229 this run (229/229 total window): PIPELINE_SUCCESS in 199.099s processing; model 198.945s/8 calls; 199.424s including wait/save; 14762.534s since startup
[COMPLETE] Pipeline finished. Details: /home/kritik/Desktop/neosapiens/finance/script_diff_llm2/ablations/improvement10_models/source/improvement10/.runtime/logs/pipeline_20261006_134111_134261.log
[TIME] Startup-to-finish: 14762.91s; model requests: 14675.21s (1643 calls). Slowest model stages: Query_Understanding=5966.37s, Final_Spec=2885.96s, Query_Spec=2788.94s, Decompose=2681.08s
[TIMING] /home/kritik/Desktop/neosapiens/finance/script_diff_llm2/ablations/improvement10_models/source/improvement10/.runtime/logs/timing_20261006_134109_134261.json
