[INPUT] SQLITE_DB_PATH: /home/kritik/Desktop/neosapiens/finance/script_diff_llm2/ablations/improvement10_models/source/improvement10/wealth_management_diverse.db
[INPUT] TABLE_METADATA_DIR: /home/kritik/Desktop/neosapiens/finance/script_diff_llm2/ablations/improvement10_models/source/improvement10/table_medatada
[INPUT] DOMAIN_INTRO_FILE: /home/kritik/Desktop/neosapiens/finance/script_diff_llm2/ablations/improvement10_models/source/improvement10/domain_intro_latest.prompt
[INPUT] BUSINESS_RULES_FILE: /home/kritik/Desktop/neosapiens/finance/script_diff_llm2/ablations/improvement10_models/source/improvement10/business_rules_addendum.md
[RUNNING] Report: /home/kritik/Desktop/neosapiens/finance/script_diff_llm2/ablations/improvement10_models/runs/qwen3_coder_480b/run_01/parallel_workers4/worker_01/raw_pipeline.csv
[LOG] /home/kritik/Desktop/neosapiens/finance/script_diff_llm2/ablations/improvement10_models/source/improvement10/.runtime/logs/pipeline_20261006_194225_299884.log
[CACHE] Knowledge hit in 0.005s
[TIME] Startup ready: 1.173s; query delay: 0s
Processed 1/250 this run (1/250 total window): PIPELINE_SUCCESS in 11.187s processing; model 11.159s/5 calls; 11.197s including wait/save; 12.370s since startup
Processed 2/250 this run (2/250 total window): PIPELINE_SUCCESS in 15.327s processing; model 15.277s/6 calls; 15.333s including wait/save; 27.703s since startup
Processed 3/250 this run (3/250 total window): PIPELINE_SUCCESS in 12.207s processing; model 12.174s/6 calls; 12.211s including wait/save; 39.915s since startup
Processed 4/250 this run (4/250 total window): PIPELINE_SUCCESS in 9.387s processing; model 9.365s/5 calls; 9.396s including wait/save; 49.311s since startup
Processed 5/250 this run (5/250 total window): PIPELINE_SUCCESS in 12.616s processing; model 12.596s/5 calls; 12.621s including wait/save; 61.932s since startup
Processed 6/250 this run (6/250 total window): FINAL_SPEC_ERROR in 15.053s processing; model 15.024s/8 calls; 15.060s including wait/save; 76.993s since startup
Processed 7/250 this run (7/250 total window): PIPELINE_SUCCESS in 9.817s processing; model 9.793s/5 calls; 9.822s including wait/save; 86.815s since startup
Processed 8/250 this run (8/250 total window): PIPELINE_SUCCESS in 14.801s processing; model 14.762s/6 calls; 14.808s including wait/save; 101.622s since startup
Processed 9/250 this run (9/250 total window): PIPELINE_SUCCESS in 9.471s processing; model 9.447s/5 calls; 9.484s including wait/save; 111.106s since startup
Processed 10/250 this run (10/250 total window): PIPELINE_SUCCESS in 21.261s processing; model 21.203s/7 calls; 21.271s including wait/save; 132.377s since startup
Processed 11/250 this run (11/250 total window): PIPELINE_SUCCESS in 20.796s processing; model 20.736s/7 calls; 20.805s including wait/save; 153.182s since startup
Processed 12/250 this run (12/250 total window): PIPELINE_SUCCESS in 26.619s processing; model 26.565s/9 calls; 26.626s including wait/save; 179.808s since startup
Processed 13/250 this run (13/250 total window): FINAL_SPEC_ERROR in 28.058s processing; model 28.012s/10 calls; 28.067s including wait/save; 207.876s since startup
Processed 14/250 this run (14/250 total window): FINAL_SPEC_ERROR in 27.317s processing; model 27.268s/10 calls; 27.333s including wait/save; 235.209s since startup
Processed 15/250 this run (15/250 total window): PIPELINE_SUCCESS in 20.727s processing; model 20.607s/7 calls; 20.735s including wait/save; 255.944s since startup
Processed 16/250 this run (16/250 total window): PIPELINE_SUCCESS in 116.472s processing; model 116.093s/6 calls; 116.480s including wait/save; 372.424s since startup
Processed 17/250 this run (17/250 total window): PIPELINE_SUCCESS in 31.04s processing; model 30.953s/9 calls; 31.049s including wait/save; 403.473s since startup
Processed 18/250 this run (18/250 total window): PIPELINE_SUCCESS in 26.64s processing; model 26.582s/9 calls; 26.650s including wait/save; 430.124s since startup
Processed 19/250 this run (19/250 total window): PIPELINE_SUCCESS in 21.955s processing; model 21.889s/8 calls; 21.976s including wait/save; 452.100s since startup
Processed 20/250 this run (20/250 total window): PIPELINE_SUCCESS in 26.817s processing; model 26.762s/9 calls; 26.832s including wait/save; 478.932s since startup
Processed 21/250 this run (21/250 total window): PIPELINE_SUCCESS in 22.118s processing; model 22.065s/8 calls; 22.131s including wait/save; 501.063s since startup
Processed 22/250 this run (22/250 total window): PIPELINE_SUCCESS in 24.713s processing; model 24.666s/8 calls; 24.730s including wait/save; 525.793s since startup
Processed 23/250 this run (23/250 total window): PIPELINE_SUCCESS in 22.961s processing; model 22.901s/8 calls; 22.979s including wait/save; 548.772s since startup
Processed 24/250 this run (24/250 total window): PIPELINE_SUCCESS in 41.318s processing; model 41.211s/11 calls; 41.331s including wait/save; 590.104s since startup
Processed 25/250 this run (25/250 total window): PIPELINE_SUCCESS in 32.578s processing; model 32.482s/8 calls; 32.593s including wait/save; 622.697s since startup
Processed 26/250 this run (26/250 total window): PIPELINE_SUCCESS in 33.285s processing; model 33.189s/9 calls; 33.301s including wait/save; 655.998s since startup
Processed 27/250 this run (27/250 total window): PIPELINE_SUCCESS in 35.575s processing; model 35.475s/9 calls; 35.592s including wait/save; 691.590s since startup
Processed 28/250 this run (28/250 total window): PIPELINE_SUCCESS in 30.07s processing; model 29.970s/9 calls; 30.088s including wait/save; 721.679s since startup
Processed 29/250 this run (29/250 total window): PIPELINE_SUCCESS in 29.825s processing; model 29.733s/9 calls; 29.844s including wait/save; 751.523s since startup
Processed 30/250 this run (30/250 total window): PIPELINE_SUCCESS in 29.677s processing; model 29.569s/9 calls; 29.699s including wait/save; 781.222s since startup
Processed 31/250 this run (31/250 total window): PIPELINE_SUCCESS in 35.117s processing; model 35.024s/10 calls; 35.139s including wait/save; 816.361s since startup
Processed 32/250 this run (32/250 total window): FINAL_SPEC_ERROR in 40.318s processing; model 40.216s/12 calls; 40.342s including wait/save; 856.703s since startup
Processed 33/250 this run (33/250 total window): PIPELINE_SUCCESS in 15.927s processing; model 15.816s/8 calls; 15.950s including wait/save; 872.653s since startup
Processed 34/250 this run (34/250 total window): FINAL_SPEC_ERROR in 18.107s processing; model 18.053s/9 calls; 18.172s including wait/save; 890.825s since startup
Processed 35/250 this run (35/250 total window): PIPELINE_SUCCESS in 12.487s processing; model 12.465s/5 calls; 12.535s including wait/save; 903.361s since startup
Processed 36/250 this run (36/250 total window): PIPELINE_SUCCESS in 13.556s processing; model 13.514s/6 calls; 13.586s including wait/save; 916.947s since startup
Processed 37/250 this run (37/250 total window): PIPELINE_SUCCESS in 17.885s processing; model 17.851s/6 calls; 17.922s including wait/save; 934.869s since startup
Processed 38/250 this run (38/250 total window): PIPELINE_SUCCESS in 14.433s processing; model 14.400s/6 calls; 14.469s including wait/save; 949.338s since startup
Processed 39/250 this run (39/250 total window): PIPELINE_SUCCESS in 16.252s processing; model 16.211s/7 calls; 16.281s including wait/save; 965.620s since startup
Processed 40/250 this run (40/250 total window): FINAL_SPEC_ERROR in 22.185s processing; model 22.137s/9 calls; 22.214s including wait/save; 987.834s since startup
Processed 41/250 this run (41/250 total window): PIPELINE_SUCCESS in 13.715s processing; model 13.677s/6 calls; 13.750s including wait/save; 1001.584s since startup
Processed 42/250 this run (42/250 total window): PIPELINE_SUCCESS in 14.593s processing; model 14.551s/6 calls; 14.628s including wait/save; 1016.212s since startup
Processed 43/250 this run (43/250 total window): PIPELINE_SUCCESS in 14.717s processing; model 14.670s/6 calls; 14.754s including wait/save; 1030.966s since startup
Processed 44/250 this run (44/250 total window): PIPELINE_SUCCESS in 18.692s processing; model 18.655s/7 calls; 18.730s including wait/save; 1049.696s since startup
Processed 45/250 this run (45/250 total window): FINAL_SPEC_ERROR in 38.462s processing; model 38.361s/11 calls; 38.497s including wait/save; 1088.193s since startup
Processed 46/250 this run (46/250 total window): PIPELINE_SUCCESS in 26.815s processing; model 26.712s/8 calls; 26.847s including wait/save; 1115.040s since startup
Processed 47/250 this run (47/250 total window): PIPELINE_SUCCESS in 32.423s processing; model 32.013s/10 calls; 32.455s including wait/save; 1147.495s since startup
Processed 48/250 this run (48/250 total window): PIPELINE_SUCCESS in 32.446s processing; model 32.027s/10 calls; 32.482s including wait/save; 1179.977s since startup
Processed 49/250 this run (49/250 total window): PIPELINE_SUCCESS in 37.515s processing; model 37.404s/10 calls; 37.549s including wait/save; 1217.526s since startup
Processed 50/250 this run (50/250 total window): PIPELINE_SUCCESS in 25.048s processing; model 24.994s/8 calls; 25.089s including wait/save; 1242.615s since startup
Processed 51/250 this run (51/250 total window): PIPELINE_SUCCESS in 22.665s processing; model 22.605s/8 calls; 22.706s including wait/save; 1265.320s since startup
Processed 52/250 this run (52/250 total window): PIPELINE_SUCCESS in 31.339s processing; model 31.269s/9 calls; 31.377s including wait/save; 1296.698s since startup
Processed 53/250 this run (53/250 total window): PIPELINE_SUCCESS in 61.688s processing; model 61.179s/11 calls; 61.725s including wait/save; 1358.423s since startup
Processed 54/250 this run (54/250 total window): PIPELINE_SUCCESS in 37.751s processing; model 37.297s/10 calls; 37.798s including wait/save; 1396.221s since startup
Processed 55/250 this run (55/250 total window): PIPELINE_SUCCESS in 36.92s processing; model 36.522s/9 calls; 36.959s including wait/save; 1433.180s since startup
Processed 56/250 this run (56/250 total window): PIPELINE_SUCCESS in 37.137s processing; model 36.758s/9 calls; 37.177s including wait/save; 1470.358s since startup
Processed 57/250 this run (57/250 total window): PIPELINE_SUCCESS in 37.252s processing; model 37.061s/8 calls; 37.294s including wait/save; 1507.652s since startup
Processed 58/250 this run (58/250 total window): PIPELINE_SUCCESS in 42.398s processing; model 42.317s/10 calls; 42.441s including wait/save; 1550.093s since startup
Processed 59/250 this run (59/250 total window): PIPELINE_SUCCESS in 53.26s processing; model 53.085s/11 calls; 53.307s including wait/save; 1603.400s since startup
Processed 60/250 this run (60/250 total window): PIPELINE_SUCCESS in 55.433s processing; model 55.286s/11 calls; 55.483s including wait/save; 1658.883s since startup
Processed 61/250 this run (61/250 total window): PIPELINE_SUCCESS in 58.773s processing; model 58.599s/12 calls; 58.824s including wait/save; 1717.707s since startup
Processed 62/250 this run (62/250 total window): PIPELINE_SUCCESS in 45.562s processing; model 45.063s/10 calls; 45.613s including wait/save; 1763.320s since startup
Processed 63/250 this run (63/250 total window): PIPELINE_SUCCESS in 40.753s processing; model 40.614s/9 calls; 40.806s including wait/save; 1804.126s since startup
Processed 64/250 this run (64/250 total window): PIPELINE_SUCCESS in 11.57s processing; model 11.544s/5 calls; 11.629s including wait/save; 1815.755s since startup
Processed 65/250 this run (65/250 total window): FINAL_SPEC_ERROR in 15.399s processing; model 15.361s/8 calls; 15.462s including wait/save; 1831.218s since startup
Processed 66/250 this run (66/250 total window): PIPELINE_SUCCESS in 11.428s processing; model 11.395s/5 calls; 11.486s including wait/save; 1842.704s since startup
Processed 67/250 this run (67/250 total window): PIPELINE_SUCCESS in 11.081s processing; model 11.062s/5 calls; 11.137s including wait/save; 1853.841s since startup
Processed 68/250 this run (68/250 total window): PIPELINE_SUCCESS in 11.821s processing; model 11.794s/5 calls; 11.883s including wait/save; 1865.724s since startup
Processed 69/250 this run (69/250 total window): PIPELINE_SUCCESS in 14.892s processing; model 14.860s/6 calls; 14.957s including wait/save; 1880.681s since startup
Processed 70/250 this run (70/250 total window): FINAL_SPEC_ERROR in 14.267s processing; model 14.230s/8 calls; 14.326s including wait/save; 1895.007s since startup
Processed 71/250 this run (71/250 total window): PIPELINE_SUCCESS in 20.981s processing; model 20.951s/6 calls; 21.039s including wait/save; 1916.046s since startup
Processed 72/250 this run (72/250 total window): FINAL_SPEC_ERROR in 14.918s processing; model 14.881s/8 calls; 14.980s including wait/save; 1931.026s since startup
Processed 73/250 this run (73/250 total window): PIPELINE_SUCCESS in 23.196s processing; model 23.032s/8 calls; 23.258s including wait/save; 1954.285s since startup
Processed 74/250 this run (74/250 total window): PIPELINE_SUCCESS in 27.735s processing; model 27.603s/9 calls; 27.795s including wait/save; 1982.079s since startup
Processed 75/250 this run (75/250 total window): PIPELINE_SUCCESS in 14.239s processing; model 14.205s/6 calls; 14.298s including wait/save; 1996.378s since startup
Processed 76/250 this run (76/250 total window): PIPELINE_SUCCESS in 17.563s processing; model 17.521s/6 calls; 17.630s including wait/save; 2014.008s since startup
Processed 77/250 this run (77/250 total window): PIPELINE_SUCCESS in 29.88s processing; model 29.498s/9 calls; 29.942s including wait/save; 2043.950s since startup
Processed 78/250 this run (78/250 total window): PIPELINE_SUCCESS in 29.809s processing; model 29.750s/10 calls; 29.872s including wait/save; 2073.822s since startup
Processed 79/250 this run (79/250 total window): PIPELINE_SUCCESS in 29.936s processing; model 29.906s/7 calls; 29.996s including wait/save; 2103.818s since startup
Processed 80/250 this run (80/250 total window): PIPELINE_SUCCESS in 116.978s processing; model 116.602s/7 calls; 117.041s including wait/save; 2220.859s since startup
Processed 81/250 this run (81/250 total window): PIPELINE_SUCCESS in 24.63s processing; model 24.468s/8 calls; 24.692s including wait/save; 2245.551s since startup
Processed 82/250 this run (82/250 total window): PIPELINE_SUCCESS in 22.779s processing; model 22.391s/7 calls; 22.846s including wait/save; 2268.397s since startup
Processed 83/250 this run (83/250 total window): PIPELINE_SUCCESS in 23.144s processing; model 23.055s/7 calls; 23.209s including wait/save; 2291.606s since startup
Processed 84/250 this run (84/250 total window): PIPELINE_SUCCESS in 23.453s processing; model 23.385s/8 calls; 23.526s including wait/save; 2315.133s since startup
Processed 85/250 this run (85/250 total window): PIPELINE_SUCCESS in 29.155s processing; model 29.085s/9 calls; 29.220s including wait/save; 2344.353s since startup
Processed 86/250 this run (86/250 total window): PIPELINE_SUCCESS in 26.225s processing; model 26.151s/9 calls; 26.293s including wait/save; 2370.646s since startup
Processed 87/250 this run (87/250 total window): PIPELINE_SUCCESS in 30.369s processing; model 30.303s/9 calls; 30.438s including wait/save; 2401.084s since startup
Processed 88/250 this run (88/250 total window): PIPELINE_SUCCESS in 24.208s processing; model 24.127s/7 calls; 24.275s including wait/save; 2425.359s since startup
Processed 89/250 this run (89/250 total window): PIPELINE_SUCCESS in 29.206s processing; model 29.143s/9 calls; 29.274s including wait/save; 2454.633s since startup
Processed 90/250 this run (90/250 total window): PIPELINE_SUCCESS in 45.712s processing; model 45.635s/11 calls; 45.785s including wait/save; 2500.417s since startup
Processed 91/250 this run (91/250 total window): PIPELINE_SUCCESS in 46.209s processing; model 46.133s/12 calls; 46.282s including wait/save; 2546.700s since startup
Processed 92/250 this run (92/250 total window): PIPELINE_SUCCESS in 39.76s processing; model 39.370s/10 calls; 39.831s including wait/save; 2586.530s since startup
Processed 93/250 this run (93/250 total window): PIPELINE_SUCCESS in 45.4s processing; model 45.000s/11 calls; 45.470s including wait/save; 2632.001s since startup
Processed 94/250 this run (94/250 total window): PIPELINE_SUCCESS in 36.332s processing; model 36.206s/10 calls; 36.415s including wait/save; 2668.416s since startup
Processed 95/250 this run (95/250 total window): FINAL_SPEC_ERROR in 23.919s processing; model 23.859s/9 calls; 24.010s including wait/save; 2692.427s since startup
Processed 96/250 this run (96/250 total window): FINAL_SPEC_ERROR in 25.898s processing; model 25.850s/9 calls; 25.979s including wait/save; 2718.406s since startup
Processed 97/250 this run (97/250 total window): FINAL_SPEC_ERROR in 24.11s processing; model 24.068s/9 calls; 24.191s including wait/save; 2742.597s since startup
Processed 98/250 this run (98/250 total window): PIPELINE_SUCCESS in 17.814s processing; model 17.778s/6 calls; 17.899s including wait/save; 2760.497s since startup
Processed 99/250 this run (99/250 total window): FINAL_SPEC_ERROR in 31.877s processing; model 31.830s/9 calls; 31.963s including wait/save; 2792.460s since startup
Processed 100/250 this run (100/250 total window): PIPELINE_SUCCESS in 17.159s processing; model 17.122s/6 calls; 17.241s including wait/save; 2809.701s since startup
Processed 101/250 this run (101/250 total window): FINAL_SPEC_ERROR in 26.625s processing; model 26.579s/9 calls; 26.705s including wait/save; 2836.406s since startup
Processed 102/250 this run (102/250 total window): FINAL_SPEC_ERROR in 23.715s processing; model 23.677s/9 calls; 23.799s including wait/save; 2860.205s since startup
Processed 103/250 this run (103/250 total window): FINAL_SPEC_ERROR in 23.632s processing; model 23.583s/9 calls; 23.846s including wait/save; 2884.052s since startup
Processed 104/250 this run (104/250 total window): FINAL_SPEC_ERROR in 31.938s processing; model 31.877s/9 calls; 32.028s including wait/save; 2916.080s since startup
Processed 105/250 this run (105/250 total window): PIPELINE_SUCCESS in 16.423s processing; model 16.394s/6 calls; 16.513s including wait/save; 2932.593s since startup
Processed 106/250 this run (106/250 total window): PIPELINE_SUCCESS in 20.194s processing; model 19.949s/7 calls; 20.272s including wait/save; 2952.865s since startup
Processed 107/250 this run (107/250 total window): PIPELINE_SUCCESS in 21.912s processing; model 21.845s/7 calls; 21.990s including wait/save; 2974.856s since startup
Processed 108/250 this run (108/250 total window): PIPELINE_SUCCESS in 21.138s processing; model 21.031s/7 calls; 21.220s including wait/save; 2996.075s since startup
Processed 109/250 this run (109/250 total window): PIPELINE_SUCCESS in 21.913s processing; model 21.754s/7 calls; 21.994s including wait/save; 3018.069s since startup
Processed 110/250 this run (110/250 total window): PIPELINE_SUCCESS in 22.271s processing; model 22.191s/7 calls; 22.360s including wait/save; 3040.429s since startup
Processed 111/250 this run (111/250 total window): PIPELINE_SUCCESS in 21.582s processing; model 21.420s/7 calls; 21.665s including wait/save; 3062.094s since startup
Processed 112/250 this run (112/250 total window): PIPELINE_SUCCESS in 20.125s processing; model 19.894s/7 calls; 20.207s including wait/save; 3082.301s since startup
Processed 113/250 this run (113/250 total window): PIPELINE_SUCCESS in 27.664s processing; model 27.568s/9 calls; 27.749s including wait/save; 3110.050s since startup
Processed 114/250 this run (114/250 total window): PIPELINE_SUCCESS in 20.551s processing; model 20.442s/7 calls; 20.641s including wait/save; 3130.691s since startup
Processed 115/250 this run (115/250 total window): PIPELINE_SUCCESS in 20.992s processing; model 20.826s/7 calls; 21.077s including wait/save; 3151.768s since startup
Processed 116/250 this run (116/250 total window): PIPELINE_SUCCESS in 28.903s processing; model 28.810s/9 calls; 28.997s including wait/save; 3180.765s since startup
Processed 117/250 this run (117/250 total window): PIPELINE_SUCCESS in 21.312s processing; model 21.149s/7 calls; 21.399s including wait/save; 3202.164s since startup
Processed 118/250 this run (118/250 total window): PIPELINE_SUCCESS in 27.229s processing; model 27.145s/8 calls; 27.318s including wait/save; 3229.482s since startup
Processed 119/250 this run (119/250 total window): PIPELINE_SUCCESS in 26.522s processing; model 26.424s/8 calls; 26.706s including wait/save; 3256.188s since startup
Processed 120/250 this run (120/250 total window): PIPELINE_SUCCESS in 27.452s processing; model 27.363s/8 calls; 27.543s including wait/save; 3283.732s since startup
Processed 121/250 this run (121/250 total window): PIPELINE_SUCCESS in 26.88s processing; model 26.789s/8 calls; 26.981s including wait/save; 3310.713s since startup
Processed 122/250 this run (122/250 total window): PIPELINE_SUCCESS in 29.011s processing; model 28.716s/8 calls; 29.103s including wait/save; 3339.816s since startup
Processed 123/250 this run (123/250 total window): PIPELINE_SUCCESS in 26.626s processing; model 26.535s/8 calls; 26.730s including wait/save; 3366.547s since startup
Processed 124/250 this run (124/250 total window): PIPELINE_SUCCESS in 27.066s processing; model 26.986s/8 calls; 27.171s including wait/save; 3393.718s since startup
Processed 125/250 this run (125/250 total window): PIPELINE_SUCCESS in 27.037s processing; model 26.950s/8 calls; 27.139s including wait/save; 3420.857s since startup
Processed 126/250 this run (126/250 total window): PIPELINE_SUCCESS in 22.232s processing; model 21.521s/6 calls; 22.328s including wait/save; 3443.185s since startup
Processed 127/250 this run (127/250 total window): PIPELINE_SUCCESS in 22.385s processing; model 22.093s/6 calls; 22.483s including wait/save; 3465.668s since startup
Processed 128/250 this run (128/250 total window): PIPELINE_SUCCESS in 31.875s processing; model 30.429s/6 calls; 31.970s including wait/save; 3497.638s since startup
Processed 129/250 this run (129/250 total window): PIPELINE_SUCCESS in 25.276s processing; model 24.193s/6 calls; 25.373s including wait/save; 3523.011s since startup
Processed 130/250 this run (130/250 total window): PIPELINE_SUCCESS in 16.697s processing; model 16.212s/6 calls; 16.797s including wait/save; 3539.808s since startup
Processed 131/250 this run (131/250 total window): PIPELINE_SUCCESS in 16.518s processing; model 16.467s/7 calls; 16.621s including wait/save; 3556.430s since startup
Processed 132/250 this run (132/250 total window): PIPELINE_SUCCESS in 15.012s processing; model 14.682s/6 calls; 15.126s including wait/save; 3571.556s since startup
Processed 133/250 this run (133/250 total window): PIPELINE_SUCCESS in 35.473s processing; model 34.561s/8 calls; 35.571s including wait/save; 3607.127s since startup
Processed 134/250 this run (134/250 total window): PIPELINE_SUCCESS in 29.993s processing; model 28.930s/7 calls; 30.092s including wait/save; 3637.220s since startup
Processed 135/250 this run (135/250 total window): PIPELINE_SUCCESS in 34.653s processing; model 33.427s/8 calls; 34.756s including wait/save; 3671.976s since startup
Processed 136/250 this run (136/250 total window): PIPELINE_SUCCESS in 39.67s processing; model 38.796s/9 calls; 39.771s including wait/save; 3711.748s since startup
Processed 137/250 this run (137/250 total window): PIPELINE_SUCCESS in 162.963s processing; model 162.347s/8 calls; 163.070s including wait/save; 3874.818s since startup
Processed 138/250 this run (138/250 total window): PIPELINE_SUCCESS in 340.628s processing; model 339.908s/9 calls; 340.732s including wait/save; 4215.550s since startup
Processed 139/250 this run (139/250 total window): PIPELINE_SUCCESS in 245.893s processing; model 245.166s/9 calls; 245.999s including wait/save; 4461.550s since startup
Processed 140/250 this run (140/250 total window): FINAL_SPEC_ERROR in 123.494s processing; model 123.362s/10 calls; 123.623s including wait/save; 4585.173s since startup
Processed 141/250 this run (141/250 total window): PIPELINE_SUCCESS in 50.47s processing; model 48.926s/9 calls; 50.594s including wait/save; 4635.767s since startup
Processed 142/250 this run (142/250 total window): PIPELINE_SUCCESS in 104.966s processing; model 103.539s/9 calls; 105.078s including wait/save; 4740.845s since startup
Processed 143/250 this run (143/250 total window): PIPELINE_SUCCESS in 193.383s processing; model 192.016s/9 calls; 193.498s including wait/save; 4934.343s since startup
Processed 144/250 this run (144/250 total window): PIPELINE_SUCCESS in 234.406s processing; model 233.165s/10 calls; 234.519s including wait/save; 5168.862s since startup
Processed 145/250 this run (145/250 total window): PIPELINE_SUCCESS in 193.515s processing; model 192.233s/8 calls; 193.631s including wait/save; 5362.493s since startup
Processed 146/250 this run (146/250 total window): PIPELINE_SUCCESS in 115.522s processing; model 114.102s/11 calls; 115.640s including wait/save; 5478.133s since startup
Processed 147/250 this run (147/250 total window): PIPELINE_SUCCESS in 110.654s processing; model 109.391s/9 calls; 110.784s including wait/save; 5588.917s since startup
Processed 148/250 this run (148/250 total window): PIPELINE_SUCCESS in 83.48s processing; model 82.477s/10 calls; 83.606s including wait/save; 5672.523s since startup
Processed 149/250 this run (149/250 total window): FINAL_SPEC_ERROR in 310.798s processing; model 310.687s/11 calls; 310.930s including wait/save; 5983.453s since startup
Processed 150/250 this run (150/250 total window): PIPELINE_SUCCESS in 138.0s processing; model 136.410s/9 calls; 138.128s including wait/save; 6121.582s since startup
[INPUT] SQLITE_DB_PATH: /home/kritik/Desktop/neosapiens/finance/script_diff_llm2/ablations/improvement10_models/source/improvement10/wealth_management_diverse.db
[INPUT] TABLE_METADATA_DIR: /home/kritik/Desktop/neosapiens/finance/script_diff_llm2/ablations/improvement10_models/source/improvement10/table_medatada
[INPUT] DOMAIN_INTRO_FILE: /home/kritik/Desktop/neosapiens/finance/script_diff_llm2/ablations/improvement10_models/source/improvement10/domain_intro_latest.prompt
[INPUT] BUSINESS_RULES_FILE: /home/kritik/Desktop/neosapiens/finance/script_diff_llm2/ablations/improvement10_models/source/improvement10/business_rules_addendum.md
[RUNNING] Report: /home/kritik/Desktop/neosapiens/finance/script_diff_llm2/ablations/improvement10_models/runs/qwen3_coder_480b/run_01/parallel_workers4/worker_01/raw_pipeline.csv
[LOG] /home/kritik/Desktop/neosapiens/finance/script_diff_llm2/ablations/improvement10_models/source/improvement10/.runtime/logs/pipeline_20261006_215606_23477.log
[CACHE] Knowledge hit in 0.005s
[TIME] Startup ready: 1.488s; query delay: 0s
Processed 1/100 this run (151/250 total window): PIPELINE_SUCCESS in 114.236s processing; model 111.848s/10 calls; 114.419s including wait/save; 115.907s since startup
Processed 2/100 this run (152/250 total window): PIPELINE_SUCCESS in 128.541s processing; model 127.116s/10 calls; 128.666s including wait/save; 244.573s since startup
Processed 3/100 this run (153/250 total window): PIPELINE_SUCCESS in 221.8s processing; model 220.104s/11 calls; 221.926s including wait/save; 466.499s since startup
Processed 4/100 this run (154/250 total window): PIPELINE_SUCCESS in 311.934s processing; model 310.423s/12 calls; 312.073s including wait/save; 778.573s since startup
Processed 5/100 this run (155/250 total window): PIPELINE_SUCCESS in 176.263s processing; model 174.860s/10 calls; 176.409s including wait/save; 954.982s since startup
Processed 6/100 this run (156/250 total window): PIPELINE_SUCCESS in 118.633s processing; model 117.309s/9 calls; 118.776s including wait/save; 1073.758s since startup
Processed 7/100 this run (157/250 total window): PIPELINE_SUCCESS in 190.259s processing; model 189.035s/10 calls; 190.415s including wait/save; 1264.174s since startup
Processed 8/100 this run (158/250 total window): PIPELINE_SUCCESS in 80.182s processing; model 80.151s/6 calls; 80.331s including wait/save; 1344.505s since startup
Processed 9/100 this run (159/250 total window): PIPELINE_SUCCESS in 29.643s processing; model 29.605s/5 calls; 29.794s including wait/save; 1374.300s since startup
Processed 10/100 this run (160/250 total window): PIPELINE_SUCCESS in 43.348s processing; model 43.322s/6 calls; 43.499s including wait/save; 1417.799s since startup
Processed 11/100 this run (161/250 total window): PIPELINE_SUCCESS in 63.147s processing; model 63.104s/7 calls; 63.302s including wait/save; 1481.101s since startup
Processed 12/100 this run (162/250 total window): PIPELINE_SUCCESS in 128.499s processing; model 128.463s/6 calls; 128.654s including wait/save; 1609.756s since startup
Processed 13/100 this run (163/250 total window): PIPELINE_SUCCESS in 58.5s processing; model 58.455s/7 calls; 58.660s including wait/save; 1668.416s since startup
Processed 14/100 this run (164/250 total window): PIPELINE_SUCCESS in 61.64s processing; model 61.600s/7 calls; 61.826s including wait/save; 1730.242s since startup
Processed 15/100 this run (165/250 total window): PIPELINE_SUCCESS in 56.569s processing; model 56.478s/7 calls; 56.725s including wait/save; 1786.967s since startup
Processed 16/100 this run (166/250 total window): PIPELINE_SUCCESS in 53.12s processing; model 53.093s/7 calls; 53.273s including wait/save; 1840.240s since startup
Processed 17/100 this run (167/250 total window): PIPELINE_SUCCESS in 62.754s processing; model 62.693s/7 calls; 62.914s including wait/save; 1903.154s since startup
Processed 18/100 this run (168/250 total window): PIPELINE_SUCCESS in 60.439s processing; model 60.369s/7 calls; 60.596s including wait/save; 1963.750s since startup
Processed 19/100 this run (169/250 total window): PIPELINE_SUCCESS in 68.592s processing; model 68.558s/7 calls; 68.754s including wait/save; 2032.504s since startup
Processed 20/100 this run (170/250 total window): PIPELINE_SUCCESS in 39.561s processing; model 39.523s/7 calls; 39.741s including wait/save; 2072.246s since startup
Processed 21/100 this run (171/250 total window): PIPELINE_SUCCESS in 57.356s processing; model 57.302s/7 calls; 57.528s including wait/save; 2129.773s since startup
Processed 22/100 this run (172/250 total window): PIPELINE_SUCCESS in 44.391s processing; model 44.349s/7 calls; 44.548s including wait/save; 2174.322s since startup
Processed 23/100 this run (173/250 total window): PIPELINE_SUCCESS in 148.158s processing; model 148.119s/7 calls; 148.328s including wait/save; 2322.650s since startup
Processed 24/100 this run (174/250 total window): PIPELINE_SUCCESS in 55.277s processing; model 55.247s/7 calls; 55.450s including wait/save; 2378.101s since startup
Processed 25/100 this run (175/250 total window): PIPELINE_SUCCESS in 169.093s processing; model 168.973s/7 calls; 169.237s including wait/save; 2547.338s since startup
Processed 26/100 this run (176/250 total window): PIPELINE_SUCCESS in 117.514s processing; model 117.412s/9 calls; 117.685s including wait/save; 2665.023s since startup
Processed 27/100 this run (177/250 total window): PIPELINE_SUCCESS in 71.236s processing; model 71.170s/6 calls; 71.392s including wait/save; 2736.415s since startup
Processed 28/100 this run (178/250 total window): PIPELINE_SUCCESS in 132.93s processing; model 132.867s/8 calls; 133.105s including wait/save; 2869.521s since startup
Processed 29/100 this run (179/250 total window): PIPELINE_SUCCESS in 38.592s processing; model 38.521s/6 calls; 38.750s including wait/save; 2908.271s since startup
Processed 30/100 this run (180/250 total window): PIPELINE_SUCCESS in 42.575s processing; model 42.480s/6 calls; 42.733s including wait/save; 2951.004s since startup
Processed 31/100 this run (181/250 total window): PIPELINE_SUCCESS in 52.254s processing; model 52.155s/8 calls; 52.425s including wait/save; 3003.430s since startup
Processed 32/100 this run (182/250 total window): PIPELINE_SUCCESS in 37.669s processing; model 37.588s/6 calls; 37.851s including wait/save; 3041.281s since startup
Processed 33/100 this run (183/250 total window): DECOMPOSITION_ERROR in 59.574s processing; model 59.558s/5 calls; 59.771s including wait/save; 3101.053s since startup
Processed 34/100 this run (184/250 total window): PIPELINE_SUCCESS in 67.138s processing; model 67.083s/6 calls; 67.335s including wait/save; 3168.388s since startup
Processed 35/100 this run (185/250 total window): PIPELINE_SUCCESS in 47.114s processing; model 47.037s/8 calls; 47.289s including wait/save; 3215.677s since startup
Processed 36/100 this run (186/250 total window): FINAL_SPEC_ERROR in 46.611s processing; model 46.508s/10 calls; 46.787s including wait/save; 3262.464s since startup
Processed 37/100 this run (187/250 total window): FINAL_SPEC_ERROR in 40.751s processing; model 40.666s/10 calls; 40.931s including wait/save; 3303.395s since startup
Processed 38/100 this run (188/250 total window): FINAL_SPEC_ERROR in 43.98s processing; model 43.861s/10 calls; 44.157s including wait/save; 3347.552s since startup
Processed 39/100 this run (189/250 total window): FINAL_SPEC_ERROR in 26.498s processing; model 26.450s/8 calls; 26.684s including wait/save; 3374.237s since startup
Processed 40/100 this run (190/250 total window): PIPELINE_SUCCESS in 20.828s processing; model 20.772s/5 calls; 20.992s including wait/save; 3395.229s since startup
Processed 41/100 this run (191/250 total window): PIPELINE_SUCCESS in 14.461s processing; model 14.439s/5 calls; 14.625s including wait/save; 3409.854s since startup
Processed 42/100 this run (192/250 total window): PIPELINE_SUCCESS in 32.336s processing; model 32.284s/5 calls; 32.518s including wait/save; 3442.373s since startup
Processed 43/100 this run (193/250 total window): PIPELINE_SUCCESS in 18.897s processing; model 18.773s/5 calls; 19.074s including wait/save; 3461.447s since startup
Processed 44/100 this run (194/250 total window): PIPELINE_SUCCESS in 11.447s processing; model 11.425s/5 calls; 11.626s including wait/save; 3473.073s since startup
Processed 45/100 this run (195/250 total window): PIPELINE_SUCCESS in 12.849s processing; model 12.800s/5 calls; 13.019s including wait/save; 3486.093s since startup
Processed 46/100 this run (196/250 total window): PIPELINE_SUCCESS in 15.77s processing; model 15.731s/5 calls; 15.948s including wait/save; 3502.040s since startup
Processed 47/100 this run (197/250 total window): PIPELINE_SUCCESS in 17.364s processing; model 17.340s/5 calls; 17.528s including wait/save; 3519.569s since startup
Processed 48/100 this run (198/250 total window): PIPELINE_SUCCESS in 51.602s processing; model 51.540s/5 calls; 51.787s including wait/save; 3571.356s since startup
Processed 49/100 this run (199/250 total window): PIPELINE_SUCCESS in 23.489s processing; model 23.455s/6 calls; 23.665s including wait/save; 3595.021s since startup
Processed 50/100 this run (200/250 total window): PIPELINE_SUCCESS in 19.517s processing; model 19.489s/5 calls; 19.699s including wait/save; 3614.720s since startup
Processed 51/100 this run (201/250 total window): PIPELINE_SUCCESS in 33.563s processing; model 33.517s/6 calls; 33.728s including wait/save; 3648.449s since startup
Processed 52/100 this run (202/250 total window): PIPELINE_SUCCESS in 28.749s processing; model 28.383s/6 calls; 28.914s including wait/save; 3677.363s since startup
Processed 53/100 this run (203/250 total window): PIPELINE_SUCCESS in 28.77s processing; model 28.723s/6 calls; 28.941s including wait/save; 3706.304s since startup
Processed 54/100 this run (204/250 total window): PIPELINE_SUCCESS in 50.119s processing; model 50.064s/7 calls; 50.289s including wait/save; 3756.592s since startup
Processed 55/100 this run (205/250 total window): PIPELINE_SUCCESS in 59.032s processing; model 58.993s/6 calls; 59.207s including wait/save; 3815.800s since startup
Processed 56/100 this run (206/250 total window): PIPELINE_SUCCESS in 32.42s processing; model 32.079s/6 calls; 32.588s including wait/save; 3848.388s since startup
Processed 57/100 this run (207/250 total window): PIPELINE_SUCCESS in 31.382s processing; model 31.017s/6 calls; 31.565s including wait/save; 3879.954s since startup
Processed 58/100 this run (208/250 total window): PIPELINE_SUCCESS in 61.567s processing; model 61.192s/6 calls; 61.749s including wait/save; 3941.702s since startup
Processed 59/100 this run (209/250 total window): PIPELINE_SUCCESS in 79.022s processing; model 78.640s/8 calls; 79.200s including wait/save; 4020.903s since startup
Processed 60/100 this run (210/250 total window): PIPELINE_SUCCESS in 52.605s processing; model 52.500s/7 calls; 52.781s including wait/save; 4073.684s since startup
Processed 61/100 this run (211/250 total window): PIPELINE_SUCCESS in 52.766s processing; model 52.339s/8 calls; 52.936s including wait/save; 4126.620s since startup
Processed 62/100 this run (212/250 total window): PIPELINE_SUCCESS in 47.29s processing; model 46.771s/7 calls; 47.461s including wait/save; 4174.082s since startup
Processed 63/100 this run (213/250 total window): PIPELINE_SUCCESS in 45.854s processing; model 45.628s/7 calls; 46.037s including wait/save; 4220.119s since startup
Processed 64/100 this run (214/250 total window): PIPELINE_SUCCESS in 46.151s processing; model 46.108s/8 calls; 46.332s including wait/save; 4266.450s since startup
Processed 65/100 this run (215/250 total window): PIPELINE_SUCCESS in 38.893s processing; model 38.739s/7 calls; 39.068s including wait/save; 4305.518s since startup
Processed 66/100 this run (216/250 total window): PIPELINE_SUCCESS in 71.649s processing; model 70.576s/11 calls; 71.834s including wait/save; 4377.352s since startup
Processed 67/100 this run (217/250 total window): PIPELINE_SUCCESS in 38.983s processing; model 38.227s/8 calls; 39.163s including wait/save; 4416.516s since startup
Processed 68/100 this run (218/250 total window): PIPELINE_SUCCESS in 52.085s processing; model 51.309s/10 calls; 52.275s including wait/save; 4468.791s since startup
Processed 69/100 this run (219/250 total window): PIPELINE_SUCCESS in 73.182s processing; model 72.431s/12 calls; 73.361s including wait/save; 4542.152s since startup
Processed 70/100 this run (220/250 total window): PIPELINE_SUCCESS in 15.35s processing; model 15.322s/5 calls; 15.526s including wait/save; 4557.678s since startup
Processed 71/100 this run (221/250 total window): PIPELINE_SUCCESS in 15.025s processing; model 14.989s/5 calls; 15.245s including wait/save; 4572.923s since startup
Processed 72/100 this run (222/250 total window): PIPELINE_SUCCESS in 14.908s processing; model 14.870s/5 calls; 15.096s including wait/save; 4588.019s since startup
Processed 73/100 this run (223/250 total window): PIPELINE_SUCCESS in 15.153s processing; model 15.114s/5 calls; 15.336s including wait/save; 4603.355s since startup
Processed 74/100 this run (224/250 total window): PIPELINE_SUCCESS in 15.996s processing; model 15.958s/5 calls; 16.177s including wait/save; 4619.532s since startup
Processed 75/100 this run (225/250 total window): PIPELINE_SUCCESS in 14.748s processing; model 14.721s/5 calls; 14.938s including wait/save; 4634.471s since startup
Processed 76/100 this run (226/250 total window): PIPELINE_SUCCESS in 15.156s processing; model 15.121s/5 calls; 15.350s including wait/save; 4649.821s since startup
Processed 77/100 this run (227/250 total window): PIPELINE_SUCCESS in 14.576s processing; model 14.544s/5 calls; 14.760s including wait/save; 4664.581s since startup
Processed 78/100 this run (228/250 total window): PIPELINE_SUCCESS in 15.046s processing; model 15.019s/5 calls; 15.230s including wait/save; 4679.811s since startup
Processed 79/100 this run (229/250 total window): PIPELINE_SUCCESS in 15.272s processing; model 15.232s/5 calls; 15.464s including wait/save; 4695.276s since startup
Processed 80/100 this run (230/250 total window): PIPELINE_SUCCESS in 23.804s processing; model 23.550s/6 calls; 23.978s including wait/save; 4719.253s since startup
Processed 81/100 this run (231/250 total window): PIPELINE_SUCCESS in 14.562s processing; model 14.517s/5 calls; 14.747s including wait/save; 4734.000s since startup
Processed 82/100 this run (232/250 total window): PIPELINE_SUCCESS in 15.055s processing; model 15.019s/5 calls; 15.240s including wait/save; 4749.240s since startup
Processed 83/100 this run (233/250 total window): PIPELINE_SUCCESS in 18.8s processing; model 18.759s/5 calls; 18.989s including wait/save; 4768.230s since startup
Processed 84/100 this run (234/250 total window): PIPELINE_SUCCESS in 25.672s processing; model 25.639s/6 calls; 25.859s including wait/save; 4794.089s since startup
Processed 85/100 this run (235/250 total window): PIPELINE_SUCCESS in 19.994s processing; model 19.960s/5 calls; 20.179s including wait/save; 4814.268s since startup
Processed 86/100 this run (236/250 total window): PIPELINE_SUCCESS in 18.106s processing; model 18.075s/5 calls; 18.296s including wait/save; 4832.565s since startup
Processed 87/100 this run (237/250 total window): PIPELINE_SUCCESS in 16.681s processing; model 16.651s/5 calls; 16.868s including wait/save; 4849.432s since startup
Processed 88/100 this run (238/250 total window): PIPELINE_SUCCESS in 52.294s processing; model 52.045s/8 calls; 52.489s including wait/save; 4901.921s since startup
Processed 89/100 this run (239/250 total window): PIPELINE_SUCCESS in 53.02s processing; model 52.782s/7 calls; 53.221s including wait/save; 4955.142s since startup
Processed 90/100 this run (240/250 total window): PIPELINE_SUCCESS in 69.801s processing; model 69.539s/8 calls; 69.979s including wait/save; 5025.121s since startup
Processed 91/100 this run (241/250 total window): PIPELINE_SUCCESS in 42.047s processing; model 41.857s/6 calls; 42.232s including wait/save; 5067.353s since startup
Processed 92/100 this run (242/250 total window): PIPELINE_SUCCESS in 64.215s processing; model 64.029s/7 calls; 64.393s including wait/save; 5131.746s since startup
Processed 93/100 this run (243/250 total window): CRASH in 56.105s processing; model 56.068s/6 calls; 56.301s including wait/save; 5188.047s since startup
Processed 94/100 this run (244/250 total window): PIPELINE_SUCCESS in 135.261s processing; model 135.085s/7 calls; 135.462s including wait/save; 5323.510s since startup
Processed 95/100 this run (245/250 total window): PIPELINE_SUCCESS in 31.749s processing; model 31.495s/8 calls; 31.941s including wait/save; 5355.451s since startup
Processed 96/100 this run (246/250 total window): DECOMPOSITION_ERROR in 26.469s processing; model 26.452s/6 calls; 26.666s including wait/save; 5382.117s since startup
Processed 97/100 this run (247/250 total window): PIPELINE_SUCCESS in 16.742s processing; model 16.670s/6 calls; 16.932s including wait/save; 5399.049s since startup
Processed 98/100 this run (248/250 total window): PIPELINE_SUCCESS in 27.025s processing; model 26.610s/8 calls; 27.216s including wait/save; 5426.265s since startup
Processed 99/100 this run (249/250 total window): PIPELINE_SUCCESS in 25.122s processing; model 24.705s/7 calls; 25.323s including wait/save; 5451.589s since startup
Processed 100/100 this run (250/250 total window): PIPELINE_SUCCESS in 23.632s processing; model 23.224s/7 calls; 23.834s including wait/save; 5475.423s since startup
[COMPLETE] Pipeline finished. Details: /home/kritik/Desktop/neosapiens/finance/script_diff_llm2/ablations/improvement10_models/source/improvement10/.runtime/logs/pipeline_20261006_215606_23477.log
[TIME] Startup-to-finish: 5475.63s; model requests: 5432.37s (680 calls). Slowest model stages: Query_Understanding=1898.12s, Decompose=1417.70s, Final_Spec=1002.43s, Query_Spec=878.16s
[TIMING] /home/kritik/Desktop/neosapiens/finance/script_diff_llm2/ablations/improvement10_models/source/improvement10/.runtime/logs/timing_20261006_215605_23477.json
