[INPUT] SQLITE_DB_PATH: /home/kritik/Desktop/neosapiens/finance/script_diff_llm2/ablations/improvement10_models/source/improvement10/wealth_management_diverse.db
[INPUT] TABLE_METADATA_DIR: /home/kritik/Desktop/neosapiens/finance/script_diff_llm2/ablations/improvement10_models/source/improvement10/table_medatada
[INPUT] DOMAIN_INTRO_FILE: /home/kritik/Desktop/neosapiens/finance/script_diff_llm2/ablations/improvement10_models/source/improvement10/domain_intro_latest.prompt
[INPUT] BUSINESS_RULES_FILE: /home/kritik/Desktop/neosapiens/finance/script_diff_llm2/ablations/improvement10_models/source/improvement10/business_rules_addendum.md
[RUNNING] Report: /home/kritik/Desktop/neosapiens/finance/script_diff_llm2/ablations/improvement10_models/runs/qwen3_coder_480b/run_01/parallel_workers4/worker_03/raw_pipeline.csv
[LOG] /home/kritik/Desktop/neosapiens/finance/script_diff_llm2/ablations/improvement10_models/source/improvement10/.runtime/logs/pipeline_20261006_194225_299886.log
[CACHE] Knowledge hit in 0.008s
[TIME] Startup ready: 1.304s; query delay: 0s
Processed 1/250 this run (1/250 total window): PIPELINE_SUCCESS in 13.564s processing; model 13.527s/6 calls; 13.572s including wait/save; 14.876s since startup
Processed 2/250 this run (2/250 total window): PIPELINE_SUCCESS in 9.288s processing; model 9.267s/5 calls; 9.292s including wait/save; 24.168s since startup
Processed 3/250 this run (3/250 total window): PIPELINE_SUCCESS in 16.159s processing; model 16.121s/6 calls; 16.166s including wait/save; 40.334s since startup
Processed 4/250 this run (4/250 total window): PIPELINE_SUCCESS in 13.289s processing; model 13.258s/7 calls; 13.298s including wait/save; 53.632s since startup
Processed 5/250 this run (5/250 total window): FINAL_SPEC_ERROR in 14.324s processing; model 14.291s/8 calls; 14.330s including wait/save; 67.962s since startup
Processed 6/250 this run (6/250 total window): PIPELINE_SUCCESS in 17.305s processing; model 17.263s/7 calls; 17.315s including wait/save; 85.277s since startup
Processed 7/250 this run (7/250 total window): FINAL_SPEC_ERROR in 15.61s processing; model 15.584s/8 calls; 15.621s including wait/save; 100.898s since startup
Processed 8/250 this run (8/250 total window): FINAL_SPEC_ERROR in 13.854s processing; model 13.822s/8 calls; 13.865s including wait/save; 114.763s since startup
Processed 9/250 this run (9/250 total window): PIPELINE_SUCCESS in 17.509s processing; model 17.453s/6 calls; 17.515s including wait/save; 132.278s since startup
Processed 10/250 this run (10/250 total window): PIPELINE_SUCCESS in 23.545s processing; model 23.493s/8 calls; 23.556s including wait/save; 155.834s since startup
Processed 11/250 this run (11/250 total window): PIPELINE_SUCCESS in 21.49s processing; model 21.434s/7 calls; 21.497s including wait/save; 177.331s since startup
Processed 12/250 this run (12/250 total window): FINAL_SPEC_ERROR in 25.649s processing; model 25.598s/10 calls; 25.662s including wait/save; 202.993s since startup
Processed 13/250 this run (13/250 total window): FINAL_SPEC_ERROR in 27.546s processing; model 27.485s/10 calls; 27.560s including wait/save; 230.554s since startup
Processed 14/250 this run (14/250 total window): PIPELINE_SUCCESS in 19.838s processing; model 19.773s/7 calls; 19.850s including wait/save; 250.404s since startup
Processed 15/250 this run (15/250 total window): PIPELINE_SUCCESS in 116.818s processing; model 116.475s/6 calls; 116.826s including wait/save; 367.231s since startup
Processed 16/250 this run (16/250 total window): PIPELINE_SUCCESS in 15.421s processing; model 15.380s/6 calls; 15.437s including wait/save; 382.668s since startup
Processed 17/250 this run (17/250 total window): PIPELINE_SUCCESS in 22.403s processing; model 22.336s/7 calls; 22.414s including wait/save; 405.082s since startup
Processed 18/250 this run (18/250 total window): PIPELINE_SUCCESS in 22.114s processing; model 22.045s/8 calls; 22.125s including wait/save; 427.207s since startup
Processed 19/250 this run (19/250 total window): PIPELINE_SUCCESS in 21.587s processing; model 21.540s/8 calls; 21.602s including wait/save; 448.809s since startup
Processed 20/250 this run (20/250 total window): PIPELINE_SUCCESS in 28.309s processing; model 28.248s/8 calls; 28.321s including wait/save; 477.131s since startup
Processed 21/250 this run (21/250 total window): PIPELINE_SUCCESS in 24.201s processing; model 24.149s/8 calls; 24.216s including wait/save; 501.347s since startup
Processed 22/250 this run (22/250 total window): PIPELINE_SUCCESS in 19.847s processing; model 19.789s/7 calls; 19.869s including wait/save; 521.216s since startup
Processed 23/250 this run (23/250 total window): PIPELINE_SUCCESS in 22.564s processing; model 22.499s/8 calls; 22.578s including wait/save; 543.795s since startup
Processed 24/250 this run (24/250 total window): PIPELINE_SUCCESS in 34.648s processing; model 34.283s/9 calls; 34.662s including wait/save; 578.457s since startup
Processed 25/250 this run (25/250 total window): FINAL_SPEC_ERROR in 41.76s processing; model 41.664s/11 calls; 41.781s including wait/save; 620.238s since startup
Processed 26/250 this run (26/250 total window): PIPELINE_SUCCESS in 27.737s processing; model 27.356s/8 calls; 27.753s including wait/save; 647.991s since startup
Processed 27/250 this run (27/250 total window): PIPELINE_SUCCESS in 29.259s processing; model 29.159s/9 calls; 29.276s including wait/save; 677.268s since startup
Processed 28/250 this run (28/250 total window): PIPELINE_SUCCESS in 25.79s processing; model 25.698s/8 calls; 25.809s including wait/save; 703.077s since startup
Processed 29/250 this run (29/250 total window): PIPELINE_SUCCESS in 30.391s processing; model 30.289s/9 calls; 30.412s including wait/save; 733.489s since startup
Processed 30/250 this run (30/250 total window): FINAL_SPEC_ERROR in 45.84s processing; model 45.735s/12 calls; 45.866s including wait/save; 779.355s since startup
Processed 31/250 this run (31/250 total window): PIPELINE_SUCCESS in 36.56s processing; model 36.431s/10 calls; 36.582s including wait/save; 815.938s since startup
Processed 32/250 this run (32/250 total window): PIPELINE_SUCCESS in 10.961s processing; model 10.942s/5 calls; 11.006s including wait/save; 826.944s since startup
Processed 33/250 this run (33/250 total window): PIPELINE_SUCCESS in 12.667s processing; model 12.623s/6 calls; 12.690s including wait/save; 839.634s since startup
Processed 34/250 this run (34/250 total window): PIPELINE_SUCCESS in 19.776s processing; model 19.740s/6 calls; 19.807s including wait/save; 859.441s since startup
Processed 35/250 this run (35/250 total window): PIPELINE_SUCCESS in 10.861s processing; model 10.830s/5 calls; 10.890s including wait/save; 870.331s since startup
Processed 36/250 this run (36/250 total window): PIPELINE_SUCCESS in 13.449s processing; model 13.407s/5 calls; 13.477s including wait/save; 883.808s since startup
Processed 37/250 this run (37/250 total window): PIPELINE_SUCCESS in 14.395s processing; model 14.354s/6 calls; 14.427s including wait/save; 898.235s since startup
Processed 38/250 this run (38/250 total window): PIPELINE_SUCCESS in 14.392s processing; model 14.349s/6 calls; 14.426s including wait/save; 912.661s since startup
Processed 39/250 this run (39/250 total window): FINAL_SPEC_ERROR in 22.659s processing; model 22.623s/9 calls; 22.713s including wait/save; 935.374s since startup
Processed 40/250 this run (40/250 total window): PIPELINE_SUCCESS in 13.818s processing; model 13.784s/6 calls; 13.852s including wait/save; 949.226s since startup
Processed 41/250 this run (41/250 total window): PIPELINE_SUCCESS in 14.102s processing; model 14.068s/6 calls; 14.132s including wait/save; 963.358s since startup
Processed 42/250 this run (42/250 total window): PIPELINE_SUCCESS in 14.405s processing; model 14.372s/6 calls; 14.436s including wait/save; 977.794s since startup
Processed 43/250 this run (43/250 total window): PIPELINE_SUCCESS in 18.004s processing; model 17.947s/7 calls; 18.043s including wait/save; 995.837s since startup
Processed 44/250 this run (44/250 total window): PIPELINE_SUCCESS in 14.309s processing; model 14.268s/6 calls; 14.344s including wait/save; 1010.181s since startup
Processed 45/250 this run (45/250 total window): PIPELINE_SUCCESS in 29.822s processing; model 29.445s/9 calls; 29.853s including wait/save; 1040.034s since startup
Processed 46/250 this run (46/250 total window): PIPELINE_SUCCESS in 31.137s processing; model 30.716s/9 calls; 31.169s including wait/save; 1071.203s since startup
Processed 47/250 this run (47/250 total window): PIPELINE_SUCCESS in 30.814s processing; model 30.416s/9 calls; 30.847s including wait/save; 1102.050s since startup
Processed 48/250 this run (48/250 total window): PIPELINE_SUCCESS in 26.517s processing; model 26.152s/8 calls; 26.550s including wait/save; 1128.601s since startup
Processed 49/250 this run (49/250 total window): PIPELINE_SUCCESS in 29.893s processing; model 29.845s/9 calls; 29.930s including wait/save; 1158.531s since startup
Processed 50/250 this run (50/250 total window): PIPELINE_SUCCESS in 23.208s processing; model 23.159s/8 calls; 23.247s including wait/save; 1181.778s since startup
Processed 51/250 this run (51/250 total window): PIPELINE_SUCCESS in 24.332s processing; model 24.273s/8 calls; 24.374s including wait/save; 1206.152s since startup
Processed 52/250 this run (52/250 total window): PIPELINE_SUCCESS in 35.658s processing; model 35.513s/8 calls; 35.697s including wait/save; 1241.849s since startup
Processed 53/250 this run (53/250 total window): PIPELINE_SUCCESS in 35.405s processing; model 35.313s/8 calls; 35.444s including wait/save; 1277.293s since startup
Processed 54/250 this run (54/250 total window): PIPELINE_SUCCESS in 33.665s processing; model 33.286s/9 calls; 33.703s including wait/save; 1310.996s since startup
Processed 55/250 this run (55/250 total window): PIPELINE_SUCCESS in 32.627s processing; model 32.242s/9 calls; 32.667s including wait/save; 1343.664s since startup
Processed 56/250 this run (56/250 total window): PIPELINE_SUCCESS in 35.393s processing; model 35.007s/9 calls; 35.434s including wait/save; 1379.098s since startup
Processed 57/250 this run (57/250 total window): PIPELINE_SUCCESS in 37.054s processing; model 36.914s/8 calls; 37.100s including wait/save; 1416.198s since startup
Processed 58/250 this run (58/250 total window): PIPELINE_SUCCESS in 46.604s processing; model 46.455s/10 calls; 46.649s including wait/save; 1462.848s since startup
Processed 59/250 this run (59/250 total window): PIPELINE_SUCCESS in 46.5s processing; model 46.362s/10 calls; 46.547s including wait/save; 1509.395s since startup
Processed 60/250 this run (60/250 total window): PIPELINE_SUCCESS in 40.151s processing; model 40.035s/9 calls; 40.200s including wait/save; 1549.595s since startup
Processed 61/250 this run (61/250 total window): PIPELINE_SUCCESS in 77.944s processing; model 77.803s/13 calls; 77.992s including wait/save; 1627.588s since startup
Processed 62/250 this run (62/250 total window): PIPELINE_SUCCESS in 53.077s processing; model 52.937s/11 calls; 53.128s including wait/save; 1680.716s since startup
Processed 63/250 this run (63/250 total window): PIPELINE_SUCCESS in 11.371s processing; model 11.341s/5 calls; 11.447s including wait/save; 1692.163s since startup
Processed 64/250 this run (64/250 total window): FINAL_SPEC_ERROR in 15.792s processing; model 15.758s/8 calls; 15.846s including wait/save; 1708.009s since startup
Processed 65/250 this run (65/250 total window): PIPELINE_SUCCESS in 14.592s processing; model 14.559s/5 calls; 14.650s including wait/save; 1722.660s since startup
Processed 66/250 this run (66/250 total window): PIPELINE_SUCCESS in 11.945s processing; model 11.924s/5 calls; 12.005s including wait/save; 1734.666s since startup
Processed 67/250 this run (67/250 total window): FINAL_SPEC_ERROR in 15.475s processing; model 15.442s/8 calls; 15.558s including wait/save; 1750.224s since startup
Processed 68/250 this run (68/250 total window): PIPELINE_SUCCESS in 19.79s processing; model 19.755s/6 calls; 19.850s including wait/save; 1770.074s since startup
Processed 69/250 this run (69/250 total window): PIPELINE_SUCCESS in 11.661s processing; model 11.634s/5 calls; 11.725s including wait/save; 1781.799s since startup
Processed 70/250 this run (70/250 total window): PIPELINE_SUCCESS in 14.529s processing; model 14.482s/6 calls; 14.586s including wait/save; 1796.386s since startup
Processed 71/250 this run (71/250 total window): PIPELINE_SUCCESS in 11.694s processing; model 11.665s/5 calls; 11.757s including wait/save; 1808.142s since startup
Processed 72/250 this run (72/250 total window): PIPELINE_SUCCESS in 25.654s processing; model 25.301s/8 calls; 25.708s including wait/save; 1833.850s since startup
Processed 73/250 this run (73/250 total window): PIPELINE_SUCCESS in 23.934s processing; model 23.875s/8 calls; 23.989s including wait/save; 1857.839s since startup
Processed 74/250 this run (74/250 total window): PIPELINE_SUCCESS in 21.204s processing; model 21.165s/7 calls; 21.265s including wait/save; 1879.104s since startup
Processed 75/250 this run (75/250 total window): FINAL_SPEC_ERROR in 30.169s processing; model 30.093s/10 calls; 30.232s including wait/save; 1909.336s since startup
Processed 76/250 this run (76/250 total window): PIPELINE_SUCCESS in 26.245s processing; model 25.894s/9 calls; 26.302s including wait/save; 1935.638s since startup
Processed 77/250 this run (77/250 total window): PIPELINE_SUCCESS in 28.087s processing; model 27.978s/9 calls; 28.144s including wait/save; 1963.781s since startup
Processed 78/250 this run (78/250 total window): PIPELINE_SUCCESS in 21.186s processing; model 21.140s/7 calls; 21.248s including wait/save; 1985.030s since startup
Processed 79/250 this run (79/250 total window): PIPELINE_SUCCESS in 14.518s processing; model 14.487s/6 calls; 14.582s including wait/save; 1999.612s since startup
Processed 80/250 this run (80/250 total window): PIPELINE_SUCCESS in 27.134s processing; model 26.955s/8 calls; 27.192s including wait/save; 2026.805s since startup
Processed 81/250 this run (81/250 total window): PIPELINE_SUCCESS in 20.248s processing; model 19.873s/7 calls; 20.310s including wait/save; 2047.115s since startup
Processed 82/250 this run (82/250 total window): PIPELINE_SUCCESS in 30.534s processing; model 30.459s/10 calls; 30.614s including wait/save; 2077.729s since startup
Processed 83/250 this run (83/250 total window): PIPELINE_SUCCESS in 140.938s processing; model 140.832s/11 calls; 140.998s including wait/save; 2218.728s since startup
Processed 84/250 this run (84/250 total window): PIPELINE_SUCCESS in 29.084s processing; model 28.693s/8 calls; 29.144s including wait/save; 2247.871s since startup
Processed 85/250 this run (85/250 total window): PIPELINE_SUCCESS in 25.61s processing; model 25.539s/8 calls; 25.671s including wait/save; 2273.542s since startup
Processed 86/250 this run (86/250 total window): FINAL_SPEC_ERROR in 31.88s processing; model 31.826s/10 calls; 31.949s including wait/save; 2305.492s since startup
Processed 87/250 this run (87/250 total window): PIPELINE_SUCCESS in 31.66s processing; model 31.590s/10 calls; 31.723s including wait/save; 2337.215s since startup
Processed 88/250 this run (88/250 total window): PIPELINE_SUCCESS in 26.103s processing; model 26.040s/9 calls; 26.170s including wait/save; 2363.385s since startup
Processed 89/250 this run (89/250 total window): PIPELINE_SUCCESS in 34.345s processing; model 34.278s/10 calls; 34.408s including wait/save; 2397.793s since startup
Processed 90/250 this run (90/250 total window): PIPELINE_SUCCESS in 42.717s processing; model 42.551s/10 calls; 42.782s including wait/save; 2440.575s since startup
Processed 91/250 this run (91/250 total window): PIPELINE_SUCCESS in 41.88s processing; model 41.489s/10 calls; 41.944s including wait/save; 2482.520s since startup
Processed 92/250 this run (92/250 total window): PIPELINE_SUCCESS in 43.915s processing; model 43.821s/11 calls; 43.982s including wait/save; 2526.501s since startup
Processed 93/250 this run (93/250 total window): PIPELINE_SUCCESS in 47.148s processing; model 47.016s/11 calls; 47.214s including wait/save; 2573.716s since startup
Processed 94/250 this run (94/250 total window): PIPELINE_SUCCESS in 37.199s processing; model 36.818s/9 calls; 37.267s including wait/save; 2610.983s since startup
Processed 95/250 this run (95/250 total window): PIPELINE_SUCCESS in 17.317s processing; model 17.287s/6 calls; 17.390s including wait/save; 2628.373s since startup
Processed 96/250 this run (96/250 total window): FINAL_SPEC_ERROR in 31.182s processing; model 31.146s/9 calls; 31.261s including wait/save; 2659.634s since startup
Processed 97/250 this run (97/250 total window): FINAL_SPEC_ERROR in 23.101s processing; model 23.057s/9 calls; 23.180s including wait/save; 2682.814s since startup
Processed 98/250 this run (98/250 total window): FINAL_SPEC_ERROR in 27.71s processing; model 27.659s/9 calls; 27.788s including wait/save; 2710.602s since startup
Processed 99/250 this run (99/250 total window): FINAL_SPEC_ERROR in 24.869s processing; model 24.827s/9 calls; 24.947s including wait/save; 2735.550s since startup
Processed 100/250 this run (100/250 total window): FINAL_SPEC_ERROR in 25.183s processing; model 25.144s/9 calls; 25.274s including wait/save; 2760.824s since startup
Processed 101/250 this run (101/250 total window): FINAL_SPEC_ERROR in 30.95s processing; model 30.886s/9 calls; 31.035s including wait/save; 2791.859s since startup
Processed 102/250 this run (102/250 total window): PIPELINE_SUCCESS in 16.291s processing; model 16.252s/6 calls; 16.372s including wait/save; 2808.231s since startup
Processed 103/250 this run (103/250 total window): FINAL_SPEC_ERROR in 26.036s processing; model 25.986s/9 calls; 26.123s including wait/save; 2834.353s since startup
Processed 104/250 this run (104/250 total window): FINAL_SPEC_ERROR in 23.854s processing; model 23.807s/9 calls; 23.938s including wait/save; 2858.292s since startup
Processed 105/250 this run (105/250 total window): FINAL_SPEC_ERROR in 23.309s processing; model 23.259s/9 calls; 23.390s including wait/save; 2881.682s since startup
Processed 106/250 this run (106/250 total window): PIPELINE_SUCCESS in 19.788s processing; model 19.527s/7 calls; 19.865s including wait/save; 2901.547s since startup
Processed 107/250 this run (107/250 total window): PIPELINE_SUCCESS in 21.059s processing; model 20.911s/7 calls; 21.195s including wait/save; 2922.742s since startup
Processed 108/250 this run (108/250 total window): PIPELINE_SUCCESS in 18.862s processing; model 18.787s/7 calls; 18.938s including wait/save; 2941.681s since startup
Processed 109/250 this run (109/250 total window): PIPELINE_SUCCESS in 23.007s processing; model 22.738s/7 calls; 23.090s including wait/save; 2964.770s since startup
Processed 110/250 this run (110/250 total window): PIPELINE_SUCCESS in 20.199s processing; model 20.045s/7 calls; 20.278s including wait/save; 2985.049s since startup
Processed 111/250 this run (111/250 total window): PIPELINE_SUCCESS in 24.452s processing; model 24.365s/8 calls; 24.535s including wait/save; 3009.584s since startup
Processed 112/250 this run (112/250 total window): PIPELINE_SUCCESS in 22.281s processing; model 22.123s/7 calls; 22.359s including wait/save; 3031.943s since startup
Processed 113/250 this run (113/250 total window): PIPELINE_SUCCESS in 19.798s processing; model 19.649s/7 calls; 19.880s including wait/save; 3051.823s since startup
Processed 114/250 this run (114/250 total window): PIPELINE_SUCCESS in 20.574s processing; model 20.491s/7 calls; 20.654s including wait/save; 3072.477s since startup
Processed 115/250 this run (115/250 total window): PIPELINE_SUCCESS in 21.091s processing; model 20.888s/7 calls; 21.173s including wait/save; 3093.650s since startup
Processed 116/250 this run (116/250 total window): PIPELINE_SUCCESS in 19.646s processing; model 19.451s/7 calls; 19.733s including wait/save; 3113.383s since startup
Processed 117/250 this run (117/250 total window): PIPELINE_SUCCESS in 27.242s processing; model 27.147s/8 calls; 27.327s including wait/save; 3140.710s since startup
Processed 118/250 this run (118/250 total window): PIPELINE_SUCCESS in 25.769s processing; model 25.687s/8 calls; 25.851s including wait/save; 3166.562s since startup
Processed 119/250 this run (119/250 total window): PIPELINE_SUCCESS in 22.851s processing; model 22.778s/7 calls; 22.935s including wait/save; 3189.497s since startup
Processed 120/250 this run (120/250 total window): PIPELINE_SUCCESS in 29.119s processing; model 28.792s/8 calls; 29.209s including wait/save; 3218.706s since startup
Processed 121/250 this run (121/250 total window): PIPELINE_SUCCESS in 26.073s processing; model 25.985s/8 calls; 26.170s including wait/save; 3244.876s since startup
Processed 122/250 this run (122/250 total window): PIPELINE_SUCCESS in 24.61s processing; model 24.552s/7 calls; 24.721s including wait/save; 3269.597s since startup
Processed 123/250 this run (123/250 total window): PIPELINE_SUCCESS in 26.461s processing; model 26.358s/8 calls; 26.559s including wait/save; 3296.157s since startup
Processed 124/250 this run (124/250 total window): PIPELINE_SUCCESS in 27.076s processing; model 26.988s/8 calls; 27.165s including wait/save; 3323.322s since startup
Processed 125/250 this run (125/250 total window): PIPELINE_SUCCESS in 29.653s processing; model 29.549s/9 calls; 29.755s including wait/save; 3353.077s since startup
Processed 126/250 this run (126/250 total window): PIPELINE_SUCCESS in 30.004s processing; model 29.064s/7 calls; 30.106s including wait/save; 3383.183s since startup
Processed 127/250 this run (127/250 total window): PIPELINE_SUCCESS in 29.757s processing; model 28.459s/7 calls; 29.848s including wait/save; 3413.032s since startup
Processed 128/250 this run (128/250 total window): PIPELINE_SUCCESS in 24.668s processing; model 23.944s/7 calls; 24.772s including wait/save; 3437.804s since startup
Processed 129/250 this run (129/250 total window): PIPELINE_SUCCESS in 22.493s processing; model 21.771s/6 calls; 22.587s including wait/save; 3460.390s since startup
Processed 130/250 this run (130/250 total window): PIPELINE_SUCCESS in 15.56s processing; model 15.162s/6 calls; 15.666s including wait/save; 3476.056s since startup
Processed 131/250 this run (131/250 total window): PIPELINE_SUCCESS in 14.685s processing; model 14.303s/6 calls; 14.777s including wait/save; 3490.834s since startup
Processed 132/250 this run (132/250 total window): PIPELINE_SUCCESS in 26.204s processing; model 25.127s/7 calls; 26.305s including wait/save; 3517.138s since startup
Processed 133/250 this run (133/250 total window): PIPELINE_SUCCESS in 26.068s processing; model 25.051s/7 calls; 26.163s including wait/save; 3543.302s since startup
Processed 134/250 this run (134/250 total window): FINAL_SPEC_ERROR in 42.584s processing; model 42.444s/10 calls; 42.680s including wait/save; 3585.982s since startup
Processed 135/250 this run (135/250 total window): PIPELINE_SUCCESS in 32.14s processing; model 30.884s/8 calls; 32.248s including wait/save; 3618.231s since startup
Processed 136/250 this run (136/250 total window): PIPELINE_SUCCESS in 25.0s processing; model 24.016s/7 calls; 25.096s including wait/save; 3643.327s since startup
Processed 137/250 this run (137/250 total window): FINAL_SPEC_ERROR in 39.496s processing; model 39.329s/10 calls; 39.597s including wait/save; 3682.924s since startup
Processed 138/250 this run (138/250 total window): PIPELINE_SUCCESS in 82.092s processing; model 81.258s/8 calls; 82.193s including wait/save; 3765.117s since startup
Processed 139/250 this run (139/250 total window): PIPELINE_SUCCESS in 177.304s processing; model 176.248s/7 calls; 177.408s including wait/save; 3942.525s since startup
Processed 140/250 this run (140/250 total window): PIPELINE_SUCCESS in 260.796s processing; model 260.116s/9 calls; 260.901s including wait/save; 4203.426s since startup
Processed 141/250 this run (141/250 total window): PIPELINE_SUCCESS in 172.201s processing; model 170.620s/9 calls; 172.306s including wait/save; 4375.732s since startup
Processed 142/250 this run (142/250 total window): PIPELINE_SUCCESS in 179.058s processing; model 177.806s/8 calls; 179.164s including wait/save; 4554.896s since startup
Processed 143/250 this run (143/250 total window): PIPELINE_SUCCESS in 50.558s processing; model 49.174s/9 calls; 50.665s including wait/save; 4605.561s since startup
Processed 144/250 this run (144/250 total window): PIPELINE_SUCCESS in 79.323s processing; model 77.969s/9 calls; 79.431s including wait/save; 4684.993s since startup
Processed 145/250 this run (145/250 total window): PIPELINE_SUCCESS in 124.474s processing; model 123.088s/8 calls; 124.595s including wait/save; 4809.588s since startup
Processed 146/250 this run (146/250 total window): PIPELINE_SUCCESS in 490.468s processing; model 488.413s/9 calls; 490.579s including wait/save; 5300.167s since startup
Processed 147/250 this run (147/250 total window): PIPELINE_SUCCESS in 212.507s processing; model 211.286s/11 calls; 212.622s including wait/save; 5512.789s since startup
Processed 148/250 this run (148/250 total window): PIPELINE_SUCCESS in 95.76s processing; model 95.043s/8 calls; 95.876s including wait/save; 5608.665s since startup
Processed 149/250 this run (149/250 total window): PIPELINE_SUCCESS in 140.607s processing; model 139.565s/9 calls; 140.726s including wait/save; 5749.390s since startup
Processed 150/250 this run (150/250 total window): PIPELINE_SUCCESS in 232.937s processing; model 231.222s/10 calls; 233.059s including wait/save; 5982.449s since startup
Processed 151/250 this run (151/250 total window): FINAL_SPEC_ERROR in 306.649s processing; model 306.449s/12 calls; 306.797s including wait/save; 6289.246s since startup
[INPUT] SQLITE_DB_PATH: /home/kritik/Desktop/neosapiens/finance/script_diff_llm2/ablations/improvement10_models/source/improvement10/wealth_management_diverse.db
[INPUT] TABLE_METADATA_DIR: /home/kritik/Desktop/neosapiens/finance/script_diff_llm2/ablations/improvement10_models/source/improvement10/table_medatada
[INPUT] DOMAIN_INTRO_FILE: /home/kritik/Desktop/neosapiens/finance/script_diff_llm2/ablations/improvement10_models/source/improvement10/domain_intro_latest.prompt
[INPUT] BUSINESS_RULES_FILE: /home/kritik/Desktop/neosapiens/finance/script_diff_llm2/ablations/improvement10_models/source/improvement10/business_rules_addendum.md
[RUNNING] Report: /home/kritik/Desktop/neosapiens/finance/script_diff_llm2/ablations/improvement10_models/runs/qwen3_coder_480b/run_01/parallel_workers4/worker_03/raw_pipeline.csv
[LOG] /home/kritik/Desktop/neosapiens/finance/script_diff_llm2/ablations/improvement10_models/source/improvement10/.runtime/logs/pipeline_20261006_215606_23479.log
[CACHE] Knowledge hit in 0.005s
[TIME] Startup ready: 1.113s; query delay: 0s
Processed 1/99 this run (152/250 total window): PIPELINE_SUCCESS in 101.977s processing; model 100.291s/10 calls; 102.110s including wait/save; 103.224s since startup
Processed 2/99 this run (153/250 total window): PIPELINE_SUCCESS in 303.297s processing; model 301.408s/12 calls; 303.439s including wait/save; 406.663s since startup
Processed 3/99 this run (154/250 total window): PIPELINE_SUCCESS in 164.058s processing; model 162.422s/9 calls; 164.221s including wait/save; 570.884s since startup
Processed 4/99 this run (155/250 total window): PIPELINE_SUCCESS in 241.572s processing; model 240.139s/10 calls; 241.723s including wait/save; 812.606s since startup
Processed 5/99 this run (156/250 total window): FINAL_SPEC_ERROR in 310.046s processing; model 309.886s/12 calls; 310.196s including wait/save; 1122.802s since startup
Processed 6/99 this run (157/250 total window): PIPELINE_SUCCESS in 78.072s processing; model 78.033s/8 calls; 78.229s including wait/save; 1201.032s since startup
Processed 7/99 this run (158/250 total window): FINAL_SPEC_ERROR in 41.276s processing; model 41.235s/8 calls; 41.428s including wait/save; 1242.459s since startup
Processed 8/99 this run (159/250 total window): PIPELINE_SUCCESS in 36.942s processing; model 36.917s/7 calls; 37.106s including wait/save; 1279.565s since startup
Processed 9/99 this run (160/250 total window): PIPELINE_SUCCESS in 94.782s processing; model 94.739s/7 calls; 94.932s including wait/save; 1374.497s since startup
Processed 10/99 this run (161/250 total window): PIPELINE_SUCCESS in 62.229s processing; model 62.200s/7 calls; 62.382s including wait/save; 1436.879s since startup
Processed 11/99 this run (162/250 total window): PIPELINE_SUCCESS in 151.85s processing; model 151.818s/7 calls; 152.014s including wait/save; 1588.894s since startup
Processed 12/99 this run (163/250 total window): PIPELINE_SUCCESS in 48.662s processing; model 48.566s/7 calls; 48.838s including wait/save; 1637.732s since startup
Processed 13/99 this run (164/250 total window): PIPELINE_SUCCESS in 54.333s processing; model 54.305s/7 calls; 54.499s including wait/save; 1692.232s since startup
Processed 14/99 this run (165/250 total window): PIPELINE_SUCCESS in 61.171s processing; model 61.125s/7 calls; 61.337s including wait/save; 1753.569s since startup
Processed 15/99 this run (166/250 total window): PIPELINE_SUCCESS in 41.075s processing; model 41.002s/7 calls; 41.219s including wait/save; 1794.788s since startup
Processed 16/99 this run (167/250 total window): PIPELINE_SUCCESS in 68.175s processing; model 68.139s/7 calls; 68.357s including wait/save; 1863.145s since startup
Processed 17/99 this run (168/250 total window): PIPELINE_SUCCESS in 70.643s processing; model 70.608s/7 calls; 70.797s including wait/save; 1933.942s since startup
Processed 18/99 this run (169/250 total window): PIPELINE_SUCCESS in 29.831s processing; model 29.794s/5 calls; 29.986s including wait/save; 1963.929s since startup
Processed 19/99 this run (170/250 total window): PIPELINE_SUCCESS in 68.461s processing; model 68.435s/7 calls; 68.670s including wait/save; 2032.599s since startup
Processed 20/99 this run (171/250 total window): PIPELINE_SUCCESS in 39.365s processing; model 39.330s/7 calls; 39.531s including wait/save; 2072.130s since startup
Processed 21/99 this run (172/250 total window): PIPELINE_SUCCESS in 48.665s processing; model 48.633s/7 calls; 48.823s including wait/save; 2120.953s since startup
Processed 22/99 this run (173/250 total window): PIPELINE_SUCCESS in 47.351s processing; model 47.318s/7 calls; 47.528s including wait/save; 2168.481s since startup
Processed 23/99 this run (174/250 total window): PIPELINE_SUCCESS in 146.321s processing; model 146.285s/7 calls; 146.483s including wait/save; 2314.964s since startup
Processed 24/99 this run (175/250 total window): PIPELINE_SUCCESS in 83.495s processing; model 83.437s/8 calls; 83.648s including wait/save; 2398.613s since startup
Processed 25/99 this run (176/250 total window): PIPELINE_SUCCESS in 60.369s processing; model 60.306s/6 calls; 60.525s including wait/save; 2459.138s since startup
Processed 26/99 this run (177/250 total window): PIPELINE_SUCCESS in 109.912s processing; model 109.729s/7 calls; 110.079s including wait/save; 2569.217s since startup
Processed 27/99 this run (178/250 total window): PIPELINE_SUCCESS in 93.144s processing; model 93.086s/6 calls; 93.301s including wait/save; 2662.519s since startup
Processed 28/99 this run (179/250 total window): PIPELINE_SUCCESS in 73.158s processing; model 73.049s/6 calls; 73.326s including wait/save; 2735.845s since startup
Processed 29/99 this run (180/250 total window): PIPELINE_SUCCESS in 103.736s processing; model 103.638s/7 calls; 103.891s including wait/save; 2839.737s since startup
Processed 30/99 this run (181/250 total window): PIPELINE_SUCCESS in 65.309s processing; model 65.248s/7 calls; 65.467s including wait/save; 2905.204s since startup
Processed 31/99 this run (182/250 total window): PIPELINE_SUCCESS in 136.093s processing; model 136.014s/7 calls; 136.249s including wait/save; 3041.454s since startup
Processed 32/99 this run (183/250 total window): PIPELINE_SUCCESS in 45.207s processing; model 45.136s/6 calls; 45.377s including wait/save; 3086.831s since startup
Processed 33/99 this run (184/250 total window): PIPELINE_SUCCESS in 66.323s processing; model 66.236s/6 calls; 66.513s including wait/save; 3153.344s since startup
Processed 34/99 this run (185/250 total window): FINAL_SPEC_ERROR in 58.853s processing; model 58.797s/10 calls; 59.023s including wait/save; 3212.367s since startup
Processed 35/99 this run (186/250 total window): PIPELINE_SUCCESS in 33.456s processing; model 33.358s/7 calls; 33.617s including wait/save; 3245.985s since startup
Processed 36/99 this run (187/250 total window): PIPELINE_SUCCESS in 20.381s processing; model 20.313s/7 calls; 20.535s including wait/save; 3266.520s since startup
Processed 37/99 this run (188/250 total window): PIPELINE_SUCCESS in 19.298s processing; model 19.228s/5 calls; 19.458s including wait/save; 3285.978s since startup
Processed 38/99 this run (189/250 total window): PIPELINE_SUCCESS in 19.046s processing; model 18.999s/5 calls; 19.206s including wait/save; 3305.184s since startup
Processed 39/99 this run (190/250 total window): PIPELINE_SUCCESS in 22.58s processing; model 22.523s/5 calls; 22.740s including wait/save; 3327.924s since startup
Processed 40/99 this run (191/250 total window): PIPELINE_SUCCESS in 23.268s processing; model 23.211s/5 calls; 23.430s including wait/save; 3351.354s since startup
Processed 41/99 this run (192/250 total window): PIPELINE_SUCCESS in 16.928s processing; model 16.887s/5 calls; 17.100s including wait/save; 3368.454s since startup
Processed 42/99 this run (193/250 total window): PIPELINE_SUCCESS in 18.046s processing; model 17.942s/5 calls; 18.210s including wait/save; 3386.665s since startup
Processed 43/99 this run (194/250 total window): PIPELINE_SUCCESS in 20.502s processing; model 20.375s/5 calls; 20.668s including wait/save; 3407.333s since startup
Processed 44/99 this run (195/250 total window): PIPELINE_SUCCESS in 26.088s processing; model 26.048s/7 calls; 26.244s including wait/save; 3433.577s since startup
Processed 45/99 this run (196/250 total window): PIPELINE_SUCCESS in 13.753s processing; model 13.719s/5 calls; 13.922s including wait/save; 3447.500s since startup
Processed 46/99 this run (197/250 total window): PIPELINE_SUCCESS in 14.866s processing; model 14.839s/5 calls; 15.037s including wait/save; 3462.537s since startup
Processed 47/99 this run (198/250 total window): PIPELINE_SUCCESS in 21.722s processing; model 21.383s/6 calls; 21.891s including wait/save; 3484.428s since startup
Processed 48/99 this run (199/250 total window): PIPELINE_SUCCESS in 18.174s processing; model 18.122s/6 calls; 18.351s including wait/save; 3502.780s since startup
Processed 49/99 this run (200/250 total window): PIPELINE_SUCCESS in 30.964s processing; model 30.638s/6 calls; 31.131s including wait/save; 3533.910s since startup
Processed 50/99 this run (201/250 total window): PIPELINE_SUCCESS in 58.345s processing; model 58.007s/6 calls; 58.529s including wait/save; 3592.439s since startup
Processed 51/99 this run (202/250 total window): PIPELINE_SUCCESS in 32.726s processing; model 32.674s/6 calls; 32.894s including wait/save; 3625.334s since startup
Processed 52/99 this run (203/250 total window): PIPELINE_SUCCESS in 41.889s processing; model 41.844s/7 calls; 42.060s including wait/save; 3667.394s since startup
Processed 53/99 this run (204/250 total window): PIPELINE_SUCCESS in 35.444s processing; model 35.350s/6 calls; 35.623s including wait/save; 3703.018s since startup
Processed 54/99 this run (205/250 total window): PIPELINE_SUCCESS in 47.715s processing; model 47.669s/7 calls; 47.896s including wait/save; 3750.914s since startup
Processed 55/99 this run (206/250 total window): PIPELINE_SUCCESS in 38.262s processing; model 38.217s/6 calls; 38.432s including wait/save; 3789.346s since startup
Processed 56/99 this run (207/250 total window): PIPELINE_SUCCESS in 51.052s processing; model 50.690s/6 calls; 51.233s including wait/save; 3840.579s since startup
Processed 57/99 this run (208/250 total window): PIPELINE_SUCCESS in 63.463s processing; model 63.064s/9 calls; 63.633s including wait/save; 3904.213s since startup
Processed 58/99 this run (209/250 total window): PIPELINE_SUCCESS in 84.057s processing; model 83.683s/8 calls; 84.228s including wait/save; 3988.441s since startup
Processed 59/99 this run (210/250 total window): PIPELINE_SUCCESS in 59.57s processing; model 59.525s/7 calls; 59.746s including wait/save; 4048.187s since startup
Processed 60/99 this run (211/250 total window): PIPELINE_SUCCESS in 64.791s processing; model 64.411s/8 calls; 64.980s including wait/save; 4113.168s since startup
Processed 61/99 this run (212/250 total window): PIPELINE_SUCCESS in 63.698s processing; model 63.307s/9 calls; 63.865s including wait/save; 4177.033s since startup
Processed 62/99 this run (213/250 total window): PIPELINE_SUCCESS in 43.785s processing; model 43.717s/7 calls; 43.959s including wait/save; 4220.992s since startup
Processed 63/99 this run (214/250 total window): PIPELINE_SUCCESS in 48.311s processing; model 47.936s/8 calls; 48.487s including wait/save; 4269.479s since startup
Processed 64/99 this run (215/250 total window): PIPELINE_SUCCESS in 40.707s processing; model 40.344s/7 calls; 40.885s including wait/save; 4310.365s since startup
Processed 65/99 this run (216/250 total window): PIPELINE_SUCCESS in 67.516s processing; model 66.893s/11 calls; 67.692s including wait/save; 4378.057s since startup
Processed 66/99 this run (217/250 total window): PIPELINE_SUCCESS in 58.989s processing; model 58.178s/10 calls; 59.167s including wait/save; 4437.224s since startup
Processed 67/99 this run (218/250 total window): PIPELINE_SUCCESS in 35.846s processing; model 35.099s/8 calls; 36.038s including wait/save; 4473.262s since startup
Processed 68/99 this run (219/250 total window): PIPELINE_SUCCESS in 55.718s processing; model 54.957s/10 calls; 55.900s including wait/save; 4529.162s since startup
Processed 69/99 this run (220/250 total window): PIPELINE_SUCCESS in 36.583s processing; model 36.341s/8 calls; 36.775s including wait/save; 4565.937s since startup
Processed 70/99 this run (221/250 total window): PIPELINE_SUCCESS in 36.101s processing; model 35.865s/7 calls; 36.288s including wait/save; 4602.225s since startup
Processed 71/99 this run (222/250 total window): PIPELINE_SUCCESS in 32.374s processing; model 32.014s/7 calls; 32.555s including wait/save; 4634.780s since startup
Processed 72/99 this run (223/250 total window): PIPELINE_SUCCESS in 20.69s processing; model 20.596s/6 calls; 20.885s including wait/save; 4655.665s since startup
Processed 73/99 this run (224/250 total window): PIPELINE_SUCCESS in 27.59s processing; model 27.553s/7 calls; 27.795s including wait/save; 4683.460s since startup
Processed 74/99 this run (225/250 total window): PIPELINE_SUCCESS in 32.49s processing; model 32.453s/8 calls; 32.665s including wait/save; 4716.125s since startup
Processed 75/99 this run (226/250 total window): PIPELINE_SUCCESS in 29.919s processing; model 29.876s/7 calls; 30.110s including wait/save; 4746.236s since startup
Processed 76/99 this run (227/250 total window): PIPELINE_SUCCESS in 18.192s processing; model 18.166s/5 calls; 18.387s including wait/save; 4764.622s since startup
Processed 77/99 this run (228/250 total window): PIPELINE_SUCCESS in 38.606s processing; model 38.438s/7 calls; 38.790s including wait/save; 4803.412s since startup
Processed 78/99 this run (229/250 total window): PIPELINE_SUCCESS in 27.082s processing; model 27.041s/7 calls; 27.271s including wait/save; 4830.684s since startup
Processed 79/99 this run (230/250 total window): PIPELINE_SUCCESS in 14.645s processing; model 14.602s/5 calls; 14.847s including wait/save; 4845.531s since startup
Processed 80/99 this run (231/250 total window): PIPELINE_SUCCESS in 15.788s processing; model 15.743s/5 calls; 15.981s including wait/save; 4861.512s since startup
Processed 81/99 this run (232/250 total window): PIPELINE_SUCCESS in 14.856s processing; model 14.819s/5 calls; 15.068s including wait/save; 4876.580s since startup
Processed 82/99 this run (233/250 total window): PIPELINE_SUCCESS in 50.536s processing; model 50.505s/7 calls; 50.738s including wait/save; 4927.319s since startup
Processed 83/99 this run (234/250 total window): PIPELINE_SUCCESS in 43.484s processing; model 43.453s/6 calls; 43.674s including wait/save; 4970.993s since startup
Processed 84/99 this run (235/250 total window): PIPELINE_SUCCESS in 40.955s processing; model 40.916s/5 calls; 41.160s including wait/save; 5012.153s since startup
Processed 85/99 this run (236/250 total window): PIPELINE_SUCCESS in 54.427s processing; model 54.383s/7 calls; 54.622s including wait/save; 5066.775s since startup
Processed 86/99 this run (237/250 total window): PIPELINE_SUCCESS in 65.71s processing; model 65.643s/7 calls; 65.900s including wait/save; 5132.675s since startup
Processed 87/99 this run (238/250 total window): PIPELINE_SUCCESS in 35.942s processing; model 35.886s/6 calls; 36.131s including wait/save; 5168.806s since startup
Processed 88/99 this run (239/250 total window): CRASH in 17.875s processing; model 17.873s/1 calls; 18.058s including wait/save; 5186.864s since startup
Processed 89/99 this run (240/250 total window): PIPELINE_SUCCESS in 140.051s processing; model 140.001s/6 calls; 140.239s including wait/save; 5327.104s since startup
Processed 90/99 this run (241/250 total window): PIPELINE_SUCCESS in 22.567s processing; model 22.527s/7 calls; 22.758s including wait/save; 5349.862s since startup
Processed 91/99 this run (242/250 total window): PIPELINE_SUCCESS in 21.147s processing; model 20.898s/7 calls; 21.349s including wait/save; 5371.211s since startup
Processed 92/99 this run (243/250 total window): PIPELINE_SUCCESS in 22.344s processing; model 22.290s/7 calls; 22.559s including wait/save; 5393.770s since startup
Processed 93/99 this run (244/250 total window): PIPELINE_SUCCESS in 21.296s processing; model 21.233s/7 calls; 21.527s including wait/save; 5415.297s since startup
Processed 94/99 this run (245/250 total window): PIPELINE_SUCCESS in 16.396s processing; model 16.340s/6 calls; 16.587s including wait/save; 5431.884s since startup
Processed 95/99 this run (246/250 total window): PIPELINE_SUCCESS in 20.217s processing; model 19.962s/6 calls; 20.407s including wait/save; 5452.292s since startup
Processed 96/99 this run (247/250 total window): PIPELINE_SUCCESS in 18.087s processing; model 18.020s/6 calls; 18.295s including wait/save; 5470.587s since startup
Processed 97/99 this run (248/250 total window): PIPELINE_SUCCESS in 19.161s processing; model 18.895s/6 calls; 19.365s including wait/save; 5489.952s since startup
Processed 98/99 this run (249/250 total window): PIPELINE_SUCCESS in 19.136s processing; model 19.068s/7 calls; 19.337s including wait/save; 5509.289s since startup
Processed 99/99 this run (250/250 total window): PIPELINE_SUCCESS in 16.873s processing; model 16.810s/6 calls; 17.069s including wait/save; 5526.358s since startup
[COMPLETE] Pipeline finished. Details: /home/kritik/Desktop/neosapiens/finance/script_diff_llm2/ablations/improvement10_models/source/improvement10/.runtime/logs/pipeline_20261006_215606_23479.log
[TIME] Startup-to-finish: 5526.57s; model requests: 5488.67s (679 calls). Slowest model stages: Query_Understanding=1938.89s, Decompose=1195.07s, Final_Spec=1175.95s, Query_Spec=956.07s
[TIMING] /home/kritik/Desktop/neosapiens/finance/script_diff_llm2/ablations/improvement10_models/source/improvement10/.runtime/logs/timing_20261006_215605_23479.json
