[INPUT] ONTOLOGY_FILE: /home/kritik/Desktop/neosapiens/finance/script_diff_llm2/ablations/improvement11_gpt_oss_120b/source/improvemnt11kgfixed/kg_output_fixed/wealth_management_diverse_schema.ttl
[INPUT] INSTANCE_FILE: /home/kritik/Desktop/neosapiens/finance/script_diff_llm2/ablations/improvement11_gpt_oss_120b/source/improvemnt11kgfixed/kg_output_fixed/wealth_management_diverse_kg.ttl
[INPUT] DOMAIN_INTRO_FILE: /home/kritik/Desktop/neosapiens/finance/script_diff_llm2/ablations/improvement11_gpt_oss_120b/source/improvemnt11kgfixed/domain_intro_latest.prompt
[INPUT] BUSINESS_RULES_FILE: /home/kritik/Desktop/neosapiens/finance/script_diff_llm2/ablations/improvement11_gpt_oss_120b/source/improvemnt11kgfixed/business_rules_addendum.md
[RUNNING] Report: /home/kritik/Desktop/neosapiens/finance/script_diff_llm2/ablations/improvement11_gpt_oss_120b/runs/gpt_oss_120b/run_01/parallel_workers4/worker_04/raw_pipeline.csv
[LOG] /home/kritik/Desktop/neosapiens/finance/script_diff_llm2/ablations/improvement11_gpt_oss_120b/source/improvemnt11kgfixed/.runtime/logs/pipeline_20261007_144235_169556.log
[CACHE] Knowledge hit in 0.007s
[TIME] Startup ready: 1.848s; query delay: 0s
Processed 1/246 this run (1/246 total window): PIPELINE_SUCCESS in 60.214s processing; model 60.098s/6 calls; 60.217s including wait/save; 62.066s since startup
Processed 2/246 this run (2/246 total window): PIPELINE_SUCCESS in 40.439s processing; model 40.362s/5 calls; 40.449s including wait/save; 102.515s since startup
Processed 3/246 this run (3/246 total window): PIPELINE_SUCCESS in 27.945s processing; model 27.864s/5 calls; 27.949s including wait/save; 130.465s since startup
Processed 4/246 this run (4/246 total window): PIPELINE_SUCCESS in 33.599s processing; model 33.493s/5 calls; 33.604s including wait/save; 164.068s since startup
Processed 5/246 this run (5/246 total window): PIPELINE_SUCCESS in 62.063s processing; model 61.918s/6 calls; 62.069s including wait/save; 226.138s since startup
Processed 6/246 this run (6/246 total window): PIPELINE_SUCCESS in 38.584s processing; model 38.414s/6 calls; 38.596s including wait/save; 264.734s since startup
Processed 7/246 this run (7/246 total window): PIPELINE_SUCCESS in 40.624s processing; model 40.456s/6 calls; 40.637s including wait/save; 305.371s since startup
Processed 8/246 this run (8/246 total window): PIPELINE_SUCCESS in 32.93s processing; model 32.764s/6 calls; 32.939s including wait/save; 338.310s since startup
Processed 9/246 this run (9/246 total window): PIPELINE_SUCCESS in 76.363s processing; model 76.205s/7 calls; 76.373s including wait/save; 414.683s since startup
Processed 10/246 this run (10/246 total window): PIPELINE_SUCCESS in 60.187s processing; model 59.995s/6 calls; 60.195s including wait/save; 474.878s since startup
Processed 11/246 this run (11/246 total window): PIPELINE_SUCCESS in 37.18s processing; model 36.907s/5 calls; 37.191s including wait/save; 512.070s since startup
Processed 12/246 this run (12/246 total window): PIPELINE_SUCCESS in 70.666s processing; model 70.369s/5 calls; 70.673s including wait/save; 582.743s since startup
Processed 13/246 this run (13/246 total window): PIPELINE_SUCCESS in 101.99s processing; model 101.699s/8 calls; 102.002s including wait/save; 684.745s since startup
Processed 14/246 this run (14/246 total window): PIPELINE_SUCCESS in 83.809s processing; model 83.546s/7 calls; 83.819s including wait/save; 768.564s since startup
Processed 15/246 this run (15/246 total window): TRANSIENT_ERROR in 98.698s processing; model 98.363s/7 calls; 98.711s including wait/save; 867.275s since startup
Processed 16/246 this run (16/246 total window): TRANSIENT_ERROR in 24.594s processing; model 24.588s/1 calls; 24.613s including wait/save; 891.888s since startup
Processed 17/246 this run (17/246 total window): TRANSIENT_ERROR in 21.431s processing; model 21.425s/1 calls; 21.451s including wait/save; 913.339s since startup
Processed 18/246 this run (18/246 total window): TRANSIENT_ERROR in 23.927s processing; model 23.921s/1 calls; 23.947s including wait/save; 937.286s since startup
Processed 19/246 this run (19/246 total window): TRANSIENT_ERROR in 51.666s processing; model 51.658s/2 calls; 51.695s including wait/save; 988.981s since startup
Processed 20/246 this run (20/246 total window): TRANSIENT_ERROR in 234.902s processing; model 234.837s/8 calls; 234.924s including wait/save; 1223.905s since startup
Processed 21/246 this run (21/246 total window): TRANSIENT_ERROR in 73.505s processing; model 73.470s/4 calls; 73.522s including wait/save; 1297.427s since startup
Processed 22/246 this run (22/246 total window): TRANSIENT_ERROR in 50.668s processing; model 50.657s/2 calls; 50.689s including wait/save; 1348.116s since startup
Processed 23/246 this run (23/246 total window): TRANSIENT_ERROR in 60.096s processing; model 60.086s/2 calls; 60.125s including wait/save; 1408.242s since startup
Processed 24/246 this run (24/246 total window): TRANSIENT_ERROR in 54.659s processing; model 54.647s/2 calls; 54.682s including wait/save; 1462.923s since startup
[STOPPED] Interrupted. Details: /home/kritik/Desktop/neosapiens/finance/script_diff_llm2/ablations/improvement11_gpt_oss_120b/source/improvemnt11kgfixed/.runtime/logs/pipeline_20261007_144235_169556.log
[TIME] Startup-to-finish: 1518.52s; model requests: 1513.32s (114 calls). Slowest model stages: Query_Understanding=871.00s, Query_Spec=217.94s, Decompose=208.50s, Final_Spec=115.82s
[TIMING] /home/kritik/Desktop/neosapiens/finance/script_diff_llm2/ablations/improvement11_gpt_oss_120b/source/improvemnt11kgfixed/.runtime/logs/timing_20261007_144234_169556.json
