[INPUT] ONTOLOGY_FILE: /home/kritik/Desktop/neosapiens/finance/script_diff_llm2/ablations/improvement11_gpt_oss_120b/source/improvemnt11kgfixed/kg_output_fixed/wealth_management_diverse_schema.ttl
[INPUT] INSTANCE_FILE: /home/kritik/Desktop/neosapiens/finance/script_diff_llm2/ablations/improvement11_gpt_oss_120b/source/improvemnt11kgfixed/kg_output_fixed/wealth_management_diverse_kg.ttl
[INPUT] DOMAIN_INTRO_FILE: /home/kritik/Desktop/neosapiens/finance/script_diff_llm2/ablations/improvement11_gpt_oss_120b/source/improvemnt11kgfixed/domain_intro_latest.prompt
[INPUT] BUSINESS_RULES_FILE: /home/kritik/Desktop/neosapiens/finance/script_diff_llm2/ablations/improvement11_gpt_oss_120b/source/improvemnt11kgfixed/business_rules_addendum.md
[RUNNING] Report: /home/kritik/Desktop/neosapiens/finance/script_diff_llm2/ablations/improvement11_gpt_oss_120b/runs/azure_gpt_oss_120b/azure_resume8_01/parallel_workers8/worker_04/raw_pipeline.csv
[LOG] /home/kritik/Desktop/neosapiens/finance/script_diff_llm2/ablations/improvement11_gpt_oss_120b/source/improvemnt11kgfixed/.runtime/logs/pipeline_20261008_073706_418795.log
[CACHE] Knowledge hit in 0.007s
[TIME] Startup ready: 2.152s; query delay: 0s
Processed 1/87 this run (1/87 total window): PIPELINE_SUCCESS in 313.694s processing; model 313.190s/9 calls; 313.700s including wait/save; 315.851s since startup
Processed 2/87 this run (2/87 total window): PIPELINE_SUCCESS in 175.47s processing; model 175.315s/6 calls; 175.476s including wait/save; 491.328s since startup
Processed 3/87 this run (3/87 total window): PIPELINE_SUCCESS in 349.068s processing; model 348.759s/8 calls; 349.074s including wait/save; 840.402s since startup
Processed 4/87 this run (4/87 total window): PIPELINE_SUCCESS in 284.784s processing; model 284.468s/8 calls; 284.791s including wait/save; 1125.193s since startup
Processed 5/87 this run (5/87 total window): CRASH in 565.116s processing; model 565.110s/1 calls; 565.150s including wait/save; 1690.343s since startup
Processed 6/87 this run (6/87 total window): PIPELINE_SUCCESS in 205.896s processing; model 205.786s/5 calls; 205.905s including wait/save; 1896.248s since startup
Processed 7/87 this run (7/87 total window): FINAL_SPEC_ERROR in 521.859s processing; model 521.549s/14 calls; 521.884s including wait/save; 2418.133s since startup
Processed 8/87 this run (8/87 total window): PIPELINE_SUCCESS in 84.32s processing; model 84.231s/5 calls; 84.335s including wait/save; 2502.468s since startup
Processed 9/87 this run (9/87 total window): PIPELINE_SUCCESS in 164.311s processing; model 164.169s/6 calls; 164.326s including wait/save; 2666.794s since startup
Processed 10/87 this run (10/87 total window): PIPELINE_SUCCESS in 201.944s processing; model 201.657s/6 calls; 201.954s including wait/save; 2868.749s since startup
Processed 11/87 this run (11/87 total window): PIPELINE_SUCCESS in 205.736s processing; model 205.564s/7 calls; 205.748s including wait/save; 3074.497s since startup
Processed 12/87 this run (12/87 total window): PIPELINE_SUCCESS in 213.794s processing; model 213.577s/7 calls; 213.806s including wait/save; 3288.303s since startup
Processed 13/87 this run (13/87 total window): PIPELINE_SUCCESS in 488.758s processing; model 488.250s/8 calls; 488.771s including wait/save; 3777.074s since startup
Processed 14/87 this run (14/87 total window): PIPELINE_SUCCESS in 280.936s processing; model 280.755s/7 calls; 280.953s including wait/save; 4058.027s since startup
Processed 15/87 this run (15/87 total window): PIPELINE_SUCCESS in 221.617s processing; model 221.260s/6 calls; 221.631s including wait/save; 4279.658s since startup
Processed 16/87 this run (16/87 total window): PIPELINE_SUCCESS in 193.409s processing; model 193.272s/6 calls; 193.428s including wait/save; 4473.086s since startup
Processed 17/87 this run (17/87 total window): PIPELINE_SUCCESS in 185.745s processing; model 185.064s/6 calls; 185.760s including wait/save; 4658.846s since startup
Processed 18/87 this run (18/87 total window): PIPELINE_SUCCESS in 262.826s processing; model 262.589s/8 calls; 262.852s including wait/save; 4921.698s since startup
Processed 19/87 this run (19/87 total window): PIPELINE_SUCCESS in 286.37s processing; model 286.150s/8 calls; 286.387s including wait/save; 5208.085s since startup
Processed 20/87 this run (20/87 total window): PIPELINE_SUCCESS in 401.376s processing; model 401.109s/8 calls; 401.394s including wait/save; 5609.479s since startup
Processed 21/87 this run (21/87 total window): PIPELINE_SUCCESS in 317.384s processing; model 317.139s/9 calls; 317.403s including wait/save; 5926.882s since startup
Processed 22/87 this run (22/87 total window): PIPELINE_SUCCESS in 210.746s processing; model 210.523s/7 calls; 210.765s including wait/save; 6137.647s since startup
Processed 23/87 this run (23/87 total window): PIPELINE_SUCCESS in 430.551s processing; model 428.789s/8 calls; 430.574s including wait/save; 6568.221s since startup
Processed 24/87 this run (24/87 total window): PIPELINE_SUCCESS in 337.886s processing; model 336.506s/8 calls; 337.908s including wait/save; 6906.129s since startup
Processed 25/87 this run (25/87 total window): PIPELINE_SUCCESS in 320.252s processing; model 318.755s/8 calls; 320.275s including wait/save; 7226.405s since startup
Processed 26/87 this run (26/87 total window): PIPELINE_SUCCESS in 487.694s processing; model 485.319s/8 calls; 487.719s including wait/save; 7714.123s since startup
Processed 27/87 this run (27/87 total window): PIPELINE_SUCCESS in 205.426s processing; model 205.121s/6 calls; 205.452s including wait/save; 7919.576s since startup
Processed 28/87 this run (28/87 total window): PIPELINE_SUCCESS in 607.978s processing; model 607.461s/8 calls; 608.013s including wait/save; 8527.589s since startup
Processed 29/87 this run (29/87 total window): PIPELINE_SUCCESS in 191.334s processing; model 191.147s/6 calls; 191.361s including wait/save; 8718.950s since startup
Processed 30/87 this run (30/87 total window): PIPELINE_SUCCESS in 295.687s processing; model 294.275s/7 calls; 295.714s including wait/save; 9014.665s since startup
Processed 31/87 this run (31/87 total window): CRASH in 901.831s processing; model 901.120s/7 calls; 901.883s including wait/save; 9916.548s since startup
Processed 32/87 this run (32/87 total window): PIPELINE_SUCCESS in 478.731s processing; model 478.148s/7 calls; 478.761s including wait/save; 10395.309s since startup
Processed 33/87 this run (33/87 total window): CRASH in 843.206s processing; model 843.194s/2 calls; 843.240s including wait/save; 11238.549s since startup
Processed 34/87 this run (34/87 total window): CRASH in 569.28s processing; model 569.275s/1 calls; 569.317s including wait/save; 11807.866s since startup
Processed 35/87 this run (35/87 total window): PIPELINE_SUCCESS in 693.73s processing; model 692.460s/8 calls; 693.760s including wait/save; 12501.626s since startup
Processed 36/87 this run (36/87 total window): PIPELINE_SUCCESS in 777.917s processing; model 775.528s/9 calls; 777.948s including wait/save; 13279.574s since startup
Processed 37/87 this run (37/87 total window): CRASH in 568.011s processing; model 568.005s/1 calls; 568.049s including wait/save; 13847.624s since startup
Processed 38/87 this run (38/87 total window): CRASH in 571.381s processing; model 571.376s/1 calls; 571.423s including wait/save; 14419.047s since startup
Processed 39/87 this run (39/87 total window): PIPELINE_SUCCESS in 717.392s processing; model 714.761s/9 calls; 717.426s including wait/save; 15136.473s since startup
Processed 40/87 this run (40/87 total window): PIPELINE_SUCCESS in 456.271s processing; model 453.957s/9 calls; 456.308s including wait/save; 15592.781s since startup
Processed 41/87 this run (41/87 total window): CRASH in 565.97s processing; model 565.964s/1 calls; 566.020s including wait/save; 16158.801s since startup
Processed 42/87 this run (42/87 total window): CRASH in 569.673s processing; model 569.667s/1 calls; 569.720s including wait/save; 16728.521s since startup
Processed 43/87 this run (43/87 total window): PIPELINE_SUCCESS in 161.342s processing; model 161.165s/7 calls; 161.387s including wait/save; 16889.909s since startup
Processed 44/87 this run (44/87 total window): PIPELINE_SUCCESS in 122.188s processing; model 122.110s/5 calls; 122.233s including wait/save; 17012.142s since startup
Processed 45/87 this run (45/87 total window): PIPELINE_SUCCESS in 141.311s processing; model 141.228s/6 calls; 141.349s including wait/save; 17153.491s since startup
Processed 46/87 this run (46/87 total window): PIPELINE_SUCCESS in 114.805s processing; model 114.736s/5 calls; 114.848s including wait/save; 17268.339s since startup
Processed 47/87 this run (47/87 total window): PIPELINE_SUCCESS in 190.552s processing; model 190.394s/5 calls; 190.596s including wait/save; 17458.935s since startup
Processed 48/87 this run (48/87 total window): PIPELINE_SUCCESS in 156.556s processing; model 156.451s/5 calls; 156.596s including wait/save; 17615.531s since startup
Processed 49/87 this run (49/87 total window): PIPELINE_SUCCESS in 114.255s processing; model 114.180s/5 calls; 114.297s including wait/save; 17729.829s since startup
Processed 50/87 this run (50/87 total window): PIPELINE_SUCCESS in 160.677s processing; model 160.608s/6 calls; 160.724s including wait/save; 17890.553s since startup
Processed 51/87 this run (51/87 total window): PIPELINE_SUCCESS in 248.602s processing; model 248.313s/8 calls; 248.643s including wait/save; 18139.196s since startup
Processed 52/87 this run (52/87 total window): PIPELINE_SUCCESS in 142.533s processing; model 142.344s/6 calls; 142.574s including wait/save; 18281.770s since startup
Processed 53/87 this run (53/87 total window): PIPELINE_SUCCESS in 176.128s processing; model 175.854s/6 calls; 176.168s including wait/save; 18457.938s since startup
Processed 54/87 this run (54/87 total window): PIPELINE_SUCCESS in 169.397s processing; model 169.013s/6 calls; 169.439s including wait/save; 18627.377s since startup
Processed 55/87 this run (55/87 total window): PIPELINE_SUCCESS in 161.5s processing; model 161.296s/6 calls; 161.541s including wait/save; 18788.918s since startup
Processed 56/87 this run (56/87 total window): PIPELINE_SUCCESS in 287.451s processing; model 286.751s/9 calls; 287.493s including wait/save; 19076.412s since startup
Processed 57/87 this run (57/87 total window): PIPELINE_SUCCESS in 226.641s processing; model 226.383s/5 calls; 226.684s including wait/save; 19303.096s since startup
Processed 58/87 this run (58/87 total window): PIPELINE_SUCCESS in 190.091s processing; model 189.907s/6 calls; 190.154s including wait/save; 19493.250s since startup
Processed 59/87 this run (59/87 total window): PIPELINE_SUCCESS in 113.79s processing; model 113.642s/5 calls; 113.837s including wait/save; 19607.087s since startup
Processed 60/87 this run (60/87 total window): PIPELINE_SUCCESS in 126.22s processing; model 125.651s/5 calls; 126.268s including wait/save; 19733.355s since startup
Processed 61/87 this run (61/87 total window): PIPELINE_SUCCESS in 190.604s processing; model 190.456s/6 calls; 190.650s including wait/save; 19924.005s since startup
Processed 62/87 this run (62/87 total window): PIPELINE_SUCCESS in 186.21s processing; model 185.641s/6 calls; 186.256s including wait/save; 20110.261s since startup
Processed 63/87 this run (63/87 total window): PIPELINE_SUCCESS in 152.973s processing; model 152.811s/6 calls; 153.023s including wait/save; 20263.285s since startup
Processed 64/87 this run (64/87 total window): PIPELINE_SUCCESS in 171.62s processing; model 171.471s/6 calls; 171.669s including wait/save; 20434.954s since startup
Processed 65/87 this run (65/87 total window): PIPELINE_SUCCESS in 227.561s processing; model 227.403s/7 calls; 227.612s including wait/save; 20662.566s since startup
Processed 66/87 this run (66/87 total window): PIPELINE_SUCCESS in 177.465s processing; model 176.874s/6 calls; 177.514s including wait/save; 20840.081s since startup
Processed 67/87 this run (67/87 total window): PIPELINE_SUCCESS in 436.953s processing; model 436.369s/8 calls; 437.002s including wait/save; 21277.083s since startup
Processed 68/87 this run (68/87 total window): PIPELINE_SUCCESS in 214.919s processing; model 214.384s/7 calls; 214.976s including wait/save; 21492.059s since startup
Processed 69/87 this run (69/87 total window): PIPELINE_SUCCESS in 190.868s processing; model 190.270s/7 calls; 190.920s including wait/save; 21682.980s since startup
Processed 70/87 this run (70/87 total window): PIPELINE_SUCCESS in 311.121s processing; model 310.580s/9 calls; 311.176s including wait/save; 21994.156s since startup
Processed 71/87 this run (71/87 total window): PIPELINE_SUCCESS in 273.251s processing; model 271.981s/8 calls; 273.304s including wait/save; 22267.461s since startup
Processed 72/87 this run (72/87 total window): TRANSIENT_ERROR in 361.793s processing; model 361.733s/7 calls; 361.865s including wait/save; 22629.326s since startup
Processed 73/87 this run (73/87 total window): TRANSIENT_ERROR in 12.885s processing; model 12.879s/1 calls; 12.949s including wait/save; 22642.275s since startup
Processed 74/87 this run (74/87 total window): TRANSIENT_ERROR in 14.428s processing; model 14.423s/1 calls; 14.498s including wait/save; 22656.773s since startup
Processed 75/87 this run (75/87 total window): TRANSIENT_ERROR in 13.114s processing; model 13.108s/1 calls; 13.178s including wait/save; 22669.951s since startup
Processed 76/87 this run (76/87 total window): TRANSIENT_ERROR in 13.713s processing; model 13.707s/1 calls; 13.783s including wait/save; 22683.734s since startup
Processed 77/87 this run (77/87 total window): TRANSIENT_ERROR in 12.741s processing; model 12.736s/1 calls; 12.811s including wait/save; 22696.545s since startup
Processed 78/87 this run (78/87 total window): TRANSIENT_ERROR in 14.203s processing; model 14.197s/1 calls; 14.271s including wait/save; 22710.816s since startup
Processed 79/87 this run (79/87 total window): TRANSIENT_ERROR in 13.348s processing; model 13.342s/1 calls; 13.412s including wait/save; 22724.228s since startup
Processed 80/87 this run (80/87 total window): TRANSIENT_ERROR in 13.896s processing; model 13.891s/1 calls; 13.967s including wait/save; 22738.195s since startup
Processed 81/87 this run (81/87 total window): TRANSIENT_ERROR in 13.916s processing; model 13.910s/1 calls; 13.986s including wait/save; 22752.181s since startup
Processed 82/87 this run (82/87 total window): TRANSIENT_ERROR in 12.803s processing; model 12.798s/1 calls; 12.870s including wait/save; 22765.051s since startup
Processed 83/87 this run (83/87 total window): TRANSIENT_ERROR in 15.022s processing; model 15.016s/1 calls; 15.092s including wait/save; 22780.143s since startup
Processed 84/87 this run (84/87 total window): TRANSIENT_ERROR in 12.587s processing; model 12.582s/1 calls; 12.655s including wait/save; 22792.798s since startup
Processed 85/87 this run (85/87 total window): TRANSIENT_ERROR in 12.852s processing; model 12.841s/1 calls; 12.917s including wait/save; 22805.715s since startup
Processed 86/87 this run (86/87 total window): TRANSIENT_ERROR in 13.101s processing; model 13.095s/1 calls; 13.163s including wait/save; 22818.878s since startup
Processed 87/87 this run (87/87 total window): TRANSIENT_ERROR in 13.863s processing; model 13.857s/1 calls; 13.929s including wait/save; 22832.808s since startup
[COMPLETE] Pipeline finished. Details: /home/kritik/Desktop/neosapiens/finance/script_diff_llm2/ablations/improvement11_gpt_oss_120b/source/improvemnt11kgfixed/.runtime/logs/pipeline_20261008_073706_418795.log
[TIME] Startup-to-finish: 22832.91s; model requests: 22792.69s (474 calls). Slowest model stages: Query_Understanding=10300.38s, Query_Spec=4395.10s, Decompose=3873.97s, Final_Spec=3702.31s
[TIMING] /home/kritik/Desktop/neosapiens/finance/script_diff_llm2/ablations/improvement11_gpt_oss_120b/source/improvemnt11kgfixed/.runtime/logs/timing_20261008_073705_418795.json
