[INPUT] ONTOLOGY_FILE: /home/kritik/Desktop/neosapiens/finance/script_diff_llm2/ablations/improvement11_gpt_oss_120b/source/improvemnt11kgfixed/kg_output_fixed/wealth_management_diverse_schema.ttl
[INPUT] INSTANCE_FILE: /home/kritik/Desktop/neosapiens/finance/script_diff_llm2/ablations/improvement11_gpt_oss_120b/source/improvemnt11kgfixed/kg_output_fixed/wealth_management_diverse_kg.ttl
[INPUT] DOMAIN_INTRO_FILE: /home/kritik/Desktop/neosapiens/finance/script_diff_llm2/ablations/improvement11_gpt_oss_120b/source/improvemnt11kgfixed/domain_intro_latest.prompt
[INPUT] BUSINESS_RULES_FILE: /home/kritik/Desktop/neosapiens/finance/script_diff_llm2/ablations/improvement11_gpt_oss_120b/source/improvemnt11kgfixed/business_rules_addendum.md
[RUNNING] Report: /home/kritik/Desktop/neosapiens/finance/script_diff_llm2/ablations/improvement11_gpt_oss_120b/runs/azure_gpt_oss_120b/azure_resume8_01/parallel_workers8/worker_06/raw_pipeline.csv
[LOG] /home/kritik/Desktop/neosapiens/finance/script_diff_llm2/ablations/improvement11_gpt_oss_120b/source/improvemnt11kgfixed/.runtime/logs/pipeline_20261008_073706_418797.log
[CACHE] Knowledge hit in 0.009s
[TIME] Startup ready: 1.972s; query delay: 0s
Processed 1/87 this run (1/87 total window): PIPELINE_SUCCESS in 238.931s processing; model 238.721s/7 calls; 238.936s including wait/save; 240.908s since startup
Processed 2/87 this run (2/87 total window): PIPELINE_SUCCESS in 179.812s processing; model 179.658s/6 calls; 179.816s including wait/save; 420.724s since startup
Processed 3/87 this run (3/87 total window): PIPELINE_SUCCESS in 402.738s processing; model 402.190s/8 calls; 402.744s including wait/save; 823.468s since startup
Processed 4/87 this run (4/87 total window): PIPELINE_SUCCESS in 382.585s processing; model 382.252s/8 calls; 382.592s including wait/save; 1206.060s since startup
Processed 5/87 this run (5/87 total window): PIPELINE_SUCCESS in 645.355s processing; model 644.850s/11 calls; 645.364s including wait/save; 1851.423s since startup
Processed 6/87 this run (6/87 total window): DECOMPOSITION_ERROR in 350.403s processing; model 350.171s/9 calls; 350.420s including wait/save; 2201.844s since startup
Processed 7/87 this run (7/87 total window): PIPELINE_SUCCESS in 111.644s processing; model 111.568s/5 calls; 111.659s including wait/save; 2313.503s since startup
Processed 8/87 this run (8/87 total window): PIPELINE_SUCCESS in 181.549s processing; model 181.340s/7 calls; 181.650s including wait/save; 2495.154s since startup
Processed 9/87 this run (9/87 total window): PIPELINE_SUCCESS in 229.874s processing; model 229.706s/7 calls; 229.886s including wait/save; 2725.040s since startup
Processed 10/87 this run (10/87 total window): PIPELINE_SUCCESS in 187.492s processing; model 187.339s/6 calls; 187.505s including wait/save; 2912.547s since startup
Processed 11/87 this run (11/87 total window): PIPELINE_SUCCESS in 229.251s processing; model 228.970s/7 calls; 229.262s including wait/save; 3141.809s since startup
Processed 12/87 this run (12/87 total window): PIPELINE_SUCCESS in 270.164s processing; model 269.979s/8 calls; 270.185s including wait/save; 3411.994s since startup
Processed 13/87 this run (13/87 total window): PIPELINE_SUCCESS in 534.936s processing; model 534.448s/8 calls; 534.950s including wait/save; 3946.944s since startup
Processed 14/87 this run (14/87 total window): FINAL_SPEC_ERROR in 339.469s processing; model 339.329s/9 calls; 339.491s including wait/save; 4286.435s since startup
Processed 15/87 this run (15/87 total window): PIPELINE_SUCCESS in 263.575s processing; model 263.142s/7 calls; 263.589s including wait/save; 4550.024s since startup
Processed 16/87 this run (16/87 total window): PIPELINE_SUCCESS in 290.534s processing; model 289.400s/7 calls; 290.549s including wait/save; 4840.573s since startup
Processed 17/87 this run (17/87 total window): PIPELINE_SUCCESS in 232.087s processing; model 231.486s/7 calls; 232.103s including wait/save; 5072.676s since startup
Processed 18/87 this run (18/87 total window): PIPELINE_SUCCESS in 244.413s processing; model 243.699s/7 calls; 244.430s including wait/save; 5317.107s since startup
Processed 19/87 this run (19/87 total window): PIPELINE_SUCCESS in 348.35s processing; model 348.060s/7 calls; 348.368s including wait/save; 5665.475s since startup
Processed 20/87 this run (20/87 total window): PIPELINE_SUCCESS in 291.249s processing; model 290.989s/8 calls; 291.268s including wait/save; 5956.742s since startup
Processed 21/87 this run (21/87 total window): PIPELINE_SUCCESS in 237.003s processing; model 236.794s/7 calls; 237.022s including wait/save; 6193.764s since startup
Processed 22/87 this run (22/87 total window): PIPELINE_SUCCESS in 307.221s processing; model 305.810s/8 calls; 307.240s including wait/save; 6501.004s since startup
Processed 23/87 this run (23/87 total window): PIPELINE_SUCCESS in 333.849s processing; model 332.728s/8 calls; 333.870s including wait/save; 6834.874s since startup
Processed 24/87 this run (24/87 total window): PIPELINE_SUCCESS in 509.913s processing; model 508.696s/8 calls; 509.935s including wait/save; 7344.809s since startup
Processed 25/87 this run (25/87 total window): PIPELINE_SUCCESS in 296.665s processing; model 295.482s/8 calls; 296.688s including wait/save; 7641.497s since startup
Processed 26/87 this run (26/87 total window): PIPELINE_SUCCESS in 284.497s processing; model 284.151s/8 calls; 284.521s including wait/save; 7926.018s since startup
Processed 27/87 this run (27/87 total window): PIPELINE_SUCCESS in 260.617s processing; model 260.394s/7 calls; 260.643s including wait/save; 8186.661s since startup
Processed 28/87 this run (28/87 total window): PIPELINE_SUCCESS in 363.031s processing; model 361.358s/6 calls; 363.057s including wait/save; 8549.718s since startup
Processed 29/87 this run (29/87 total window): PIPELINE_SUCCESS in 131.556s processing; model 131.062s/5 calls; 131.582s including wait/save; 8681.300s since startup
Processed 30/87 this run (30/87 total window): PIPELINE_SUCCESS in 389.336s processing; model 388.246s/7 calls; 389.364s including wait/save; 9070.664s since startup
Processed 31/87 this run (31/87 total window): PIPELINE_SUCCESS in 290.973s processing; model 289.711s/7 calls; 291.001s including wait/save; 9361.666s since startup
Processed 32/87 this run (32/87 total window): PIPELINE_SUCCESS in 254.243s processing; model 253.566s/7 calls; 254.273s including wait/save; 9615.938s since startup
Processed 33/87 this run (33/87 total window): PIPELINE_SUCCESS in 958.845s processing; model 957.442s/10 calls; 958.875s including wait/save; 10574.814s since startup
Processed 34/87 this run (34/87 total window): PIPELINE_SUCCESS in 502.925s processing; model 500.894s/8 calls; 502.957s including wait/save; 11077.771s since startup
Processed 35/87 this run (35/87 total window): CRASH in 566.971s processing; model 566.965s/1 calls; 567.018s including wait/save; 11644.789s since startup
Processed 36/87 this run (36/87 total window): PIPELINE_SUCCESS in 576.634s processing; model 574.704s/9 calls; 576.668s including wait/save; 12221.457s since startup
Processed 37/87 this run (37/87 total window): PIPELINE_SUCCESS in 476.108s processing; model 474.626s/9 calls; 476.144s including wait/save; 12697.601s since startup
Processed 38/87 this run (38/87 total window): CRASH in 566.954s processing; model 566.948s/1 calls; 567.005s including wait/save; 13264.606s since startup
Processed 39/87 this run (39/87 total window): PIPELINE_SUCCESS in 859.832s processing; model 857.185s/11 calls; 859.871s including wait/save; 14124.478s since startup
Processed 40/87 this run (40/87 total window): CRASH in 566.177s processing; model 566.171s/1 calls; 566.227s including wait/save; 14690.705s since startup
Processed 41/87 this run (41/87 total window): CRASH in 568.078s processing; model 568.073s/1 calls; 568.119s including wait/save; 15258.824s since startup
Processed 42/87 this run (42/87 total window): PIPELINE_SUCCESS in 118.993s processing; model 118.915s/5 calls; 119.032s including wait/save; 15377.856s since startup
Processed 43/87 this run (43/87 total window): PIPELINE_SUCCESS in 110.914s processing; model 110.842s/5 calls; 110.961s including wait/save; 15488.817s since startup
Processed 44/87 this run (44/87 total window): PIPELINE_SUCCESS in 200.439s processing; model 200.330s/5 calls; 200.483s including wait/save; 15689.300s since startup
Processed 45/87 this run (45/87 total window): PIPELINE_SUCCESS in 118.394s processing; model 118.313s/5 calls; 118.440s including wait/save; 15807.740s since startup
Processed 46/87 this run (46/87 total window): PIPELINE_SUCCESS in 113.29s processing; model 113.175s/5 calls; 113.353s including wait/save; 15921.094s since startup
Processed 47/87 this run (47/87 total window): PIPELINE_SUCCESS in 117.199s processing; model 117.043s/5 calls; 117.239s including wait/save; 16038.333s since startup
Processed 48/87 this run (48/87 total window): PIPELINE_SUCCESS in 112.526s processing; model 112.383s/5 calls; 112.570s including wait/save; 16150.903s since startup
Processed 49/87 this run (49/87 total window): PIPELINE_SUCCESS in 110.563s processing; model 110.477s/5 calls; 110.614s including wait/save; 16261.518s since startup
Processed 50/87 this run (50/87 total window): PIPELINE_SUCCESS in 182.232s processing; model 181.774s/7 calls; 182.275s including wait/save; 16443.793s since startup
Processed 51/87 this run (51/87 total window): PIPELINE_SUCCESS in 127.86s processing; model 127.687s/6 calls; 127.908s including wait/save; 16571.701s since startup
Processed 52/87 this run (52/87 total window): PIPELINE_SUCCESS in 147.643s processing; model 147.416s/6 calls; 147.686s including wait/save; 16719.388s since startup
Processed 53/87 this run (53/87 total window): PIPELINE_SUCCESS in 201.633s processing; model 201.283s/7 calls; 201.676s including wait/save; 16921.064s since startup
Processed 54/87 this run (54/87 total window): PIPELINE_SUCCESS in 160.038s processing; model 159.786s/6 calls; 160.081s including wait/save; 17081.145s since startup
Processed 55/87 this run (55/87 total window): PIPELINE_SUCCESS in 355.441s processing; model 355.069s/8 calls; 355.487s including wait/save; 17436.632s since startup
Processed 56/87 this run (56/87 total window): PIPELINE_SUCCESS in 395.61s processing; model 394.990s/14 calls; 395.655s including wait/save; 17832.287s since startup
Processed 57/87 this run (57/87 total window): PIPELINE_SUCCESS in 188.298s processing; model 188.074s/6 calls; 188.343s including wait/save; 18020.631s since startup
Processed 58/87 this run (58/87 total window): PIPELINE_SUCCESS in 120.65s processing; model 120.542s/5 calls; 120.702s including wait/save; 18141.333s since startup
Processed 59/87 this run (59/87 total window): PIPELINE_SUCCESS in 151.323s processing; model 150.662s/5 calls; 151.371s including wait/save; 18292.704s since startup
Processed 60/87 this run (60/87 total window): PIPELINE_SUCCESS in 132.471s processing; model 132.330s/5 calls; 132.520s including wait/save; 18425.223s since startup
Processed 61/87 this run (61/87 total window): PIPELINE_SUCCESS in 201.741s processing; model 201.556s/6 calls; 201.791s including wait/save; 18627.015s since startup
Processed 62/87 this run (62/87 total window): PIPELINE_SUCCESS in 161.435s processing; model 160.913s/5 calls; 161.483s including wait/save; 18788.498s since startup
Processed 63/87 this run (63/87 total window): PIPELINE_SUCCESS in 174.697s processing; model 174.199s/6 calls; 174.745s including wait/save; 18963.243s since startup
Processed 64/87 this run (64/87 total window): PIPELINE_SUCCESS in 325.481s processing; model 325.323s/7 calls; 325.531s including wait/save; 19288.774s since startup
Processed 65/87 this run (65/87 total window): PIPELINE_SUCCESS in 234.059s processing; model 233.902s/7 calls; 234.109s including wait/save; 19522.883s since startup
Processed 66/87 this run (66/87 total window): PIPELINE_SUCCESS in 189.446s processing; model 188.775s/6 calls; 189.496s including wait/save; 19712.379s since startup
Processed 67/87 this run (67/87 total window): PIPELINE_SUCCESS in 223.199s processing; model 222.617s/7 calls; 223.249s including wait/save; 19935.629s since startup
Processed 68/87 this run (68/87 total window): PIPELINE_SUCCESS in 208.067s processing; model 207.474s/7 calls; 208.119s including wait/save; 20143.748s since startup
Processed 69/87 this run (69/87 total window): PIPELINE_SUCCESS in 347.996s processing; model 347.364s/7 calls; 348.048s including wait/save; 20491.796s since startup
Processed 70/87 this run (70/87 total window): PIPELINE_SUCCESS in 277.941s processing; model 277.470s/8 calls; 277.995s including wait/save; 20769.792s since startup
Processed 71/87 this run (71/87 total window): PIPELINE_SUCCESS in 508.937s processing; model 507.474s/11 calls; 508.993s including wait/save; 21278.784s since startup
Processed 72/87 this run (72/87 total window): PIPELINE_SUCCESS in 230.643s processing; model 229.345s/8 calls; 230.699s including wait/save; 21509.484s since startup
Processed 73/87 this run (73/87 total window): PIPELINE_SUCCESS in 268.634s processing; model 268.226s/8 calls; 268.692s including wait/save; 21778.176s since startup
Processed 74/87 this run (74/87 total window): PIPELINE_SUCCESS in 167.73s processing; model 167.432s/6 calls; 167.789s including wait/save; 21945.965s since startup
Processed 75/87 this run (75/87 total window): PIPELINE_SUCCESS in 196.686s processing; model 196.556s/7 calls; 196.749s including wait/save; 22142.715s since startup
Processed 76/87 this run (76/87 total window): PIPELINE_SUCCESS in 127.247s processing; model 127.116s/5 calls; 127.312s including wait/save; 22270.027s since startup
Processed 77/87 this run (77/87 total window): PIPELINE_SUCCESS in 147.501s processing; model 147.388s/6 calls; 147.565s including wait/save; 22417.592s since startup
Processed 78/87 this run (78/87 total window): PIPELINE_SUCCESS in 120.372s processing; model 120.162s/5 calls; 120.436s including wait/save; 22538.028s since startup
Processed 79/87 this run (79/87 total window): TRANSIENT_ERROR in 103.705s processing; model 103.700s/1 calls; 103.785s including wait/save; 22641.814s since startup
Processed 80/87 this run (80/87 total window): TRANSIENT_ERROR in 14.026s processing; model 14.020s/1 calls; 14.110s including wait/save; 22655.924s since startup
Processed 81/87 this run (81/87 total window): TRANSIENT_ERROR in 13.916s processing; model 13.910s/1 calls; 13.976s including wait/save; 22669.900s since startup
Processed 82/87 this run (82/87 total window): TRANSIENT_ERROR in 13.302s processing; model 13.296s/1 calls; 13.372s including wait/save; 22683.272s since startup
Processed 83/87 this run (83/87 total window): TRANSIENT_ERROR in 13.857s processing; model 13.852s/1 calls; 13.925s including wait/save; 22697.198s since startup
Processed 84/87 this run (84/87 total window): TRANSIENT_ERROR in 14.169s processing; model 14.163s/1 calls; 14.251s including wait/save; 22711.449s since startup
Processed 85/87 this run (85/87 total window): TRANSIENT_ERROR in 13.667s processing; model 13.662s/1 calls; 13.737s including wait/save; 22725.186s since startup
Processed 86/87 this run (86/87 total window): TRANSIENT_ERROR in 14.296s processing; model 14.290s/1 calls; 14.365s including wait/save; 22739.551s since startup
Processed 87/87 this run (87/87 total window): TRANSIENT_ERROR in 14.348s processing; model 14.342s/1 calls; 14.411s including wait/save; 22753.962s since startup
[COMPLETE] Pipeline finished. Details: /home/kritik/Desktop/neosapiens/finance/script_diff_llm2/ablations/improvement11_gpt_oss_120b/source/improvemnt11kgfixed/.runtime/logs/pipeline_20261008_073706_418797.log
[TIME] Startup-to-finish: 22754.07s; model requests: 22707.93s (532 calls). Slowest model stages: Query_Understanding=8666.07s, Decompose=4747.92s, Query_Spec=4627.08s, Final_Spec=4085.51s
[TIMING] /home/kritik/Desktop/neosapiens/finance/script_diff_llm2/ablations/improvement11_gpt_oss_120b/source/improvemnt11kgfixed/.runtime/logs/timing_20261008_073705_418797.json
