[INPUT] SQLITE_DB_PATH: /home/kritik/Desktop/neosapiens/finance/script_diff_llm2/ablations/improvement10_models/source/improvement10/wealth_management_diverse.db
[INPUT] TABLE_METADATA_DIR: /home/kritik/Desktop/neosapiens/finance/script_diff_llm2/ablations/improvement10_models/source/improvement10/table_medatada
[INPUT] DOMAIN_INTRO_FILE: /home/kritik/Desktop/neosapiens/finance/script_diff_llm2/ablations/improvement10_models/source/improvement10/domain_intro_latest.prompt
[INPUT] BUSINESS_RULES_FILE: /home/kritik/Desktop/neosapiens/finance/script_diff_llm2/ablations/improvement10_models/source/improvement10/business_rules_addendum.md
[RUNNING] Report: /home/kritik/Desktop/neosapiens/finance/script_diff_llm2/ablations/improvement10_models/runs/gpt_oss_120b/run_01/parallel_workers4/worker_04/raw_pipeline.csv
[LOG] /home/kritik/Desktop/neosapiens/finance/script_diff_llm2/ablations/improvement10_models/source/improvement10/.runtime/logs/pipeline_20261006_134111_134264.log
[CACHE] Knowledge hit in 0.011s
[TIME] Startup ready: 2.593s; query delay: 0s
Processed 1/228 this run (1/228 total window): PIPELINE_SUCCESS in 61.146s processing; model 61.068s/7 calls; 61.156s including wait/save; 63.749s since startup
Processed 2/228 this run (2/228 total window): PIPELINE_SUCCESS in 88.467s processing; model 88.370s/10 calls; 88.472s including wait/save; 152.221s since startup
Processed 3/228 this run (3/228 total window): PIPELINE_SUCCESS in 76.886s processing; model 76.792s/8 calls; 76.893s including wait/save; 229.114s since startup
Processed 4/228 this run (4/228 total window): PIPELINE_SUCCESS in 89.55s processing; model 89.443s/11 calls; 89.557s including wait/save; 318.671s since startup
Processed 5/228 this run (5/228 total window): PIPELINE_SUCCESS in 71.052s processing; model 70.899s/8 calls; 71.061s including wait/save; 389.732s since startup
Processed 6/228 this run (6/228 total window): PIPELINE_SUCCESS in 66.466s processing; model 66.325s/8 calls; 66.476s including wait/save; 456.208s since startup
Processed 7/228 this run (7/228 total window): PIPELINE_SUCCESS in 134.112s processing; model 133.984s/10 calls; 134.123s including wait/save; 590.332s since startup
Processed 8/228 this run (8/228 total window): PIPELINE_SUCCESS in 77.609s processing; model 77.473s/9 calls; 77.621s including wait/save; 667.953s since startup
Processed 9/228 this run (9/228 total window): PIPELINE_SUCCESS in 48.695s processing; model 48.588s/9 calls; 48.709s including wait/save; 716.663s since startup
Processed 10/228 this run (10/228 total window): PIPELINE_SUCCESS in 26.06s processing; model 26.035s/5 calls; 26.086s including wait/save; 742.749s since startup
Processed 11/228 this run (11/228 total window): PIPELINE_SUCCESS in 35.852s processing; model 35.820s/6 calls; 35.873s including wait/save; 778.622s since startup
Processed 12/228 this run (12/228 total window): PIPELINE_SUCCESS in 30.644s processing; model 30.621s/5 calls; 30.672s including wait/save; 809.295s since startup
Processed 13/228 this run (13/228 total window): PIPELINE_SUCCESS in 26.337s processing; model 26.296s/6 calls; 26.360s including wait/save; 835.655s since startup
Processed 14/228 this run (14/228 total window): PIPELINE_SUCCESS in 131.196s processing; model 131.135s/5 calls; 131.214s including wait/save; 966.869s since startup
Processed 15/228 this run (15/228 total window): PIPELINE_SUCCESS in 26.946s processing; model 26.899s/6 calls; 26.972s including wait/save; 993.841s since startup
Processed 16/228 this run (16/228 total window): PIPELINE_SUCCESS in 24.735s processing; model 24.692s/6 calls; 24.763s including wait/save; 1018.604s since startup
Processed 17/228 this run (17/228 total window): PIPELINE_SUCCESS in 24.738s processing; model 24.691s/6 calls; 24.763s including wait/save; 1043.367s since startup
Processed 18/228 this run (18/228 total window): PIPELINE_SUCCESS in 55.902s processing; model 55.846s/6 calls; 55.933s including wait/save; 1099.301s since startup
Processed 19/228 this run (19/228 total window): PIPELINE_SUCCESS in 37.792s processing; model 37.743s/6 calls; 37.820s including wait/save; 1137.120s since startup
Processed 20/228 this run (20/228 total window): PIPELINE_SUCCESS in 29.114s processing; model 29.068s/6 calls; 29.145s including wait/save; 1166.265s since startup
Processed 21/228 this run (21/228 total window): PIPELINE_SUCCESS in 39.07s processing; model 39.016s/6 calls; 39.097s including wait/save; 1205.363s since startup
Processed 22/228 this run (22/228 total window): PIPELINE_SUCCESS in 46.388s processing; model 46.338s/6 calls; 46.414s including wait/save; 1251.777s since startup
Processed 23/228 this run (23/228 total window): PIPELINE_SUCCESS in 52.226s processing; model 52.069s/7 calls; 52.250s including wait/save; 1304.026s since startup
Processed 24/228 this run (24/228 total window): FINAL_SPEC_ERROR in 98.034s processing; model 97.947s/10 calls; 98.063s including wait/save; 1402.090s since startup
Processed 25/228 this run (25/228 total window): PIPELINE_SUCCESS in 97.392s processing; model 97.279s/7 calls; 97.425s including wait/save; 1499.514s since startup
Processed 26/228 this run (26/228 total window): PIPELINE_SUCCESS in 50.355s processing; model 50.272s/7 calls; 50.382s including wait/save; 1549.897s since startup
Processed 27/228 this run (27/228 total window): PIPELINE_SUCCESS in 44.878s processing; model 44.818s/8 calls; 44.910s including wait/save; 1594.807s since startup
Processed 28/228 this run (28/228 total window): PIPELINE_SUCCESS in 39.39s processing; model 39.334s/7 calls; 39.422s including wait/save; 1634.229s since startup
Processed 29/228 this run (29/228 total window): PIPELINE_SUCCESS in 38.42s processing; model 38.331s/7 calls; 38.451s including wait/save; 1672.680s since startup
Processed 30/228 this run (30/228 total window): PIPELINE_SUCCESS in 69.078s processing; model 68.800s/8 calls; 69.110s including wait/save; 1741.790s since startup
Processed 31/228 this run (31/228 total window): PIPELINE_SUCCESS in 71.985s processing; model 71.668s/9 calls; 72.017s including wait/save; 1813.808s since startup
Processed 32/228 this run (32/228 total window): PIPELINE_SUCCESS in 90.286s processing; model 90.198s/9 calls; 90.320s including wait/save; 1904.127s since startup
Processed 33/228 this run (33/228 total window): PIPELINE_SUCCESS in 45.681s processing; model 45.596s/8 calls; 45.716s including wait/save; 1949.844s since startup
Processed 34/228 this run (34/228 total window): PIPELINE_SUCCESS in 68.498s processing; model 68.401s/8 calls; 68.535s including wait/save; 2018.378s since startup
Processed 35/228 this run (35/228 total window): PIPELINE_SUCCESS in 106.187s processing; model 105.662s/8 calls; 106.224s including wait/save; 2124.603s since startup
Processed 36/228 this run (36/228 total window): PIPELINE_SUCCESS in 81.949s processing; model 81.662s/10 calls; 81.989s including wait/save; 2206.592s since startup
Processed 37/228 this run (37/228 total window): PIPELINE_SUCCESS in 82.564s processing; model 82.040s/9 calls; 82.606s including wait/save; 2289.198s since startup
Processed 38/228 this run (38/228 total window): PIPELINE_SUCCESS in 78.691s processing; model 78.493s/9 calls; 78.734s including wait/save; 2367.932s since startup
Processed 39/228 this run (39/228 total window): PIPELINE_SUCCESS in 86.647s processing; model 86.202s/11 calls; 86.692s including wait/save; 2454.624s since startup
Processed 40/228 this run (40/228 total window): PIPELINE_SUCCESS in 102.152s processing; model 101.774s/9 calls; 102.201s including wait/save; 2556.825s since startup
Processed 41/228 this run (41/228 total window): PIPELINE_SUCCESS in 33.442s processing; model 33.411s/5 calls; 33.500s including wait/save; 2590.325s since startup
Processed 42/228 this run (42/228 total window): PIPELINE_SUCCESS in 17.747s processing; model 17.720s/5 calls; 17.801s including wait/save; 2608.126s since startup
Processed 43/228 this run (43/228 total window): FINAL_SPEC_ERROR in 57.107s processing; model 57.065s/8 calls; 57.165s including wait/save; 2665.291s since startup
Processed 44/228 this run (44/228 total window): PIPELINE_SUCCESS in 39.44s processing; model 39.406s/7 calls; 39.489s including wait/save; 2704.780s since startup
Processed 45/228 this run (45/228 total window): PIPELINE_SUCCESS in 113.234s processing; model 113.195s/5 calls; 113.291s including wait/save; 2818.071s since startup
Processed 46/228 this run (46/228 total window): PIPELINE_SUCCESS in 67.244s processing; model 67.213s/7 calls; 67.299s including wait/save; 2885.369s since startup
Processed 47/228 this run (47/228 total window): PIPELINE_SUCCESS in 41.61s processing; model 41.582s/5 calls; 41.671s including wait/save; 2927.041s since startup
Processed 48/228 this run (48/228 total window): PIPELINE_SUCCESS in 37.609s processing; model 37.584s/5 calls; 37.659s including wait/save; 2964.700s since startup
Processed 49/228 this run (49/228 total window): PIPELINE_SUCCESS in 29.34s processing; model 29.313s/6 calls; 29.398s including wait/save; 2994.099s since startup
Processed 50/228 this run (50/228 total window): PIPELINE_SUCCESS in 155.409s processing; model 155.357s/7 calls; 155.462s including wait/save; 3149.561s since startup
Processed 51/228 this run (51/228 total window): PIPELINE_SUCCESS in 36.36s processing; model 36.308s/8 calls; 36.413s including wait/save; 3185.974s since startup
Processed 52/228 this run (52/228 total window): PIPELINE_SUCCESS in 47.346s processing; model 47.310s/6 calls; 47.402s including wait/save; 3233.376s since startup
Processed 53/228 this run (53/228 total window): PIPELINE_SUCCESS in 32.434s processing; model 32.381s/6 calls; 32.499s including wait/save; 3265.875s since startup
Processed 54/228 this run (54/228 total window): PIPELINE_SUCCESS in 44.809s processing; model 44.700s/8 calls; 44.861s including wait/save; 3310.736s since startup
Processed 55/228 this run (55/228 total window): PIPELINE_SUCCESS in 61.769s processing; model 61.717s/7 calls; 61.824s including wait/save; 3372.560s since startup
Processed 56/228 this run (56/228 total window): PIPELINE_SUCCESS in 32.394s processing; model 32.353s/6 calls; 32.451s including wait/save; 3405.010s since startup
Processed 57/228 this run (57/228 total window): PIPELINE_SUCCESS in 50.641s processing; model 50.596s/8 calls; 50.696s including wait/save; 3455.707s since startup
Processed 58/228 this run (58/228 total window): PIPELINE_SUCCESS in 63.171s processing; model 62.955s/7 calls; 63.226s including wait/save; 3518.933s since startup
Processed 59/228 this run (59/228 total window): PIPELINE_SUCCESS in 35.024s processing; model 34.970s/6 calls; 35.080s including wait/save; 3554.013s since startup
Processed 60/228 this run (60/228 total window): PIPELINE_SUCCESS in 46.387s processing; model 46.325s/7 calls; 46.444s including wait/save; 3600.458s since startup
Processed 61/228 this run (61/228 total window): PIPELINE_SUCCESS in 37.588s processing; model 37.509s/7 calls; 37.644s including wait/save; 3638.102s since startup
Processed 62/228 this run (62/228 total window): PIPELINE_SUCCESS in 61.699s processing; model 61.612s/9 calls; 61.759s including wait/save; 3699.862s since startup
Processed 63/228 this run (63/228 total window): PIPELINE_SUCCESS in 44.571s processing; model 44.513s/7 calls; 44.630s including wait/save; 3744.491s since startup
Processed 64/228 this run (64/228 total window): PIPELINE_SUCCESS in 62.206s processing; model 62.128s/8 calls; 62.266s including wait/save; 3806.757s since startup
Processed 65/228 this run (65/228 total window): PIPELINE_SUCCESS in 70.619s processing; model 70.556s/7 calls; 70.679s including wait/save; 3877.437s since startup
Processed 66/228 this run (66/228 total window): PIPELINE_SUCCESS in 54.38s processing; model 54.331s/7 calls; 54.446s including wait/save; 3931.883s since startup
Processed 67/228 this run (67/228 total window): PIPELINE_SUCCESS in 52.353s processing; model 52.280s/8 calls; 52.418s including wait/save; 3984.301s since startup
Processed 68/228 this run (68/228 total window): PIPELINE_SUCCESS in 87.223s processing; model 87.110s/10 calls; 87.286s including wait/save; 4071.587s since startup
Processed 69/228 this run (69/228 total window): PIPELINE_SUCCESS in 44.391s processing; model 44.229s/8 calls; 44.455s including wait/save; 4116.042s since startup
Processed 70/228 this run (70/228 total window): PIPELINE_SUCCESS in 72.109s processing; model 72.035s/8 calls; 72.180s including wait/save; 4188.222s since startup
Processed 71/228 this run (71/228 total window): PIPELINE_SUCCESS in 58.482s processing; model 58.327s/10 calls; 58.549s including wait/save; 4246.771s since startup
Processed 72/228 this run (72/228 total window): PIPELINE_SUCCESS in 73.366s processing; model 73.226s/8 calls; 73.433s including wait/save; 4320.203s since startup
Processed 73/228 this run (73/228 total window): PIPELINE_SUCCESS in 70.749s processing; model 70.720s/6 calls; 70.822s including wait/save; 4391.026s since startup
Processed 74/228 this run (74/228 total window): PIPELINE_SUCCESS in 80.303s processing; model 80.269s/7 calls; 80.372s including wait/save; 4471.398s since startup
Processed 75/228 this run (75/228 total window): PIPELINE_SUCCESS in 31.782s processing; model 31.746s/6 calls; 31.857s including wait/save; 4503.255s since startup
Processed 76/228 this run (76/228 total window): PIPELINE_SUCCESS in 55.429s processing; model 55.392s/6 calls; 55.501s including wait/save; 4558.756s since startup
Processed 77/228 this run (77/228 total window): PIPELINE_SUCCESS in 39.143s processing; model 39.115s/6 calls; 39.225s including wait/save; 4597.982s since startup
Processed 78/228 this run (78/228 total window): PIPELINE_SUCCESS in 32.074s processing; model 32.036s/6 calls; 32.149s including wait/save; 4630.131s since startup
Processed 79/228 this run (79/228 total window): PIPELINE_SUCCESS in 32.795s processing; model 32.752s/6 calls; 32.869s including wait/save; 4663.000s since startup
Processed 80/228 this run (80/228 total window): PIPELINE_SUCCESS in 44.613s processing; model 44.580s/6 calls; 44.689s including wait/save; 4707.689s since startup
Processed 81/228 this run (81/228 total window): PIPELINE_SUCCESS in 25.284s processing; model 25.250s/6 calls; 25.362s including wait/save; 4733.051s since startup
Processed 82/228 this run (82/228 total window): PIPELINE_SUCCESS in 36.156s processing; model 36.123s/6 calls; 36.235s including wait/save; 4769.286s since startup
Processed 83/228 this run (83/228 total window): PIPELINE_SUCCESS in 139.038s processing; model 139.000s/6 calls; 139.125s including wait/save; 4908.411s since startup
Processed 84/228 this run (84/228 total window): PIPELINE_SUCCESS in 37.138s processing; model 36.892s/8 calls; 37.214s including wait/save; 4945.625s since startup
Processed 85/228 this run (85/228 total window): PIPELINE_SUCCESS in 51.346s processing; model 51.183s/7 calls; 51.421s including wait/save; 4997.045s since startup
Processed 86/228 this run (86/228 total window): PIPELINE_SUCCESS in 108.894s processing; model 108.811s/7 calls; 108.972s including wait/save; 5106.018s since startup
Processed 87/228 this run (87/228 total window): PIPELINE_SUCCESS in 76.923s processing; model 76.730s/8 calls; 77.017s including wait/save; 5183.035s since startup
Processed 88/228 this run (88/228 total window): PIPELINE_SUCCESS in 60.34s processing; model 60.146s/9 calls; 60.417s including wait/save; 5243.452s since startup
Processed 89/228 this run (89/228 total window): PIPELINE_SUCCESS in 72.797s processing; model 72.716s/9 calls; 72.887s including wait/save; 5316.339s since startup
Processed 90/228 this run (90/228 total window): PIPELINE_SUCCESS in 52.181s processing; model 52.012s/7 calls; 52.262s including wait/save; 5368.601s since startup
Processed 91/228 this run (91/228 total window): PIPELINE_SUCCESS in 47.448s processing; model 47.287s/8 calls; 47.540s including wait/save; 5416.141s since startup
Processed 92/228 this run (92/228 total window): PIPELINE_SUCCESS in 41.631s processing; model 41.523s/8 calls; 41.714s including wait/save; 5457.855s since startup
Processed 93/228 this run (93/228 total window): PIPELINE_SUCCESS in 44.631s processing; model 44.447s/7 calls; 44.713s including wait/save; 5502.569s since startup
Processed 94/228 this run (94/228 total window): PIPELINE_SUCCESS in 83.581s processing; model 83.100s/10 calls; 83.664s including wait/save; 5586.233s since startup
Processed 95/228 this run (95/228 total window): PIPELINE_SUCCESS in 53.107s processing; model 53.001s/8 calls; 53.192s including wait/save; 5639.425s since startup
Processed 96/228 this run (96/228 total window): PIPELINE_SUCCESS in 43.501s processing; model 43.412s/9 calls; 43.587s including wait/save; 5683.012s since startup
Processed 97/228 this run (97/228 total window): PIPELINE_SUCCESS in 121.342s processing; model 121.269s/9 calls; 121.441s including wait/save; 5804.454s since startup
Processed 98/228 this run (98/228 total window): PIPELINE_SUCCESS in 48.975s processing; model 48.881s/8 calls; 49.063s including wait/save; 5853.517s since startup
Processed 99/228 this run (99/228 total window): PIPELINE_SUCCESS in 102.664s processing; model 102.555s/10 calls; 102.753s including wait/save; 5956.270s since startup
Processed 100/228 this run (100/228 total window): PIPELINE_SUCCESS in 31.943s processing; model 31.869s/7 calls; 32.047s including wait/save; 5988.317s since startup
Processed 101/228 this run (101/228 total window): PIPELINE_SUCCESS in 108.624s processing; model 108.511s/9 calls; 108.713s including wait/save; 6097.030s since startup
Processed 102/228 this run (102/228 total window): PIPELINE_SUCCESS in 92.396s processing; model 92.292s/9 calls; 92.487s including wait/save; 6189.517s since startup
Processed 103/228 this run (103/228 total window): PIPELINE_SUCCESS in 73.792s processing; model 73.727s/8 calls; 73.893s including wait/save; 6263.410s since startup
Processed 104/228 this run (104/228 total window): PIPELINE_SUCCESS in 94.882s processing; model 94.078s/8 calls; 94.974s including wait/save; 6358.385s since startup
Processed 105/228 this run (105/228 total window): PIPELINE_SUCCESS in 38.285s processing; model 36.925s/7 calls; 38.392s including wait/save; 6396.776s since startup
Processed 106/228 this run (106/228 total window): PIPELINE_SUCCESS in 104.457s processing; model 103.800s/7 calls; 104.552s including wait/save; 6501.328s since startup
Processed 107/228 this run (107/228 total window): PIPELINE_SUCCESS in 40.245s processing; model 39.758s/6 calls; 40.351s including wait/save; 6541.679s since startup
Processed 108/228 this run (108/228 total window): PIPELINE_SUCCESS in 34.176s processing; model 33.504s/7 calls; 34.272s including wait/save; 6575.951s since startup
Processed 109/228 this run (109/228 total window): PIPELINE_SUCCESS in 36.793s processing; model 36.379s/5 calls; 36.888s including wait/save; 6612.840s since startup
Processed 110/228 this run (110/228 total window): PIPELINE_SUCCESS in 170.969s processing; model 170.429s/10 calls; 171.069s including wait/save; 6783.908s since startup
Processed 111/228 this run (111/228 total window): PIPELINE_SUCCESS in 93.324s processing; model 92.548s/9 calls; 93.422s including wait/save; 6877.331s since startup
Processed 112/228 this run (112/228 total window): PIPELINE_SUCCESS in 51.632s processing; model 50.551s/7 calls; 51.733s including wait/save; 6929.064s since startup
Processed 113/228 this run (113/228 total window): PIPELINE_SUCCESS in 46.904s processing; model 46.717s/7 calls; 47.009s including wait/save; 6976.074s since startup
Processed 114/228 this run (114/228 total window): PIPELINE_SUCCESS in 48.403s processing; model 47.379s/7 calls; 48.504s including wait/save; 7024.578s since startup
Processed 115/228 this run (115/228 total window): PIPELINE_SUCCESS in 122.737s processing; model 121.899s/9 calls; 122.840s including wait/save; 7147.418s since startup
Processed 116/228 this run (116/228 total window): FINAL_SPEC_ERROR in 133.955s processing; model 133.841s/10 calls; 134.063s including wait/save; 7281.481s since startup
Processed 117/228 this run (117/228 total window): PIPELINE_SUCCESS in 138.334s processing; model 137.610s/9 calls; 138.440s including wait/save; 7419.921s since startup
Processed 118/228 this run (118/228 total window): PIPELINE_SUCCESS in 57.637s processing; model 57.022s/8 calls; 57.744s including wait/save; 7477.666s since startup
Processed 119/228 this run (119/228 total window): PIPELINE_SUCCESS in 116.589s processing; model 113.774s/12 calls; 116.710s including wait/save; 7594.376s since startup
Processed 120/228 this run (120/228 total window): PIPELINE_SUCCESS in 89.665s processing; model 88.442s/10 calls; 89.779s including wait/save; 7684.155s since startup
Processed 121/228 this run (121/228 total window): PIPELINE_SUCCESS in 81.539s processing; model 80.077s/9 calls; 81.649s including wait/save; 7765.804s since startup
Processed 122/228 this run (122/228 total window): PIPELINE_SUCCESS in 98.505s processing; model 97.083s/10 calls; 98.618s including wait/save; 7864.422s since startup
Processed 123/228 this run (123/228 total window): PIPELINE_SUCCESS in 44.719s processing; model 43.582s/8 calls; 44.881s including wait/save; 7909.303s since startup
Processed 124/228 this run (124/228 total window): FINAL_SPEC_ERROR in 133.667s processing; model 133.460s/11 calls; 133.787s including wait/save; 8043.090s since startup
Processed 125/228 this run (125/228 total window): PIPELINE_SUCCESS in 192.012s processing; model 191.027s/10 calls; 192.155s including wait/save; 8235.244s since startup
Processed 126/228 this run (126/228 total window): FINAL_SPEC_ERROR in 222.802s processing; model 222.670s/12 calls; 222.940s including wait/save; 8458.185s since startup
Processed 127/228 this run (127/228 total window): PIPELINE_SUCCESS in 192.512s processing; model 191.307s/11 calls; 192.650s including wait/save; 8650.834s since startup
Processed 128/228 this run (128/228 total window): PIPELINE_SUCCESS in 136.962s processing; model 135.214s/11 calls; 137.092s including wait/save; 8787.926s since startup
Processed 129/228 this run (129/228 total window): PIPELINE_SUCCESS in 169.252s processing; model 167.915s/9 calls; 169.392s including wait/save; 8957.318s since startup
Processed 130/228 this run (130/228 total window): PIPELINE_SUCCESS in 54.104s processing; model 52.427s/9 calls; 54.253s including wait/save; 9011.571s since startup
Processed 131/228 this run (131/228 total window): PIPELINE_SUCCESS in 123.272s processing; model 121.616s/13 calls; 123.419s including wait/save; 9134.990s since startup
Processed 132/228 this run (132/228 total window): PIPELINE_SUCCESS in 90.597s processing; model 89.202s/9 calls; 90.745s including wait/save; 9225.735s since startup
Processed 133/228 this run (133/228 total window): PIPELINE_SUCCESS in 105.319s processing; model 103.954s/13 calls; 105.481s including wait/save; 9331.216s since startup
Processed 134/228 this run (134/228 total window): FINAL_SPEC_ERROR in 231.301s processing; model 231.059s/16 calls; 231.459s including wait/save; 9562.675s since startup
Processed 135/228 this run (135/228 total window): PIPELINE_SUCCESS in 26.585s processing; model 26.568s/5 calls; 26.743s including wait/save; 9589.419s since startup
Processed 136/228 this run (136/228 total window): PIPELINE_SUCCESS in 61.49s processing; model 61.435s/7 calls; 61.652s including wait/save; 9651.071s since startup
Processed 137/228 this run (137/228 total window): PIPELINE_SUCCESS in 13.849s processing; model 13.827s/5 calls; 14.029s including wait/save; 9665.100s since startup
Processed 138/228 this run (138/228 total window): PIPELINE_SUCCESS in 31.087s processing; model 31.048s/5 calls; 31.268s including wait/save; 9696.368s since startup
Processed 139/228 this run (139/228 total window): PIPELINE_SUCCESS in 27.308s processing; model 27.284s/5 calls; 27.489s including wait/save; 9723.857s since startup
Processed 140/228 this run (140/228 total window): PIPELINE_SUCCESS in 26.332s processing; model 26.294s/5 calls; 26.500s including wait/save; 9750.356s since startup
Processed 141/228 this run (141/228 total window): PIPELINE_SUCCESS in 42.273s processing; model 42.175s/7 calls; 42.434s including wait/save; 9792.790s since startup
Processed 142/228 this run (142/228 total window): PIPELINE_SUCCESS in 24.608s processing; model 24.583s/5 calls; 24.788s including wait/save; 9817.578s since startup
Processed 143/228 this run (143/228 total window): PIPELINE_SUCCESS in 13.438s processing; model 13.398s/5 calls; 13.603s including wait/save; 9831.182s since startup
Processed 144/228 this run (144/228 total window): PIPELINE_SUCCESS in 46.036s processing; model 45.967s/6 calls; 46.198s including wait/save; 9877.380s since startup
Processed 145/228 this run (145/228 total window): PIPELINE_SUCCESS in 35.455s processing; model 35.420s/6 calls; 35.615s including wait/save; 9912.995s since startup
Processed 146/228 this run (146/228 total window): PIPELINE_SUCCESS in 46.24s processing; model 46.200s/7 calls; 46.427s including wait/save; 9959.422s since startup
Processed 147/228 this run (147/228 total window): PIPELINE_SUCCESS in 39.977s processing; model 39.936s/6 calls; 40.144s including wait/save; 9999.566s since startup
Processed 148/228 this run (148/228 total window): PIPELINE_SUCCESS in 26.019s processing; model 25.991s/5 calls; 26.189s including wait/save; 10025.755s since startup
Processed 149/228 this run (149/228 total window): PIPELINE_SUCCESS in 36.961s processing; model 36.914s/6 calls; 37.124s including wait/save; 10062.879s since startup
Processed 150/228 this run (150/228 total window): PIPELINE_SUCCESS in 13.708s processing; model 13.670s/5 calls; 13.867s including wait/save; 10076.747s since startup
Processed 151/228 this run (151/228 total window): PIPELINE_SUCCESS in 27.586s processing; model 27.560s/5 calls; 27.756s including wait/save; 10104.503s since startup
Processed 152/228 this run (152/228 total window): PIPELINE_SUCCESS in 19.731s processing; model 19.703s/5 calls; 19.903s including wait/save; 10124.406s since startup
Processed 153/228 this run (153/228 total window): PIPELINE_SUCCESS in 69.899s processing; model 69.843s/7 calls; 70.065s including wait/save; 10194.471s since startup
Processed 154/228 this run (154/228 total window): PIPELINE_SUCCESS in 36.741s processing; model 36.652s/6 calls; 36.897s including wait/save; 10231.369s since startup
Processed 155/228 this run (155/228 total window): PIPELINE_SUCCESS in 34.458s processing; model 34.308s/6 calls; 34.624s including wait/save; 10265.993s since startup
Processed 156/228 this run (156/228 total window): PIPELINE_SUCCESS in 24.234s processing; model 24.181s/6 calls; 24.426s including wait/save; 10290.419s since startup
Processed 157/228 this run (157/228 total window): PIPELINE_SUCCESS in 34.023s processing; model 33.883s/6 calls; 34.192s including wait/save; 10324.611s since startup
Processed 158/228 this run (158/228 total window): PIPELINE_SUCCESS in 48.16s processing; model 48.062s/6 calls; 48.329s including wait/save; 10372.940s since startup
Processed 159/228 this run (159/228 total window): PIPELINE_SUCCESS in 32.644s processing; model 32.573s/6 calls; 32.814s including wait/save; 10405.754s since startup
Processed 160/228 this run (160/228 total window): PIPELINE_SUCCESS in 52.664s processing; model 52.552s/7 calls; 52.875s including wait/save; 10458.629s since startup
Processed 161/228 this run (161/228 total window): PIPELINE_SUCCESS in 72.752s processing; model 72.662s/7 calls; 72.923s including wait/save; 10531.552s since startup
Processed 162/228 this run (162/228 total window): PIPELINE_SUCCESS in 72.08s processing; model 71.940s/9 calls; 72.252s including wait/save; 10603.803s since startup
Processed 163/228 this run (163/228 total window): PIPELINE_SUCCESS in 130.604s processing; model 130.545s/6 calls; 130.789s including wait/save; 10734.593s since startup
Processed 164/228 this run (164/228 total window): PIPELINE_SUCCESS in 27.282s processing; model 27.163s/6 calls; 27.455s including wait/save; 10762.047s since startup
Processed 165/228 this run (165/228 total window): PIPELINE_SUCCESS in 54.533s processing; model 54.448s/8 calls; 54.729s including wait/save; 10816.776s since startup
Processed 166/228 this run (166/228 total window): PIPELINE_SUCCESS in 19.87s processing; model 19.808s/5 calls; 20.043s including wait/save; 10836.820s since startup
Processed 167/228 this run (167/228 total window): PIPELINE_SUCCESS in 32.695s processing; model 32.651s/5 calls; 32.870s including wait/save; 10869.690s since startup
Processed 168/228 this run (168/228 total window): PIPELINE_SUCCESS in 15.919s processing; model 15.866s/5 calls; 16.086s including wait/save; 10885.776s since startup
Processed 169/228 this run (169/228 total window): PIPELINE_SUCCESS in 18.097s processing; model 18.041s/5 calls; 18.273s including wait/save; 10904.049s since startup
Processed 170/228 this run (170/228 total window): PIPELINE_SUCCESS in 37.955s processing; model 37.908s/6 calls; 38.169s including wait/save; 10942.218s since startup
Processed 171/228 this run (171/228 total window): PIPELINE_SUCCESS in 117.769s processing; model 117.663s/5 calls; 117.957s including wait/save; 11060.175s since startup
Processed 172/228 this run (172/228 total window): PIPELINE_SUCCESS in 21.766s processing; model 21.649s/5 calls; 21.946s including wait/save; 11082.121s since startup
Processed 173/228 this run (173/228 total window): PIPELINE_SUCCESS in 49.462s processing; model 49.422s/6 calls; 49.641s including wait/save; 11131.762s since startup
Processed 174/228 this run (174/228 total window): PIPELINE_SUCCESS in 34.037s processing; model 33.992s/5 calls; 34.216s including wait/save; 11165.978s since startup
Processed 175/228 this run (175/228 total window): PIPELINE_SUCCESS in 17.98s processing; model 17.952s/5 calls; 18.165s including wait/save; 11184.143s since startup
Processed 176/228 this run (176/228 total window): PIPELINE_SUCCESS in 25.487s processing; model 25.151s/6 calls; 25.665s including wait/save; 11209.809s since startup
Processed 177/228 this run (177/228 total window): PIPELINE_SUCCESS in 36.248s processing; model 36.179s/6 calls; 36.444s including wait/save; 11246.253s since startup
Processed 178/228 this run (178/228 total window): PIPELINE_SUCCESS in 40.702s processing; model 40.357s/6 calls; 40.883s including wait/save; 11287.136s since startup
Processed 179/228 this run (179/228 total window): PIPELINE_SUCCESS in 56.471s processing; model 56.413s/6 calls; 56.664s including wait/save; 11343.800s since startup
Processed 180/228 this run (180/228 total window): PIPELINE_SUCCESS in 42.634s processing; model 42.584s/6 calls; 42.819s including wait/save; 11386.620s since startup
Processed 181/228 this run (181/228 total window): PIPELINE_SUCCESS in 37.913s processing; model 37.855s/6 calls; 38.106s including wait/save; 11424.726s since startup
Processed 182/228 this run (182/228 total window): PIPELINE_SUCCESS in 68.653s processing; model 68.590s/8 calls; 68.850s including wait/save; 11493.576s since startup
Processed 183/228 this run (183/228 total window): PIPELINE_SUCCESS in 29.325s processing; model 29.270s/6 calls; 29.508s including wait/save; 11523.084s since startup
Processed 184/228 this run (184/228 total window): PIPELINE_SUCCESS in 43.178s processing; model 43.107s/6 calls; 43.360s including wait/save; 11566.445s since startup
Processed 185/228 this run (185/228 total window): PIPELINE_SUCCESS in 36.83s processing; model 36.467s/6 calls; 37.013s including wait/save; 11603.458s since startup
Processed 186/228 this run (186/228 total window): PIPELINE_SUCCESS in 62.955s processing; model 62.564s/7 calls; 63.138s including wait/save; 11666.596s since startup
Processed 187/228 this run (187/228 total window): PIPELINE_SUCCESS in 72.3s processing; model 71.604s/7 calls; 72.486s including wait/save; 11739.082s since startup
Processed 188/228 this run (188/228 total window): PIPELINE_SUCCESS in 60.96s processing; model 60.565s/9 calls; 61.148s including wait/save; 11800.230s since startup
Processed 189/228 this run (189/228 total window): PIPELINE_SUCCESS in 51.482s processing; model 51.077s/7 calls; 51.670s including wait/save; 11851.900s since startup
Processed 190/228 this run (190/228 total window): PIPELINE_SUCCESS in 66.95s processing; model 66.556s/7 calls; 67.145s including wait/save; 11919.045s since startup
Processed 191/228 this run (191/228 total window): PIPELINE_SUCCESS in 60.224s processing; model 59.834s/7 calls; 60.416s including wait/save; 11979.461s since startup
Processed 192/228 this run (192/228 total window): PIPELINE_SUCCESS in 39.935s processing; model 39.539s/7 calls; 40.128s including wait/save; 12019.590s since startup
Processed 193/228 this run (193/228 total window): PIPELINE_SUCCESS in 60.11s processing; model 59.683s/8 calls; 60.416s including wait/save; 12080.006s since startup
Processed 194/228 this run (194/228 total window): PIPELINE_SUCCESS in 47.621s processing; model 46.527s/8 calls; 47.827s including wait/save; 12127.833s since startup
Processed 195/228 this run (195/228 total window): PIPELINE_SUCCESS in 45.545s processing; model 44.488s/8 calls; 45.750s including wait/save; 12173.583s since startup
Processed 196/228 this run (196/228 total window): PIPELINE_SUCCESS in 54.294s processing; model 53.540s/7 calls; 54.489s including wait/save; 12228.073s since startup
Processed 197/228 this run (197/228 total window): PIPELINE_SUCCESS in 96.291s processing; model 95.524s/8 calls; 96.489s including wait/save; 12324.562s since startup
Processed 198/228 this run (198/228 total window): PIPELINE_SUCCESS in 43.197s processing; model 42.942s/6 calls; 43.387s including wait/save; 12367.948s since startup
Processed 199/228 this run (199/228 total window): PIPELINE_SUCCESS in 43.175s processing; model 42.914s/7 calls; 43.372s including wait/save; 12411.320s since startup
Processed 200/228 this run (200/228 total window): PIPELINE_SUCCESS in 26.876s processing; model 26.690s/5 calls; 27.084s including wait/save; 12438.405s since startup
Processed 201/228 this run (201/228 total window): PIPELINE_SUCCESS in 39.287s processing; model 39.158s/5 calls; 39.488s including wait/save; 12477.892s since startup
Processed 202/228 this run (202/228 total window): PIPELINE_SUCCESS in 27.744s processing; model 27.720s/5 calls; 27.957s including wait/save; 12505.849s since startup
Processed 203/228 this run (203/228 total window): PIPELINE_SUCCESS in 43.851s processing; model 43.824s/5 calls; 44.062s including wait/save; 12549.911s since startup
Processed 204/228 this run (204/228 total window): PIPELINE_SUCCESS in 41.454s processing; model 41.431s/5 calls; 41.676s including wait/save; 12591.587s since startup
Processed 205/228 this run (205/228 total window): PIPELINE_SUCCESS in 22.619s processing; model 22.584s/5 calls; 22.826s including wait/save; 12614.413s since startup
Processed 206/228 this run (206/228 total window): PIPELINE_SUCCESS in 39.352s processing; model 39.091s/5 calls; 39.570s including wait/save; 12653.984s since startup
Processed 207/228 this run (207/228 total window): PIPELINE_SUCCESS in 40.803s processing; model 40.766s/6 calls; 41.013s including wait/save; 12694.997s since startup
Processed 208/228 this run (208/228 total window): PIPELINE_SUCCESS in 33.054s processing; model 32.999s/5 calls; 33.272s including wait/save; 12728.270s since startup
Processed 209/228 this run (209/228 total window): PIPELINE_SUCCESS in 136.749s processing; model 136.663s/7 calls; 136.965s including wait/save; 12865.234s since startup
Processed 210/228 this run (210/228 total window): PIPELINE_SUCCESS in 50.871s processing; model 50.800s/6 calls; 51.079s including wait/save; 12916.314s since startup
Processed 211/228 this run (211/228 total window): PIPELINE_SUCCESS in 51.355s processing; model 51.326s/5 calls; 51.558s including wait/save; 12967.872s since startup
Processed 212/228 this run (212/228 total window): PIPELINE_SUCCESS in 43.554s processing; model 43.519s/6 calls; 43.755s including wait/save; 13011.627s since startup
Processed 213/228 this run (213/228 total window): PIPELINE_SUCCESS in 34.821s processing; model 34.798s/5 calls; 35.030s including wait/save; 13046.658s since startup
Processed 214/228 this run (214/228 total window): PIPELINE_SUCCESS in 44.443s processing; model 44.409s/5 calls; 44.654s including wait/save; 13091.312s since startup
Processed 215/228 this run (215/228 total window): PIPELINE_SUCCESS in 50.105s processing; model 50.055s/7 calls; 50.321s including wait/save; 13141.633s since startup
Processed 216/228 this run (216/228 total window): PIPELINE_SUCCESS in 48.032s processing; model 47.974s/6 calls; 48.239s including wait/save; 13189.872s since startup
Processed 217/228 this run (217/228 total window): PIPELINE_SUCCESS in 26.192s processing; model 26.135s/6 calls; 26.402s including wait/save; 13216.273s since startup
Processed 218/228 this run (218/228 total window): PIPELINE_SUCCESS in 57.148s processing; model 57.099s/6 calls; 57.354s including wait/save; 13273.627s since startup
Processed 219/228 this run (219/228 total window): PIPELINE_SUCCESS in 48.915s processing; model 48.846s/6 calls; 49.125s including wait/save; 13322.752s since startup
Processed 220/228 this run (220/228 total window): PIPELINE_SUCCESS in 65.487s processing; model 65.345s/8 calls; 65.698s including wait/save; 13388.451s since startup
Processed 221/228 this run (221/228 total window): PIPELINE_SUCCESS in 32.708s processing; model 32.653s/6 calls; 32.915s including wait/save; 13421.366s since startup
Processed 222/228 this run (222/228 total window): PIPELINE_SUCCESS in 40.568s processing; model 40.483s/7 calls; 40.779s including wait/save; 13462.145s since startup
Processed 223/228 this run (223/228 total window): PIPELINE_SUCCESS in 30.485s processing; model 30.417s/6 calls; 30.694s including wait/save; 13492.839s since startup
Processed 224/228 this run (224/228 total window): PIPELINE_SUCCESS in 60.499s processing; model 60.240s/8 calls; 60.708s including wait/save; 13553.547s since startup
Processed 225/228 this run (225/228 total window): PIPELINE_SUCCESS in 29.711s processing; model 29.636s/6 calls; 29.921s including wait/save; 13583.469s since startup
Processed 226/228 this run (226/228 total window): PIPELINE_SUCCESS in 58.448s processing; model 58.382s/7 calls; 58.660s including wait/save; 13642.129s since startup
Processed 227/228 this run (227/228 total window): PIPELINE_SUCCESS in 46.48s processing; model 46.412s/8 calls; 46.692s including wait/save; 13688.821s since startup
Processed 228/228 this run (228/228 total window): PIPELINE_SUCCESS in 31.136s processing; model 31.076s/6 calls; 31.367s including wait/save; 13720.189s since startup
[COMPLETE] Pipeline finished. Details: /home/kritik/Desktop/neosapiens/finance/script_diff_llm2/ablations/improvement10_models/source/improvement10/.runtime/logs/pipeline_20261006_134111_134264.log
[TIME] Startup-to-finish: 13720.56s; model requests: 13635.20s (1629 calls). Slowest model stages: Query_Understanding=5147.18s, Query_Spec=2779.66s, Decompose=2704.08s, Final_Spec=2651.44s
[TIMING] /home/kritik/Desktop/neosapiens/finance/script_diff_llm2/ablations/improvement10_models/source/improvement10/.runtime/logs/timing_20261006_134109_134264.json
