[INPUT] ONTOLOGY_FILE: /home/kritik/Desktop/neosapiens/finance/script_diff_llm2/ablations/improvement11_gpt_oss_120b/source/improvemnt11kgfixed/kg_output_fixed/wealth_management_diverse_schema.ttl
[INPUT] INSTANCE_FILE: /home/kritik/Desktop/neosapiens/finance/script_diff_llm2/ablations/improvement11_gpt_oss_120b/source/improvemnt11kgfixed/kg_output_fixed/wealth_management_diverse_kg.ttl
[INPUT] DOMAIN_INTRO_FILE: /home/kritik/Desktop/neosapiens/finance/script_diff_llm2/ablations/improvement11_gpt_oss_120b/source/improvemnt11kgfixed/domain_intro_latest.prompt
[INPUT] BUSINESS_RULES_FILE: /home/kritik/Desktop/neosapiens/finance/script_diff_llm2/ablations/improvement11_gpt_oss_120b/source/improvemnt11kgfixed/business_rules_addendum.md
[RUNNING] Report: /home/kritik/Desktop/neosapiens/finance/script_diff_llm2/ablations/improvement11_gpt_oss_120b/runs/azure_gpt_oss_120b/azure_resume8_01/parallel_workers8/worker_02/raw_pipeline.csv
[LOG] /home/kritik/Desktop/neosapiens/finance/script_diff_llm2/ablations/improvement11_gpt_oss_120b/source/improvemnt11kgfixed/.runtime/logs/pipeline_20261008_073706_418793.log
[CACHE] Knowledge hit in 0.012s
[TIME] Startup ready: 2.181s; query delay: 0s
Processed 1/88 this run (1/88 total window): PIPELINE_SUCCESS in 381.335s processing; model 380.845s/10 calls; 381.341s including wait/save; 383.523s since startup
Processed 2/88 this run (2/88 total window): PIPELINE_SUCCESS in 159.875s processing; model 159.641s/5 calls; 159.882s including wait/save; 543.405s since startup
Processed 3/88 this run (3/88 total window): PIPELINE_SUCCESS in 609.714s processing; model 609.411s/10 calls; 609.722s including wait/save; 1153.127s since startup
Processed 4/88 this run (4/88 total window): PIPELINE_SUCCESS in 437.909s processing; model 436.905s/8 calls; 437.919s including wait/save; 1591.046s since startup
Processed 5/88 this run (5/88 total window): CRASH in 827.275s processing; model 827.254s/3 calls; 827.314s including wait/save; 2418.360s since startup
Processed 6/88 this run (6/88 total window): PIPELINE_SUCCESS in 96.26s processing; model 96.168s/5 calls; 96.277s including wait/save; 2514.637s since startup
Processed 7/88 this run (7/88 total window): PIPELINE_SUCCESS in 104.717s processing; model 104.629s/5 calls; 104.732s including wait/save; 2619.369s since startup
Processed 8/88 this run (8/88 total window): FINAL_SPEC_ERROR in 544.168s processing; model 543.843s/15 calls; 544.189s including wait/save; 3163.558s since startup
Processed 9/88 this run (9/88 total window): PIPELINE_SUCCESS in 230.8s processing; model 230.594s/7 calls; 230.811s including wait/save; 3394.370s since startup
Processed 10/88 this run (10/88 total window): PIPELINE_SUCCESS in 281.165s processing; model 281.051s/6 calls; 281.178s including wait/save; 3675.548s since startup
Processed 11/88 this run (11/88 total window): PIPELINE_SUCCESS in 209.657s processing; model 209.423s/7 calls; 209.670s including wait/save; 3885.218s since startup
Processed 12/88 this run (12/88 total window): PIPELINE_SUCCESS in 336.271s processing; model 336.068s/7 calls; 336.286s including wait/save; 4221.504s since startup
Processed 13/88 this run (13/88 total window): PIPELINE_SUCCESS in 256.185s processing; model 255.872s/8 calls; 256.200s including wait/save; 4477.705s since startup
Processed 14/88 this run (14/88 total window): FINAL_SPEC_ERROR in 353.464s processing; model 353.291s/9 calls; 353.482s including wait/save; 4831.186s since startup
Processed 15/88 this run (15/88 total window): PIPELINE_SUCCESS in 169.769s processing; model 169.080s/6 calls; 169.786s including wait/save; 5000.972s since startup
Processed 16/88 this run (16/88 total window): PIPELINE_SUCCESS in 224.481s processing; model 224.344s/6 calls; 224.500s including wait/save; 5225.472s since startup
Processed 17/88 this run (17/88 total window): PIPELINE_SUCCESS in 267.954s processing; model 267.206s/5 calls; 267.972s including wait/save; 5493.444s since startup
Processed 18/88 this run (18/88 total window): PIPELINE_SUCCESS in 300.16s processing; model 299.950s/8 calls; 300.178s including wait/save; 5793.623s since startup
Processed 19/88 this run (19/88 total window): PIPELINE_SUCCESS in 298.246s processing; model 297.998s/8 calls; 298.265s including wait/save; 6091.888s since startup
Processed 20/88 this run (20/88 total window): PIPELINE_SUCCESS in 368.295s processing; model 367.943s/11 calls; 368.317s including wait/save; 6460.205s since startup
Processed 21/88 this run (21/88 total window): PIPELINE_SUCCESS in 296.51s processing; model 296.227s/7 calls; 296.530s including wait/save; 6756.736s since startup
Processed 22/88 this run (22/88 total window): PIPELINE_SUCCESS in 205.288s processing; model 205.095s/7 calls; 205.309s including wait/save; 6962.045s since startup
Processed 23/88 this run (23/88 total window): PIPELINE_SUCCESS in 544.037s processing; model 542.792s/9 calls; 544.059s including wait/save; 7506.104s since startup
Processed 24/88 this run (24/88 total window): PIPELINE_SUCCESS in 330.431s processing; model 328.844s/8 calls; 330.455s including wait/save; 7836.560s since startup
Processed 25/88 this run (25/88 total window): PIPELINE_SUCCESS in 295.72s processing; model 294.332s/8 calls; 295.744s including wait/save; 8132.304s since startup
Processed 26/88 this run (26/88 total window): PIPELINE_SUCCESS in 327.746s processing; model 326.509s/9 calls; 327.772s including wait/save; 8460.076s since startup
Processed 27/88 this run (27/88 total window): PIPELINE_SUCCESS in 1194.192s processing; model 1191.902s/8 calls; 1194.219s including wait/save; 9654.295s since startup
Processed 28/88 this run (28/88 total window): PIPELINE_SUCCESS in 511.924s processing; model 510.770s/6 calls; 511.951s including wait/save; 10166.246s since startup
Processed 29/88 this run (29/88 total window): PIPELINE_SUCCESS in 167.717s processing; model 167.198s/6 calls; 167.745s including wait/save; 10333.991s since startup
Processed 30/88 this run (30/88 total window): PIPELINE_SUCCESS in 567.907s processing; model 566.505s/7 calls; 567.937s including wait/save; 10901.928s since startup
Processed 31/88 this run (31/88 total window): PIPELINE_SUCCESS in 780.82s processing; model 779.145s/7 calls; 780.850s including wait/save; 11682.778s since startup
Processed 32/88 this run (32/88 total window): PIPELINE_SUCCESS in 393.269s processing; model 392.339s/7 calls; 393.300s including wait/save; 12076.078s since startup
Processed 33/88 this run (33/88 total window): PIPELINE_SUCCESS in 227.671s processing; model 226.628s/7 calls; 227.703s including wait/save; 12303.782s since startup
Processed 34/88 this run (34/88 total window): PIPELINE_SUCCESS in 651.394s processing; model 649.691s/8 calls; 651.427s including wait/save; 12955.208s since startup
Processed 35/88 this run (35/88 total window): PIPELINE_SUCCESS in 368.024s processing; model 366.149s/9 calls; 368.059s including wait/save; 13323.267s since startup
Processed 36/88 this run (36/88 total window): PIPELINE_SUCCESS in 317.465s processing; model 315.665s/8 calls; 317.502s including wait/save; 13640.770s since startup
Processed 37/88 this run (37/88 total window): PIPELINE_SUCCESS in 709.559s processing; model 707.779s/8 calls; 709.597s including wait/save; 14350.367s since startup
Processed 38/88 this run (38/88 total window): CRASH in 566.989s processing; model 566.983s/1 calls; 567.038s including wait/save; 14917.405s since startup
Processed 39/88 this run (39/88 total window): PIPELINE_SUCCESS in 440.173s processing; model 437.507s/9 calls; 440.214s including wait/save; 15357.619s since startup
Processed 40/88 this run (40/88 total window): PIPELINE_SUCCESS in 425.108s processing; model 423.057s/9 calls; 425.151s including wait/save; 15782.769s since startup
Processed 41/88 this run (41/88 total window): CRASH in 569.746s processing; model 569.741s/1 calls; 569.798s including wait/save; 16352.568s since startup
Processed 42/88 this run (42/88 total window): CRASH in 568.792s processing; model 568.787s/1 calls; 568.844s including wait/save; 16921.413s since startup
Processed 43/88 this run (43/88 total window): PIPELINE_SUCCESS in 136.477s processing; model 136.396s/5 calls; 136.520s including wait/save; 17057.932s since startup
Processed 44/88 this run (44/88 total window): PIPELINE_SUCCESS in 116.24s processing; model 116.137s/5 calls; 116.284s including wait/save; 17174.216s since startup
Processed 45/88 this run (45/88 total window): PIPELINE_SUCCESS in 141.651s processing; model 141.262s/5 calls; 141.695s including wait/save; 17315.911s since startup
Processed 46/88 this run (46/88 total window): PIPELINE_SUCCESS in 252.202s processing; model 252.067s/7 calls; 252.246s including wait/save; 17568.157s since startup
Processed 47/88 this run (47/88 total window): PIPELINE_SUCCESS in 118.681s processing; model 118.523s/5 calls; 118.746s including wait/save; 17686.903s since startup
Processed 48/88 this run (48/88 total window): PIPELINE_SUCCESS in 99.635s processing; model 99.515s/5 calls; 99.689s including wait/save; 17786.592s since startup
Processed 49/88 this run (49/88 total window): PIPELINE_SUCCESS in 96.1s processing; model 96.012s/5 calls; 96.152s including wait/save; 17882.745s since startup
Processed 50/88 this run (50/88 total window): PIPELINE_SUCCESS in 121.543s processing; model 121.452s/5 calls; 121.601s including wait/save; 18004.346s since startup
Processed 51/88 this run (51/88 total window): PIPELINE_SUCCESS in 158.197s processing; model 157.907s/6 calls; 158.261s including wait/save; 18162.607s since startup
Processed 52/88 this run (52/88 total window): PIPELINE_SUCCESS in 231.194s processing; model 230.964s/7 calls; 231.246s including wait/save; 18393.853s since startup
Processed 53/88 this run (53/88 total window): PIPELINE_SUCCESS in 199.17s processing; model 198.740s/6 calls; 199.231s including wait/save; 18593.084s since startup
Processed 54/88 this run (54/88 total window): PIPELINE_SUCCESS in 289.192s processing; model 288.973s/8 calls; 289.243s including wait/save; 18882.327s since startup
Processed 55/88 this run (55/88 total window): PIPELINE_SUCCESS in 167.451s processing; model 167.264s/6 calls; 167.515s including wait/save; 19049.842s since startup
Processed 56/88 this run (56/88 total window): PIPELINE_SUCCESS in 377.204s processing; model 376.238s/8 calls; 377.295s including wait/save; 19427.137s since startup
Processed 57/88 this run (57/88 total window): PIPELINE_SUCCESS in 230.144s processing; model 229.689s/8 calls; 230.198s including wait/save; 19657.336s since startup
Processed 58/88 this run (58/88 total window): PIPELINE_SUCCESS in 165.314s processing; model 165.087s/6 calls; 165.380s including wait/save; 19822.716s since startup
Processed 59/88 this run (59/88 total window): PIPELINE_SUCCESS in 221.944s processing; model 221.695s/7 calls; 221.999s including wait/save; 20044.715s since startup
Processed 60/88 this run (60/88 total window): PIPELINE_SUCCESS in 115.665s processing; model 115.578s/5 calls; 115.732s including wait/save; 20160.447s since startup
Processed 61/88 this run (61/88 total window): PIPELINE_SUCCESS in 193.779s processing; model 193.605s/6 calls; 193.844s including wait/save; 20354.291s since startup
Processed 62/88 this run (62/88 total window): PIPELINE_SUCCESS in 178.963s processing; model 178.772s/7 calls; 179.024s including wait/save; 20533.315s since startup
Processed 63/88 this run (63/88 total window): PIPELINE_SUCCESS in 181.552s processing; model 181.364s/7 calls; 181.608s including wait/save; 20714.924s since startup
Processed 64/88 this run (64/88 total window): PIPELINE_SUCCESS in 191.739s processing; model 191.568s/6 calls; 191.808s including wait/save; 20906.732s since startup
Processed 65/88 this run (65/88 total window): PIPELINE_SUCCESS in 356.887s processing; model 356.703s/7 calls; 356.950s including wait/save; 21263.683s since startup
Processed 66/88 this run (66/88 total window): PIPELINE_SUCCESS in 111.199s processing; model 111.039s/6 calls; 111.256s including wait/save; 21374.939s since startup
Processed 67/88 this run (67/88 total window): PIPELINE_SUCCESS in 155.797s processing; model 155.209s/7 calls; 155.855s including wait/save; 21530.793s since startup
Processed 68/88 this run (68/88 total window): PIPELINE_SUCCESS in 309.092s processing; model 308.372s/9 calls; 309.162s including wait/save; 21839.956s since startup
Processed 69/88 this run (69/88 total window): PIPELINE_SUCCESS in 235.966s processing; model 235.374s/7 calls; 236.026s including wait/save; 22075.982s since startup
Processed 70/88 this run (70/88 total window): PIPELINE_SUCCESS in 215.038s processing; model 214.715s/7 calls; 215.110s including wait/save; 22291.092s since startup
Processed 71/88 this run (71/88 total window): TRANSIENT_ERROR in 325.224s processing; model 324.466s/8 calls; 325.307s including wait/save; 22616.400s since startup
Processed 72/88 this run (72/88 total window): TRANSIENT_ERROR in 12.851s processing; model 12.845s/1 calls; 12.926s including wait/save; 22629.326s since startup
Processed 73/88 this run (73/88 total window): TRANSIENT_ERROR in 13.825s processing; model 13.819s/1 calls; 13.900s including wait/save; 22643.226s since startup
Processed 74/88 this run (74/88 total window): TRANSIENT_ERROR in 14.344s processing; model 14.339s/1 calls; 14.413s including wait/save; 22657.638s since startup
Processed 75/88 this run (75/88 total window): TRANSIENT_ERROR in 12.381s processing; model 12.375s/1 calls; 12.449s including wait/save; 22670.087s since startup
Processed 76/88 this run (76/88 total window): TRANSIENT_ERROR in 13.556s processing; model 13.550s/1 calls; 13.628s including wait/save; 22683.715s since startup
Processed 77/88 this run (77/88 total window): TRANSIENT_ERROR in 13.399s processing; model 13.394s/1 calls; 13.479s including wait/save; 22697.195s since startup
Processed 78/88 this run (78/88 total window): TRANSIENT_ERROR in 12.659s processing; model 12.654s/1 calls; 12.737s including wait/save; 22709.932s since startup
Processed 79/88 this run (79/88 total window): TRANSIENT_ERROR in 13.853s processing; model 13.848s/1 calls; 13.938s including wait/save; 22723.870s since startup
Processed 80/88 this run (80/88 total window): TRANSIENT_ERROR in 14.695s processing; model 14.690s/1 calls; 14.770s including wait/save; 22738.640s since startup
Processed 81/88 this run (81/88 total window): TRANSIENT_ERROR in 14.363s processing; model 14.358s/1 calls; 14.431s including wait/save; 22753.072s since startup
Processed 82/88 this run (82/88 total window): TRANSIENT_ERROR in 14.151s processing; model 14.146s/1 calls; 14.224s including wait/save; 22767.296s since startup
Processed 83/88 this run (83/88 total window): TRANSIENT_ERROR in 12.85s processing; model 12.845s/1 calls; 12.923s including wait/save; 22780.219s since startup
Processed 84/88 this run (84/88 total window): TRANSIENT_ERROR in 12.927s processing; model 12.922s/1 calls; 12.999s including wait/save; 22793.218s since startup
Processed 85/88 this run (85/88 total window): TRANSIENT_ERROR in 14.678s processing; model 14.673s/1 calls; 14.758s including wait/save; 22807.976s since startup
Processed 86/88 this run (86/88 total window): TRANSIENT_ERROR in 13.239s processing; model 13.234s/1 calls; 13.313s including wait/save; 22821.289s since startup
Processed 87/88 this run (87/88 total window): TRANSIENT_ERROR in 12.685s processing; model 12.679s/1 calls; 12.757s including wait/save; 22834.046s since startup
Processed 88/88 this run (88/88 total window): TRANSIENT_ERROR in 14.323s processing; model 14.317s/1 calls; 14.422s including wait/save; 22848.469s since startup
[COMPLETE] Pipeline finished. Details: /home/kritik/Desktop/neosapiens/finance/script_diff_llm2/ablations/improvement11_gpt_oss_120b/source/improvemnt11kgfixed/.runtime/logs/pipeline_20261008_073706_418793.log
[TIME] Startup-to-finish: 22848.59s; model requests: 22800.54s (502 calls). Slowest model stages: Query_Understanding=9052.01s, Decompose=4951.39s, Query_Spec=4391.94s, Final_Spec=3821.41s
[TIMING] /home/kritik/Desktop/neosapiens/finance/script_diff_llm2/ablations/improvement11_gpt_oss_120b/source/improvemnt11kgfixed/.runtime/logs/timing_20261008_073705_418793.json
