{
  "snapshot_commit": "9ce5a6d99c96f3c17dda0b98ec8edc0c11bd2380",
  "model_alias": "gemma_3_27b_it",
  "model_id": "google.gemma-3-27b-it",
  "endpoint": "https://bedrock-mantle.us-east-1.api.aws/v1",
  "limit": 0,
  "sources": {
    "db": "/home/kritik/Desktop/neosapiens/finance/script_diff_llm2/ablations/improvement10_models/source/improvement10/wealth_management_diverse.db",
    "yaml-dir": "/home/kritik/Desktop/neosapiens/finance/script_diff_llm2/ablations/improvement10_models/source/improvement10/table_medatada",
    "domain-intro": "/home/kritik/Desktop/neosapiens/finance/script_diff_llm2/ablations/improvement10_models/source/improvement10/domain_intro_latest.prompt",
    "business-rules": "/home/kritik/Desktop/neosapiens/finance/script_diff_llm2/ablations/improvement10_models/source/improvement10/business_rules_addendum.md"
  },
  "workbook": "/home/kritik/Desktop/neosapiens/finance/script_diff_llm2/ablations/improvement10_models/source/improvement10/datatset/wealth_management_1000_test_set_questions.xlsx",
  "full_answers": "/home/kritik/Desktop/neosapiens/finance/script_diff_llm2/ablations/improvement10_models/source/improvement10/datatset/216_questions_full_results.json",
  "output": "/home/kritik/Desktop/neosapiens/finance/script_diff_llm2/ablations/improvement10_models/runs/gemma_3_27b_it/run_01",
  "workers": 1,
  "knowledge_mode": "simple",
  "agent_consultation": "on",
  "grader": "not launched"
}
[DATASET] 1000 questions; 216 reference overrides.
[INPUT] SQLITE_DB_PATH: /home/kritik/Desktop/neosapiens/finance/script_diff_llm2/ablations/improvement10_models/source/improvement10/wealth_management_diverse.db
[INPUT] TABLE_METADATA_DIR: /home/kritik/Desktop/neosapiens/finance/script_diff_llm2/ablations/improvement10_models/source/improvement10/table_medatada
[INPUT] DOMAIN_INTRO_FILE: /home/kritik/Desktop/neosapiens/finance/script_diff_llm2/ablations/improvement10_models/source/improvement10/domain_intro_latest.prompt
[INPUT] BUSINESS_RULES_FILE: /home/kritik/Desktop/neosapiens/finance/script_diff_llm2/ablations/improvement10_models/source/improvement10/business_rules_addendum.md
Validated 17 documents, 8 tables, 8 YAML table matches.
[TIME] Startup-to-finish: 0.19s; model requests: 0.00s (0 calls).
[TIMING] /home/kritik/Desktop/neosapiens/finance/script_diff_llm2/ablations/improvement10_models/source/improvement10/.runtime/logs/check_1791269923104029630_100941.timing.json
{
  "snapshot_commit": "9ce5a6d99c96f3c17dda0b98ec8edc0c11bd2380",
  "model_alias": "gemma_3_27b_it",
  "model_id": "google.gemma-3-27b-it",
  "endpoint": "https://bedrock-mantle.us-east-1.api.aws/v1",
  "limit": 0,
  "sources": {
    "db": "/home/kritik/Desktop/neosapiens/finance/script_diff_llm2/ablations/improvement10_models/source/improvement10/wealth_management_diverse.db",
    "yaml-dir": "/home/kritik/Desktop/neosapiens/finance/script_diff_llm2/ablations/improvement10_models/source/improvement10/table_medatada",
    "domain-intro": "/home/kritik/Desktop/neosapiens/finance/script_diff_llm2/ablations/improvement10_models/source/improvement10/domain_intro_latest.prompt",
    "business-rules": "/home/kritik/Desktop/neosapiens/finance/script_diff_llm2/ablations/improvement10_models/source/improvement10/business_rules_addendum.md"
  },
  "workbook": "/home/kritik/Desktop/neosapiens/finance/script_diff_llm2/ablations/improvement10_models/source/improvement10/datatset/wealth_management_1000_test_set_questions.xlsx",
  "full_answers": "/home/kritik/Desktop/neosapiens/finance/script_diff_llm2/ablations/improvement10_models/source/improvement10/datatset/216_questions_full_results.json",
  "output": "/home/kritik/Desktop/neosapiens/finance/script_diff_llm2/ablations/improvement10_models/runs/gemma_3_27b_it/run_01",
  "workers": 1,
  "knowledge_mode": "simple",
  "agent_consultation": "on",
  "grader": "not launched"
}
[DATASET] 1000 questions; 216 reference overrides.
[INPUT] SQLITE_DB_PATH: /home/kritik/Desktop/neosapiens/finance/script_diff_llm2/ablations/improvement10_models/source/improvement10/wealth_management_diverse.db
[INPUT] TABLE_METADATA_DIR: /home/kritik/Desktop/neosapiens/finance/script_diff_llm2/ablations/improvement10_models/source/improvement10/table_medatada
[INPUT] DOMAIN_INTRO_FILE: /home/kritik/Desktop/neosapiens/finance/script_diff_llm2/ablations/improvement10_models/source/improvement10/domain_intro_latest.prompt
[INPUT] BUSINESS_RULES_FILE: /home/kritik/Desktop/neosapiens/finance/script_diff_llm2/ablations/improvement10_models/source/improvement10/business_rules_addendum.md
[RUNNING] Report: /home/kritik/Desktop/neosapiens/finance/script_diff_llm2/ablations/improvement10_models/runs/gemma_3_27b_it/run_01/raw_pipeline.csv
[LOG] /home/kritik/Desktop/neosapiens/finance/script_diff_llm2/ablations/improvement10_models/source/improvement10/.runtime/logs/pipeline_20261006_123721_104908.log
[KNOWLEDGE] Cache miss. Mode: simple. Model: google.gemma-3-27b-it. Live log: /home/kritik/Desktop/neosapiens/finance/script_diff_llm2/ablations/improvement10_models/runs/gemma_3_27b_it/run_01/logs/knowledge_1791270442052234450_104908.jsonl
[KNOWLEDGE] Using simple process: all documents and schema in one request; up to 3 validation attempts.
[KNOWLEDGE] Whole-document compilation, attempt 1/3: sending request.
[KNOWLEDGE] Whole-document compilation, attempt 1/3: waiting for model, 20.0s elapsed. SDK retries may be included; server progress is unknown.
[KNOWLEDGE] Whole-document compilation, attempt 1/3: waiting for model, 40.0s elapsed. SDK retries may be included; server progress is unknown.
[KNOWLEDGE] Whole-document compilation, attempt 1/3: waiting for model, 60.0s elapsed. SDK retries may be included; server progress is unknown.
[KNOWLEDGE] Whole-document compilation: response in 60.8s; finish=stop, completion tokens=2426. Validating...
[KNOWLEDGE] Rejected response saved for inspection: /home/kritik/Desktop/neosapiens/finance/script_diff_llm2/ablations/improvement10_models/runs/gemma_3_27b_it/run_01/logs/knowledge_1791270442052234450_104908_Whole-document_compilation_attempt_1.rejected.json
[KNOWLEDGE] Whole-document compilation, attempt 1/3 rejected: Expected complete JSON with a closed Markdown fence. Retrying with feedback.
[KNOWLEDGE] Whole-document compilation, attempt 2/3: sending request.
[KNOWLEDGE] Whole-document compilation, attempt 2/3: waiting for model, 20.0s elapsed. SDK retries may be included; server progress is unknown.
[KNOWLEDGE] Whole-document compilation: response in 34.8s; finish=stop, completion tokens=1380. Validating...
[KNOWLEDGE] Whole-document compilation: validation passed.
[KNOWLEDGE] Reviewing 15 draft rules against all original sources for omissions and corrections.
[KNOWLEDGE] Knowledge completeness review, attempt 1/3: sending request.
[KNOWLEDGE] Knowledge completeness review, attempt 1/3: waiting for model, 20.0s elapsed. SDK retries may be included; server progress is unknown.
[KNOWLEDGE] Knowledge completeness review, attempt 1/3: waiting for model, 40.0s elapsed. SDK retries may be included; server progress is unknown.
[KNOWLEDGE] Knowledge completeness review, attempt 1/3: waiting for model, 60.0s elapsed. SDK retries may be included; server progress is unknown.
[KNOWLEDGE] Knowledge completeness review, attempt 1/3: waiting for model, 80.0s elapsed. SDK retries may be included; server progress is unknown.
[KNOWLEDGE] Knowledge completeness review: response in 91.3s; finish=stop, completion tokens=3817. Validating...
[KNOWLEDGE] Knowledge completeness review: validation passed.
[KNOWLEDGE] Review completed: 15 draft rules, 62 reviewed rules.
[KNOWLEDGE] 11 optional metadata issues recorded in the cache; rule text retained.
[KNOWLEDGE] Cache saved: /home/kritik/Desktop/neosapiens/finance/script_diff_llm2/ablations/improvement10_models/runs/gemma_3_27b_it/run_01/knowledge_cache/64715c9a19452e81889607ef0b7532a16c0ac015a831d6564bc6d99bfbb0735c.json
[CACHE] Knowledge compiled in 186.980s
[TIME] Startup ready: 188.003s; query delay: 0s
Processed 1/1000 this run (1/1000 total window): FINAL_SPEC_ERROR in 48.379s processing; model 48.342s/8 calls; 48.403s including wait/save; 236.406s since startup
Processed 2/1000 this run (2/1000 total window): FINAL_SPEC_ERROR in 57.939s processing; model 57.905s/8 calls; 57.951s including wait/save; 294.357s since startup
Processed 3/1000 this run (3/1000 total window): FINAL_SPEC_ERROR in 79.345s processing; model 79.289s/9 calls; 79.358s including wait/save; 373.715s since startup
Processed 4/1000 this run (4/1000 total window): FINAL_SPEC_ERROR in 50.519s processing; model 50.478s/8 calls; 50.530s including wait/save; 424.246s since startup
Processed 5/1000 this run (5/1000 total window): FINAL_SPEC_ERROR in 70.081s processing; model 70.045s/8 calls; 70.092s including wait/save; 494.338s since startup
Processed 6/1000 this run (6/1000 total window): FINAL_SPEC_ERROR in 47.712s processing; model 47.679s/8 calls; 47.725s including wait/save; 542.063s since startup
Processed 7/1000 this run (7/1000 total window): FINAL_SPEC_ERROR in 39.608s processing; model 39.574s/8 calls; 39.621s including wait/save; 581.685s since startup
Processed 8/1000 this run (8/1000 total window): FINAL_SPEC_ERROR in 47.915s processing; model 47.874s/8 calls; 47.930s including wait/save; 629.615s since startup
Processed 9/1000 this run (9/1000 total window): FINAL_SPEC_ERROR in 74.686s processing; model 74.637s/9 calls; 74.704s including wait/save; 704.319s since startup
Processed 10/1000 this run (10/1000 total window): FINAL_SPEC_ERROR in 50.907s processing; model 50.871s/8 calls; 50.927s including wait/save; 755.246s since startup
Processed 11/1000 this run (11/1000 total window): FINAL_SPEC_ERROR in 69.844s processing; model 69.806s/8 calls; 69.860s including wait/save; 825.106s since startup
Processed 12/1000 this run (12/1000 total window): FINAL_SPEC_ERROR in 55.994s processing; model 55.961s/8 calls; 56.013s including wait/save; 881.119s since startup
Processed 13/1000 this run (13/1000 total window): FINAL_SPEC_ERROR in 44.734s processing; model 44.698s/8 calls; 44.750s including wait/save; 925.869s since startup
Processed 14/1000 this run (14/1000 total window): FINAL_SPEC_ERROR in 44.946s processing; model 44.915s/8 calls; 44.962s including wait/save; 970.831s since startup
Processed 15/1000 this run (15/1000 total window): FINAL_SPEC_ERROR in 169.027s processing; model 168.979s/9 calls; 169.043s including wait/save; 1139.874s since startup
Processed 16/1000 this run (16/1000 total window): FINAL_SPEC_ERROR in 49.915s processing; model 49.883s/8 calls; 49.936s including wait/save; 1189.810s since startup
Processed 17/1000 this run (17/1000 total window): FINAL_SPEC_ERROR in 66.896s processing; model 66.871s/8 calls; 66.912s including wait/save; 1256.722s since startup
Processed 18/1000 this run (18/1000 total window): FINAL_SPEC_ERROR in 43.307s processing; model 43.272s/8 calls; 43.326s including wait/save; 1300.048s since startup
Processed 19/1000 this run (19/1000 total window): FINAL_SPEC_ERROR in 41.489s processing; model 41.455s/8 calls; 41.510s including wait/save; 1341.558s since startup
Processed 20/1000 this run (20/1000 total window): FINAL_SPEC_ERROR in 40.087s processing; model 40.053s/8 calls; 40.106s including wait/save; 1381.664s since startup
Processed 21/1000 this run (21/1000 total window): PIPELINE_SUCCESS in 50.36s processing; model 50.320s/6 calls; 50.381s including wait/save; 1432.045s since startup
Processed 22/1000 this run (22/1000 total window): FINAL_SPEC_ERROR in 53.539s processing; model 53.504s/8 calls; 53.562s including wait/save; 1485.607s since startup
Processed 23/1000 this run (23/1000 total window): FINAL_SPEC_ERROR in 66.106s processing; model 66.068s/8 calls; 66.125s including wait/save; 1551.732s since startup
Processed 24/1000 this run (24/1000 total window): FINAL_SPEC_ERROR in 42.186s processing; model 42.154s/8 calls; 42.206s including wait/save; 1593.938s since startup
Processed 25/1000 this run (25/1000 total window): FINAL_SPEC_ERROR in 41.325s processing; model 41.289s/8 calls; 41.350s including wait/save; 1635.289s since startup
Processed 26/1000 this run (26/1000 total window): FINAL_SPEC_ERROR in 46.911s processing; model 46.879s/8 calls; 46.932s including wait/save; 1682.221s since startup
Processed 27/1000 this run (27/1000 total window): PIPELINE_SUCCESS in 48.832s processing; model 48.800s/6 calls; 48.852s including wait/save; 1731.072s since startup
Processed 28/1000 this run (28/1000 total window): FINAL_SPEC_ERROR in 52.734s processing; model 52.699s/8 calls; 52.751s including wait/save; 1783.824s since startup
Processed 29/1000 this run (29/1000 total window): FINAL_SPEC_ERROR in 67.423s processing; model 67.391s/8 calls; 67.442s including wait/save; 1851.266s since startup
Processed 30/1000 this run (30/1000 total window): FINAL_SPEC_ERROR in 44.526s processing; model 44.497s/8 calls; 44.554s including wait/save; 1895.820s since startup
Processed 31/1000 this run (31/1000 total window): FINAL_SPEC_ERROR in 41.674s processing; model 41.642s/8 calls; 41.689s including wait/save; 1937.510s since startup
Processed 32/1000 this run (32/1000 total window): FINAL_SPEC_ERROR in 39.294s processing; model 39.264s/8 calls; 39.317s including wait/save; 1976.827s since startup
Processed 33/1000 this run (33/1000 total window): FINAL_SPEC_ERROR in 60.381s processing; model 60.333s/9 calls; 60.403s including wait/save; 2037.230s since startup
Processed 34/1000 this run (34/1000 total window): FINAL_SPEC_ERROR in 48.413s processing; model 48.378s/8 calls; 48.436s including wait/save; 2085.666s since startup
Processed 35/1000 this run (35/1000 total window): FINAL_SPEC_ERROR in 128.39s processing; model 128.304s/17 calls; 128.412s including wait/save; 2214.078s since startup
Processed 36/1000 this run (36/1000 total window): FINAL_SPEC_ERROR in 130.233s processing; model 130.136s/18 calls; 130.256s including wait/save; 2344.334s since startup
Processed 37/1000 this run (37/1000 total window): FINAL_SPEC_ERROR in 64.179s processing; model 64.126s/9 calls; 64.204s including wait/save; 2408.538s since startup
Processed 38/1000 this run (38/1000 total window): FINAL_SPEC_ERROR in 73.715s processing; model 73.663s/11 calls; 73.739s including wait/save; 2482.277s since startup
Processed 39/1000 this run (39/1000 total window): FINAL_SPEC_ERROR in 73.693s processing; model 73.642s/11 calls; 73.719s including wait/save; 2555.996s since startup
Processed 40/1000 this run (40/1000 total window): PIPELINE_SUCCESS in 50.095s processing; model 50.033s/7 calls; 50.120s including wait/save; 2606.116s since startup
Processed 41/1000 this run (41/1000 total window): FINAL_SPEC_ERROR in 123.015s processing; model 122.925s/17 calls; 123.040s including wait/save; 2729.156s since startup
Processed 42/1000 this run (42/1000 total window): FINAL_SPEC_ERROR in 232.622s processing; model 232.532s/18 calls; 232.647s including wait/save; 2961.804s since startup
Processed 43/1000 this run (43/1000 total window): FINAL_SPEC_ERROR in 59.071s processing; model 59.016s/9 calls; 59.096s including wait/save; 3020.900s since startup
Processed 44/1000 this run (44/1000 total window): PIPELINE_SUCCESS in 43.878s processing; model 43.821s/7 calls; 43.900s including wait/save; 3064.800s since startup
Processed 45/1000 this run (45/1000 total window): PIPELINE_SUCCESS in 42.923s processing; model 42.870s/7 calls; 42.947s including wait/save; 3107.747s since startup
Processed 46/1000 this run (46/1000 total window): PIPELINE_SUCCESS in 40.427s processing; model 40.371s/7 calls; 40.451s including wait/save; 3148.198s since startup
Processed 47/1000 this run (47/1000 total window): PIPELINE_SUCCESS in 39.703s processing; model 39.647s/7 calls; 39.725s including wait/save; 3187.923s since startup
Processed 48/1000 this run (48/1000 total window): PIPELINE_SUCCESS in 40.533s processing; model 40.470s/7 calls; 40.556s including wait/save; 3228.479s since startup
Processed 49/1000 this run (49/1000 total window): PIPELINE_SUCCESS in 40.648s processing; model 40.593s/7 calls; 40.670s including wait/save; 3269.149s since startup
Processed 50/1000 this run (50/1000 total window): PIPELINE_SUCCESS in 41.432s processing; model 41.367s/7 calls; 41.456s including wait/save; 3310.605s since startup
Processed 51/1000 this run (51/1000 total window): PIPELINE_SUCCESS in 42.847s processing; model 42.795s/7 calls; 42.874s including wait/save; 3353.480s since startup
Processed 52/1000 this run (52/1000 total window): PIPELINE_SUCCESS in 38.915s processing; model 38.858s/7 calls; 38.938s including wait/save; 3392.418s since startup
Processed 53/1000 this run (53/1000 total window): PIPELINE_SUCCESS in 42.371s processing; model 42.313s/7 calls; 42.394s including wait/save; 3434.812s since startup
Processed 54/1000 this run (54/1000 total window): PIPELINE_SUCCESS in 42.688s processing; model 42.635s/7 calls; 42.717s including wait/save; 3477.530s since startup
Processed 55/1000 this run (55/1000 total window): PIPELINE_SUCCESS in 42.945s processing; model 42.860s/7 calls; 42.995s including wait/save; 3520.525s since startup
Processed 56/1000 this run (56/1000 total window): PIPELINE_SUCCESS in 29.589s processing; model 29.407s/5 calls; 29.613s including wait/save; 3550.139s since startup
Processed 57/1000 this run (57/1000 total window): PIPELINE_SUCCESS in 29.767s processing; model 29.601s/5 calls; 29.791s including wait/save; 3579.930s since startup
Processed 58/1000 this run (58/1000 total window): PIPELINE_SUCCESS in 43.212s processing; model 43.157s/6 calls; 43.238s including wait/save; 3623.168s since startup
Processed 59/1000 this run (59/1000 total window): FINAL_SPEC_ERROR in 46.703s processing; model 46.658s/8 calls; 46.738s including wait/save; 3669.906s since startup
Processed 60/1000 this run (60/1000 total window): FINAL_SPEC_ERROR in 44.283s processing; model 44.237s/8 calls; 44.323s including wait/save; 3714.229s since startup
Processed 61/1000 this run (61/1000 total window): FINAL_SPEC_ERROR in 48.613s processing; model 48.566s/8 calls; 48.639s including wait/save; 3762.868s since startup
Processed 62/1000 this run (62/1000 total window): PIPELINE_SUCCESS in 31.844s processing; model 31.771s/5 calls; 31.870s including wait/save; 3794.739s since startup
Stopped. Repeat the same command to use the original pipeline resume logic.
