[INPUT] SQLITE_DB_PATH: /home/kritik/Desktop/neosapiens/finance/script_diff_llm2/ablations/improvement10_models/source/improvement10/wealth_management_diverse.db
[INPUT] TABLE_METADATA_DIR: /home/kritik/Desktop/neosapiens/finance/script_diff_llm2/ablations/improvement10_models/source/improvement10/table_medatada
[INPUT] DOMAIN_INTRO_FILE: /home/kritik/Desktop/neosapiens/finance/script_diff_llm2/ablations/improvement10_models/source/improvement10/domain_intro_latest.prompt
[INPUT] BUSINESS_RULES_FILE: /home/kritik/Desktop/neosapiens/finance/script_diff_llm2/ablations/improvement10_models/source/improvement10/business_rules_addendum.md
[RUNNING] Report: /home/kritik/Desktop/neosapiens/finance/script_diff_llm2/ablations/improvement10_models/runs/deepseek_v3_2/run_01/parallel_workers4/worker_04/raw_pipeline.csv
[LOG] /home/kritik/Desktop/neosapiens/finance/script_diff_llm2/ablations/improvement10_models/source/improvement10/.runtime/logs/pipeline_20261006_134111_134268.log
[CACHE] Knowledge hit in 0.008s
[TIME] Startup ready: 2.380s; query delay: 0s
Processed 1/229 this run (1/229 total window): PIPELINE_SUCCESS in 55.953s processing; model 55.877s/7 calls; 55.960s including wait/save; 58.341s since startup
Processed 2/229 this run (2/229 total window): PIPELINE_SUCCESS in 81.83s processing; model 81.752s/9 calls; 81.841s including wait/save; 140.182s since startup
Processed 3/229 this run (3/229 total window): PIPELINE_SUCCESS in 48.034s processing; model 47.954s/8 calls; 48.041s including wait/save; 188.223s since startup
Processed 4/229 this run (4/229 total window): PIPELINE_SUCCESS in 68.491s processing; model 68.401s/8 calls; 68.499s including wait/save; 256.722s since startup
Processed 5/229 this run (5/229 total window): FINAL_SPEC_ERROR in 122.251s processing; model 122.167s/11 calls; 122.269s including wait/save; 378.991s since startup
Processed 6/229 this run (6/229 total window): PIPELINE_SUCCESS in 92.748s processing; model 92.622s/9 calls; 92.759s including wait/save; 471.750s since startup
Processed 7/229 this run (7/229 total window): PIPELINE_SUCCESS in 79.58s processing; model 79.439s/9 calls; 79.591s including wait/save; 551.341s since startup
Processed 8/229 this run (8/229 total window): PIPELINE_SUCCESS in 65.69s processing; model 65.580s/9 calls; 65.711s including wait/save; 617.053s since startup
Processed 9/229 this run (9/229 total window): PIPELINE_SUCCESS in 80.638s processing; model 80.538s/9 calls; 80.654s including wait/save; 697.707s since startup
Processed 10/229 this run (10/229 total window): PIPELINE_SUCCESS in 75.42s processing; model 75.325s/9 calls; 75.435s including wait/save; 773.142s since startup
Processed 11/229 this run (11/229 total window): PIPELINE_SUCCESS in 29.722s processing; model 29.691s/5 calls; 29.741s including wait/save; 802.883s since startup
Processed 12/229 this run (12/229 total window): PIPELINE_SUCCESS in 27.742s processing; model 27.700s/5 calls; 27.759s including wait/save; 830.642s since startup
Processed 13/229 this run (13/229 total window): PIPELINE_SUCCESS in 145.075s processing; model 145.043s/5 calls; 145.096s including wait/save; 975.738s since startup
Processed 14/229 this run (14/229 total window): PIPELINE_SUCCESS in 28.783s processing; model 28.721s/5 calls; 28.803s including wait/save; 1004.541s since startup
Processed 15/229 this run (15/229 total window): PIPELINE_SUCCESS in 34.783s processing; model 34.711s/5 calls; 34.806s including wait/save; 1039.347s since startup
Processed 16/229 this run (16/229 total window): PIPELINE_SUCCESS in 40.762s processing; model 40.722s/6 calls; 40.789s including wait/save; 1080.136s since startup
Processed 17/229 this run (17/229 total window): PIPELINE_SUCCESS in 47.95s processing; model 47.901s/6 calls; 47.980s including wait/save; 1128.116s since startup
Processed 18/229 this run (18/229 total window): PIPELINE_SUCCESS in 44.819s processing; model 44.764s/6 calls; 44.845s including wait/save; 1172.961s since startup
Processed 19/229 this run (19/229 total window): PIPELINE_SUCCESS in 35.814s processing; model 35.768s/6 calls; 35.841s including wait/save; 1208.802s since startup
Processed 20/229 this run (20/229 total window): PIPELINE_SUCCESS in 32.538s processing; model 32.494s/6 calls; 32.570s including wait/save; 1241.372s since startup
Processed 21/229 this run (21/229 total window): PIPELINE_SUCCESS in 29.109s processing; model 29.065s/6 calls; 29.138s including wait/save; 1270.511s since startup
Processed 22/229 this run (22/229 total window): PIPELINE_SUCCESS in 42.401s processing; model 42.355s/7 calls; 42.432s including wait/save; 1312.943s since startup
Processed 23/229 this run (23/229 total window): PIPELINE_SUCCESS in 58.227s processing; model 58.175s/6 calls; 58.255s including wait/save; 1371.198s since startup
Processed 24/229 this run (24/229 total window): FINAL_SPEC_ERROR in 89.783s processing; model 89.704s/10 calls; 89.817s including wait/save; 1461.015s since startup
Processed 25/229 this run (25/229 total window): PIPELINE_SUCCESS in 45.222s processing; model 45.137s/7 calls; 45.255s including wait/save; 1506.270s since startup
Processed 26/229 this run (26/229 total window): PIPELINE_SUCCESS in 63.264s processing; model 63.186s/8 calls; 63.294s including wait/save; 1569.565s since startup
Processed 27/229 this run (27/229 total window): PIPELINE_SUCCESS in 63.639s processing; model 63.550s/8 calls; 63.669s including wait/save; 1633.234s since startup
Processed 28/229 this run (28/229 total window): PIPELINE_SUCCESS in 52.111s processing; model 52.054s/7 calls; 52.144s including wait/save; 1685.378s since startup
Processed 29/229 this run (29/229 total window): PIPELINE_SUCCESS in 67.961s processing; model 67.882s/10 calls; 67.994s including wait/save; 1753.372s since startup
Processed 30/229 this run (30/229 total window): FINAL_SPEC_ERROR in 73.278s processing; model 73.220s/10 calls; 73.320s including wait/save; 1826.692s since startup
Processed 31/229 this run (31/229 total window): PIPELINE_SUCCESS in 69.411s processing; model 69.309s/9 calls; 69.447s including wait/save; 1896.140s since startup
Processed 32/229 this run (32/229 total window): PIPELINE_SUCCESS in 71.654s processing; model 71.551s/8 calls; 71.690s including wait/save; 1967.830s since startup
Processed 33/229 this run (33/229 total window): PIPELINE_SUCCESS in 70.008s processing; model 69.913s/9 calls; 70.047s including wait/save; 2037.878s since startup
Processed 34/229 this run (34/229 total window): PIPELINE_SUCCESS in 54.641s processing; model 54.557s/9 calls; 54.679s including wait/save; 2092.557s since startup
Processed 35/229 this run (35/229 total window): PIPELINE_SUCCESS in 73.265s processing; model 73.161s/9 calls; 73.304s including wait/save; 2165.862s since startup
Processed 36/229 this run (36/229 total window): PIPELINE_SUCCESS in 61.684s processing; model 61.598s/8 calls; 61.726s including wait/save; 2227.587s since startup
Processed 37/229 this run (37/229 total window): PIPELINE_SUCCESS in 67.878s processing; model 67.754s/9 calls; 67.922s including wait/save; 2295.509s since startup
Processed 38/229 this run (38/229 total window): PIPELINE_SUCCESS in 65.375s processing; model 65.229s/9 calls; 65.418s including wait/save; 2360.928s since startup
Processed 39/229 this run (39/229 total window): PIPELINE_SUCCESS in 74.139s processing; model 74.036s/9 calls; 74.188s including wait/save; 2435.115s since startup
Processed 40/229 this run (40/229 total window): PIPELINE_SUCCESS in 71.436s processing; model 71.332s/9 calls; 71.488s including wait/save; 2506.604s since startup
Processed 41/229 this run (41/229 total window): PIPELINE_SUCCESS in 69.672s processing; model 69.574s/9 calls; 69.721s including wait/save; 2576.325s since startup
Processed 42/229 this run (42/229 total window): PIPELINE_SUCCESS in 29.536s processing; model 29.507s/5 calls; 29.593s including wait/save; 2605.918s since startup
Processed 43/229 this run (43/229 total window): PIPELINE_SUCCESS in 23.704s processing; model 23.666s/6 calls; 23.758s including wait/save; 2629.677s since startup
Processed 44/229 this run (44/229 total window): PIPELINE_SUCCESS in 22.981s processing; model 22.954s/5 calls; 23.051s including wait/save; 2652.729s since startup
Processed 45/229 this run (45/229 total window): PIPELINE_SUCCESS in 16.721s processing; model 16.697s/5 calls; 16.792s including wait/save; 2669.521s since startup
Processed 46/229 this run (46/229 total window): PIPELINE_SUCCESS in 128.778s processing; model 128.741s/6 calls; 128.845s including wait/save; 2798.366s since startup
Processed 47/229 this run (47/229 total window): PIPELINE_SUCCESS in 39.354s processing; model 39.324s/6 calls; 39.420s including wait/save; 2837.786s since startup
Processed 48/229 this run (48/229 total window): PIPELINE_SUCCESS in 17.962s processing; model 17.938s/5 calls; 18.019s including wait/save; 2855.805s since startup
Processed 49/229 this run (49/229 total window): PIPELINE_SUCCESS in 24.013s processing; model 23.985s/5 calls; 24.067s including wait/save; 2879.871s since startup
Processed 50/229 this run (50/229 total window): PIPELINE_SUCCESS in 17.955s processing; model 17.927s/5 calls; 18.014s including wait/save; 2897.885s since startup
Processed 51/229 this run (51/229 total window): PIPELINE_SUCCESS in 30.801s processing; model 30.744s/6 calls; 30.853s including wait/save; 2928.738s since startup
Processed 52/229 this run (52/229 total window): PIPELINE_SUCCESS in 29.726s processing; model 29.672s/6 calls; 29.780s including wait/save; 2958.519s since startup
Processed 53/229 this run (53/229 total window): PIPELINE_SUCCESS in 28.864s processing; model 28.834s/6 calls; 28.930s including wait/save; 2987.449s since startup
Processed 54/229 this run (54/229 total window): PIPELINE_SUCCESS in 123.163s processing; model 123.106s/6 calls; 123.223s including wait/save; 3110.672s since startup
Processed 55/229 this run (55/229 total window): PIPELINE_SUCCESS in 34.772s processing; model 34.417s/6 calls; 34.836s including wait/save; 3145.508s since startup
Processed 56/229 this run (56/229 total window): PIPELINE_SUCCESS in 22.435s processing; model 22.384s/6 calls; 22.496s including wait/save; 3168.004s since startup
Processed 57/229 this run (57/229 total window): PIPELINE_SUCCESS in 24.844s processing; model 24.799s/6 calls; 24.904s including wait/save; 3192.908s since startup
Processed 58/229 this run (58/229 total window): PIPELINE_SUCCESS in 37.1s processing; model 37.052s/6 calls; 37.157s including wait/save; 3230.066s since startup
Processed 59/229 this run (59/229 total window): PIPELINE_SUCCESS in 28.333s processing; model 27.953s/6 calls; 28.390s including wait/save; 3258.456s since startup
Processed 60/229 this run (60/229 total window): PIPELINE_SUCCESS in 28.414s processing; model 28.350s/6 calls; 28.473s including wait/save; 3286.929s since startup
Processed 61/229 this run (61/229 total window): PIPELINE_SUCCESS in 46.082s processing; model 46.017s/7 calls; 46.139s including wait/save; 3333.068s since startup
Processed 62/229 this run (62/229 total window): PIPELINE_SUCCESS in 48.221s processing; model 48.126s/7 calls; 48.288s including wait/save; 3381.356s since startup
Processed 63/229 this run (63/229 total window): FINAL_SPEC_ERROR in 67.173s processing; model 67.097s/10 calls; 67.251s including wait/save; 3448.608s since startup
Processed 64/229 this run (64/229 total window): PIPELINE_SUCCESS in 52.037s processing; model 51.967s/7 calls; 52.097s including wait/save; 3500.704s since startup
Processed 65/229 this run (65/229 total window): PIPELINE_SUCCESS in 37.604s processing; model 37.541s/7 calls; 37.665s including wait/save; 3538.370s since startup
Processed 66/229 this run (66/229 total window): PIPELINE_SUCCESS in 63.463s processing; model 63.398s/7 calls; 63.525s including wait/save; 3601.895s since startup
Processed 67/229 this run (67/229 total window): PIPELINE_SUCCESS in 65.62s processing; model 65.551s/8 calls; 65.699s including wait/save; 3667.594s since startup
Processed 68/229 this run (68/229 total window): PIPELINE_SUCCESS in 39.604s processing; model 39.550s/7 calls; 39.683s including wait/save; 3707.277s since startup
Processed 69/229 this run (69/229 total window): PIPELINE_SUCCESS in 59.746s processing; model 59.646s/9 calls; 59.825s including wait/save; 3767.103s since startup
Processed 70/229 this run (70/229 total window): PIPELINE_SUCCESS in 42.032s processing; model 41.938s/8 calls; 42.101s including wait/save; 3809.203s since startup
Processed 71/229 this run (71/229 total window): PIPELINE_SUCCESS in 58.624s processing; model 58.548s/8 calls; 58.691s including wait/save; 3867.895s since startup
Processed 72/229 this run (72/229 total window): PIPELINE_SUCCESS in 54.428s processing; model 54.308s/8 calls; 54.505s including wait/save; 3922.400s since startup
Processed 73/229 this run (73/229 total window): PIPELINE_SUCCESS in 50.12s processing; model 50.038s/8 calls; 50.188s including wait/save; 3972.589s since startup
Processed 74/229 this run (74/229 total window): FINAL_SPEC_ERROR in 70.052s processing; model 69.996s/9 calls; 70.128s including wait/save; 4042.716s since startup
Processed 75/229 this run (75/229 total window): PIPELINE_SUCCESS in 43.86s processing; model 43.821s/6 calls; 43.940s including wait/save; 4086.656s since startup
Processed 76/229 this run (76/229 total window): PIPELINE_SUCCESS in 30.193s processing; model 30.160s/6 calls; 30.268s including wait/save; 4116.925s since startup
Processed 77/229 this run (77/229 total window): PIPELINE_SUCCESS in 46.71s processing; model 46.664s/7 calls; 46.780s including wait/save; 4163.705s since startup
Processed 78/229 this run (78/229 total window): PIPELINE_SUCCESS in 30.44s processing; model 30.397s/6 calls; 30.516s including wait/save; 4194.221s since startup
Processed 79/229 this run (79/229 total window): FINAL_SPEC_ERROR in 55.145s processing; model 55.098s/9 calls; 55.223s including wait/save; 4249.444s since startup
Processed 80/229 this run (80/229 total window): PIPELINE_SUCCESS in 65.338s processing; model 65.289s/6 calls; 65.434s including wait/save; 4314.878s since startup
Processed 81/229 this run (81/229 total window): PIPELINE_SUCCESS in 87.622s processing; model 87.583s/6 calls; 87.703s including wait/save; 4402.582s since startup
Processed 82/229 this run (82/229 total window): PIPELINE_SUCCESS in 95.729s processing; model 95.693s/6 calls; 95.807s including wait/save; 4498.389s since startup
Processed 83/229 this run (83/229 total window): FINAL_SPEC_ERROR in 149.002s processing; model 148.953s/9 calls; 149.083s including wait/save; 4647.472s since startup
Processed 84/229 this run (84/229 total window): FINAL_SPEC_ERROR in 291.592s processing; model 291.548s/9 calls; 291.675s including wait/save; 4939.147s since startup
Processed 85/229 this run (85/229 total window): PIPELINE_SUCCESS in 107.287s processing; model 107.098s/7 calls; 107.372s including wait/save; 5046.519s since startup
Processed 86/229 this run (86/229 total window): PIPELINE_SUCCESS in 120.298s processing; model 120.180s/7 calls; 120.374s including wait/save; 5166.894s since startup
Processed 87/229 this run (87/229 total window): PIPELINE_SUCCESS in 124.044s processing; model 123.927s/8 calls; 124.120s including wait/save; 5291.014s since startup
Processed 88/229 this run (88/229 total window): PIPELINE_SUCCESS in 100.809s processing; model 100.619s/8 calls; 100.896s including wait/save; 5391.911s since startup
Processed 89/229 this run (89/229 total window): PIPELINE_SUCCESS in 56.906s processing; model 56.789s/7 calls; 56.984s including wait/save; 5448.895s since startup
Processed 90/229 this run (90/229 total window): FINAL_SPEC_ERROR in 116.163s processing; model 116.100s/10 calls; 116.248s including wait/save; 5565.143s since startup
Processed 91/229 this run (91/229 total window): PIPELINE_SUCCESS in 59.239s processing; model 59.074s/7 calls; 59.329s including wait/save; 5624.472s since startup
Processed 92/229 this run (92/229 total window): FINAL_SPEC_ERROR in 83.885s processing; model 83.788s/10 calls; 83.969s including wait/save; 5708.441s since startup
Processed 93/229 this run (93/229 total window): PIPELINE_SUCCESS in 61.899s processing; model 61.771s/8 calls; 61.981s including wait/save; 5770.422s since startup
Processed 94/229 this run (94/229 total window): PIPELINE_SUCCESS in 72.073s processing; model 71.894s/8 calls; 72.156s including wait/save; 5842.578s since startup
Processed 95/229 this run (95/229 total window): PIPELINE_SUCCESS in 41.347s processing; model 41.226s/7 calls; 41.433s including wait/save; 5884.011s since startup
Processed 96/229 this run (96/229 total window): PIPELINE_SUCCESS in 51.498s processing; model 51.403s/8 calls; 51.583s including wait/save; 5935.594s since startup
Processed 97/229 this run (97/229 total window): PIPELINE_SUCCESS in 72.041s processing; model 71.954s/8 calls; 72.137s including wait/save; 6007.731s since startup
Processed 98/229 this run (98/229 total window): PIPELINE_SUCCESS in 56.716s processing; model 56.655s/7 calls; 56.813s including wait/save; 6064.544s since startup
Processed 99/229 this run (99/229 total window): PIPELINE_SUCCESS in 83.654s processing; model 83.549s/8 calls; 83.741s including wait/save; 6148.286s since startup
Processed 100/229 this run (100/229 total window): PIPELINE_SUCCESS in 52.985s processing; model 52.900s/8 calls; 53.074s including wait/save; 6201.359s since startup
Processed 101/229 this run (101/229 total window): PIPELINE_SUCCESS in 61.162s processing; model 61.095s/7 calls; 61.261s including wait/save; 6262.621s since startup
Processed 102/229 this run (102/229 total window): PIPELINE_SUCCESS in 63.273s processing; model 63.180s/8 calls; 63.362s including wait/save; 6325.983s since startup
Processed 103/229 this run (103/229 total window): PIPELINE_SUCCESS in 58.07s processing; model 57.971s/8 calls; 58.159s including wait/save; 6384.142s since startup
Processed 104/229 this run (104/229 total window): PIPELINE_SUCCESS in 61.088s processing; model 60.986s/8 calls; 61.207s including wait/save; 6445.349s since startup
Processed 105/229 this run (105/229 total window): PIPELINE_SUCCESS in 53.315s processing; model 52.305s/6 calls; 53.407s including wait/save; 6498.757s since startup
Processed 106/229 this run (106/229 total window): PIPELINE_SUCCESS in 49.665s processing; model 48.301s/6 calls; 49.757s including wait/save; 6548.514s since startup
Processed 107/229 this run (107/229 total window): PIPELINE_SUCCESS in 63.94s processing; model 62.742s/6 calls; 64.033s including wait/save; 6612.547s since startup
Processed 108/229 this run (108/229 total window): PIPELINE_SUCCESS in 153.902s processing; model 153.126s/6 calls; 153.994s including wait/save; 6766.542s since startup
Processed 109/229 this run (109/229 total window): PIPELINE_SUCCESS in 35.966s processing; model 35.598s/6 calls; 36.059s including wait/save; 6802.601s since startup
Processed 110/229 this run (110/229 total window): PIPELINE_SUCCESS in 26.851s processing; model 26.479s/5 calls; 26.950s including wait/save; 6829.551s since startup
Processed 111/229 this run (111/229 total window): PIPELINE_SUCCESS in 52.475s processing; model 51.468s/7 calls; 52.571s including wait/save; 6882.122s since startup
Processed 112/229 this run (112/229 total window): PIPELINE_SUCCESS in 74.786s processing; model 73.719s/7 calls; 74.886s including wait/save; 6957.008s since startup
Processed 113/229 this run (113/229 total window): PIPELINE_SUCCESS in 96.687s processing; model 95.577s/7 calls; 96.785s including wait/save; 7053.793s since startup
Processed 114/229 this run (114/229 total window): PIPELINE_SUCCESS in 79.705s processing; model 78.430s/7 calls; 79.804s including wait/save; 7133.597s since startup
Processed 115/229 this run (115/229 total window): PIPELINE_SUCCESS in 45.527s processing; model 44.520s/7 calls; 45.627s including wait/save; 7179.225s since startup
Processed 116/229 this run (116/229 total window): PIPELINE_SUCCESS in 53.891s processing; model 52.807s/7 calls; 53.993s including wait/save; 7233.218s since startup
Processed 117/229 this run (117/229 total window): FINAL_SPEC_ERROR in 203.737s processing; model 203.612s/12 calls; 203.848s including wait/save; 7437.067s since startup
Processed 118/229 this run (118/229 total window): PIPELINE_SUCCESS in 82.589s processing; model 81.594s/7 calls; 82.704s including wait/save; 7519.770s since startup
Processed 119/229 this run (119/229 total window): PIPELINE_SUCCESS in 68.41s processing; model 67.734s/7 calls; 68.526s including wait/save; 7588.297s since startup
Processed 120/229 this run (120/229 total window): PIPELINE_SUCCESS in 75.203s processing; model 73.793s/8 calls; 75.311s including wait/save; 7663.607s since startup
Processed 121/229 this run (121/229 total window): PIPELINE_SUCCESS in 109.425s processing; model 108.172s/9 calls; 109.544s including wait/save; 7773.151s since startup
Processed 122/229 this run (122/229 total window): PIPELINE_SUCCESS in 89.035s processing; model 87.922s/8 calls; 89.147s including wait/save; 7862.298s since startup
Processed 123/229 this run (123/229 total window): PIPELINE_SUCCESS in 115.516s processing; model 114.132s/8 calls; 115.637s including wait/save; 7977.935s since startup
Processed 124/229 this run (124/229 total window): PIPELINE_SUCCESS in 84.175s processing; model 82.794s/8 calls; 84.298s including wait/save; 8062.234s since startup
Processed 125/229 this run (125/229 total window): PIPELINE_SUCCESS in 93.853s processing; model 92.286s/8 calls; 93.967s including wait/save; 8156.200s since startup
Processed 126/229 this run (126/229 total window): PIPELINE_SUCCESS in 184.66s processing; model 183.704s/11 calls; 184.789s including wait/save; 8340.989s since startup
Processed 127/229 this run (127/229 total window): PIPELINE_SUCCESS in 110.361s processing; model 109.548s/12 calls; 110.483s including wait/save; 8451.473s since startup
Processed 128/229 this run (128/229 total window): FINAL_SPEC_ERROR in 266.512s processing; model 266.363s/14 calls; 266.637s including wait/save; 8718.110s since startup
Processed 129/229 this run (129/229 total window): PIPELINE_SUCCESS in 100.88s processing; model 99.095s/10 calls; 101.005s including wait/save; 8819.115s since startup
Processed 130/229 this run (130/229 total window): PIPELINE_SUCCESS in 182.859s processing; model 181.235s/9 calls; 182.987s including wait/save; 9002.102s since startup
Processed 131/229 this run (131/229 total window): PIPELINE_SUCCESS in 106.342s processing; model 104.642s/10 calls; 106.466s including wait/save; 9108.568s since startup
Processed 132/229 this run (132/229 total window): PIPELINE_SUCCESS in 126.164s processing; model 124.587s/10 calls; 126.302s including wait/save; 9234.871s since startup
Processed 133/229 this run (133/229 total window): PIPELINE_SUCCESS in 109.252s processing; model 107.557s/10 calls; 109.393s including wait/save; 9344.264s since startup
Processed 134/229 this run (134/229 total window): PIPELINE_SUCCESS in 145.968s processing; model 144.719s/13 calls; 146.113s including wait/save; 9490.377s since startup
Processed 135/229 this run (135/229 total window): PIPELINE_SUCCESS in 186.519s processing; model 185.127s/11 calls; 186.664s including wait/save; 9677.041s since startup
Processed 136/229 this run (136/229 total window): PIPELINE_SUCCESS in 31.645s processing; model 31.619s/5 calls; 31.791s including wait/save; 9708.833s since startup
Processed 137/229 this run (137/229 total window): PIPELINE_SUCCESS in 45.832s processing; model 45.811s/6 calls; 45.987s including wait/save; 9754.820s since startup
Processed 138/229 this run (138/229 total window): PIPELINE_SUCCESS in 39.565s processing; model 39.535s/6 calls; 39.720s including wait/save; 9794.540s since startup
Processed 139/229 this run (139/229 total window): PIPELINE_SUCCESS in 22.434s processing; model 22.399s/5 calls; 22.583s including wait/save; 9817.123s since startup
Processed 140/229 this run (140/229 total window): PIPELINE_SUCCESS in 20.412s processing; model 20.390s/5 calls; 20.568s including wait/save; 9837.691s since startup
Processed 141/229 this run (141/229 total window): PIPELINE_SUCCESS in 25.551s processing; model 25.521s/5 calls; 25.701s including wait/save; 9863.392s since startup
Processed 142/229 this run (142/229 total window): PIPELINE_SUCCESS in 21.506s processing; model 21.407s/5 calls; 21.653s including wait/save; 9885.046s since startup
Processed 143/229 this run (143/229 total window): PIPELINE_SUCCESS in 22.611s processing; model 22.588s/5 calls; 22.768s including wait/save; 9907.814s since startup
Processed 144/229 this run (144/229 total window): PIPELINE_SUCCESS in 49.833s processing; model 49.776s/7 calls; 49.984s including wait/save; 9957.798s since startup
Processed 145/229 this run (145/229 total window): PIPELINE_SUCCESS in 22.063s processing; model 21.994s/5 calls; 22.213s including wait/save; 9980.011s since startup
Processed 146/229 this run (146/229 total window): PIPELINE_SUCCESS in 17.247s processing; model 17.220s/5 calls; 17.403s including wait/save; 9997.414s since startup
Processed 147/229 this run (147/229 total window): PIPELINE_SUCCESS in 55.593s processing; model 55.557s/5 calls; 55.756s including wait/save; 10053.170s since startup
Processed 148/229 this run (148/229 total window): PIPELINE_SUCCESS in 20.8s processing; model 20.754s/5 calls; 21.002s including wait/save; 10074.172s since startup
Processed 149/229 this run (149/229 total window): PIPELINE_SUCCESS in 18.426s processing; model 18.398s/5 calls; 18.586s including wait/save; 10092.758s since startup
Processed 150/229 this run (150/229 total window): PIPELINE_SUCCESS in 27.083s processing; model 27.050s/5 calls; 27.265s including wait/save; 10120.023s since startup
Processed 151/229 this run (151/229 total window): PIPELINE_SUCCESS in 20.919s processing; model 20.882s/5 calls; 21.077s including wait/save; 10141.101s since startup
Processed 152/229 this run (152/229 total window): PIPELINE_SUCCESS in 36.845s processing; model 36.822s/5 calls; 36.993s including wait/save; 10178.093s since startup
Processed 153/229 this run (153/229 total window): PIPELINE_SUCCESS in 43.539s processing; model 43.496s/7 calls; 43.706s including wait/save; 10221.800s since startup
Processed 154/229 this run (154/229 total window): PIPELINE_SUCCESS in 42.27s processing; model 42.207s/6 calls; 42.436s including wait/save; 10264.235s since startup
Processed 155/229 this run (155/229 total window): PIPELINE_SUCCESS in 35.853s processing; model 35.787s/6 calls; 36.019s including wait/save; 10300.255s since startup
Processed 156/229 this run (156/229 total window): PIPELINE_SUCCESS in 37.305s processing; model 37.138s/6 calls; 37.462s including wait/save; 10337.717s since startup
Processed 157/229 this run (157/229 total window): PIPELINE_SUCCESS in 37.571s processing; model 37.519s/6 calls; 37.727s including wait/save; 10375.444s since startup
Processed 158/229 this run (158/229 total window): PIPELINE_SUCCESS in 39.446s processing; model 39.325s/7 calls; 39.603s including wait/save; 10415.048s since startup
Processed 159/229 this run (159/229 total window): PIPELINE_SUCCESS in 25.508s processing; model 25.367s/6 calls; 25.673s including wait/save; 10440.721s since startup
Processed 160/229 this run (160/229 total window): PIPELINE_SUCCESS in 32.145s processing; model 32.067s/6 calls; 32.319s including wait/save; 10473.040s since startup
Processed 161/229 this run (161/229 total window): PIPELINE_SUCCESS in 34.332s processing; model 34.234s/6 calls; 34.492s including wait/save; 10507.533s since startup
Processed 162/229 this run (162/229 total window): PIPELINE_SUCCESS in 30.781s processing; model 30.704s/6 calls; 30.939s including wait/save; 10538.473s since startup
Processed 163/229 this run (163/229 total window): PIPELINE_SUCCESS in 40.966s processing; model 40.899s/6 calls; 41.128s including wait/save; 10579.601s since startup
Processed 164/229 this run (164/229 total window): PIPELINE_SUCCESS in 55.335s processing; model 55.260s/8 calls; 55.488s including wait/save; 10635.089s since startup
Processed 165/229 this run (165/229 total window): PIPELINE_SUCCESS in 159.601s processing; model 159.468s/8 calls; 159.763s including wait/save; 10794.851s since startup
Processed 166/229 this run (166/229 total window): PIPELINE_SUCCESS in 42.768s processing; model 42.680s/6 calls; 42.930s including wait/save; 10837.781s since startup
Processed 167/229 this run (167/229 total window): PIPELINE_SUCCESS in 40.288s processing; model 40.210s/5 calls; 40.464s including wait/save; 10878.246s since startup
Processed 168/229 this run (168/229 total window): PIPELINE_SUCCESS in 32.156s processing; model 32.116s/5 calls; 32.322s including wait/save; 10910.568s since startup
Processed 169/229 this run (169/229 total window): PIPELINE_SUCCESS in 144.142s processing; model 144.071s/6 calls; 144.304s including wait/save; 11054.873s since startup
Processed 170/229 this run (170/229 total window): PIPELINE_SUCCESS in 27.665s processing; model 27.591s/5 calls; 27.832s including wait/save; 11082.705s since startup
Processed 171/229 this run (171/229 total window): PIPELINE_SUCCESS in 24.533s processing; model 24.465s/5 calls; 24.704s including wait/save; 11107.410s since startup
Processed 172/229 this run (172/229 total window): PIPELINE_SUCCESS in 32.737s processing; model 32.600s/5 calls; 32.907s including wait/save; 11140.316s since startup
Processed 173/229 this run (173/229 total window): PIPELINE_SUCCESS in 25.09s processing; model 24.978s/5 calls; 25.261s including wait/save; 11165.577s since startup
Processed 174/229 this run (174/229 total window): PIPELINE_SUCCESS in 47.534s processing; model 47.475s/7 calls; 47.717s including wait/save; 11213.294s since startup
Processed 175/229 this run (175/229 total window): FINAL_SPEC_ERROR in 62.115s processing; model 62.062s/8 calls; 62.313s including wait/save; 11275.608s since startup
Processed 176/229 this run (176/229 total window): PIPELINE_SUCCESS in 38.159s processing; model 38.123s/5 calls; 38.347s including wait/save; 11313.955s since startup
Processed 177/229 this run (177/229 total window): PIPELINE_SUCCESS in 31.657s processing; model 31.298s/6 calls; 31.830s including wait/save; 11345.785s since startup
Processed 178/229 this run (178/229 total window): PIPELINE_SUCCESS in 34.968s processing; model 34.905s/6 calls; 35.135s including wait/save; 11380.920s since startup
Processed 179/229 this run (179/229 total window): PIPELINE_SUCCESS in 27.637s processing; model 27.579s/6 calls; 27.863s including wait/save; 11408.783s since startup
Processed 180/229 this run (180/229 total window): PIPELINE_SUCCESS in 55.672s processing; model 55.309s/6 calls; 55.849s including wait/save; 11464.632s since startup
Processed 181/229 this run (181/229 total window): PIPELINE_SUCCESS in 28.679s processing; model 28.626s/6 calls; 28.893s including wait/save; 11493.525s since startup
Processed 182/229 this run (182/229 total window): PIPELINE_SUCCESS in 34.154s processing; model 34.079s/6 calls; 34.329s including wait/save; 11527.854s since startup
Processed 183/229 this run (183/229 total window): PIPELINE_SUCCESS in 33.64s processing; model 33.582s/6 calls; 33.819s including wait/save; 11561.674s since startup
Processed 184/229 this run (184/229 total window): PIPELINE_SUCCESS in 36.493s processing; model 36.436s/6 calls; 36.669s including wait/save; 11598.343s since startup
Processed 185/229 this run (185/229 total window): PIPELINE_SUCCESS in 66.455s processing; model 66.093s/6 calls; 66.625s including wait/save; 11664.967s since startup
Processed 186/229 this run (186/229 total window): PIPELINE_SUCCESS in 39.101s processing; model 38.723s/6 calls; 39.279s including wait/save; 11704.247s since startup
Processed 187/229 this run (187/229 total window): PIPELINE_SUCCESS in 63.571s processing; model 63.182s/7 calls; 63.750s including wait/save; 11767.996s since startup
Processed 188/229 this run (188/229 total window): PIPELINE_SUCCESS in 68.28s processing; model 67.901s/8 calls; 68.469s including wait/save; 11836.465s since startup
Processed 189/229 this run (189/229 total window): PIPELINE_SUCCESS in 49.033s processing; model 48.633s/7 calls; 49.223s including wait/save; 11885.689s since startup
Processed 190/229 this run (190/229 total window): PIPELINE_SUCCESS in 48.514s processing; model 48.127s/7 calls; 48.698s including wait/save; 11934.387s since startup
Processed 191/229 this run (191/229 total window): PIPELINE_SUCCESS in 52.008s processing; model 51.573s/7 calls; 52.189s including wait/save; 11986.576s since startup
Processed 192/229 this run (192/229 total window): PIPELINE_SUCCESS in 93.287s processing; model 92.773s/8 calls; 93.464s including wait/save; 12080.040s since startup
Processed 193/229 this run (193/229 total window): PIPELINE_SUCCESS in 44.168s processing; model 43.762s/7 calls; 44.340s including wait/save; 12124.380s since startup
Processed 194/229 this run (194/229 total window): PIPELINE_SUCCESS in 62.04s processing; model 61.644s/7 calls; 62.222s including wait/save; 12186.603s since startup
Processed 195/229 this run (195/229 total window): PIPELINE_SUCCESS in 70.412s processing; model 69.627s/8 calls; 70.587s including wait/save; 12257.189s since startup
Processed 196/229 this run (196/229 total window): PIPELINE_SUCCESS in 84.386s processing; model 83.612s/8 calls; 84.583s including wait/save; 12341.772s since startup
Processed 197/229 this run (197/229 total window): PIPELINE_SUCCESS in 56.646s processing; model 55.881s/8 calls; 56.832s including wait/save; 12398.605s since startup
Processed 198/229 this run (198/229 total window): PIPELINE_SUCCESS in 58.211s processing; model 57.421s/8 calls; 58.405s including wait/save; 12457.010s since startup
Processed 199/229 this run (199/229 total window): PIPELINE_SUCCESS in 37.769s processing; model 37.462s/6 calls; 37.949s including wait/save; 12494.959s since startup
Processed 200/229 this run (200/229 total window): PIPELINE_SUCCESS in 59.335s processing; model 59.066s/7 calls; 59.528s including wait/save; 12554.486s since startup
Processed 201/229 this run (201/229 total window): PIPELINE_SUCCESS in 32.578s processing; model 32.293s/6 calls; 32.782s including wait/save; 12587.269s since startup
Processed 202/229 this run (202/229 total window): PIPELINE_SUCCESS in 46.41s processing; model 46.275s/7 calls; 46.613s including wait/save; 12633.881s since startup
Processed 203/229 this run (203/229 total window): PIPELINE_SUCCESS in 61.985s processing; model 61.955s/5 calls; 62.184s including wait/save; 12696.066s since startup
Processed 204/229 this run (204/229 total window): PIPELINE_SUCCESS in 40.249s processing; model 40.224s/5 calls; 40.435s including wait/save; 12736.501s since startup
Processed 205/229 this run (205/229 total window): PIPELINE_SUCCESS in 148.408s processing; model 148.372s/5 calls; 148.608s including wait/save; 12885.109s since startup
Processed 206/229 this run (206/229 total window): PIPELINE_SUCCESS in 59.291s processing; model 59.254s/6 calls; 59.499s including wait/save; 12944.608s since startup
Processed 207/229 this run (207/229 total window): PIPELINE_SUCCESS in 29.696s processing; model 29.488s/6 calls; 29.889s including wait/save; 12974.498s since startup
Processed 208/229 this run (208/229 total window): PIPELINE_SUCCESS in 17.622s processing; model 17.594s/5 calls; 17.839s including wait/save; 12992.337s since startup
Processed 209/229 this run (209/229 total window): PIPELINE_SUCCESS in 27.919s processing; model 27.864s/5 calls; 28.113s including wait/save; 13020.450s since startup
Processed 210/229 this run (210/229 total window): PIPELINE_SUCCESS in 22.774s processing; model 22.733s/5 calls; 22.980s including wait/save; 13043.431s since startup
Processed 211/229 this run (211/229 total window): PIPELINE_SUCCESS in 17.296s processing; model 17.263s/5 calls; 17.490s including wait/save; 13060.921s since startup
Processed 212/229 this run (212/229 total window): PIPELINE_SUCCESS in 28.183s processing; model 28.157s/5 calls; 28.386s including wait/save; 13089.307s since startup
Processed 213/229 this run (213/229 total window): PIPELINE_SUCCESS in 24.687s processing; model 24.658s/5 calls; 24.887s including wait/save; 13114.194s since startup
Processed 214/229 this run (214/229 total window): PIPELINE_SUCCESS in 24.868s processing; model 24.842s/5 calls; 25.085s including wait/save; 13139.279s since startup
Processed 215/229 this run (215/229 total window): PIPELINE_SUCCESS in 22.83s processing; model 22.797s/5 calls; 23.150s including wait/save; 13162.429s since startup
Processed 216/229 this run (216/229 total window): PIPELINE_SUCCESS in 36.703s processing; model 36.621s/6 calls; 36.900s including wait/save; 13199.329s since startup
Processed 217/229 this run (217/229 total window): PIPELINE_SUCCESS in 48.655s processing; model 48.389s/6 calls; 48.866s including wait/save; 13248.195s since startup
Processed 218/229 this run (218/229 total window): PIPELINE_SUCCESS in 48.225s processing; model 47.898s/8 calls; 48.434s including wait/save; 13296.629s since startup
Processed 219/229 this run (219/229 total window): PIPELINE_SUCCESS in 43.256s processing; model 42.988s/6 calls; 43.459s including wait/save; 13340.088s since startup
Processed 220/229 this run (220/229 total window): PIPELINE_SUCCESS in 45.17s processing; model 45.108s/6 calls; 45.383s including wait/save; 13385.471s since startup
Processed 221/229 this run (221/229 total window): PIPELINE_SUCCESS in 75.346s processing; model 75.071s/8 calls; 75.544s including wait/save; 13461.015s since startup
Processed 222/229 this run (222/229 total window): PIPELINE_SUCCESS in 39.226s processing; model 38.967s/6 calls; 39.437s including wait/save; 13500.453s since startup
Processed 223/229 this run (223/229 total window): PIPELINE_SUCCESS in 47.41s processing; model 47.345s/6 calls; 47.618s including wait/save; 13548.071s since startup
Processed 224/229 this run (224/229 total window): PIPELINE_SUCCESS in 37.028s processing; model 36.952s/6 calls; 37.230s including wait/save; 13585.301s since startup
Processed 225/229 this run (225/229 total window): PIPELINE_SUCCESS in 61.834s processing; model 61.566s/7 calls; 62.045s including wait/save; 13647.347s since startup
Processed 226/229 this run (226/229 total window): PIPELINE_SUCCESS in 45.427s processing; model 45.147s/6 calls; 45.624s including wait/save; 13692.971s since startup
Processed 227/229 this run (227/229 total window): PIPELINE_SUCCESS in 48.848s processing; model 48.574s/6 calls; 49.038s including wait/save; 13742.009s since startup
Processed 228/229 this run (228/229 total window): PIPELINE_SUCCESS in 58.07s processing; model 57.799s/6 calls; 58.275s including wait/save; 13800.284s since startup
Processed 229/229 this run (229/229 total window): PIPELINE_SUCCESS in 59.395s processing; model 59.123s/6 calls; 59.604s including wait/save; 13859.888s since startup
[COMPLETE] Pipeline finished. Details: /home/kritik/Desktop/neosapiens/finance/script_diff_llm2/ablations/improvement10_models/source/improvement10/.runtime/logs/pipeline_20261006_134111_134268.log
[TIME] Startup-to-finish: 13860.25s; model requests: 13772.51s (1593 calls). Slowest model stages: Decompose=3946.47s, Query_Understanding=3833.34s, Final_Spec=2807.60s, Query_Spec=2678.06s
[TIMING] /home/kritik/Desktop/neosapiens/finance/script_diff_llm2/ablations/improvement10_models/source/improvement10/.runtime/logs/timing_20261006_134109_134268.json
