[INPUT] ONTOLOGY_FILE: /home/kritik/Desktop/neosapiens/finance/script_diff_llm2/ablations/improvement11_gpt_oss_120b/source/improvemnt11kgfixed/kg_output_fixed/wealth_management_diverse_schema.ttl
[INPUT] INSTANCE_FILE: /home/kritik/Desktop/neosapiens/finance/script_diff_llm2/ablations/improvement11_gpt_oss_120b/source/improvemnt11kgfixed/kg_output_fixed/wealth_management_diverse_kg.ttl
[INPUT] DOMAIN_INTRO_FILE: /home/kritik/Desktop/neosapiens/finance/script_diff_llm2/ablations/improvement11_gpt_oss_120b/source/improvemnt11kgfixed/domain_intro_latest.prompt
[INPUT] BUSINESS_RULES_FILE: /home/kritik/Desktop/neosapiens/finance/script_diff_llm2/ablations/improvement11_gpt_oss_120b/source/improvemnt11kgfixed/business_rules_addendum.md
[RUNNING] Report: /home/kritik/Desktop/neosapiens/finance/script_diff_llm2/ablations/improvement11_gpt_oss_120b/runs/gpt_oss_120b/run_01/parallel_workers4/worker_01/raw_pipeline.csv
[LOG] /home/kritik/Desktop/neosapiens/finance/script_diff_llm2/ablations/improvement11_gpt_oss_120b/source/improvemnt11kgfixed/.runtime/logs/pipeline_20261007_144234_169553.log
[CACHE] Knowledge hit in 0.012s
[TIME] Startup ready: 1.321s; query delay: 0s
Processed 1/247 this run (1/247 total window): PIPELINE_SUCCESS in 60.156s processing; model 60.068s/5 calls; 60.160s including wait/save; 61.481s since startup
Processed 2/247 this run (2/247 total window): PIPELINE_SUCCESS in 44.331s processing; model 44.212s/7 calls; 44.338s including wait/save; 105.820s since startup
Processed 3/247 this run (3/247 total window): PIPELINE_SUCCESS in 25.734s processing; model 25.670s/5 calls; 25.739s including wait/save; 131.558s since startup
Processed 4/247 this run (4/247 total window): PIPELINE_SUCCESS in 63.041s processing; model 62.948s/5 calls; 63.047s including wait/save; 194.605s since startup
Processed 5/247 this run (5/247 total window): PIPELINE_SUCCESS in 43.445s processing; model 43.351s/5 calls; 43.453s including wait/save; 238.058s since startup
Processed 6/247 this run (6/247 total window): PIPELINE_SUCCESS in 47.669s processing; model 47.590s/5 calls; 47.679s including wait/save; 285.737s since startup
Processed 7/247 this run (7/247 total window): PIPELINE_SUCCESS in 63.633s processing; model 63.490s/6 calls; 63.639s including wait/save; 349.376s since startup
Processed 8/247 this run (8/247 total window): PIPELINE_SUCCESS in 52.008s processing; model 51.887s/6 calls; 52.018s including wait/save; 401.394s since startup
Processed 9/247 this run (9/247 total window): PIPELINE_SUCCESS in 37.326s processing; model 37.179s/6 calls; 37.333s including wait/save; 438.728s since startup
Processed 10/247 this run (10/247 total window): PIPELINE_SUCCESS in 33.899s processing; model 33.737s/6 calls; 33.906s including wait/save; 472.634s since startup
Processed 11/247 this run (11/247 total window): PIPELINE_SUCCESS in 37.625s processing; model 37.479s/6 calls; 37.633s including wait/save; 510.267s since startup
Processed 12/247 this run (12/247 total window): PIPELINE_SUCCESS in 64.425s processing; model 64.263s/6 calls; 64.433s including wait/save; 574.701s since startup
Processed 13/247 this run (13/247 total window): PIPELINE_SUCCESS in 57.649s processing; model 57.509s/5 calls; 57.659s including wait/save; 632.360s since startup
Processed 14/247 this run (14/247 total window): PIPELINE_SUCCESS in 95.535s processing; model 95.259s/7 calls; 95.544s including wait/save; 727.905s since startup
Processed 15/247 this run (15/247 total window): PIPELINE_SUCCESS in 111.718s processing; model 111.478s/8 calls; 111.728s including wait/save; 839.633s since startup
Processed 16/247 this run (16/247 total window): TRANSIENT_ERROR in 27.614s processing; model 27.608s/1 calls; 27.642s including wait/save; 867.275s since startup
Processed 17/247 this run (17/247 total window): TRANSIENT_ERROR in 22.398s processing; model 22.392s/1 calls; 22.419s including wait/save; 889.694s since startup
Processed 18/247 this run (18/247 total window): TRANSIENT_ERROR in 31.143s processing; model 31.138s/1 calls; 31.171s including wait/save; 920.865s since startup
Processed 19/247 this run (19/247 total window): TRANSIENT_ERROR in 71.163s processing; model 71.151s/2 calls; 71.187s including wait/save; 992.051s since startup
Processed 20/247 this run (20/247 total window): PIPELINE_SUCCESS in 188.049s processing; model 187.833s/8 calls; 188.062s including wait/save; 1180.114s since startup
Processed 21/247 this run (21/247 total window): TRANSIENT_ERROR in 45.987s processing; model 45.953s/4 calls; 46.013s including wait/save; 1226.126s since startup
Processed 22/247 this run (22/247 total window): TRANSIENT_ERROR in 58.416s processing; model 58.374s/4 calls; 58.444s including wait/save; 1284.570s since startup
Processed 23/247 this run (23/247 total window): TRANSIENT_ERROR in 76.609s processing; model 76.596s/2 calls; 76.632s including wait/save; 1361.203s since startup
Processed 24/247 this run (24/247 total window): TRANSIENT_ERROR in 39.464s processing; model 39.453s/2 calls; 39.489s including wait/save; 1400.692s since startup
Processed 25/247 this run (25/247 total window): TRANSIENT_ERROR in 59.723s processing; model 59.712s/2 calls; 59.747s including wait/save; 1460.439s since startup
[STOPPED] Interrupted. Details: /home/kritik/Desktop/neosapiens/finance/script_diff_llm2/ablations/improvement11_gpt_oss_120b/source/improvemnt11kgfixed/.runtime/logs/pipeline_20261007_144234_169553.log
[TIME] Startup-to-finish: 1518.54s; model requests: 1514.40s (118 calls). Slowest model stages: Query_Understanding=761.09s, Decompose=282.92s, Query_Spec=221.76s, Retrieve=134.15s
[TIMING] /home/kritik/Desktop/neosapiens/finance/script_diff_llm2/ablations/improvement11_gpt_oss_120b/source/improvemnt11kgfixed/.runtime/logs/timing_20261007_144234_169553.json
[INPUT] ONTOLOGY_FILE: /home/kritik/Desktop/neosapiens/finance/script_diff_llm2/ablations/improvement11_gpt_oss_120b/source/improvemnt11kgfixed/kg_output_fixed/wealth_management_diverse_schema.ttl
[INPUT] INSTANCE_FILE: /home/kritik/Desktop/neosapiens/finance/script_diff_llm2/ablations/improvement11_gpt_oss_120b/source/improvemnt11kgfixed/kg_output_fixed/wealth_management_diverse_kg.ttl
[INPUT] DOMAIN_INTRO_FILE: /home/kritik/Desktop/neosapiens/finance/script_diff_llm2/ablations/improvement11_gpt_oss_120b/source/improvemnt11kgfixed/domain_intro_latest.prompt
[INPUT] BUSINESS_RULES_FILE: /home/kritik/Desktop/neosapiens/finance/script_diff_llm2/ablations/improvement11_gpt_oss_120b/source/improvemnt11kgfixed/business_rules_addendum.md
[RUNNING] Report: /home/kritik/Desktop/neosapiens/finance/script_diff_llm2/ablations/improvement11_gpt_oss_120b/runs/gpt_oss_120b/run_01/parallel_workers4/worker_01/raw_pipeline.csv
[LOG] /home/kritik/Desktop/neosapiens/finance/script_diff_llm2/ablations/improvement11_gpt_oss_120b/source/improvemnt11kgfixed/.runtime/logs/pipeline_20261007_150831_182045.log
[CACHE] Knowledge hit in 0.007s
[TIME] Startup ready: 1.092s; query delay: 0s
Processed 1/231 this run (17/247 total window): PIPELINE_SUCCESS in 74.455s processing; model 74.182s/8 calls; 74.468s including wait/save; 75.559s since startup
Processed 2/231 this run (18/247 total window): PIPELINE_SUCCESS in 95.153s processing; model 94.888s/7 calls; 95.165s including wait/save; 170.725s since startup
Processed 3/231 this run (19/247 total window): PIPELINE_SUCCESS in 58.524s processing; model 58.253s/7 calls; 58.537s including wait/save; 229.262s since startup
Processed 4/231 this run (20/247 total window): PIPELINE_SUCCESS in 58.558s processing; model 58.373s/7 calls; 58.574s including wait/save; 287.835s since startup
Processed 5/231 this run (21/247 total window): PIPELINE_SUCCESS in 116.072s processing; model 115.611s/8 calls; 116.086s including wait/save; 403.922s since startup
Processed 6/231 this run (22/247 total window): PIPELINE_SUCCESS in 81.053s processing; model 80.658s/9 calls; 81.070s including wait/save; 484.992s since startup
[STOPPED] Interrupted. Details: /home/kritik/Desktop/neosapiens/finance/script_diff_llm2/ablations/improvement11_gpt_oss_120b/source/improvemnt11kgfixed/.runtime/logs/pipeline_20261007_150831_182045.log
[TIME] Startup-to-finish: 529.05s; model requests: 525.99s (49 calls). Slowest model stages: Query_Understanding=169.96s, Decompose=141.40s, Query_Spec=128.27s, Final_Spec=58.35s
[TIMING] /home/kritik/Desktop/neosapiens/finance/script_diff_llm2/ablations/improvement11_gpt_oss_120b/source/improvemnt11kgfixed/.runtime/logs/timing_20261007_150831_182045.json
[INPUT] ONTOLOGY_FILE: /home/kritik/Desktop/neosapiens/finance/script_diff_llm2/ablations/improvement11_gpt_oss_120b/source/improvemnt11kgfixed/kg_output_fixed/wealth_management_diverse_schema.ttl
[INPUT] INSTANCE_FILE: /home/kritik/Desktop/neosapiens/finance/script_diff_llm2/ablations/improvement11_gpt_oss_120b/source/improvemnt11kgfixed/kg_output_fixed/wealth_management_diverse_kg.ttl
[INPUT] DOMAIN_INTRO_FILE: /home/kritik/Desktop/neosapiens/finance/script_diff_llm2/ablations/improvement11_gpt_oss_120b/source/improvemnt11kgfixed/domain_intro_latest.prompt
[INPUT] BUSINESS_RULES_FILE: /home/kritik/Desktop/neosapiens/finance/script_diff_llm2/ablations/improvement11_gpt_oss_120b/source/improvemnt11kgfixed/business_rules_addendum.md
[RUNNING] Report: /home/kritik/Desktop/neosapiens/finance/script_diff_llm2/ablations/improvement11_gpt_oss_120b/runs/gpt_oss_120b/run_01/parallel_workers4/worker_01/raw_pipeline.csv
[LOG] /home/kritik/Desktop/neosapiens/finance/script_diff_llm2/ablations/improvement11_gpt_oss_120b/source/improvemnt11kgfixed/.runtime/logs/pipeline_20261007_160109_204831.log
[CACHE] Knowledge hit in 0.007s
[TIME] Startup ready: 1.089s; query delay: 0s
Processed 1/225 this run (23/247 total window): PIPELINE_SUCCESS in 139.889s processing; model 139.556s/9 calls; 139.906s including wait/save; 140.995s since startup
Processed 2/225 this run (24/247 total window): PIPELINE_SUCCESS in 131.066s processing; model 130.752s/8 calls; 131.085s including wait/save; 272.080s since startup
Processed 3/225 this run (25/247 total window): PIPELINE_SUCCESS in 151.519s processing; model 151.028s/9 calls; 151.549s including wait/save; 423.629s since startup
Processed 4/225 this run (26/247 total window): PIPELINE_SUCCESS in 109.266s processing; model 108.767s/9 calls; 109.287s including wait/save; 532.916s since startup
Processed 5/225 this run (27/247 total window): PIPELINE_SUCCESS in 110.374s processing; model 109.948s/9 calls; 110.396s including wait/save; 643.313s since startup
Processed 6/225 this run (28/247 total window): PIPELINE_SUCCESS in 111.69s processing; model 111.252s/9 calls; 111.714s including wait/save; 755.027s since startup
Processed 7/225 this run (29/247 total window): PIPELINE_SUCCESS in 42.26s processing; model 42.160s/5 calls; 42.285s including wait/save; 797.312s since startup
Processed 8/225 this run (30/247 total window): PIPELINE_SUCCESS in 51.371s processing; model 51.224s/6 calls; 51.398s including wait/save; 848.710s since startup
Processed 9/225 this run (31/247 total window): PIPELINE_SUCCESS in 58.101s processing; model 58.017s/6 calls; 58.136s including wait/save; 906.846s since startup
Processed 10/225 this run (32/247 total window): PIPELINE_SUCCESS in 58.485s processing; model 58.230s/5 calls; 58.519s including wait/save; 965.365s since startup
Processed 11/225 this run (33/247 total window): PIPELINE_SUCCESS in 80.561s processing; model 80.404s/7 calls; 80.595s including wait/save; 1045.960s since startup
Processed 12/225 this run (34/247 total window): PIPELINE_SUCCESS in 57.033s processing; model 56.883s/6 calls; 57.068s including wait/save; 1103.029s since startup
Processed 13/225 this run (35/247 total window): PIPELINE_SUCCESS in 66.695s processing; model 66.551s/6 calls; 66.730s including wait/save; 1169.759s since startup
Processed 14/225 this run (36/247 total window): PIPELINE_SUCCESS in 45.71s processing; model 45.572s/6 calls; 45.748s including wait/save; 1215.507s since startup
Processed 15/225 this run (37/247 total window): PIPELINE_SUCCESS in 54.266s processing; model 54.138s/6 calls; 54.302s including wait/save; 1269.809s since startup
Processed 16/225 this run (38/247 total window): PIPELINE_SUCCESS in 73.898s processing; model 73.745s/6 calls; 73.936s including wait/save; 1343.746s since startup
Processed 17/225 this run (39/247 total window): TRANSIENT_ERROR in 56.661s processing; model 56.644s/3 calls; 56.708s including wait/save; 1400.454s since startup
Processed 18/225 this run (40/247 total window): TRANSIENT_ERROR in 48.901s processing; model 48.890s/2 calls; 48.942s including wait/save; 1449.396s since startup
Processed 19/225 this run (41/247 total window): TRANSIENT_ERROR in 74.613s processing; model 74.601s/2 calls; 74.652s including wait/save; 1524.049s since startup
Processed 20/225 this run (42/247 total window): TRANSIENT_ERROR in 29.107s processing; model 29.102s/1 calls; 29.160s including wait/save; 1553.208s since startup
Processed 21/225 this run (43/247 total window): TRANSIENT_ERROR in 42.833s processing; model 42.822s/2 calls; 42.881s including wait/save; 1596.089s since startup
Processed 22/225 this run (44/247 total window): TRANSIENT_ERROR in 23.049s processing; model 23.043s/1 calls; 23.097s including wait/save; 1619.186s since startup
Processed 23/225 this run (45/247 total window): TRANSIENT_ERROR in 78.11s processing; model 78.098s/2 calls; 78.163s including wait/save; 1697.349s since startup
Processed 24/225 this run (46/247 total window): TRANSIENT_ERROR in 52.35s processing; model 52.339s/2 calls; 52.400s including wait/save; 1749.749s since startup
Processed 25/225 this run (47/247 total window): TRANSIENT_ERROR in 20.479s processing; model 20.473s/1 calls; 20.530s including wait/save; 1770.279s since startup
Processed 26/225 this run (48/247 total window): PIPELINE_SUCCESS in 176.561s processing; model 176.364s/7 calls; 176.600s including wait/save; 1946.879s since startup
Processed 27/225 this run (49/247 total window): TRANSIENT_ERROR in 99.954s processing; model 99.938s/3 calls; 100.001s including wait/save; 2046.880s since startup
Processed 28/225 this run (50/247 total window): TRANSIENT_ERROR in 142.624s processing; model 142.594s/4 calls; 142.675s including wait/save; 2189.555s since startup
Processed 29/225 this run (51/247 total window): TRANSIENT_ERROR in 57.805s processing; model 57.796s/2 calls; 57.864s including wait/save; 2247.419s since startup
Processed 30/225 this run (52/247 total window): TRANSIENT_ERROR in 78.52s processing; model 78.508s/2 calls; 78.573s including wait/save; 2325.992s since startup
Processed 31/225 this run (53/247 total window): TRANSIENT_ERROR in 54.741s processing; model 54.730s/2 calls; 54.791s including wait/save; 2380.783s since startup
Processed 32/225 this run (54/247 total window): TRANSIENT_ERROR in 193.938s processing; model 193.855s/3 calls; 194.012s including wait/save; 2574.795s since startup
Processed 33/225 this run (55/247 total window): TRANSIENT_ERROR in 26.659s processing; model 26.653s/1 calls; 26.715s including wait/save; 2601.510s since startup
Processed 34/225 this run (56/247 total window): TRANSIENT_ERROR in 76.904s processing; model 76.893s/2 calls; 76.947s including wait/save; 2678.458s since startup
Processed 35/225 this run (57/247 total window): TRANSIENT_ERROR in 56.154s processing; model 56.145s/2 calls; 56.212s including wait/save; 2734.670s since startup
Processed 36/225 this run (58/247 total window): TRANSIENT_ERROR in 104.328s processing; model 104.316s/2 calls; 104.383s including wait/save; 2839.053s since startup
Processed 37/225 this run (59/247 total window): TRANSIENT_ERROR in 68.48s processing; model 68.468s/2 calls; 68.525s including wait/save; 2907.578s since startup
Processed 38/225 this run (60/247 total window): TRANSIENT_ERROR in 26.238s processing; model 26.233s/1 calls; 26.288s including wait/save; 2933.866s since startup
Processed 39/225 this run (61/247 total window): TRANSIENT_ERROR in 38.084s processing; model 38.073s/2 calls; 38.134s including wait/save; 2972.000s since startup
Processed 40/225 this run (62/247 total window): TRANSIENT_ERROR in 26.665s processing; model 26.659s/1 calls; 26.714s including wait/save; 2998.714s since startup
Processed 41/225 this run (63/247 total window): TRANSIENT_ERROR in 50.848s processing; model 50.838s/2 calls; 50.902s including wait/save; 3049.615s since startup
Processed 42/225 this run (64/247 total window): TRANSIENT_ERROR in 25.272s processing; model 25.266s/1 calls; 25.317s including wait/save; 3074.933s since startup
Processed 43/225 this run (65/247 total window): TRANSIENT_ERROR in 55.732s processing; model 55.722s/2 calls; 55.783s including wait/save; 3130.716s since startup
Processed 44/225 this run (66/247 total window): TRANSIENT_ERROR in 28.889s processing; model 28.883s/1 calls; 28.938s including wait/save; 3159.654s since startup
Processed 45/225 this run (67/247 total window): TRANSIENT_ERROR in 44.31s processing; model 44.299s/2 calls; 44.369s including wait/save; 3204.023s since startup
Processed 46/225 this run (68/247 total window): TRANSIENT_ERROR in 25.58s processing; model 25.575s/1 calls; 25.631s including wait/save; 3229.654s since startup
Processed 47/225 this run (69/247 total window): TRANSIENT_ERROR in 22.357s processing; model 22.351s/1 calls; 22.414s including wait/save; 3252.068s since startup
Processed 48/225 this run (70/247 total window): TRANSIENT_ERROR in 22.072s processing; model 22.066s/1 calls; 22.123s including wait/save; 3274.191s since startup
Processed 49/225 this run (71/247 total window): TRANSIENT_ERROR in 22.443s processing; model 22.437s/1 calls; 22.492s including wait/save; 3296.683s since startup
Processed 50/225 this run (72/247 total window): TRANSIENT_ERROR in 21.99s processing; model 21.984s/1 calls; 22.047s including wait/save; 3318.729s since startup
Processed 51/225 this run (73/247 total window): TRANSIENT_ERROR in 24.425s processing; model 24.420s/1 calls; 24.478s including wait/save; 3343.208s since startup
Processed 52/225 this run (74/247 total window): TRANSIENT_ERROR in 23.617s processing; model 23.611s/1 calls; 23.674s including wait/save; 3366.882s since startup
Processed 53/225 this run (75/247 total window): TRANSIENT_ERROR in 22.371s processing; model 22.366s/1 calls; 22.428s including wait/save; 3389.310s since startup
Processed 54/225 this run (76/247 total window): TRANSIENT_ERROR in 22.086s processing; model 22.080s/1 calls; 22.138s including wait/save; 3411.447s since startup
Processed 55/225 this run (77/247 total window): TRANSIENT_ERROR in 23.859s processing; model 23.853s/1 calls; 23.911s including wait/save; 3435.358s since startup
Processed 56/225 this run (78/247 total window): TRANSIENT_ERROR in 24.358s processing; model 24.352s/1 calls; 24.411s including wait/save; 3459.770s since startup
Processed 57/225 this run (79/247 total window): TRANSIENT_ERROR in 21.722s processing; model 21.716s/1 calls; 21.772s including wait/save; 3481.542s since startup
Processed 58/225 this run (80/247 total window): TRANSIENT_ERROR in 63.229s processing; model 63.218s/2 calls; 63.281s including wait/save; 3544.824s since startup
Processed 59/225 this run (81/247 total window): TRANSIENT_ERROR in 27.403s processing; model 27.397s/1 calls; 27.462s including wait/save; 3572.285s since startup
Processed 60/225 this run (82/247 total window): TRANSIENT_ERROR in 27.857s processing; model 27.852s/1 calls; 27.934s including wait/save; 3600.219s since startup
Processed 61/225 this run (83/247 total window): TRANSIENT_ERROR in 27.714s processing; model 27.709s/1 calls; 27.766s including wait/save; 3627.985s since startup
Processed 62/225 this run (84/247 total window): TRANSIENT_ERROR in 110.845s processing; model 110.839s/1 calls; 110.908s including wait/save; 3738.893s since startup
Processed 63/225 this run (85/247 total window): TRANSIENT_ERROR in 24.298s processing; model 24.292s/1 calls; 24.360s including wait/save; 3763.254s since startup
Processed 64/225 this run (86/247 total window): TRANSIENT_ERROR in 74.922s processing; model 74.897s/2 calls; 74.983s including wait/save; 3838.237s since startup
Processed 65/225 this run (87/247 total window): TRANSIENT_ERROR in 25.002s processing; model 24.996s/1 calls; 25.059s including wait/save; 3863.296s since startup
Processed 66/225 this run (88/247 total window): TRANSIENT_ERROR in 23.935s processing; model 23.930s/1 calls; 23.988s including wait/save; 3887.284s since startup
Processed 67/225 this run (89/247 total window): TRANSIENT_ERROR in 22.947s processing; model 22.941s/1 calls; 22.999s including wait/save; 3910.283s since startup
Processed 68/225 this run (90/247 total window): TRANSIENT_ERROR in 25.155s processing; model 25.149s/1 calls; 25.212s including wait/save; 3935.495s since startup
Processed 69/225 this run (91/247 total window): TRANSIENT_ERROR in 94.05s processing; model 94.041s/2 calls; 94.111s including wait/save; 4029.607s since startup
Processed 70/225 this run (92/247 total window): TRANSIENT_ERROR in 23.864s processing; model 23.858s/1 calls; 23.928s including wait/save; 4053.535s since startup
Processed 71/225 this run (93/247 total window): TRANSIENT_ERROR in 28.041s processing; model 28.036s/1 calls; 28.094s including wait/save; 4081.630s since startup
Processed 72/225 this run (94/247 total window): TRANSIENT_ERROR in 25.95s processing; model 25.945s/1 calls; 26.004s including wait/save; 4107.634s since startup
Processed 73/225 this run (95/247 total window): TRANSIENT_ERROR in 66.921s processing; model 66.912s/2 calls; 66.982s including wait/save; 4174.616s since startup
Processed 74/225 this run (96/247 total window): TRANSIENT_ERROR in 26.797s processing; model 26.792s/1 calls; 26.857s including wait/save; 4201.473s since startup
Processed 75/225 this run (97/247 total window): TRANSIENT_ERROR in 24.532s processing; model 24.527s/1 calls; 24.584s including wait/save; 4226.058s since startup
Processed 76/225 this run (98/247 total window): TRANSIENT_ERROR in 21.471s processing; model 21.466s/1 calls; 21.525s including wait/save; 4247.583s since startup
Processed 77/225 this run (99/247 total window): TRANSIENT_ERROR in 21.479s processing; model 21.473s/1 calls; 21.533s including wait/save; 4269.116s since startup
Processed 78/225 this run (100/247 total window): TRANSIENT_ERROR in 22.944s processing; model 22.938s/1 calls; 23.001s including wait/save; 4292.117s since startup
Processed 79/225 this run (101/247 total window): TRANSIENT_ERROR in 23.945s processing; model 23.939s/1 calls; 24.004s including wait/save; 4316.121s since startup
Processed 80/225 this run (102/247 total window): TRANSIENT_ERROR in 37.951s processing; model 37.940s/2 calls; 38.007s including wait/save; 4354.128s since startup
Processed 81/225 this run (103/247 total window): TRANSIENT_ERROR in 23.613s processing; model 23.607s/1 calls; 23.673s including wait/save; 4377.801s since startup
Processed 82/225 this run (104/247 total window): TRANSIENT_ERROR in 24.404s processing; model 24.398s/1 calls; 24.455s including wait/save; 4402.256s since startup
Processed 83/225 this run (105/247 total window): TRANSIENT_ERROR in 24.05s processing; model 24.044s/1 calls; 24.104s including wait/save; 4426.360s since startup
Processed 84/225 this run (106/247 total window): TRANSIENT_ERROR in 25.322s processing; model 25.317s/1 calls; 25.368s including wait/save; 4451.728s since startup
Processed 85/225 this run (107/247 total window): TRANSIENT_ERROR in 26.867s processing; model 26.861s/1 calls; 26.933s including wait/save; 4478.661s since startup
Processed 86/225 this run (108/247 total window): TRANSIENT_ERROR in 20.973s processing; model 20.967s/1 calls; 21.026s including wait/save; 4499.688s since startup
Processed 87/225 this run (109/247 total window): TRANSIENT_ERROR in 54.262s processing; model 54.251s/2 calls; 54.317s including wait/save; 4554.005s since startup
Processed 88/225 this run (110/247 total window): TRANSIENT_ERROR in 22.657s processing; model 22.652s/1 calls; 22.712s including wait/save; 4576.717s since startup
Processed 89/225 this run (111/247 total window): TRANSIENT_ERROR in 22.345s processing; model 22.340s/1 calls; 22.406s including wait/save; 4599.123s since startup
Processed 90/225 this run (112/247 total window): TRANSIENT_ERROR in 23.728s processing; model 23.723s/1 calls; 23.781s including wait/save; 4622.904s since startup
Processed 91/225 this run (113/247 total window): TRANSIENT_ERROR in 23.904s processing; model 23.899s/1 calls; 23.957s including wait/save; 4646.861s since startup
Processed 92/225 this run (114/247 total window): TRANSIENT_ERROR in 24.849s processing; model 24.844s/1 calls; 24.897s including wait/save; 4671.758s since startup
Processed 93/225 this run (115/247 total window): TRANSIENT_ERROR in 54.1s processing; model 54.089s/2 calls; 54.154s including wait/save; 4725.912s since startup
Processed 94/225 this run (116/247 total window): TRANSIENT_ERROR in 24.839s processing; model 24.833s/1 calls; 24.898s including wait/save; 4750.811s since startup
Processed 95/225 this run (117/247 total window): TRANSIENT_ERROR in 23.334s processing; model 23.328s/1 calls; 23.394s including wait/save; 4774.205s since startup
Processed 96/225 this run (118/247 total window): TRANSIENT_ERROR in 22.597s processing; model 22.592s/1 calls; 22.655s including wait/save; 4796.859s since startup
Processed 97/225 this run (119/247 total window): TRANSIENT_ERROR in 24.263s processing; model 24.258s/1 calls; 24.319s including wait/save; 4821.179s since startup
Processed 98/225 this run (120/247 total window): TRANSIENT_ERROR in 21.995s processing; model 21.989s/1 calls; 22.050s including wait/save; 4843.229s since startup
Processed 99/225 this run (121/247 total window): TRANSIENT_ERROR in 50.308s processing; model 50.294s/2 calls; 50.364s including wait/save; 4893.594s since startup
Processed 100/225 this run (122/247 total window): TRANSIENT_ERROR in 21.522s processing; model 21.516s/1 calls; 21.583s including wait/save; 4915.177s since startup
Processed 101/225 this run (123/247 total window): TRANSIENT_ERROR in 24.499s processing; model 24.494s/1 calls; 24.550s including wait/save; 4939.727s since startup
Processed 102/225 this run (124/247 total window): TRANSIENT_ERROR in 23.507s processing; model 23.501s/1 calls; 23.592s including wait/save; 4963.319s since startup
Processed 103/225 this run (125/247 total window): TRANSIENT_ERROR in 61.826s processing; model 61.814s/2 calls; 61.881s including wait/save; 5025.200s since startup
Processed 104/225 this run (126/247 total window): TRANSIENT_ERROR in 21.097s processing; model 21.092s/1 calls; 21.159s including wait/save; 5046.360s since startup
Processed 105/225 this run (127/247 total window): TRANSIENT_ERROR in 23.528s processing; model 23.523s/1 calls; 23.590s including wait/save; 5069.950s since startup
Processed 106/225 this run (128/247 total window): TRANSIENT_ERROR in 65.561s processing; model 65.552s/2 calls; 65.624s including wait/save; 5135.574s since startup
Processed 107/225 this run (129/247 total window): TRANSIENT_ERROR in 26.02s processing; model 26.014s/1 calls; 26.073s including wait/save; 5161.648s since startup
Processed 108/225 this run (130/247 total window): TRANSIENT_ERROR in 24.471s processing; model 24.465s/1 calls; 24.527s including wait/save; 5186.175s since startup
Processed 109/225 this run (131/247 total window): TRANSIENT_ERROR in 112.587s processing; model 112.582s/1 calls; 112.652s including wait/save; 5298.826s since startup
Processed 110/225 this run (132/247 total window): TRANSIENT_ERROR in 20.668s processing; model 20.663s/1 calls; 20.727s including wait/save; 5319.554s since startup
Processed 111/225 this run (133/247 total window): TRANSIENT_ERROR in 22.914s processing; model 22.909s/1 calls; 22.969s including wait/save; 5342.523s since startup
Processed 112/225 this run (134/247 total window): TRANSIENT_ERROR in 25.749s processing; model 25.744s/1 calls; 25.809s including wait/save; 5368.332s since startup
Processed 113/225 this run (135/247 total window): TRANSIENT_ERROR in 24.456s processing; model 24.451s/1 calls; 24.518s including wait/save; 5392.850s since startup
Processed 114/225 this run (136/247 total window): TRANSIENT_ERROR in 84.432s processing; model 84.421s/2 calls; 84.487s including wait/save; 5477.337s since startup
Processed 115/225 this run (137/247 total window): TRANSIENT_ERROR in 21.193s processing; model 21.187s/1 calls; 21.255s including wait/save; 5498.592s since startup
Processed 116/225 this run (138/247 total window): TRANSIENT_ERROR in 162.865s processing; model 162.813s/6 calls; 162.924s including wait/save; 5661.516s since startup
Processed 117/225 this run (139/247 total window): TRANSIENT_ERROR in 79.306s processing; model 79.295s/2 calls; 79.361s including wait/save; 5740.877s since startup
Processed 118/225 this run (140/247 total window): TRANSIENT_ERROR in 23.958s processing; model 23.952s/1 calls; 24.013s including wait/save; 5764.890s since startup
Processed 119/225 this run (141/247 total window): TRANSIENT_ERROR in 70.334s processing; model 70.322s/2 calls; 70.383s including wait/save; 5835.273s since startup
Processed 120/225 this run (142/247 total window): TRANSIENT_ERROR in 170.243s processing; model 170.191s/6 calls; 170.307s including wait/save; 6005.580s since startup
Processed 121/225 this run (143/247 total window): TRANSIENT_ERROR in 70.102s processing; model 70.091s/2 calls; 70.159s including wait/save; 6075.739s since startup
Processed 122/225 this run (144/247 total window): CRASH in 114.205s processing; model 114.199s/1 calls; 114.266s including wait/save; 6190.006s since startup
Processed 123/225 this run (145/247 total window): TRANSIENT_ERROR in 71.793s processing; model 71.780s/2 calls; 71.852s including wait/save; 6261.858s since startup
Processed 124/225 this run (146/247 total window): TRANSIENT_ERROR in 104.798s processing; model 104.766s/4 calls; 104.846s including wait/save; 6366.703s since startup
Processed 125/225 this run (147/247 total window): TRANSIENT_ERROR in 65.409s processing; model 65.385s/3 calls; 65.464s including wait/save; 6432.168s since startup
Processed 126/225 this run (148/247 total window): TRANSIENT_ERROR in 23.444s processing; model 23.438s/1 calls; 23.507s including wait/save; 6455.674s since startup
Processed 127/225 this run (149/247 total window): TRANSIENT_ERROR in 103.012s processing; model 103.000s/2 calls; 103.068s including wait/save; 6558.743s since startup
Processed 128/225 this run (150/247 total window): TRANSIENT_ERROR in 25.341s processing; model 25.335s/1 calls; 25.427s including wait/save; 6584.170s since startup
Processed 129/225 this run (151/247 total window): TRANSIENT_ERROR in 76.648s processing; model 76.631s/2 calls; 76.719s including wait/save; 6660.889s since startup
Processed 130/225 this run (152/247 total window): TRANSIENT_ERROR in 209.087s processing; model 209.073s/2 calls; 209.150s including wait/save; 6870.039s since startup
Processed 131/225 this run (153/247 total window): TRANSIENT_ERROR in 24.999s processing; model 24.993s/1 calls; 25.060s including wait/save; 6895.100s since startup
Processed 132/225 this run (154/247 total window): TRANSIENT_ERROR in 39.771s processing; model 39.760s/2 calls; 39.840s including wait/save; 6934.940s since startup
Processed 133/225 this run (155/247 total window): TRANSIENT_ERROR in 28.194s processing; model 28.188s/1 calls; 28.262s including wait/save; 6963.202s since startup
Processed 134/225 this run (156/247 total window): TRANSIENT_ERROR in 42.884s processing; model 42.873s/2 calls; 42.944s including wait/save; 7006.146s since startup
Processed 135/225 this run (157/247 total window): TRANSIENT_ERROR in 26.213s processing; model 26.207s/1 calls; 26.282s including wait/save; 7032.428s since startup
Processed 136/225 this run (158/247 total window): TRANSIENT_ERROR in 35.153s processing; model 35.142s/2 calls; 35.213s including wait/save; 7067.641s since startup
Processed 137/225 this run (159/247 total window): PIPELINE_SUCCESS in 67.223s processing; model 67.143s/5 calls; 67.279s including wait/save; 7134.920s since startup
Processed 138/225 this run (160/247 total window): TRANSIENT_ERROR in 36.393s processing; model 36.382s/2 calls; 36.451s including wait/save; 7171.371s since startup
Processed 139/225 this run (161/247 total window): TRANSIENT_ERROR in 25.914s processing; model 25.908s/1 calls; 25.971s including wait/save; 7197.341s since startup
Processed 140/225 this run (162/247 total window): TRANSIENT_ERROR in 82.412s processing; model 82.395s/3 calls; 82.475s including wait/save; 7279.816s since startup
Processed 141/225 this run (163/247 total window): PIPELINE_SUCCESS in 149.653s processing; model 149.537s/5 calls; 149.733s including wait/save; 7429.549s since startup
Processed 142/225 this run (164/247 total window): PIPELINE_SUCCESS in 31.54s processing; model 31.360s/5 calls; 31.590s including wait/save; 7461.139s since startup
Processed 143/225 this run (165/247 total window): TRANSIENT_ERROR in 42.247s processing; model 42.237s/2 calls; 42.320s including wait/save; 7503.459s since startup
Processed 144/225 this run (166/247 total window): TRANSIENT_ERROR in 106.433s processing; model 106.415s/3 calls; 106.495s including wait/save; 7609.953s since startup
Processed 145/225 this run (167/247 total window): TRANSIENT_ERROR in 29.225s processing; model 29.218s/1 calls; 29.282s including wait/save; 7639.235s since startup
Processed 146/225 this run (168/247 total window): TRANSIENT_ERROR in 96.408s processing; model 96.389s/3 calls; 96.469s including wait/save; 7735.705s since startup
Processed 147/225 this run (169/247 total window): TRANSIENT_ERROR in 55.949s processing; model 55.933s/3 calls; 56.011s including wait/save; 7791.716s since startup
Processed 148/225 this run (170/247 total window): TRANSIENT_ERROR in 38.748s processing; model 38.738s/2 calls; 38.806s including wait/save; 7830.522s since startup
Processed 149/225 this run (171/247 total window): TRANSIENT_ERROR in 27.076s processing; model 27.070s/1 calls; 27.136s including wait/save; 7857.659s since startup
Processed 150/225 this run (172/247 total window): TRANSIENT_ERROR in 51.345s processing; model 51.322s/3 calls; 51.419s including wait/save; 7909.078s since startup
Processed 151/225 this run (173/247 total window): TRANSIENT_ERROR in 112.772s processing; model 112.756s/3 calls; 112.831s including wait/save; 8021.909s since startup
Processed 152/225 this run (174/247 total window): TRANSIENT_ERROR in 109.092s processing; model 109.045s/5 calls; 109.155s including wait/save; 8131.064s since startup
Processed 153/225 this run (175/247 total window): TRANSIENT_ERROR in 56.26s processing; model 56.250s/2 calls; 56.324s including wait/save; 8187.388s since startup
Processed 154/225 this run (176/247 total window): TRANSIENT_ERROR in 25.042s processing; model 25.036s/1 calls; 25.101s including wait/save; 8212.489s since startup
Processed 155/225 this run (177/247 total window): TRANSIENT_ERROR in 43.136s processing; model 43.126s/2 calls; 43.195s including wait/save; 8255.684s since startup
Processed 156/225 this run (178/247 total window): TRANSIENT_ERROR in 68.084s processing; model 68.073s/2 calls; 68.152s including wait/save; 8323.837s since startup
Processed 157/225 this run (179/247 total window): TRANSIENT_ERROR in 25.289s processing; model 25.283s/1 calls; 25.363s including wait/save; 8349.200s since startup
Processed 158/225 this run (180/247 total window): TRANSIENT_ERROR in 41.898s processing; model 41.887s/2 calls; 41.960s including wait/save; 8391.159s since startup
Processed 159/225 this run (181/247 total window): TRANSIENT_ERROR in 156.71s processing; model 156.691s/3 calls; 156.782s including wait/save; 8547.941s since startup
Processed 160/225 this run (182/247 total window): TRANSIENT_ERROR in 60.634s processing; model 60.623s/2 calls; 60.702s including wait/save; 8608.644s since startup
Processed 161/225 this run (183/247 total window): TRANSIENT_ERROR in 26.498s processing; model 26.492s/1 calls; 26.558s including wait/save; 8635.202s since startup
Processed 162/225 this run (184/247 total window): TRANSIENT_ERROR in 66.677s processing; model 66.667s/2 calls; 66.758s including wait/save; 8701.960s since startup
Processed 163/225 this run (185/247 total window): TRANSIENT_ERROR in 56.444s processing; model 56.433s/2 calls; 56.507s including wait/save; 8758.467s since startup
Processed 164/225 this run (186/247 total window): TRANSIENT_ERROR in 76.737s processing; model 76.725s/2 calls; 76.810s including wait/save; 8835.277s since startup
Processed 165/225 this run (187/247 total window): TRANSIENT_ERROR in 48.923s processing; model 48.911s/2 calls; 48.983s including wait/save; 8884.260s since startup
Processed 166/225 this run (188/247 total window): TRANSIENT_ERROR in 24.17s processing; model 24.165s/1 calls; 24.232s including wait/save; 8908.492s since startup
Processed 167/225 this run (189/247 total window): TRANSIENT_ERROR in 52.115s processing; model 52.104s/2 calls; 52.200s including wait/save; 8960.692s since startup
Processed 168/225 this run (190/247 total window): TRANSIENT_ERROR in 86.48s processing; model 86.471s/2 calls; 86.554s including wait/save; 9047.246s since startup
Processed 169/225 this run (191/247 total window): TRANSIENT_ERROR in 69.964s processing; model 69.953s/2 calls; 70.015s including wait/save; 9117.261s since startup
Processed 170/225 this run (192/247 total window): PIPELINE_SUCCESS in 148.247s processing; model 148.101s/5 calls; 148.301s including wait/save; 9265.562s since startup
Processed 171/225 this run (193/247 total window): TRANSIENT_ERROR in 38.453s processing; model 38.442s/2 calls; 38.523s including wait/save; 9304.086s since startup
Processed 172/225 this run (194/247 total window): TRANSIENT_ERROR in 67.795s processing; model 67.784s/2 calls; 67.856s including wait/save; 9371.941s since startup
Processed 173/225 this run (195/247 total window): TRANSIENT_ERROR in 58.078s processing; model 57.893s/5 calls; 58.140s including wait/save; 9430.082s since startup
Processed 174/225 this run (196/247 total window): TRANSIENT_ERROR in 63.863s processing; model 63.851s/2 calls; 63.925s including wait/save; 9494.007s since startup
Processed 175/225 this run (197/247 total window): TRANSIENT_ERROR in 25.014s processing; model 25.008s/1 calls; 25.089s including wait/save; 9519.096s since startup
Processed 176/225 this run (198/247 total window): TRANSIENT_ERROR in 64.92s processing; model 64.908s/2 calls; 64.981s including wait/save; 9584.077s since startup
Processed 177/225 this run (199/247 total window): TRANSIENT_ERROR in 27.833s processing; model 27.828s/1 calls; 27.914s including wait/save; 9611.992s since startup
Processed 178/225 this run (200/247 total window): TRANSIENT_ERROR in 36.575s processing; model 36.564s/2 calls; 36.642s including wait/save; 9648.633s since startup
Processed 179/225 this run (201/247 total window): TRANSIENT_ERROR in 30.423s processing; model 30.418s/1 calls; 30.488s including wait/save; 9679.121s since startup
[STOPPED] Interrupted. Details: /home/kritik/Desktop/neosapiens/finance/script_diff_llm2/ablations/improvement11_gpt_oss_120b/source/improvemnt11kgfixed/.runtime/logs/pipeline_20261007_160109_204831.log
[TIME] Startup-to-finish: 9719.33s; model requests: 9701.70s (402 calls). Slowest model stages: Query_Understanding=6996.96s, Retrieve=1433.52s, Decompose=527.59s, Query_Spec=443.34s
[TIMING] /home/kritik/Desktop/neosapiens/finance/script_diff_llm2/ablations/improvement11_gpt_oss_120b/source/improvemnt11kgfixed/.runtime/logs/timing_20261007_160109_204831.json
[INPUT] ONTOLOGY_FILE: /home/kritik/Desktop/neosapiens/finance/script_diff_llm2/ablations/improvement11_gpt_oss_120b/source/improvemnt11kgfixed/kg_output_fixed/wealth_management_diverse_schema.ttl
[INPUT] INSTANCE_FILE: /home/kritik/Desktop/neosapiens/finance/script_diff_llm2/ablations/improvement11_gpt_oss_120b/source/improvemnt11kgfixed/kg_output_fixed/wealth_management_diverse_kg.ttl
[INPUT] DOMAIN_INTRO_FILE: /home/kritik/Desktop/neosapiens/finance/script_diff_llm2/ablations/improvement11_gpt_oss_120b/source/improvemnt11kgfixed/domain_intro_latest.prompt
[INPUT] BUSINESS_RULES_FILE: /home/kritik/Desktop/neosapiens/finance/script_diff_llm2/ablations/improvement11_gpt_oss_120b/source/improvemnt11kgfixed/business_rules_addendum.md
[RUNNING] Report: /home/kritik/Desktop/neosapiens/finance/script_diff_llm2/ablations/improvement11_gpt_oss_120b/runs/gpt_oss_120b/run_01/parallel_workers4/worker_01/raw_pipeline.csv
[LOG] /home/kritik/Desktop/neosapiens/finance/script_diff_llm2/ablations/improvement11_gpt_oss_120b/source/improvemnt11kgfixed/.runtime/logs/pipeline_20261007_190334_274626.log
[CACHE] Knowledge hit in 0.007s
[TIME] Startup ready: 1.097s; query delay: 0s
Processed 1/204 this run (44/247 total window): PIPELINE_SUCCESS in 162.779s processing; model 162.639s/6 calls; 162.827s including wait/save; 163.924s since startup
Processed 2/204 this run (45/247 total window): PIPELINE_SUCCESS in 50.24s processing; model 50.093s/6 calls; 50.281s including wait/save; 214.205s since startup
Processed 3/204 this run (46/247 total window): PIPELINE_SUCCESS in 50.236s processing; model 50.099s/6 calls; 50.279s including wait/save; 264.484s since startup
Processed 4/204 this run (47/247 total window): PIPELINE_SUCCESS in 79.998s processing; model 79.690s/7 calls; 80.041s including wait/save; 344.525s since startup
Processed 5/204 this run (48/247 total window): PIPELINE_SUCCESS in 83.558s processing; model 83.260s/8 calls; 83.603s including wait/save; 428.128s since startup
Processed 6/204 this run (49/247 total window): PIPELINE_SUCCESS in 130.985s processing; model 130.658s/9 calls; 131.034s including wait/save; 559.163s since startup
Processed 7/204 this run (50/247 total window): PIPELINE_SUCCESS in 73.531s processing; model 73.233s/7 calls; 73.577s including wait/save; 632.740s since startup
Processed 8/204 this run (51/247 total window): PIPELINE_SUCCESS in 74.945s processing; model 74.773s/7 calls; 74.993s including wait/save; 707.733s since startup
Processed 9/204 this run (52/247 total window): PIPELINE_SUCCESS in 71.481s processing; model 71.238s/7 calls; 71.530s including wait/save; 779.263s since startup
Processed 10/204 this run (53/247 total window): PIPELINE_SUCCESS in 190.738s processing; model 189.161s/9 calls; 190.787s including wait/save; 970.050s since startup
Processed 11/204 this run (54/247 total window): PIPELINE_SUCCESS in 161.756s processing; model 160.694s/10 calls; 161.806s including wait/save; 1131.856s since startup
Processed 12/204 this run (55/247 total window): PIPELINE_SUCCESS in 74.799s processing; model 74.438s/8 calls; 74.851s including wait/save; 1206.707s since startup
Processed 13/204 this run (56/247 total window): FINAL_SPEC_ERROR in 155.248s processing; model 154.927s/11 calls; 155.302s including wait/save; 1362.009s since startup
Processed 14/204 this run (57/247 total window): FINAL_SPEC_ERROR in 158.46s processing; model 158.102s/11 calls; 158.519s including wait/save; 1520.528s since startup
Processed 15/204 this run (58/247 total window): PIPELINE_SUCCESS in 102.601s processing; model 101.739s/8 calls; 102.659s including wait/save; 1623.187s since startup
Processed 16/204 this run (59/247 total window): PIPELINE_SUCCESS in 147.993s processing; model 147.130s/8 calls; 148.051s including wait/save; 1771.238s since startup
Processed 17/204 this run (60/247 total window): PIPELINE_SUCCESS in 263.469s processing; model 262.108s/10 calls; 263.530s including wait/save; 2034.769s since startup
Processed 18/204 this run (61/247 total window): PIPELINE_SUCCESS in 98.838s processing; model 97.643s/9 calls; 98.902s including wait/save; 2133.671s since startup
Processed 19/204 this run (62/247 total window): PIPELINE_SUCCESS in 133.31s processing; model 132.014s/9 calls; 133.376s including wait/save; 2267.047s since startup
Processed 20/204 this run (63/247 total window): PIPELINE_SUCCESS in 96.041s processing; model 95.072s/9 calls; 96.116s including wait/save; 2363.163s since startup
Processed 21/204 this run (64/247 total window): PIPELINE_SUCCESS in 132.83s processing; model 131.646s/9 calls; 132.899s including wait/save; 2496.063s since startup
Processed 22/204 this run (65/247 total window): PIPELINE_SUCCESS in 58.938s processing; model 58.862s/6 calls; 59.018s including wait/save; 2555.082s since startup
Processed 23/204 this run (66/247 total window): PIPELINE_SUCCESS in 48.659s processing; model 48.532s/6 calls; 48.730s including wait/save; 2603.812s since startup
Processed 24/204 this run (67/247 total window): PIPELINE_SUCCESS in 29.524s processing; model 29.438s/5 calls; 29.601s including wait/save; 2633.413s since startup
Processed 25/204 this run (68/247 total window): PIPELINE_SUCCESS in 28.813s processing; model 28.727s/5 calls; 28.889s including wait/save; 2662.302s since startup
Processed 26/204 this run (69/247 total window): PIPELINE_SUCCESS in 44.566s processing; model 44.446s/5 calls; 44.648s including wait/save; 2706.950s since startup
Processed 27/204 this run (70/247 total window): PIPELINE_SUCCESS in 39.046s processing; model 38.965s/5 calls; 39.130s including wait/save; 2746.080s since startup
Processed 28/204 this run (71/247 total window): PIPELINE_SUCCESS in 40.137s processing; model 40.061s/5 calls; 40.212s including wait/save; 2786.292s since startup
Processed 29/204 this run (72/247 total window): PIPELINE_SUCCESS in 36.584s processing; model 36.487s/5 calls; 36.661s including wait/save; 2822.953s since startup
Processed 30/204 this run (73/247 total window): PIPELINE_SUCCESS in 79.913s processing; model 79.764s/6 calls; 79.987s including wait/save; 2902.940s since startup
Processed 31/204 this run (74/247 total window): PIPELINE_SUCCESS in 45.285s processing; model 45.143s/6 calls; 45.358s including wait/save; 2948.298s since startup
Processed 32/204 this run (75/247 total window): PIPELINE_SUCCESS in 60.951s processing; model 60.812s/6 calls; 61.025s including wait/save; 3009.324s since startup
Processed 33/204 this run (76/247 total window): PIPELINE_SUCCESS in 40.378s processing; model 40.263s/6 calls; 40.450s including wait/save; 3049.774s since startup
Processed 34/204 this run (77/247 total window): PIPELINE_SUCCESS in 48.682s processing; model 48.312s/6 calls; 48.755s including wait/save; 3098.529s since startup
Processed 35/204 this run (78/247 total window): PIPELINE_SUCCESS in 58.199s processing; model 58.026s/6 calls; 58.275s including wait/save; 3156.804s since startup
Processed 36/204 this run (79/247 total window): PIPELINE_SUCCESS in 84.697s processing; model 84.515s/7 calls; 84.788s including wait/save; 3241.592s since startup
Processed 37/204 this run (80/247 total window): PIPELINE_SUCCESS in 92.575s processing; model 92.447s/7 calls; 92.649s including wait/save; 3334.241s since startup
Processed 38/204 this run (81/247 total window): PIPELINE_SUCCESS in 53.109s processing; model 52.982s/6 calls; 53.190s including wait/save; 3387.430s since startup
Processed 39/204 this run (82/247 total window): PIPELINE_SUCCESS in 66.656s processing; model 66.496s/6 calls; 66.735s including wait/save; 3454.165s since startup
Processed 40/204 this run (83/247 total window): PIPELINE_SUCCESS in 161.772s processing; model 161.510s/8 calls; 161.851s including wait/save; 3616.016s since startup
Processed 41/204 this run (84/247 total window): PIPELINE_SUCCESS in 86.695s processing; model 86.503s/8 calls; 86.775s including wait/save; 3702.791s since startup
Processed 42/204 this run (85/247 total window): PIPELINE_SUCCESS in 100.553s processing; model 100.245s/7 calls; 100.633s including wait/save; 3803.424s since startup
Processed 43/204 this run (86/247 total window): PIPELINE_SUCCESS in 115.867s processing; model 115.675s/8 calls; 115.946s including wait/save; 3919.370s since startup
Processed 44/204 this run (87/247 total window): PIPELINE_SUCCESS in 80.817s processing; model 80.619s/7 calls; 80.903s including wait/save; 4000.273s since startup
Processed 45/204 this run (88/247 total window): PIPELINE_SUCCESS in 73.634s processing; model 73.387s/7 calls; 73.714s including wait/save; 4073.987s since startup
Processed 46/204 this run (89/247 total window): PIPELINE_SUCCESS in 72.636s processing; model 72.415s/7 calls; 72.717s including wait/save; 4146.704s since startup
Processed 47/204 this run (90/247 total window): PIPELINE_SUCCESS in 65.245s processing; model 65.027s/7 calls; 65.326s including wait/save; 4212.031s since startup
Processed 48/204 this run (91/247 total window): PIPELINE_SUCCESS in 123.721s processing; model 123.411s/10 calls; 123.804s including wait/save; 4335.835s since startup
Processed 49/204 this run (92/247 total window): PIPELINE_SUCCESS in 90.93s processing; model 90.547s/8 calls; 91.014s including wait/save; 4426.848s since startup
Processed 50/204 this run (93/247 total window): PIPELINE_SUCCESS in 86.996s processing; model 86.621s/8 calls; 87.082s including wait/save; 4513.930s since startup
Processed 51/204 this run (94/247 total window): PIPELINE_SUCCESS in 74.446s processing; model 74.153s/8 calls; 74.535s including wait/save; 4588.466s since startup
Processed 52/204 this run (95/247 total window): PIPELINE_SUCCESS in 115.636s processing; model 115.259s/8 calls; 115.723s including wait/save; 4704.189s since startup
Processed 53/204 this run (96/247 total window): PIPELINE_SUCCESS in 107.632s processing; model 106.984s/6 calls; 107.720s including wait/save; 4811.909s since startup
Processed 54/204 this run (97/247 total window): PIPELINE_SUCCESS in 73.057s processing; model 72.785s/6 calls; 73.147s including wait/save; 4885.056s since startup
Processed 55/204 this run (98/247 total window): PIPELINE_SUCCESS in 67.396s processing; model 67.126s/6 calls; 67.498s including wait/save; 4952.554s since startup
Processed 56/204 this run (99/247 total window): PIPELINE_SUCCESS in 74.172s processing; model 73.539s/6 calls; 74.262s including wait/save; 5026.817s since startup
Processed 57/204 this run (100/247 total window): PIPELINE_SUCCESS in 45.718s processing; model 45.538s/6 calls; 45.808s including wait/save; 5072.625s since startup
Processed 58/204 this run (101/247 total window): TRANSIENT_ERROR in 41.869s processing; model 41.861s/2 calls; 41.975s including wait/save; 5114.600s since startup
Processed 59/204 this run (102/247 total window): PIPELINE_SUCCESS in 121.362s processing; model 121.182s/8 calls; 121.456s including wait/save; 5236.056s since startup
Processed 60/204 this run (103/247 total window): PIPELINE_SUCCESS in 80.251s processing; model 79.604s/6 calls; 80.346s including wait/save; 5316.402s since startup
Processed 61/204 this run (104/247 total window): TRANSIENT_ERROR in 77.432s processing; model 77.405s/4 calls; 77.540s including wait/save; 5393.943s since startup
Processed 62/204 this run (105/247 total window): TRANSIENT_ERROR in 43.127s processing; model 43.119s/2 calls; 43.230s including wait/save; 5437.173s since startup
Processed 63/204 this run (106/247 total window): TRANSIENT_ERROR in 63.356s processing; model 63.346s/2 calls; 63.454s including wait/save; 5500.627s since startup
Processed 64/204 this run (107/247 total window): PIPELINE_SUCCESS in 209.905s processing; model 209.601s/8 calls; 210.012s including wait/save; 5710.640s since startup
Processed 65/204 this run (108/247 total window): PIPELINE_SUCCESS in 75.909s processing; model 75.638s/7 calls; 76.011s including wait/save; 5786.651s since startup
Processed 66/204 this run (109/247 total window): PIPELINE_SUCCESS in 93.179s processing; model 92.904s/7 calls; 93.275s including wait/save; 5879.926s since startup
Processed 67/204 this run (110/247 total window): PIPELINE_SUCCESS in 85.312s processing; model 85.020s/8 calls; 85.407s including wait/save; 5965.333s since startup
Processed 68/204 this run (111/247 total window): PIPELINE_SUCCESS in 142.654s processing; model 142.426s/8 calls; 142.751s including wait/save; 6108.085s since startup
[STOPPED] Interrupted. Details: /home/kritik/Desktop/neosapiens/finance/script_diff_llm2/ablations/improvement11_gpt_oss_120b/source/improvemnt11kgfixed/.runtime/logs/pipeline_20261007_190334_274626.log
[TIME] Startup-to-finish: 6108.51s; model requests: 6078.47s (472 calls). Slowest model stages: Query_Understanding=2101.68s, Query_Spec=1445.30s, Decompose=1145.82s, Final_Spec=1017.29s
[TIMING] /home/kritik/Desktop/neosapiens/finance/script_diff_llm2/ablations/improvement11_gpt_oss_120b/source/improvemnt11kgfixed/.runtime/logs/timing_20261007_190333_274626.json
