[INPUT] SQLITE_DB_PATH: /home/kritik/Desktop/neosapiens/finance/script_diff_llm2/ablations/improvement10_models/source/improvement10/wealth_management_diverse.db
[INPUT] TABLE_METADATA_DIR: /home/kritik/Desktop/neosapiens/finance/script_diff_llm2/ablations/improvement10_models/source/improvement10/table_medatada
[INPUT] DOMAIN_INTRO_FILE: /home/kritik/Desktop/neosapiens/finance/script_diff_llm2/ablations/improvement10_models/source/improvement10/domain_intro_latest.prompt
[INPUT] BUSINESS_RULES_FILE: /home/kritik/Desktop/neosapiens/finance/script_diff_llm2/ablations/improvement10_models/source/improvement10/business_rules_addendum.md
[RUNNING] Report: /home/kritik/Desktop/neosapiens/finance/script_diff_llm2/ablations/improvement10_models/runs/deepseek_v3_2/run_01/parallel_workers4/worker_03/raw_pipeline.csv
[LOG] /home/kritik/Desktop/neosapiens/finance/script_diff_llm2/ablations/improvement10_models/source/improvement10/.runtime/logs/pipeline_20261006_134111_134267.log
[CACHE] Knowledge hit in 0.008s
[TIME] Startup ready: 2.228s; query delay: 0s
Processed 1/229 this run (1/229 total window): PIPELINE_SUCCESS in 90.033s processing; model 89.941s/9 calls; 90.038s including wait/save; 92.266s since startup
Processed 2/229 this run (2/229 total window): PIPELINE_SUCCESS in 68.488s processing; model 68.421s/9 calls; 68.494s including wait/save; 160.760s since startup
Processed 3/229 this run (3/229 total window): PIPELINE_SUCCESS in 64.044s processing; model 63.944s/8 calls; 64.050s including wait/save; 224.810s since startup
Processed 4/229 this run (4/229 total window): PIPELINE_SUCCESS in 55.338s processing; model 55.254s/8 calls; 55.347s including wait/save; 280.157s since startup
Processed 5/229 this run (5/229 total window): PIPELINE_SUCCESS in 89.566s processing; model 89.463s/8 calls; 89.575s including wait/save; 369.732s since startup
Processed 6/229 this run (6/229 total window): PIPELINE_SUCCESS in 100.745s processing; model 100.640s/9 calls; 100.755s including wait/save; 470.488s since startup
Processed 7/229 this run (7/229 total window): PIPELINE_SUCCESS in 70.61s processing; model 70.480s/8 calls; 70.622s including wait/save; 541.109s since startup
Processed 8/229 this run (8/229 total window): PIPELINE_SUCCESS in 130.585s processing; model 130.479s/11 calls; 130.601s including wait/save; 671.710s since startup
Processed 9/229 this run (9/229 total window): PIPELINE_SUCCESS in 107.956s processing; model 107.825s/10 calls; 107.971s including wait/save; 779.681s since startup
Processed 10/229 this run (10/229 total window): PIPELINE_SUCCESS in 83.436s processing; model 83.329s/9 calls; 83.458s including wait/save; 863.139s since startup
Processed 11/229 this run (11/229 total window): PIPELINE_SUCCESS in 112.116s processing; model 112.080s/5 calls; 112.134s including wait/save; 975.273s since startup
Processed 12/229 this run (12/229 total window): PIPELINE_SUCCESS in 33.334s processing; model 33.279s/6 calls; 33.362s including wait/save; 1008.634s since startup
Processed 13/229 this run (13/229 total window): PIPELINE_SUCCESS in 49.267s processing; model 49.233s/5 calls; 49.285s including wait/save; 1057.919s since startup
Processed 14/229 this run (14/229 total window): PIPELINE_SUCCESS in 44.932s processing; model 44.818s/5 calls; 44.979s including wait/save; 1102.899s since startup
Processed 15/229 this run (15/229 total window): PIPELINE_SUCCESS in 51.804s processing; model 51.741s/5 calls; 51.851s including wait/save; 1154.750s since startup
Processed 16/229 this run (16/229 total window): PIPELINE_SUCCESS in 37.485s processing; model 37.439s/6 calls; 37.521s including wait/save; 1192.271s since startup
Processed 17/229 this run (17/229 total window): PIPELINE_SUCCESS in 36.067s processing; model 36.024s/6 calls; 36.102s including wait/save; 1228.373s since startup
Processed 18/229 this run (18/229 total window): PIPELINE_SUCCESS in 57.012s processing; model 56.971s/6 calls; 57.053s including wait/save; 1285.426s since startup
Processed 19/229 this run (19/229 total window): PIPELINE_SUCCESS in 35.465s processing; model 35.426s/6 calls; 35.505s including wait/save; 1320.932s since startup
Processed 20/229 this run (20/229 total window): PIPELINE_SUCCESS in 33.576s processing; model 33.526s/6 calls; 33.626s including wait/save; 1354.558s since startup
Processed 21/229 this run (21/229 total window): PIPELINE_SUCCESS in 66.093s processing; model 66.046s/6 calls; 66.146s including wait/save; 1420.705s since startup
Processed 22/229 this run (22/229 total window): PIPELINE_SUCCESS in 33.748s processing; model 33.701s/6 calls; 33.786s including wait/save; 1454.491s since startup
Processed 23/229 this run (23/229 total window): PIPELINE_SUCCESS in 36.721s processing; model 36.674s/6 calls; 36.773s including wait/save; 1491.263s since startup
Processed 24/229 this run (24/229 total window): PIPELINE_SUCCESS in 66.359s processing; model 66.172s/7 calls; 66.399s including wait/save; 1557.663s since startup
Processed 25/229 this run (25/229 total window): FINAL_SPEC_ERROR in 126.148s processing; model 126.078s/10 calls; 126.196s including wait/save; 1683.859s since startup
Processed 26/229 this run (26/229 total window): PIPELINE_SUCCESS in 53.341s processing; model 53.243s/7 calls; 53.386s including wait/save; 1737.245s since startup
Processed 27/229 this run (27/229 total window): FINAL_SPEC_ERROR in 92.23s processing; model 92.158s/10 calls; 92.279s including wait/save; 1829.524s since startup
Processed 28/229 this run (28/229 total window): PIPELINE_SUCCESS in 67.91s processing; model 67.840s/9 calls; 67.969s including wait/save; 1897.494s since startup
Processed 29/229 this run (29/229 total window): PIPELINE_SUCCESS in 59.722s processing; model 59.668s/7 calls; 59.779s including wait/save; 1957.273s since startup
Processed 30/229 this run (30/229 total window): FINAL_SPEC_ERROR in 69.089s processing; model 69.021s/10 calls; 69.143s including wait/save; 2026.416s since startup
Processed 31/229 this run (31/229 total window): PIPELINE_SUCCESS in 66.15s processing; model 66.049s/8 calls; 66.198s including wait/save; 2092.614s since startup
Processed 32/229 this run (32/229 total window): PIPELINE_SUCCESS in 62.614s processing; model 62.507s/8 calls; 62.662s including wait/save; 2155.277s since startup
Processed 33/229 this run (33/229 total window): PIPELINE_SUCCESS in 66.53s processing; model 66.438s/9 calls; 66.581s including wait/save; 2221.858s since startup
Processed 34/229 this run (34/229 total window): PIPELINE_SUCCESS in 102.83s processing; model 102.732s/10 calls; 102.896s including wait/save; 2324.754s since startup
Processed 35/229 this run (35/229 total window): PIPELINE_SUCCESS in 50.64s processing; model 50.533s/8 calls; 50.694s including wait/save; 2375.447s since startup
Processed 36/229 this run (36/229 total window): PIPELINE_SUCCESS in 57.901s processing; model 57.740s/8 calls; 57.965s including wait/save; 2433.412s since startup
Processed 37/229 this run (37/229 total window): PIPELINE_SUCCESS in 86.349s processing; model 86.275s/9 calls; 86.418s including wait/save; 2519.830s since startup
Processed 38/229 this run (38/229 total window): PIPELINE_SUCCESS in 77.871s processing; model 77.760s/10 calls; 77.928s including wait/save; 2597.757s since startup
Processed 39/229 this run (39/229 total window): PIPELINE_SUCCESS in 204.358s processing; model 204.261s/9 calls; 204.417s including wait/save; 2802.174s since startup
Processed 40/229 this run (40/229 total window): PIPELINE_SUCCESS in 77.665s processing; model 77.541s/9 calls; 77.727s including wait/save; 2879.901s since startup
Processed 41/229 this run (41/229 total window): PIPELINE_SUCCESS in 72.65s processing; model 72.549s/9 calls; 72.724s including wait/save; 2952.625s since startup
Processed 42/229 this run (42/229 total window): PIPELINE_SUCCESS in 54.037s processing; model 53.934s/9 calls; 54.100s including wait/save; 3006.725s since startup
Processed 43/229 this run (43/229 total window): PIPELINE_SUCCESS in 117.995s processing; model 117.969s/5 calls; 118.077s including wait/save; 3124.803s since startup
Processed 44/229 this run (44/229 total window): PIPELINE_SUCCESS in 24.52s processing; model 24.496s/5 calls; 24.590s including wait/save; 3149.393s since startup
Processed 45/229 this run (45/229 total window): PIPELINE_SUCCESS in 16.109s processing; model 16.082s/5 calls; 16.193s including wait/save; 3165.586s since startup
Processed 46/229 this run (46/229 total window): PIPELINE_SUCCESS in 21.526s processing; model 21.495s/5 calls; 21.602s including wait/save; 3187.188s since startup
Processed 47/229 this run (47/229 total window): PIPELINE_SUCCESS in 30.539s processing; model 30.497s/5 calls; 30.624s including wait/save; 3217.812s since startup
Processed 48/229 this run (48/229 total window): PIPELINE_SUCCESS in 26.095s processing; model 26.072s/5 calls; 26.165s including wait/save; 3243.978s since startup
Processed 49/229 this run (49/229 total window): PIPELINE_SUCCESS in 29.063s processing; model 29.035s/5 calls; 29.143s including wait/save; 3273.120s since startup
Processed 50/229 this run (50/229 total window): PIPELINE_SUCCESS in 20.179s processing; model 20.155s/5 calls; 20.261s including wait/save; 3293.382s since startup
Processed 51/229 this run (51/229 total window): PIPELINE_SUCCESS in 31.012s processing; model 30.955s/6 calls; 31.080s including wait/save; 3324.462s since startup
Processed 52/229 this run (52/229 total window): PIPELINE_SUCCESS in 36.631s processing; model 36.586s/6 calls; 36.713s including wait/save; 3361.175s since startup
Processed 53/229 this run (53/229 total window): PIPELINE_SUCCESS in 33.403s processing; model 33.365s/6 calls; 33.476s including wait/save; 3394.651s since startup
Processed 54/229 this run (54/229 total window): PIPELINE_SUCCESS in 47.134s processing; model 47.091s/6 calls; 47.213s including wait/save; 3441.865s since startup
Processed 55/229 this run (55/229 total window): PIPELINE_SUCCESS in 30.44s processing; model 30.071s/6 calls; 30.509s including wait/save; 3472.373s since startup
Processed 56/229 this run (56/229 total window): PIPELINE_SUCCESS in 31.773s processing; model 31.420s/6 calls; 31.842s including wait/save; 3504.215s since startup
Processed 57/229 this run (57/229 total window): PIPELINE_SUCCESS in 33.413s processing; model 33.062s/6 calls; 33.481s including wait/save; 3537.696s since startup
Processed 58/229 this run (58/229 total window): PIPELINE_SUCCESS in 62.707s processing; model 62.662s/6 calls; 62.781s including wait/save; 3600.478s since startup
Processed 59/229 this run (59/229 total window): PIPELINE_SUCCESS in 33.975s processing; model 33.934s/6 calls; 34.053s including wait/save; 3634.531s since startup
Processed 60/229 this run (60/229 total window): PIPELINE_SUCCESS in 36.495s processing; model 36.389s/6 calls; 36.567s including wait/save; 3671.098s since startup
Processed 61/229 this run (61/229 total window): PIPELINE_SUCCESS in 96.136s processing; model 96.042s/11 calls; 96.212s including wait/save; 3767.310s since startup
Processed 62/229 this run (62/229 total window): PIPELINE_SUCCESS in 41.387s processing; model 41.305s/8 calls; 41.471s including wait/save; 3808.781s since startup
Processed 63/229 this run (63/229 total window): PIPELINE_SUCCESS in 33.295s processing; model 33.232s/7 calls; 33.369s including wait/save; 3842.151s since startup
Processed 64/229 this run (64/229 total window): PIPELINE_SUCCESS in 61.362s processing; model 61.291s/9 calls; 61.444s including wait/save; 3903.595s since startup
Processed 65/229 this run (65/229 total window): PIPELINE_SUCCESS in 47.628s processing; model 47.561s/7 calls; 47.703s including wait/save; 3951.298s since startup
Processed 66/229 this run (66/229 total window): PIPELINE_SUCCESS in 40.698s processing; model 40.620s/7 calls; 40.786s including wait/save; 3992.084s since startup
Processed 67/229 this run (67/229 total window): PIPELINE_SUCCESS in 46.694s processing; model 46.623s/7 calls; 46.771s including wait/save; 4038.855s since startup
Processed 68/229 this run (68/229 total window): PIPELINE_SUCCESS in 43.717s processing; model 43.627s/7 calls; 43.794s including wait/save; 4082.649s since startup
Processed 69/229 this run (69/229 total window): PIPELINE_SUCCESS in 57.303s processing; model 57.228s/8 calls; 57.405s including wait/save; 4140.054s since startup
Processed 70/229 this run (70/229 total window): PIPELINE_SUCCESS in 50.788s processing; model 50.697s/8 calls; 50.881s including wait/save; 4190.936s since startup
Processed 71/229 this run (71/229 total window): PIPELINE_SUCCESS in 56.015s processing; model 55.928s/8 calls; 56.096s including wait/save; 4247.031s since startup
Processed 72/229 this run (72/229 total window): PIPELINE_SUCCESS in 129.084s processing; model 128.996s/8 calls; 129.175s including wait/save; 4376.207s since startup
Processed 73/229 this run (73/229 total window): PIPELINE_SUCCESS in 192.869s processing; model 192.760s/8 calls; 192.963s including wait/save; 4569.170s since startup
Processed 74/229 this run (74/229 total window): PIPELINE_SUCCESS in 49.089s processing; model 48.857s/6 calls; 49.174s including wait/save; 4618.345s since startup
Processed 75/229 this run (75/229 total window): PIPELINE_SUCCESS in 85.834s processing; model 85.709s/6 calls; 85.929s including wait/save; 4704.273s since startup
Processed 76/229 this run (76/229 total window): PIPELINE_SUCCESS in 85.928s processing; model 85.821s/6 calls; 86.013s including wait/save; 4790.287s since startup
Processed 77/229 this run (77/229 total window): PIPELINE_SUCCESS in 156.928s processing; model 156.753s/6 calls; 157.013s including wait/save; 4947.300s since startup
Processed 78/229 this run (78/229 total window): PIPELINE_SUCCESS in 48.288s processing; model 48.211s/6 calls; 48.374s including wait/save; 4995.674s since startup
Processed 79/229 this run (79/229 total window): PIPELINE_SUCCESS in 66.425s processing; model 66.291s/6 calls; 66.526s including wait/save; 5062.200s since startup
Processed 80/229 this run (80/229 total window): PIPELINE_SUCCESS in 93.136s processing; model 93.057s/6 calls; 93.226s including wait/save; 5155.426s since startup
Processed 81/229 this run (81/229 total window): PIPELINE_SUCCESS in 91.391s processing; model 91.120s/6 calls; 91.487s including wait/save; 5246.913s since startup
Processed 82/229 this run (82/229 total window): PIPELINE_SUCCESS in 61.14s processing; model 61.004s/6 calls; 61.230s including wait/save; 5308.143s since startup
Processed 83/229 this run (83/229 total window): PIPELINE_SUCCESS in 65.956s processing; model 65.837s/6 calls; 66.053s including wait/save; 5374.197s since startup
Processed 84/229 this run (84/229 total window): PIPELINE_SUCCESS in 52.81s processing; model 52.678s/5 calls; 52.900s including wait/save; 5427.096s since startup
Processed 85/229 this run (85/229 total window): PIPELINE_SUCCESS in 59.753s processing; model 59.661s/7 calls; 59.843s including wait/save; 5486.939s since startup
Processed 86/229 this run (86/229 total window): PIPELINE_SUCCESS in 77.078s processing; model 76.997s/7 calls; 77.168s including wait/save; 5564.107s since startup
Processed 87/229 this run (87/229 total window): PIPELINE_SUCCESS in 39.626s processing; model 39.571s/6 calls; 39.721s including wait/save; 5603.829s since startup
Processed 88/229 this run (88/229 total window): PIPELINE_SUCCESS in 77.759s processing; model 77.671s/7 calls; 77.861s including wait/save; 5681.690s since startup
Processed 89/229 this run (89/229 total window): PIPELINE_SUCCESS in 41.383s processing; model 41.315s/7 calls; 41.487s including wait/save; 5723.177s since startup
Processed 90/229 this run (90/229 total window): PIPELINE_SUCCESS in 42.713s processing; model 42.662s/6 calls; 42.813s including wait/save; 5765.990s since startup
Processed 91/229 this run (91/229 total window): PIPELINE_SUCCESS in 88.339s processing; model 88.263s/7 calls; 88.431s including wait/save; 5854.421s since startup
Processed 92/229 this run (92/229 total window): PIPELINE_SUCCESS in 61.652s processing; model 61.582s/7 calls; 61.755s including wait/save; 5916.177s since startup
Processed 93/229 this run (93/229 total window): PIPELINE_SUCCESS in 46.524s processing; model 46.466s/6 calls; 46.633s including wait/save; 5962.809s since startup
Processed 94/229 this run (94/229 total window): PIPELINE_SUCCESS in 42.147s processing; model 42.070s/7 calls; 42.241s including wait/save; 6005.051s since startup
Processed 95/229 this run (95/229 total window): PIPELINE_SUCCESS in 35.366s processing; model 35.310s/6 calls; 35.474s including wait/save; 6040.525s since startup
Processed 96/229 this run (96/229 total window): PIPELINE_SUCCESS in 113.896s processing; model 113.069s/8 calls; 113.994s including wait/save; 6154.519s since startup
Processed 97/229 this run (97/229 total window): PIPELINE_SUCCESS in 91.407s processing; model 90.360s/8 calls; 91.512s including wait/save; 6246.031s since startup
Processed 98/229 this run (98/229 total window): PIPELINE_SUCCESS in 81.443s processing; model 80.831s/8 calls; 81.552s including wait/save; 6327.584s since startup
Processed 99/229 this run (99/229 total window): PIPELINE_SUCCESS in 72.097s processing; model 71.046s/8 calls; 72.198s including wait/save; 6399.781s since startup
Processed 100/229 this run (100/229 total window): PIPELINE_SUCCESS in 61.578s processing; model 60.751s/8 calls; 61.681s including wait/save; 6461.463s since startup
Processed 101/229 this run (101/229 total window): PIPELINE_SUCCESS in 53.285s processing; model 52.221s/8 calls; 53.389s including wait/save; 6514.852s since startup
Processed 102/229 this run (102/229 total window): PIPELINE_SUCCESS in 63.046s processing; model 62.203s/8 calls; 63.151s including wait/save; 6578.003s since startup
Processed 103/229 this run (103/229 total window): PIPELINE_SUCCESS in 171.779s processing; model 170.704s/8 calls; 171.889s including wait/save; 6749.892s since startup
Processed 104/229 this run (104/229 total window): FINAL_SPEC_ERROR in 83.199s processing; model 83.128s/10 calls; 83.315s including wait/save; 6833.207s since startup
Processed 105/229 this run (105/229 total window): PIPELINE_SUCCESS in 75.775s processing; model 73.946s/6 calls; 75.882s including wait/save; 6909.089s since startup
Processed 106/229 this run (106/229 total window): PIPELINE_SUCCESS in 73.952s processing; model 73.865s/6 calls; 74.074s including wait/save; 6983.164s since startup
Processed 107/229 this run (107/229 total window): PIPELINE_SUCCESS in 57.634s processing; model 56.603s/6 calls; 57.744s including wait/save; 7040.908s since startup
Processed 108/229 this run (108/229 total window): PIPELINE_SUCCESS in 65.931s processing; model 64.623s/6 calls; 66.051s including wait/save; 7106.959s since startup
Processed 109/229 this run (109/229 total window): PIPELINE_SUCCESS in 24.416s processing; model 24.056s/6 calls; 24.537s including wait/save; 7131.497s since startup
Processed 110/229 this run (110/229 total window): PIPELINE_SUCCESS in 28.518s processing; model 28.156s/5 calls; 28.630s including wait/save; 7160.127s since startup
Processed 111/229 this run (111/229 total window): PIPELINE_SUCCESS in 62.193s processing; model 61.108s/7 calls; 62.317s including wait/save; 7222.443s since startup
Processed 112/229 this run (112/229 total window): PIPELINE_SUCCESS in 87.411s processing; model 86.336s/7 calls; 87.525s including wait/save; 7309.968s since startup
Processed 113/229 this run (113/229 total window): PIPELINE_SUCCESS in 97.437s processing; model 96.457s/8 calls; 97.551s including wait/save; 7407.520s since startup
Processed 114/229 this run (114/229 total window): PIPELINE_SUCCESS in 134.504s processing; model 133.616s/9 calls; 134.618s including wait/save; 7542.138s since startup
Processed 115/229 this run (115/229 total window): PIPELINE_SUCCESS in 72.666s processing; model 71.676s/7 calls; 72.782s including wait/save; 7614.920s since startup
Processed 116/229 this run (116/229 total window): PIPELINE_SUCCESS in 70.064s processing; model 69.067s/7 calls; 70.182s including wait/save; 7685.102s since startup
Processed 117/229 this run (117/229 total window): PIPELINE_SUCCESS in 71.797s processing; model 71.173s/7 calls; 71.916s including wait/save; 7757.018s since startup
Processed 118/229 this run (118/229 total window): PIPELINE_SUCCESS in 91.595s processing; model 90.551s/7 calls; 91.727s including wait/save; 7848.745s since startup
Processed 119/229 this run (119/229 total window): PIPELINE_SUCCESS in 85.995s processing; model 84.867s/7 calls; 86.115s including wait/save; 7934.859s since startup
Processed 120/229 this run (120/229 total window): PIPELINE_SUCCESS in 74.631s processing; model 73.211s/8 calls; 74.754s including wait/save; 8009.614s since startup
Processed 121/229 this run (121/229 total window): PIPELINE_SUCCESS in 69.037s processing; model 67.675s/8 calls; 69.160s including wait/save; 8078.774s since startup
Processed 122/229 this run (122/229 total window): PIPELINE_SUCCESS in 66.059s processing; model 64.762s/8 calls; 66.183s including wait/save; 8144.957s since startup
Processed 123/229 this run (123/229 total window): PIPELINE_SUCCESS in 88.588s processing; model 87.229s/9 calls; 88.716s including wait/save; 8233.674s since startup
Processed 124/229 this run (124/229 total window): PIPELINE_SUCCESS in 69.759s processing; model 68.372s/8 calls; 69.897s including wait/save; 8303.571s since startup
Processed 125/229 this run (125/229 total window): PIPELINE_SUCCESS in 122.295s processing; model 120.885s/8 calls; 122.424s including wait/save; 8425.995s since startup
Processed 126/229 this run (126/229 total window): PIPELINE_SUCCESS in 99.679s processing; model 98.494s/8 calls; 99.826s including wait/save; 8525.821s since startup
Processed 127/229 this run (127/229 total window): FINAL_SPEC_ERROR in 277.783s processing; model 277.645s/11 calls; 277.940s including wait/save; 8803.761s since startup
Processed 128/229 this run (128/229 total window): FINAL_SPEC_ERROR in 293.636s processing; model 293.494s/13 calls; 293.792s including wait/save; 9097.553s since startup
Processed 129/229 this run (129/229 total window): PIPELINE_SUCCESS in 84.948s processing; model 83.506s/9 calls; 85.088s including wait/save; 9182.642s since startup
Processed 130/229 this run (130/229 total window): PIPELINE_SUCCESS in 96.146s processing; model 94.320s/9 calls; 96.290s including wait/save; 9278.932s since startup
Processed 131/229 this run (131/229 total window): PIPELINE_SUCCESS in 134.285s processing; model 132.678s/10 calls; 134.427s including wait/save; 9413.359s since startup
Processed 132/229 this run (132/229 total window): FINAL_SPEC_ERROR in 293.152s processing; model 292.932s/12 calls; 293.319s including wait/save; 9706.678s since startup
Processed 133/229 this run (133/229 total window): FINAL_SPEC_ERROR in 215.836s processing; model 215.613s/13 calls; 216.001s including wait/save; 9922.680s since startup
Processed 134/229 this run (134/229 total window): PIPELINE_SUCCESS in 111.269s processing; model 109.653s/9 calls; 111.435s including wait/save; 10034.115s since startup
Processed 135/229 this run (135/229 total window): PIPELINE_SUCCESS in 145.961s processing; model 144.876s/11 calls; 146.134s including wait/save; 10180.249s since startup
Processed 136/229 this run (136/229 total window): PIPELINE_SUCCESS in 30.359s processing; model 30.326s/5 calls; 30.536s including wait/save; 10210.785s since startup
Processed 137/229 this run (137/229 total window): PIPELINE_SUCCESS in 42.717s processing; model 42.674s/5 calls; 42.885s including wait/save; 10253.671s since startup
Processed 138/229 this run (138/229 total window): PIPELINE_SUCCESS in 20.3s processing; model 20.275s/5 calls; 20.472s including wait/save; 10274.143s since startup
Processed 139/229 this run (139/229 total window): PIPELINE_SUCCESS in 19.905s processing; model 19.876s/6 calls; 20.080s including wait/save; 10294.223s since startup
Processed 140/229 this run (140/229 total window): PIPELINE_SUCCESS in 19.159s processing; model 19.118s/5 calls; 19.331s including wait/save; 10313.554s since startup
Processed 141/229 this run (141/229 total window): PIPELINE_SUCCESS in 20.423s processing; model 20.399s/5 calls; 20.607s including wait/save; 10334.161s since startup
Processed 142/229 this run (142/229 total window): PIPELINE_SUCCESS in 33.308s processing; model 33.276s/5 calls; 33.478s including wait/save; 10367.639s since startup
Processed 143/229 this run (143/229 total window): PIPELINE_SUCCESS in 34.666s processing; model 34.569s/5 calls; 34.841s including wait/save; 10402.481s since startup
Processed 144/229 this run (144/229 total window): PIPELINE_SUCCESS in 25.919s processing; model 25.896s/5 calls; 26.103s including wait/save; 10428.584s since startup
Processed 145/229 this run (145/229 total window): PIPELINE_SUCCESS in 27.868s processing; model 27.841s/5 calls; 28.050s including wait/save; 10456.634s since startup
Processed 146/229 this run (146/229 total window): FINAL_SPEC_ERROR in 41.816s processing; model 41.743s/8 calls; 41.993s including wait/save; 10498.627s since startup
Processed 147/229 this run (147/229 total window): FINAL_SPEC_ERROR in 39.49s processing; model 39.447s/8 calls; 39.670s including wait/save; 10538.298s since startup
Processed 148/229 this run (148/229 total window): PIPELINE_SUCCESS in 36.913s processing; model 36.878s/5 calls; 37.075s including wait/save; 10575.373s since startup
Processed 149/229 this run (149/229 total window): PIPELINE_SUCCESS in 33.978s processing; model 33.938s/5 calls; 34.153s including wait/save; 10609.526s since startup
Processed 150/229 this run (150/229 total window): PIPELINE_SUCCESS in 125.038s processing; model 125.017s/5 calls; 125.211s including wait/save; 10734.737s since startup
Processed 151/229 this run (151/229 total window): PIPELINE_SUCCESS in 44.526s processing; model 44.493s/5 calls; 44.704s including wait/save; 10779.441s since startup
Processed 152/229 this run (152/229 total window): PIPELINE_SUCCESS in 18.846s processing; model 18.817s/5 calls; 19.022s including wait/save; 10798.463s since startup
Processed 153/229 this run (153/229 total window): PIPELINE_SUCCESS in 20.302s processing; model 20.277s/5 calls; 20.490s including wait/save; 10818.953s since startup
Processed 154/229 this run (154/229 total window): PIPELINE_SUCCESS in 36.302s processing; model 36.127s/6 calls; 36.473s including wait/save; 10855.426s since startup
Processed 155/229 this run (155/229 total window): PIPELINE_SUCCESS in 34.604s processing; model 34.511s/6 calls; 34.775s including wait/save; 10890.202s since startup
Processed 156/229 this run (156/229 total window): PIPELINE_SUCCESS in 37.88s processing; model 37.828s/6 calls; 38.053s including wait/save; 10928.255s since startup
Processed 157/229 this run (157/229 total window): PIPELINE_SUCCESS in 116.572s processing; model 116.411s/6 calls; 116.745s including wait/save; 11045.000s since startup
Processed 158/229 this run (158/229 total window): PIPELINE_SUCCESS in 32.46s processing; model 32.331s/6 calls; 32.633s including wait/save; 11077.634s since startup
Processed 159/229 this run (159/229 total window): PIPELINE_SUCCESS in 32.63s processing; model 32.522s/8 calls; 32.806s including wait/save; 11110.439s since startup
Processed 160/229 this run (160/229 total window): PIPELINE_SUCCESS in 25.196s processing; model 25.093s/6 calls; 25.374s including wait/save; 11135.813s since startup
Processed 161/229 this run (161/229 total window): PIPELINE_SUCCESS in 33.813s processing; model 33.710s/6 calls; 33.989s including wait/save; 11169.802s since startup
Processed 162/229 this run (162/229 total window): PIPELINE_SUCCESS in 26.131s processing; model 26.047s/6 calls; 26.319s including wait/save; 11196.122s since startup
Processed 163/229 this run (163/229 total window): PIPELINE_SUCCESS in 25.49s processing; model 25.421s/6 calls; 25.658s including wait/save; 11221.780s since startup
Processed 164/229 this run (164/229 total window): PIPELINE_SUCCESS in 37.014s processing; model 36.962s/6 calls; 37.194s including wait/save; 11258.974s since startup
Processed 165/229 this run (165/229 total window): PIPELINE_SUCCESS in 56.665s processing; model 56.559s/8 calls; 56.842s including wait/save; 11315.816s since startup
Processed 166/229 this run (166/229 total window): PIPELINE_SUCCESS in 40.544s processing; model 40.467s/7 calls; 40.725s including wait/save; 11356.541s since startup
Processed 167/229 this run (167/229 total window): PIPELINE_SUCCESS in 34.725s processing; model 34.640s/8 calls; 34.903s including wait/save; 11391.444s since startup
Processed 168/229 this run (168/229 total window): PIPELINE_SUCCESS in 37.751s processing; model 37.688s/5 calls; 37.943s including wait/save; 11429.387s since startup
Processed 169/229 this run (169/229 total window): PIPELINE_SUCCESS in 29.596s processing; model 29.569s/5 calls; 29.785s including wait/save; 11459.172s since startup
Processed 170/229 this run (170/229 total window): PIPELINE_SUCCESS in 20.853s processing; model 20.779s/5 calls; 21.037s including wait/save; 11480.209s since startup
Processed 171/229 this run (171/229 total window): PIPELINE_SUCCESS in 49.912s processing; model 49.776s/5 calls; 50.091s including wait/save; 11530.299s since startup
Processed 172/229 this run (172/229 total window): PIPELINE_SUCCESS in 36.172s processing; model 36.138s/5 calls; 36.356s including wait/save; 11566.656s since startup
Processed 173/229 this run (173/229 total window): PIPELINE_SUCCESS in 54.122s processing; model 54.012s/6 calls; 54.302s including wait/save; 11620.958s since startup
Processed 174/229 this run (174/229 total window): PIPELINE_SUCCESS in 27.736s processing; model 27.687s/5 calls; 27.921s including wait/save; 11648.879s since startup
Processed 175/229 this run (175/229 total window): PIPELINE_SUCCESS in 23.4s processing; model 23.367s/5 calls; 23.574s including wait/save; 11672.453s since startup
Processed 176/229 this run (176/229 total window): PIPELINE_SUCCESS in 28.719s processing; model 28.670s/6 calls; 28.921s including wait/save; 11701.374s since startup
Processed 177/229 this run (177/229 total window): PIPELINE_SUCCESS in 24.981s processing; model 24.938s/5 calls; 25.167s including wait/save; 11726.541s since startup
Processed 178/229 this run (178/229 total window): PIPELINE_SUCCESS in 29.806s processing; model 29.453s/6 calls; 29.979s including wait/save; 11756.520s since startup
Processed 179/229 this run (179/229 total window): PIPELINE_SUCCESS in 19.913s processing; model 19.553s/5 calls; 20.094s including wait/save; 11776.614s since startup
Processed 180/229 this run (180/229 total window): PIPELINE_SUCCESS in 42.214s processing; model 41.853s/5 calls; 42.413s including wait/save; 11819.028s since startup
Processed 181/229 this run (181/229 total window): PIPELINE_SUCCESS in 25.48s processing; model 25.119s/6 calls; 25.662s including wait/save; 11844.689s since startup
Processed 182/229 this run (182/229 total window): PIPELINE_SUCCESS in 24.922s processing; model 24.557s/6 calls; 25.106s including wait/save; 11869.795s since startup
Processed 183/229 this run (183/229 total window): PIPELINE_SUCCESS in 25.214s processing; model 24.841s/6 calls; 25.408s including wait/save; 11895.204s since startup
Processed 184/229 this run (184/229 total window): PIPELINE_SUCCESS in 28.084s processing; model 27.717s/6 calls; 28.274s including wait/save; 11923.478s since startup
Processed 185/229 this run (185/229 total window): PIPELINE_SUCCESS in 31.073s processing; model 30.708s/6 calls; 31.258s including wait/save; 11954.737s since startup
Processed 186/229 this run (186/229 total window): PIPELINE_SUCCESS in 74.784s processing; model 74.352s/7 calls; 74.966s including wait/save; 12029.703s since startup
Processed 187/229 this run (187/229 total window): PIPELINE_SUCCESS in 36.115s processing; model 35.737s/6 calls; 36.311s including wait/save; 12066.015s since startup
Processed 188/229 this run (188/229 total window): PIPELINE_SUCCESS in 62.311s processing; model 62.219s/7 calls; 62.508s including wait/save; 12128.523s since startup
Processed 189/229 this run (189/229 total window): PIPELINE_SUCCESS in 78.007s processing; model 77.929s/7 calls; 78.196s including wait/save; 12206.719s since startup
Processed 190/229 this run (190/229 total window): PIPELINE_SUCCESS in 63.499s processing; model 63.430s/7 calls; 63.693s including wait/save; 12270.412s since startup
Processed 191/229 this run (191/229 total window): PIPELINE_SUCCESS in 64.518s processing; model 64.456s/8 calls; 64.711s including wait/save; 12335.123s since startup
Processed 192/229 this run (192/229 total window): PIPELINE_SUCCESS in 51.431s processing; model 51.359s/9 calls; 51.637s including wait/save; 12386.761s since startup
Processed 193/229 this run (193/229 total window): PIPELINE_SUCCESS in 58.671s processing; model 58.283s/7 calls; 58.865s including wait/save; 12445.626s since startup
Processed 194/229 this run (194/229 total window): PIPELINE_SUCCESS in 50.469s processing; model 49.789s/7 calls; 50.676s including wait/save; 12496.302s since startup
Processed 195/229 this run (195/229 total window): PIPELINE_SUCCESS in 57.611s processing; model 56.794s/8 calls; 57.798s including wait/save; 12554.100s since startup
Processed 196/229 this run (196/229 total window): PIPELINE_SUCCESS in 51.799s processing; model 51.221s/7 calls; 51.998s including wait/save; 12606.098s since startup
Processed 197/229 this run (197/229 total window): PIPELINE_SUCCESS in 79.882s processing; model 79.082s/8 calls; 80.081s including wait/save; 12686.179s since startup
Processed 198/229 this run (198/229 total window): PIPELINE_SUCCESS in 183.401s processing; model 181.734s/8 calls; 183.602s including wait/save; 12869.781s since startup
Processed 199/229 this run (199/229 total window): PIPELINE_SUCCESS in 39.845s processing; model 39.407s/6 calls; 40.056s including wait/save; 12909.837s since startup
Processed 200/229 this run (200/229 total window): PIPELINE_SUCCESS in 36.012s processing; model 35.640s/5 calls; 36.214s including wait/save; 12946.051s since startup
Processed 201/229 this run (201/229 total window): PIPELINE_SUCCESS in 21.836s processing; model 21.683s/6 calls; 22.041s including wait/save; 12968.093s since startup
Processed 202/229 this run (202/229 total window): PIPELINE_SUCCESS in 21.822s processing; model 21.642s/5 calls; 22.022s including wait/save; 12990.115s since startup
Processed 203/229 this run (203/229 total window): PIPELINE_SUCCESS in 21.417s processing; model 21.229s/5 calls; 21.617s including wait/save; 13011.732s since startup
Processed 204/229 this run (204/229 total window): PIPELINE_SUCCESS in 23.408s processing; model 23.220s/5 calls; 23.608s including wait/save; 13035.340s since startup
Processed 205/229 this run (205/229 total window): PIPELINE_SUCCESS in 32.31s processing; model 32.121s/5 calls; 32.500s including wait/save; 13067.840s since startup
Processed 206/229 this run (206/229 total window): PIPELINE_SUCCESS in 22.533s processing; model 22.342s/5 calls; 22.744s including wait/save; 13090.584s since startup
Processed 207/229 this run (207/229 total window): PIPELINE_SUCCESS in 32.339s processing; model 32.155s/6 calls; 32.538s including wait/save; 13123.122s since startup
Processed 208/229 this run (208/229 total window): PIPELINE_SUCCESS in 34.956s processing; model 34.775s/6 calls; 35.160s including wait/save; 13158.282s since startup
Processed 209/229 this run (209/229 total window): PIPELINE_SUCCESS in 21.448s processing; model 21.416s/5 calls; 21.653s including wait/save; 13179.936s since startup
Processed 210/229 this run (210/229 total window): PIPELINE_SUCCESS in 22.694s processing; model 22.672s/5 calls; 22.899s including wait/save; 13202.835s since startup
Processed 211/229 this run (211/229 total window): PIPELINE_SUCCESS in 24.513s processing; model 24.476s/5 calls; 24.733s including wait/save; 13227.568s since startup
Processed 212/229 this run (212/229 total window): PIPELINE_SUCCESS in 46.627s processing; model 46.595s/5 calls; 46.835s including wait/save; 13274.403s since startup
Processed 213/229 this run (213/229 total window): PIPELINE_SUCCESS in 19.912s processing; model 19.879s/5 calls; 20.132s including wait/save; 13294.534s since startup
Processed 214/229 this run (214/229 total window): PIPELINE_SUCCESS in 19.642s processing; model 19.615s/5 calls; 19.846s including wait/save; 13314.381s since startup
Processed 215/229 this run (215/229 total window): PIPELINE_SUCCESS in 26.015s processing; model 25.980s/5 calls; 26.223s including wait/save; 13340.605s since startup
Processed 216/229 this run (216/229 total window): PIPELINE_SUCCESS in 36.978s processing; model 36.589s/6 calls; 37.191s including wait/save; 13377.796s since startup
Processed 217/229 this run (217/229 total window): PIPELINE_SUCCESS in 38.497s processing; model 38.104s/6 calls; 38.700s including wait/save; 13416.496s since startup
Processed 218/229 this run (218/229 total window): PIPELINE_SUCCESS in 57.122s processing; model 56.727s/7 calls; 57.336s including wait/save; 13473.833s since startup
Processed 219/229 this run (219/229 total window): PIPELINE_SUCCESS in 55.055s processing; model 54.663s/6 calls; 55.268s including wait/save; 13529.101s since startup
Processed 220/229 this run (220/229 total window): PIPELINE_SUCCESS in 80.451s processing; model 80.059s/8 calls; 80.660s including wait/save; 13609.761s since startup
Processed 221/229 this run (221/229 total window): PIPELINE_SUCCESS in 55.811s processing; model 55.714s/7 calls; 56.029s including wait/save; 13665.790s since startup
Processed 222/229 this run (222/229 total window): PIPELINE_SUCCESS in 33.654s processing; model 33.560s/6 calls; 33.858s including wait/save; 13699.648s since startup
Processed 223/229 this run (223/229 total window): PIPELINE_SUCCESS in 62.467s processing; model 62.369s/6 calls; 62.700s including wait/save; 13762.348s since startup
Processed 224/229 this run (224/229 total window): PIPELINE_SUCCESS in 88.512s processing; model 88.136s/6 calls; 88.728s including wait/save; 13851.076s since startup
Processed 225/229 this run (225/229 total window): FINAL_SPEC_ERROR in 53.835s processing; model 53.770s/9 calls; 54.049s including wait/save; 13905.125s since startup
Processed 226/229 this run (226/229 total window): FINAL_SPEC_ERROR in 113.581s processing; model 113.483s/10 calls; 113.787s including wait/save; 14018.913s since startup
Processed 227/229 this run (227/229 total window): FINAL_SPEC_ERROR in 113.394s processing; model 113.323s/10 calls; 113.618s including wait/save; 14132.531s since startup
Processed 228/229 this run (228/229 total window): FINAL_SPEC_ERROR in 94.444s processing; model 94.359s/10 calls; 94.671s including wait/save; 14227.202s since startup
Processed 229/229 this run (229/229 total window): PIPELINE_SUCCESS in 88.452s processing; model 88.172s/8 calls; 88.668s including wait/save; 14315.870s since startup
[COMPLETE] Pipeline finished. Details: /home/kritik/Desktop/neosapiens/finance/script_diff_llm2/ablations/improvement10_models/source/improvement10/.runtime/logs/pipeline_20261006_134111_134267.log
[TIME] Startup-to-finish: 14316.24s; model requests: 14219.32s (1575 calls). Slowest model stages: Decompose=4088.06s, Query_Understanding=3725.41s, Final_Spec=3259.17s, Query_Spec=2788.57s
[TIMING] /home/kritik/Desktop/neosapiens/finance/script_diff_llm2/ablations/improvement10_models/source/improvement10/.runtime/logs/timing_20261006_134109_134267.json
