[INPUT] SQLITE_DB_PATH: /home/kritik/Desktop/neosapiens/finance/script_diff_llm2/ablations/improvement10_models/source/improvement10/wealth_management_diverse.db
[INPUT] TABLE_METADATA_DIR: /home/kritik/Desktop/neosapiens/finance/script_diff_llm2/ablations/improvement10_models/source/improvement10/table_medatada
[INPUT] DOMAIN_INTRO_FILE: /home/kritik/Desktop/neosapiens/finance/script_diff_llm2/ablations/improvement10_models/source/improvement10/domain_intro_latest.prompt
[INPUT] BUSINESS_RULES_FILE: /home/kritik/Desktop/neosapiens/finance/script_diff_llm2/ablations/improvement10_models/source/improvement10/business_rules_addendum.md
[RUNNING] Report: /home/kritik/Desktop/neosapiens/finance/script_diff_llm2/ablations/improvement10_models/runs/gemma_3_27b_it/run_01/parallel_workers4/worker_02/raw_pipeline.csv
[LOG] /home/kritik/Desktop/neosapiens/finance/script_diff_llm2/ablations/improvement10_models/source/improvement10/.runtime/logs/pipeline_20261006_134112_134270.log
[CACHE] Knowledge hit in 0.008s
[TIME] Startup ready: 3.461s; query delay: 0s
Processed 1/235 this run (1/235 total window): PIPELINE_SUCCESS in 30.869s processing; model 30.782s/5 calls; 30.872s including wait/save; 34.333s since startup
Processed 2/235 this run (2/235 total window): QUERY_SPEC_ERROR in 137.248s processing; model 137.172s/17 calls; 137.257s including wait/save; 171.591s since startup
Processed 3/235 this run (3/235 total window): PIPELINE_SUCCESS in 64.127s processing; model 64.054s/7 calls; 64.131s including wait/save; 235.722s since startup
Processed 4/235 this run (4/235 total window): FINAL_SPEC_ERROR in 86.742s processing; model 86.677s/10 calls; 86.755s including wait/save; 322.477s since startup
Processed 5/235 this run (5/235 total window): PIPELINE_SUCCESS in 107.832s processing; model 107.733s/12 calls; 107.838s including wait/save; 430.315s since startup
Processed 6/235 this run (6/235 total window): PIPELINE_SUCCESS in 66.612s processing; model 66.555s/7 calls; 66.619s including wait/save; 496.934s since startup
Processed 7/235 this run (7/235 total window): PIPELINE_SUCCESS in 59.382s processing; model 59.319s/7 calls; 59.394s including wait/save; 556.327s since startup
Processed 8/235 this run (8/235 total window): PIPELINE_SUCCESS in 77.412s processing; model 77.305s/8 calls; 77.421s including wait/save; 633.748s since startup
Processed 9/235 this run (9/235 total window): FINAL_SPEC_ERROR in 140.204s processing; model 140.111s/11 calls; 140.216s including wait/save; 773.964s since startup
Processed 10/235 this run (10/235 total window): PIPELINE_SUCCESS in 78.769s processing; model 78.673s/8 calls; 78.781s including wait/save; 852.745s since startup
Processed 11/235 this run (11/235 total window): PIPELINE_SUCCESS in 169.102s processing; model 168.995s/8 calls; 169.114s including wait/save; 1021.859s since startup
Processed 12/235 this run (12/235 total window): FINAL_SPEC_ERROR in 138.606s processing; model 138.464s/11 calls; 138.623s including wait/save; 1160.482s since startup
Processed 13/235 this run (13/235 total window): FINAL_SPEC_ERROR in 131.861s processing; model 131.762s/12 calls; 131.879s including wait/save; 1292.361s since startup
Processed 14/235 this run (14/235 total window): QUERY_SPEC_ERROR in 186.749s processing; model 186.662s/19 calls; 186.771s including wait/save; 1479.131s since startup
Processed 15/235 this run (15/235 total window): PIPELINE_SUCCESS in 76.9s processing; model 76.805s/9 calls; 76.915s including wait/save; 1556.047s since startup
Processed 16/235 this run (16/235 total window): PIPELINE_SUCCESS in 90.079s processing; model 89.966s/9 calls; 90.095s including wait/save; 1646.142s since startup
Processed 17/235 this run (17/235 total window): PIPELINE_SUCCESS in 42.165s processing; model 42.136s/5 calls; 42.186s including wait/save; 1688.327s since startup
Processed 18/235 this run (18/235 total window): PIPELINE_SUCCESS in 42.368s processing; model 42.319s/6 calls; 42.385s including wait/save; 1730.713s since startup
Processed 19/235 this run (19/235 total window): PIPELINE_SUCCESS in 30.822s processing; model 30.792s/5 calls; 30.847s including wait/save; 1761.560s since startup
Processed 20/235 this run (20/235 total window): PIPELINE_SUCCESS in 32.439s processing; model 32.399s/5 calls; 32.459s including wait/save; 1794.019s since startup
Processed 21/235 this run (21/235 total window): PIPELINE_SUCCESS in 42.599s processing; model 42.545s/5 calls; 42.621s including wait/save; 1836.640s since startup
Processed 22/235 this run (22/235 total window): PIPELINE_SUCCESS in 123.064s processing; model 122.968s/16 calls; 123.088s including wait/save; 1959.728s since startup
Processed 23/235 this run (23/235 total window): PIPELINE_SUCCESS in 42.595s processing; model 42.554s/6 calls; 42.623s including wait/save; 2002.351s since startup
Processed 24/235 this run (24/235 total window): PIPELINE_SUCCESS in 48.949s processing; model 48.907s/6 calls; 48.977s including wait/save; 2051.328s since startup
Processed 25/235 this run (25/235 total window): PIPELINE_SUCCESS in 40.269s processing; model 40.230s/6 calls; 40.298s including wait/save; 2091.626s since startup
Processed 26/235 this run (26/235 total window): PIPELINE_SUCCESS in 44.004s processing; model 43.969s/6 calls; 44.033s including wait/save; 2135.660s since startup
Processed 27/235 this run (27/235 total window): PIPELINE_SUCCESS in 70.878s processing; model 70.818s/11 calls; 70.907s including wait/save; 2206.566s since startup
Processed 28/235 this run (28/235 total window): PIPELINE_SUCCESS in 34.682s processing; model 34.634s/6 calls; 34.708s including wait/save; 2241.275s since startup
Processed 29/235 this run (29/235 total window): FINAL_SPEC_ERROR in 141.948s processing; model 141.799s/12 calls; 141.974s including wait/save; 2383.249s since startup
Processed 30/235 this run (30/235 total window): PIPELINE_SUCCESS in 62.693s processing; model 62.617s/7 calls; 62.720s including wait/save; 2445.969s since startup
Processed 31/235 this run (31/235 total window): PIPELINE_SUCCESS in 65.658s processing; model 65.594s/7 calls; 65.684s including wait/save; 2511.653s since startup
Processed 32/235 this run (32/235 total window): PIPELINE_SUCCESS in 65.677s processing; model 65.607s/7 calls; 65.704s including wait/save; 2577.358s since startup
Processed 33/235 this run (33/235 total window): PIPELINE_SUCCESS in 62.324s processing; model 62.255s/7 calls; 62.352s including wait/save; 2639.710s since startup
Processed 34/235 this run (34/235 total window): QUERY_SPEC_ERROR in 227.822s processing; model 227.750s/17 calls; 227.858s including wait/save; 2867.568s since startup
Processed 35/235 this run (35/235 total window): PIPELINE_SUCCESS in 71.253s processing; model 71.188s/7 calls; 71.283s including wait/save; 2938.851s since startup
Processed 36/235 this run (36/235 total window): QUERY_SPEC_ERROR in 214.315s processing; model 214.215s/20 calls; 214.351s including wait/save; 3153.202s since startup
Processed 37/235 this run (37/235 total window): FINAL_SPEC_ERROR in 217.438s processing; model 217.135s/17 calls; 217.470s including wait/save; 3370.672s since startup
Processed 38/235 this run (38/235 total window): PIPELINE_SUCCESS in 82.786s processing; model 82.656s/9 calls; 82.818s including wait/save; 3453.490s since startup
Processed 39/235 this run (39/235 total window): PIPELINE_SUCCESS in 87.672s processing; model 87.554s/10 calls; 87.705s including wait/save; 3541.195s since startup
Processed 40/235 this run (40/235 total window): PIPELINE_SUCCESS in 56.52s processing; model 56.402s/8 calls; 56.556s including wait/save; 3597.751s since startup
Processed 41/235 this run (41/235 total window): QUERY_SPEC_ERROR in 190.577s processing; model 190.474s/20 calls; 190.620s including wait/save; 3788.371s since startup
Processed 42/235 this run (42/235 total window): PIPELINE_SUCCESS in 93.692s processing; model 93.422s/8 calls; 93.727s including wait/save; 3882.099s since startup
Processed 43/235 this run (43/235 total window): PIPELINE_SUCCESS in 119.132s processing; model 118.997s/9 calls; 119.171s including wait/save; 4001.270s since startup
Processed 44/235 this run (44/235 total window): PIPELINE_SUCCESS in 109.744s processing; model 109.528s/9 calls; 109.783s including wait/save; 4111.053s since startup
Processed 45/235 this run (45/235 total window): QUERY_SPEC_ERROR in 229.869s processing; model 229.746s/20 calls; 229.916s including wait/save; 4340.969s since startup
Processed 46/235 this run (46/235 total window): QUERY_SPEC_ERROR in 191.263s processing; model 191.152s/21 calls; 191.310s including wait/save; 4532.280s since startup
Processed 47/235 this run (47/235 total window): PIPELINE_SUCCESS in 149.581s processing; model 149.237s/15 calls; 149.622s including wait/save; 4681.902s since startup
Processed 48/235 this run (48/235 total window): FINAL_SPEC_ERROR in 33.756s processing; model 33.719s/8 calls; 33.805s including wait/save; 4715.707s since startup
Processed 49/235 this run (49/235 total window): FINAL_SPEC_ERROR in 46.899s processing; model 46.862s/8 calls; 46.954s including wait/save; 4762.661s since startup
Processed 50/235 this run (50/235 total window): PIPELINE_SUCCESS in 149.082s processing; model 149.042s/7 calls; 149.126s including wait/save; 4911.787s since startup
Processed 51/235 this run (51/235 total window): FINAL_SPEC_ERROR in 38.619s processing; model 38.578s/8 calls; 38.668s including wait/save; 4950.455s since startup
Processed 52/235 this run (52/235 total window): FINAL_SPEC_ERROR in 33.949s processing; model 33.911s/8 calls; 34.008s including wait/save; 4984.463s since startup
Processed 53/235 this run (53/235 total window): FINAL_SPEC_ERROR in 31.786s processing; model 31.743s/8 calls; 31.838s including wait/save; 5016.301s since startup
Processed 54/235 this run (54/235 total window): FINAL_SPEC_ERROR in 35.683s processing; model 35.646s/8 calls; 35.741s including wait/save; 5052.042s since startup
Processed 55/235 this run (55/235 total window): FINAL_SPEC_ERROR in 37.319s processing; model 37.275s/8 calls; 37.370s including wait/save; 5089.413s since startup
Processed 56/235 this run (56/235 total window): FINAL_SPEC_ERROR in 33.847s processing; model 33.810s/8 calls; 33.904s including wait/save; 5123.316s since startup
Processed 57/235 this run (57/235 total window): PIPELINE_SUCCESS in 40.195s processing; model 40.138s/7 calls; 40.241s including wait/save; 5163.558s since startup
Processed 58/235 this run (58/235 total window): PIPELINE_SUCCESS in 38.695s processing; model 38.635s/7 calls; 38.742s including wait/save; 5202.301s since startup
Processed 59/235 this run (59/235 total window): PIPELINE_SUCCESS in 50.294s processing; model 50.247s/7 calls; 50.342s including wait/save; 5252.643s since startup
Processed 60/235 this run (60/235 total window): PIPELINE_SUCCESS in 44.597s processing; model 44.552s/7 calls; 44.650s including wait/save; 5297.293s since startup
Processed 61/235 this run (61/235 total window): PIPELINE_SUCCESS in 46.435s processing; model 46.385s/7 calls; 46.484s including wait/save; 5343.777s since startup
Processed 62/235 this run (62/235 total window): PIPELINE_SUCCESS in 55.971s processing; model 55.903s/8 calls; 56.023s including wait/save; 5399.801s since startup
Processed 63/235 this run (63/235 total window): PIPELINE_SUCCESS in 46.152s processing; model 46.094s/7 calls; 46.201s including wait/save; 5446.001s since startup
Processed 64/235 this run (64/235 total window): FINAL_SPEC_ERROR in 58.246s processing; model 58.190s/9 calls; 58.298s including wait/save; 5504.300s since startup
Processed 65/235 this run (65/235 total window): PIPELINE_SUCCESS in 50.992s processing; model 50.926s/8 calls; 51.045s including wait/save; 5555.345s since startup
Processed 66/235 this run (66/235 total window): PIPELINE_SUCCESS in 35.466s processing; model 35.411s/7 calls; 35.514s including wait/save; 5590.859s since startup
Processed 67/235 this run (67/235 total window): PIPELINE_SUCCESS in 58.155s processing; model 58.083s/7 calls; 58.202s including wait/save; 5649.062s since startup
Processed 68/235 this run (68/235 total window): PIPELINE_SUCCESS in 51.435s processing; model 51.371s/7 calls; 51.487s including wait/save; 5700.549s since startup
Processed 69/235 this run (69/235 total window): PIPELINE_SUCCESS in 59.11s processing; model 59.012s/7 calls; 59.160s including wait/save; 5759.709s since startup
Processed 70/235 this run (70/235 total window): FINAL_SPEC_ERROR in 117.002s processing; model 116.914s/10 calls; 117.056s including wait/save; 5876.765s since startup
Processed 71/235 this run (71/235 total window): PIPELINE_SUCCESS in 59.485s processing; model 59.420s/7 calls; 59.549s including wait/save; 5936.314s since startup
Processed 72/235 this run (72/235 total window): FINAL_SPEC_ERROR in 91.286s processing; model 91.238s/10 calls; 91.349s including wait/save; 6027.664s since startup
Processed 73/235 this run (73/235 total window): PIPELINE_SUCCESS in 59.913s processing; model 59.851s/7 calls; 59.975s including wait/save; 6087.639s since startup
Processed 74/235 this run (74/235 total window): FINAL_SPEC_ERROR in 148.335s processing; model 148.233s/11 calls; 148.392s including wait/save; 6236.031s since startup
Processed 75/235 this run (75/235 total window): PIPELINE_SUCCESS in 86.91s processing; model 86.798s/8 calls; 86.966s including wait/save; 6322.997s since startup
Processed 76/235 this run (76/235 total window): FINAL_SPEC_ERROR in 115.632s processing; model 115.558s/11 calls; 115.697s including wait/save; 6438.694s since startup
Processed 77/235 this run (77/235 total window): FINAL_SPEC_ERROR in 137.576s processing; model 137.471s/11 calls; 137.639s including wait/save; 6576.334s since startup
Processed 78/235 this run (78/235 total window): FINAL_SPEC_ERROR in 259.915s processing; model 259.817s/18 calls; 259.981s including wait/save; 6836.315s since startup
Processed 79/235 this run (79/235 total window): FINAL_SPEC_ERROR in 48.395s processing; model 48.285s/9 calls; 48.455s including wait/save; 6884.770s since startup
Processed 80/235 this run (80/235 total window): PIPELINE_SUCCESS in 49.273s processing; model 49.203s/7 calls; 49.337s including wait/save; 6934.107s since startup
Processed 81/235 this run (81/235 total window): PIPELINE_SUCCESS in 43.563s processing; model 43.412s/7 calls; 43.624s including wait/save; 6977.731s since startup
Processed 82/235 this run (82/235 total window): PIPELINE_SUCCESS in 46.017s processing; model 45.949s/8 calls; 46.076s including wait/save; 7023.807s since startup
Processed 83/235 this run (83/235 total window): FINAL_SPEC_ERROR in 44.655s processing; model 44.545s/9 calls; 44.720s including wait/save; 7068.527s since startup
Processed 84/235 this run (84/235 total window): PIPELINE_SUCCESS in 40.588s processing; model 40.452s/7 calls; 40.649s including wait/save; 7109.176s since startup
Processed 85/235 this run (85/235 total window): PIPELINE_SUCCESS in 48.222s processing; model 48.110s/7 calls; 48.285s including wait/save; 7157.461s since startup
Processed 86/235 this run (86/235 total window): FINAL_SPEC_ERROR in 48.389s processing; model 48.279s/9 calls; 48.456s including wait/save; 7205.917s since startup
Processed 87/235 this run (87/235 total window): FINAL_SPEC_ERROR in 73.244s processing; model 73.175s/11 calls; 73.312s including wait/save; 7279.229s since startup
Processed 88/235 this run (88/235 total window): FINAL_SPEC_ERROR in 51.28s processing; model 51.199s/9 calls; 51.346s including wait/save; 7330.575s since startup
Processed 89/235 this run (89/235 total window): FINAL_SPEC_ERROR in 46.679s processing; model 46.621s/9 calls; 46.754s including wait/save; 7377.329s since startup
Processed 90/235 this run (90/235 total window): PIPELINE_SUCCESS in 39.077s processing; model 38.950s/5 calls; 39.143s including wait/save; 7416.472s since startup
Processed 91/235 this run (91/235 total window): PIPELINE_SUCCESS in 52.246s processing; model 52.188s/7 calls; 52.311s including wait/save; 7468.783s since startup
Processed 92/235 this run (92/235 total window): FINAL_SPEC_ERROR in 80.6s processing; model 80.532s/10 calls; 80.672s including wait/save; 7549.455s since startup
Processed 93/235 this run (93/235 total window): PIPELINE_SUCCESS in 58.019s processing; model 57.963s/7 calls; 58.100s including wait/save; 7607.555s since startup
Processed 94/235 this run (94/235 total window): PIPELINE_SUCCESS in 52.659s processing; model 52.594s/7 calls; 52.737s including wait/save; 7660.292s since startup
Processed 95/235 this run (95/235 total window): FINAL_SPEC_ERROR in 95.957s processing; model 95.893s/10 calls; 96.031s including wait/save; 7756.323s since startup
Processed 96/235 this run (96/235 total window): PIPELINE_SUCCESS in 74.584s processing; model 74.526s/7 calls; 74.651s including wait/save; 7830.974s since startup
Processed 97/235 this run (97/235 total window): PIPELINE_SUCCESS in 73.39s processing; model 73.333s/7 calls; 73.461s including wait/save; 7904.435s since startup
Processed 98/235 this run (98/235 total window): FINAL_SPEC_ERROR in 91.633s processing; model 91.566s/10 calls; 91.711s including wait/save; 7996.146s since startup
Processed 99/235 this run (99/235 total window): PIPELINE_SUCCESS in 59.841s processing; model 59.771s/7 calls; 59.913s including wait/save; 8056.059s since startup
Processed 100/235 this run (100/235 total window): PIPELINE_SUCCESS in 49.174s processing; model 49.117s/7 calls; 49.247s including wait/save; 8105.307s since startup
Processed 101/235 this run (101/235 total window): PIPELINE_SUCCESS in 57.167s processing; model 57.111s/7 calls; 57.258s including wait/save; 8162.565s since startup
Processed 102/235 this run (102/235 total window): FINAL_SPEC_ERROR in 117.758s processing; model 117.613s/11 calls; 117.836s including wait/save; 8280.401s since startup
Processed 103/235 this run (103/235 total window): FINAL_SPEC_ERROR in 184.555s processing; model 184.380s/13 calls; 184.634s including wait/save; 8465.034s since startup
Processed 104/235 this run (104/235 total window): FINAL_SPEC_ERROR in 225.724s processing; model 225.582s/11 calls; 225.804s including wait/save; 8690.839s since startup
Processed 105/235 this run (105/235 total window): PIPELINE_SUCCESS in 90.424s processing; model 89.873s/8 calls; 90.499s including wait/save; 8781.338s since startup
Processed 106/235 this run (106/235 total window): PIPELINE_SUCCESS in 173.734s processing; model 173.194s/8 calls; 173.810s including wait/save; 8955.148s since startup
Processed 107/235 this run (107/235 total window): PIPELINE_SUCCESS in 135.771s processing; model 134.307s/9 calls; 135.860s including wait/save; 9091.008s since startup
Processed 108/235 this run (108/235 total window): FINAL_SPEC_ERROR in 143.474s processing; model 143.337s/10 calls; 143.563s including wait/save; 9234.572s since startup
Processed 109/235 this run (109/235 total window): FINAL_SPEC_ERROR in 118.652s processing; model 118.503s/10 calls; 118.739s including wait/save; 9353.310s since startup
Processed 110/235 this run (110/235 total window): PIPELINE_SUCCESS in 75.999s processing; model 75.879s/8 calls; 76.081s including wait/save; 9429.391s since startup
Processed 111/235 this run (111/235 total window): PIPELINE_SUCCESS in 54.983s processing; model 54.895s/7 calls; 55.076s including wait/save; 9484.467s since startup
Processed 112/235 this run (112/235 total window): PIPELINE_SUCCESS in 63.386s processing; model 63.188s/7 calls; 63.468s including wait/save; 9547.935s since startup
Processed 113/235 this run (113/235 total window): PIPELINE_SUCCESS in 52.574s processing; model 52.483s/6 calls; 52.695s including wait/save; 9600.630s since startup
Processed 114/235 this run (114/235 total window): PIPELINE_SUCCESS in 34.262s processing; model 33.856s/5 calls; 34.345s including wait/save; 9634.975s since startup
Processed 115/235 this run (115/235 total window): PIPELINE_SUCCESS in 45.999s processing; model 45.951s/5 calls; 46.095s including wait/save; 9681.070s since startup
Processed 116/235 this run (116/235 total window): PIPELINE_SUCCESS in 52.705s processing; model 52.237s/6 calls; 52.789s including wait/save; 9733.859s since startup
Processed 117/235 this run (117/235 total window): FINAL_SPEC_ERROR in 120.203s processing; model 120.095s/10 calls; 120.295s including wait/save; 9854.154s since startup
Processed 118/235 this run (118/235 total window): FINAL_SPEC_ERROR in 152.036s processing; model 151.867s/10 calls; 152.125s including wait/save; 10006.280s since startup
Processed 119/235 this run (119/235 total window): PIPELINE_SUCCESS in 72.246s processing; model 71.669s/7 calls; 72.332s including wait/save; 10078.612s since startup
Processed 120/235 this run (120/235 total window): FINAL_SPEC_ERROR in 113.131s processing; model 113.007s/10 calls; 113.234s including wait/save; 10191.846s since startup
Processed 121/235 this run (121/235 total window): FINAL_SPEC_ERROR in 146.347s processing; model 146.272s/10 calls; 146.439s including wait/save; 10338.285s since startup
Processed 122/235 this run (122/235 total window): PIPELINE_SUCCESS in 125.153s processing; model 124.310s/8 calls; 125.255s including wait/save; 10463.540s since startup
Processed 123/235 this run (123/235 total window): FINAL_SPEC_ERROR in 155.575s processing; model 155.477s/11 calls; 155.672s including wait/save; 10619.213s since startup
Processed 124/235 this run (124/235 total window): FINAL_SPEC_ERROR in 297.86s processing; model 297.719s/12 calls; 297.953s including wait/save; 10917.166s since startup
Processed 125/235 this run (125/235 total window): FINAL_SPEC_ERROR in 300.592s processing; model 300.494s/11 calls; 300.693s including wait/save; 11217.859s since startup
Processed 126/235 this run (126/235 total window): FINAL_SPEC_ERROR in 143.225s processing; model 143.073s/11 calls; 143.319s including wait/save; 11361.178s since startup
Processed 127/235 this run (127/235 total window): PIPELINE_SUCCESS in 121.701s processing; model 121.038s/9 calls; 121.798s including wait/save; 11482.976s since startup
Processed 128/235 this run (128/235 total window): FINAL_SPEC_ERROR in 157.771s processing; model 157.636s/11 calls; 157.878s including wait/save; 11640.853s since startup
Processed 129/235 this run (129/235 total window): PIPELINE_SUCCESS in 104.589s processing; model 104.283s/8 calls; 104.687s including wait/save; 11745.540s since startup
Processed 130/235 this run (130/235 total window): FINAL_SPEC_ERROR in 146.018s processing; model 145.849s/11 calls; 146.121s including wait/save; 11891.661s since startup
Processed 131/235 this run (131/235 total window): FINAL_SPEC_ERROR in 192.073s processing; model 191.883s/13 calls; 192.176s including wait/save; 12083.837s since startup
Processed 132/235 this run (132/235 total window): FINAL_SPEC_ERROR in 185.962s processing; model 185.827s/12 calls; 186.083s including wait/save; 12269.921s since startup
Processed 133/235 this run (133/235 total window): FINAL_SPEC_ERROR in 160.568s processing; model 160.430s/13 calls; 160.677s including wait/save; 12430.598s since startup
Processed 134/235 this run (134/235 total window): FINAL_SPEC_ERROR in 165.843s processing; model 165.625s/12 calls; 165.953s including wait/save; 12596.551s since startup
Processed 135/235 this run (135/235 total window): FINAL_SPEC_ERROR in 270.16s processing; model 269.972s/12 calls; 270.295s including wait/save; 12866.846s since startup
Processed 136/235 this run (136/235 total window): FINAL_SPEC_ERROR in 176.823s processing; model 176.626s/12 calls; 176.932s including wait/save; 13043.778s since startup
Processed 137/235 this run (137/235 total window): PIPELINE_SUCCESS in 87.097s processing; model 84.200s/9 calls; 87.215s including wait/save; 13130.992s since startup
Processed 138/235 this run (138/235 total window): FINAL_SPEC_ERROR in 193.022s processing; model 192.790s/13 calls; 193.144s including wait/save; 13324.136s since startup
Processed 139/235 this run (139/235 total window): FINAL_SPEC_ERROR in 246.364s processing; model 246.142s/14 calls; 246.488s including wait/save; 13570.624s since startup
Processed 140/235 this run (140/235 total window): FINAL_SPEC_ERROR in 220.444s processing; model 220.289s/14 calls; 220.576s including wait/save; 13791.200s since startup
Processed 141/235 this run (141/235 total window): FINAL_SPEC_ERROR in 241.539s processing; model 241.357s/14 calls; 241.656s including wait/save; 14032.857s since startup
Processed 142/235 this run (142/235 total window): PIPELINE_SUCCESS in 25.539s processing; model 25.509s/5 calls; 25.657s including wait/save; 14058.513s since startup
Processed 143/235 this run (143/235 total window): PIPELINE_SUCCESS in 51.113s processing; model 51.065s/6 calls; 51.257s including wait/save; 14109.771s since startup
Processed 144/235 this run (144/235 total window): FINAL_SPEC_ERROR in 43.751s processing; model 43.710s/8 calls; 43.879s including wait/save; 14153.650s since startup
Processed 145/235 this run (145/235 total window): FINAL_SPEC_ERROR in 37.354s processing; model 37.329s/8 calls; 37.493s including wait/save; 14191.144s since startup
Processed 146/235 this run (146/235 total window): PIPELINE_SUCCESS in 28.252s processing; model 28.226s/5 calls; 28.384s including wait/save; 14219.527s since startup
Processed 147/235 this run (147/235 total window): FINAL_SPEC_ERROR in 50.208s processing; model 50.056s/9 calls; 50.343s including wait/save; 14269.870s since startup
Processed 148/235 this run (148/235 total window): FINAL_SPEC_ERROR in 40.855s processing; model 40.823s/8 calls; 40.978s including wait/save; 14310.849s since startup
Processed 149/235 this run (149/235 total window): PIPELINE_SUCCESS in 35.333s processing; model 35.278s/5 calls; 35.455s including wait/save; 14346.304s since startup
Processed 150/235 this run (150/235 total window): FINAL_SPEC_ERROR in 46.501s processing; model 46.436s/9 calls; 46.654s including wait/save; 14392.958s since startup
Processed 151/235 this run (151/235 total window): FINAL_SPEC_ERROR in 38.081s processing; model 38.026s/8 calls; 38.201s including wait/save; 14431.160s since startup
Processed 152/235 this run (152/235 total window): FINAL_SPEC_ERROR in 52.207s processing; model 52.165s/8 calls; 52.376s including wait/save; 14483.536s since startup
Processed 153/235 this run (153/235 total window): FINAL_SPEC_ERROR in 70.591s processing; model 70.516s/12 calls; 70.740s including wait/save; 14554.276s since startup
Processed 154/235 this run (154/235 total window): FINAL_SPEC_ERROR in 138.015s processing; model 137.984s/8 calls; 138.152s including wait/save; 14692.428s since startup
Processed 155/235 this run (155/235 total window): PIPELINE_SUCCESS in 31.276s processing; model 31.233s/5 calls; 31.437s including wait/save; 14723.866s since startup
Processed 156/235 this run (156/235 total window): PIPELINE_SUCCESS in 22.973s processing; model 22.935s/5 calls; 23.106s including wait/save; 14746.971s since startup
Processed 157/235 this run (157/235 total window): FINAL_SPEC_ERROR in 41.136s processing; model 41.088s/8 calls; 41.293s including wait/save; 14788.265s since startup
Processed 158/235 this run (158/235 total window): PIPELINE_SUCCESS in 32.41s processing; model 32.378s/5 calls; 32.562s including wait/save; 14820.827s since startup
Processed 159/235 this run (159/235 total window): PIPELINE_SUCCESS in 30.88s processing; model 30.825s/6 calls; 31.038s including wait/save; 14851.865s since startup
Processed 160/235 this run (160/235 total window): FINAL_SPEC_ERROR in 56.35s processing; model 56.280s/9 calls; 56.510s including wait/save; 14908.375s since startup
Processed 161/235 this run (161/235 total window): PIPELINE_SUCCESS in 58.93s processing; model 58.861s/9 calls; 59.082s including wait/save; 14967.457s since startup
Processed 162/235 this run (162/235 total window): FINAL_SPEC_ERROR in 45.539s processing; model 45.441s/9 calls; 45.682s including wait/save; 15013.139s since startup
Processed 163/235 this run (163/235 total window): FINAL_SPEC_ERROR in 54.926s processing; model 54.868s/9 calls; 55.069s including wait/save; 15068.208s since startup
Processed 164/235 this run (164/235 total window): FINAL_SPEC_ERROR in 48.9s processing; model 48.851s/9 calls; 49.058s including wait/save; 15117.266s since startup
Processed 165/235 this run (165/235 total window): FINAL_SPEC_ERROR in 64.465s processing; model 64.368s/9 calls; 64.618s including wait/save; 15181.885s since startup
Processed 166/235 this run (166/235 total window): PIPELINE_SUCCESS in 60.771s processing; model 60.677s/10 calls; 60.908s including wait/save; 15242.793s since startup
Processed 167/235 this run (167/235 total window): FINAL_SPEC_ERROR in 51.363s processing; model 51.277s/9 calls; 51.506s including wait/save; 15294.300s since startup
Processed 168/235 this run (168/235 total window): FINAL_SPEC_ERROR in 54.129s processing; model 54.067s/9 calls; 54.293s including wait/save; 15348.592s since startup
Processed 169/235 this run (169/235 total window): FINAL_SPEC_ERROR in 57.974s processing; model 57.886s/10 calls; 58.110s including wait/save; 15406.702s since startup
Processed 170/235 this run (170/235 total window): FINAL_SPEC_ERROR in 92.361s processing; model 92.222s/10 calls; 92.502s including wait/save; 15499.205s since startup
Processed 171/235 this run (171/235 total window): FINAL_SPEC_ERROR in 65.353s processing; model 65.252s/9 calls; 65.493s including wait/save; 15564.698s since startup
Processed 172/235 this run (172/235 total window): FINAL_SPEC_ERROR in 56.934s processing; model 56.848s/10 calls; 57.084s including wait/save; 15621.782s since startup
Processed 173/235 this run (173/235 total window): PIPELINE_SUCCESS in 32.141s processing; model 32.063s/5 calls; 32.299s including wait/save; 15654.082s since startup
Processed 174/235 this run (174/235 total window): PIPELINE_SUCCESS in 28.429s processing; model 28.369s/5 calls; 28.566s including wait/save; 15682.648s since startup
Processed 175/235 this run (175/235 total window): FINAL_SPEC_ERROR in 40.463s processing; model 40.394s/8 calls; 40.608s including wait/save; 15723.256s since startup
Processed 176/235 this run (176/235 total window): PIPELINE_SUCCESS in 42.542s processing; model 42.507s/5 calls; 42.693s including wait/save; 15765.949s since startup
Processed 177/235 this run (177/235 total window): PIPELINE_SUCCESS in 27.958s processing; model 27.852s/5 calls; 28.117s including wait/save; 15794.067s since startup
Processed 178/235 this run (178/235 total window): PIPELINE_SUCCESS in 26.36s processing; model 26.230s/5 calls; 26.517s including wait/save; 15820.584s since startup
Processed 179/235 this run (179/235 total window): FINAL_SPEC_ERROR in 43.609s processing; model 43.574s/8 calls; 43.767s including wait/save; 15864.351s since startup
Processed 180/235 this run (180/235 total window): FINAL_SPEC_ERROR in 41.953s processing; model 41.890s/8 calls; 42.127s including wait/save; 15906.478s since startup
Processed 181/235 this run (181/235 total window): PIPELINE_SUCCESS in 36.501s processing; model 36.461s/5 calls; 36.652s including wait/save; 15943.130s since startup
Processed 182/235 this run (182/235 total window): FINAL_SPEC_ERROR in 68.339s processing; model 68.210s/10 calls; 68.507s including wait/save; 16011.637s since startup
Processed 183/235 this run (183/235 total window): PIPELINE_SUCCESS in 34.205s processing; model 33.849s/5 calls; 34.353s including wait/save; 16045.990s since startup
Processed 184/235 this run (184/235 total window): PIPELINE_SUCCESS in 35.761s processing; model 35.486s/5 calls; 35.936s including wait/save; 16081.926s since startup
Processed 185/235 this run (185/235 total window): PIPELINE_SUCCESS in 33.855s processing; model 33.747s/5 calls; 34.004s including wait/save; 16115.930s since startup
Processed 186/235 this run (186/235 total window): PIPELINE_SUCCESS in 36.42s processing; model 36.297s/5 calls; 36.581s including wait/save; 16152.511s since startup
Processed 187/235 this run (187/235 total window): FINAL_SPEC_ERROR in 42.666s processing; model 42.607s/9 calls; 42.832s including wait/save; 16195.343s since startup
Processed 188/235 this run (188/235 total window): FINAL_SPEC_ERROR in 42.741s processing; model 42.686s/9 calls; 42.904s including wait/save; 16238.248s since startup
Processed 189/235 this run (189/235 total window): PIPELINE_SUCCESS in 41.434s processing; model 41.366s/7 calls; 41.595s including wait/save; 16279.843s since startup
Processed 190/235 this run (190/235 total window): PIPELINE_SUCCESS in 45.918s processing; model 45.837s/8 calls; 46.088s including wait/save; 16325.931s since startup
Processed 191/235 this run (191/235 total window): FINAL_SPEC_ERROR in 45.895s processing; model 45.830s/9 calls; 46.059s including wait/save; 16371.990s since startup
Processed 192/235 this run (192/235 total window): PIPELINE_SUCCESS in 40.423s processing; model 40.028s/6 calls; 40.567s including wait/save; 16412.557s since startup
Processed 193/235 this run (193/235 total window): PIPELINE_SUCCESS in 149.495s processing; model 149.278s/7 calls; 149.654s including wait/save; 16562.211s since startup
Processed 194/235 this run (194/235 total window): FINAL_SPEC_ERROR in 76.935s processing; model 76.870s/9 calls; 77.094s including wait/save; 16639.305s since startup
Processed 195/235 this run (195/235 total window): PIPELINE_SUCCESS in 48.752s processing; model 48.687s/7 calls; 48.925s including wait/save; 16688.230s since startup
Processed 196/235 this run (196/235 total window): PIPELINE_SUCCESS in 54.561s processing; model 54.349s/8 calls; 54.720s including wait/save; 16742.950s since startup
Processed 197/235 this run (197/235 total window): PIPELINE_SUCCESS in 80.223s processing; model 80.009s/8 calls; 80.377s including wait/save; 16823.327s since startup
Processed 198/235 this run (198/235 total window): PIPELINE_SUCCESS in 47.339s processing; model 47.242s/7 calls; 47.494s including wait/save; 16870.821s since startup
Processed 199/235 this run (199/235 total window): PIPELINE_SUCCESS in 82.064s processing; model 81.975s/7 calls; 82.224s including wait/save; 16953.044s since startup
Processed 200/235 this run (200/235 total window): FINAL_SPEC_ERROR in 159.2s processing; model 159.132s/10 calls; 159.365s including wait/save; 17112.409s since startup
Processed 201/235 this run (201/235 total window): PIPELINE_SUCCESS in 72.977s processing; model 72.832s/8 calls; 73.137s including wait/save; 17185.546s since startup
Processed 202/235 this run (202/235 total window): DECOMPOSITION_ERROR in 76.259s processing; model 76.242s/5 calls; 76.446s including wait/save; 17261.992s since startup
Processed 203/235 this run (203/235 total window): DECOMPOSITION_ERROR in 94.075s processing; model 94.052s/7 calls; 94.249s including wait/save; 17356.241s since startup
Processed 204/235 this run (204/235 total window): FINAL_SPEC_ERROR in 50.975s processing; model 50.931s/8 calls; 51.207s including wait/save; 17407.448s since startup
Processed 205/235 this run (205/235 total window): FINAL_SPEC_ERROR in 40.125s processing; model 40.081s/8 calls; 40.312s including wait/save; 17447.760s since startup
Processed 206/235 this run (206/235 total window): FINAL_SPEC_ERROR in 40.555s processing; model 40.519s/8 calls; 40.734s including wait/save; 17488.494s since startup
Processed 207/235 this run (207/235 total window): FINAL_SPEC_ERROR in 41.806s processing; model 41.744s/8 calls; 41.977s including wait/save; 17530.471s since startup
Processed 208/235 this run (208/235 total window): FINAL_SPEC_ERROR in 38.535s processing; model 38.496s/8 calls; 38.698s including wait/save; 17569.169s since startup
Processed 209/235 this run (209/235 total window): FINAL_SPEC_ERROR in 39.572s processing; model 39.527s/8 calls; 39.732s including wait/save; 17608.901s since startup
Processed 210/235 this run (210/235 total window): FINAL_SPEC_ERROR in 33.323s processing; model 33.270s/8 calls; 33.498s including wait/save; 17642.398s since startup
Processed 211/235 this run (211/235 total window): FINAL_SPEC_ERROR in 39.438s processing; model 39.398s/8 calls; 39.608s including wait/save; 17682.007s since startup
Processed 212/235 this run (212/235 total window): FINAL_SPEC_ERROR in 37.027s processing; model 36.976s/8 calls; 37.180s including wait/save; 17719.187s since startup
Processed 213/235 this run (213/235 total window): FINAL_SPEC_ERROR in 36.07s processing; model 36.030s/8 calls; 36.250s including wait/save; 17755.438s since startup
Processed 214/235 this run (214/235 total window): FINAL_SPEC_ERROR in 49.812s processing; model 49.754s/8 calls; 49.982s including wait/save; 17805.420s since startup
Processed 215/235 this run (215/235 total window): PIPELINE_SUCCESS in 36.601s processing; model 36.557s/5 calls; 36.769s including wait/save; 17842.189s since startup
Processed 216/235 this run (216/235 total window): FINAL_SPEC_ERROR in 38.729s processing; model 38.692s/8 calls; 38.899s including wait/save; 17881.088s since startup
Processed 217/235 this run (217/235 total window): PIPELINE_SUCCESS in 31.269s processing; model 31.239s/5 calls; 31.448s including wait/save; 17912.536s since startup
Processed 218/235 this run (218/235 total window): FINAL_SPEC_ERROR in 35.718s processing; model 35.688s/8 calls; 35.898s including wait/save; 17948.435s since startup
Processed 219/235 this run (219/235 total window): PIPELINE_SUCCESS in 28.5s processing; model 28.468s/5 calls; 28.680s including wait/save; 17977.114s since startup
Processed 220/235 this run (220/235 total window): PIPELINE_SUCCESS in 25.792s processing; model 25.768s/5 calls; 25.963s including wait/save; 18003.078s since startup
Processed 221/235 this run (221/235 total window): PIPELINE_SUCCESS in 28.185s processing; model 28.160s/5 calls; 28.363s including wait/save; 18031.441s since startup
Processed 222/235 this run (222/235 total window): FINAL_SPEC_ERROR in 70.197s processing; model 70.111s/9 calls; 70.352s including wait/save; 18101.793s since startup
Processed 223/235 this run (223/235 total window): FINAL_SPEC_ERROR in 98.863s processing; model 98.758s/14 calls; 99.031s including wait/save; 18200.824s since startup
Processed 224/235 this run (224/235 total window): PIPELINE_SUCCESS in 54.185s processing; model 54.143s/7 calls; 54.362s including wait/save; 18255.187s since startup
Processed 225/235 this run (225/235 total window): FINAL_SPEC_ERROR in 167.731s processing; model 167.610s/9 calls; 167.901s including wait/save; 18423.088s since startup
Processed 226/235 this run (226/235 total window): PIPELINE_SUCCESS in 44.037s processing; model 43.849s/6 calls; 44.214s including wait/save; 18467.302s since startup
Processed 227/235 this run (227/235 total window): FINAL_SPEC_ERROR in 74.84s processing; model 74.784s/9 calls; 75.024s including wait/save; 18542.326s since startup
Processed 228/235 this run (228/235 total window): FINAL_SPEC_ERROR in 76.416s processing; model 76.364s/9 calls; 76.596s including wait/save; 18618.921s since startup
Processed 229/235 this run (229/235 total window): FINAL_SPEC_ERROR in 75.108s processing; model 75.052s/9 calls; 75.294s including wait/save; 18694.215s since startup
Processed 230/235 this run (230/235 total window): PIPELINE_SUCCESS in 72.601s processing; model 72.445s/7 calls; 72.773s including wait/save; 18766.988s since startup
Processed 231/235 this run (231/235 total window): PIPELINE_SUCCESS in 44.609s processing; model 44.491s/7 calls; 44.792s including wait/save; 18811.780s since startup
Processed 232/235 this run (232/235 total window): PIPELINE_SUCCESS in 43.738s processing; model 43.644s/7 calls; 43.907s including wait/save; 18855.687s since startup
Processed 233/235 this run (233/235 total window): PIPELINE_SUCCESS in 47.352s processing; model 47.260s/7 calls; 47.523s including wait/save; 18903.210s since startup
Processed 234/235 this run (234/235 total window): PIPELINE_SUCCESS in 38.514s processing; model 38.424s/7 calls; 38.696s including wait/save; 18941.906s since startup
Processed 235/235 this run (235/235 total window): FINAL_SPEC_ERROR in 72.735s processing; model 72.654s/9 calls; 72.927s including wait/save; 19014.833s since startup
[COMPLETE] Pipeline finished. Details: /home/kritik/Desktop/neosapiens/finance/script_diff_llm2/ablations/improvement10_models/source/improvement10/.runtime/logs/pipeline_20261006_134112_134270.log
[TIME] Startup-to-finish: 19015.14s; model requests: 18958.77s (2025 calls). Slowest model stages: Final_Spec=5197.41s, Decompose=4989.37s, Query_Understanding=4583.78s, Query_Spec=3889.16s
[TIMING] /home/kritik/Desktop/neosapiens/finance/script_diff_llm2/ablations/improvement10_models/source/improvement10/.runtime/logs/timing_20261006_134110_134270.json
