[INPUT] ONTOLOGY_FILE: /home/kritik/Desktop/neosapiens/finance/script_diff_llm2/ablations/improvement11_gpt_oss_120b/source/improvemnt11kgfixed/kg_output_fixed/wealth_management_diverse_schema.ttl
[INPUT] INSTANCE_FILE: /home/kritik/Desktop/neosapiens/finance/script_diff_llm2/ablations/improvement11_gpt_oss_120b/source/improvemnt11kgfixed/kg_output_fixed/wealth_management_diverse_kg.ttl
[INPUT] DOMAIN_INTRO_FILE: /home/kritik/Desktop/neosapiens/finance/script_diff_llm2/ablations/improvement11_gpt_oss_120b/source/improvemnt11kgfixed/domain_intro_latest.prompt
[INPUT] BUSINESS_RULES_FILE: /home/kritik/Desktop/neosapiens/finance/script_diff_llm2/ablations/improvement11_gpt_oss_120b/source/improvemnt11kgfixed/business_rules_addendum.md
[RUNNING] Report: /home/kritik/Desktop/neosapiens/finance/script_diff_llm2/ablations/improvement11_gpt_oss_120b/runs/azure_gpt_oss_120b/azure_resume8_01/parallel_workers8/worker_07/raw_pipeline.csv
[LOG] /home/kritik/Desktop/neosapiens/finance/script_diff_llm2/ablations/improvement11_gpt_oss_120b/source/improvemnt11kgfixed/.runtime/logs/pipeline_20261008_073705_418798.log
[CACHE] Knowledge hit in 0.008s
[TIME] Startup ready: 1.195s; query delay: 0s
Processed 1/87 this run (1/87 total window): PIPELINE_SUCCESS in 228.62s processing; model 228.351s/7 calls; 228.626s including wait/save; 229.820s since startup
Processed 2/87 this run (2/87 total window): PIPELINE_SUCCESS in 171.108s processing; model 170.982s/6 calls; 171.113s including wait/save; 400.934s since startup
Processed 3/87 this run (3/87 total window): PIPELINE_SUCCESS in 263.482s processing; model 263.187s/7 calls; 263.487s including wait/save; 664.421s since startup
Processed 4/87 this run (4/87 total window): PIPELINE_SUCCESS in 561.926s processing; model 561.148s/8 calls; 561.933s including wait/save; 1226.354s since startup
Processed 5/87 this run (5/87 total window): PIPELINE_SUCCESS in 796.162s processing; model 795.202s/10 calls; 796.170s including wait/save; 2022.524s since startup
Processed 6/87 this run (6/87 total window): PIPELINE_SUCCESS in 172.619s processing; model 172.455s/5 calls; 172.630s including wait/save; 2195.155s since startup
Processed 7/87 this run (7/87 total window): PIPELINE_SUCCESS in 113.401s processing; model 113.319s/5 calls; 113.418s including wait/save; 2308.573s since startup
Processed 8/87 this run (8/87 total window): PIPELINE_SUCCESS in 170.729s processing; model 170.575s/6 calls; 170.746s including wait/save; 2479.319s since startup
Processed 9/87 this run (9/87 total window): PIPELINE_SUCCESS in 190.303s processing; model 190.041s/6 calls; 190.318s including wait/save; 2669.637s since startup
Processed 10/87 this run (10/87 total window): PIPELINE_SUCCESS in 249.979s processing; model 249.836s/7 calls; 250.009s including wait/save; 2919.646s since startup
Processed 11/87 this run (11/87 total window): PIPELINE_SUCCESS in 272.03s processing; model 271.689s/8 calls; 272.046s including wait/save; 3191.692s since startup
Processed 12/87 this run (12/87 total window): PIPELINE_SUCCESS in 314.611s processing; model 314.138s/8 calls; 314.626s including wait/save; 3506.319s since startup
Processed 13/87 this run (13/87 total window): PIPELINE_SUCCESS in 403.741s processing; model 403.390s/8 calls; 403.758s including wait/save; 3910.077s since startup
Processed 14/87 this run (14/87 total window): PIPELINE_SUCCESS in 207.066s processing; model 206.906s/6 calls; 207.084s including wait/save; 4117.161s since startup
Processed 15/87 this run (15/87 total window): PIPELINE_SUCCESS in 182.526s processing; model 182.251s/6 calls; 182.544s including wait/save; 4299.705s since startup
Processed 16/87 this run (16/87 total window): PIPELINE_SUCCESS in 192.653s processing; model 192.547s/6 calls; 192.673s including wait/save; 4492.378s since startup
Processed 17/87 this run (17/87 total window): PIPELINE_SUCCESS in 249.346s processing; model 249.071s/8 calls; 249.389s including wait/save; 4741.767s since startup
Processed 18/87 this run (18/87 total window): PIPELINE_SUCCESS in 345.292s processing; model 344.498s/8 calls; 345.312s including wait/save; 5087.079s since startup
Processed 19/87 this run (19/87 total window): PIPELINE_SUCCESS in 235.158s processing; model 234.952s/7 calls; 235.180s including wait/save; 5322.259s since startup
Processed 20/87 this run (20/87 total window): PIPELINE_SUCCESS in 361.361s processing; model 360.957s/8 calls; 361.382s including wait/save; 5683.642s since startup
Processed 21/87 this run (21/87 total window): PIPELINE_SUCCESS in 202.146s processing; model 201.574s/7 calls; 202.170s including wait/save; 5885.812s since startup
Processed 22/87 this run (22/87 total window): PIPELINE_SUCCESS in 300.469s processing; model 300.030s/8 calls; 300.493s including wait/save; 6186.305s since startup
Processed 23/87 this run (23/87 total window): PIPELINE_SUCCESS in 425.024s processing; model 424.676s/10 calls; 425.048s including wait/save; 6611.353s since startup
Processed 24/87 this run (24/87 total window): PIPELINE_SUCCESS in 301.756s processing; model 301.444s/8 calls; 301.781s including wait/save; 6913.134s since startup
Processed 25/87 this run (25/87 total window): PIPELINE_SUCCESS in 448.644s processing; model 448.317s/8 calls; 448.671s including wait/save; 7361.805s since startup
Processed 26/87 this run (26/87 total window): PIPELINE_SUCCESS in 361.325s processing; model 360.975s/8 calls; 361.353s including wait/save; 7723.158s since startup
Processed 27/87 this run (27/87 total window): PIPELINE_SUCCESS in 222.714s processing; model 221.126s/6 calls; 222.742s including wait/save; 7945.900s since startup
Processed 28/87 this run (28/87 total window): PIPELINE_SUCCESS in 255.619s processing; model 254.835s/6 calls; 256.050s including wait/save; 8201.950s since startup
Processed 29/87 this run (29/87 total window): PIPELINE_SUCCESS in 216.884s processing; model 216.256s/6 calls; 216.913s including wait/save; 8418.864s since startup
Processed 30/87 this run (30/87 total window): PIPELINE_SUCCESS in 384.788s processing; model 383.813s/7 calls; 384.820s including wait/save; 8803.683s since startup
Processed 31/87 this run (31/87 total window): PIPELINE_SUCCESS in 390.374s processing; model 389.216s/7 calls; 390.406s including wait/save; 9194.089s since startup
Processed 32/87 this run (32/87 total window): PIPELINE_SUCCESS in 290.293s processing; model 288.572s/7 calls; 290.325s including wait/save; 9484.414s since startup
Processed 33/87 this run (33/87 total window): PIPELINE_SUCCESS in 367.096s processing; model 365.653s/7 calls; 367.130s including wait/save; 9851.545s since startup
Processed 34/87 this run (34/87 total window): PIPELINE_SUCCESS in 889.602s processing; model 887.728s/10 calls; 889.637s including wait/save; 10741.182s since startup
Processed 35/87 this run (35/87 total window): PIPELINE_SUCCESS in 612.496s processing; model 610.959s/8 calls; 612.533s including wait/save; 11353.715s since startup
Processed 36/87 this run (36/87 total window): PIPELINE_SUCCESS in 624.639s processing; model 622.343s/8 calls; 624.677s including wait/save; 11978.391s since startup
Processed 37/87 this run (37/87 total window): CRASH in 570.354s processing; model 570.348s/1 calls; 570.404s including wait/save; 12548.796s since startup
Processed 38/87 this run (38/87 total window): CRASH in 569.475s processing; model 569.469s/1 calls; 569.522s including wait/save; 13118.318s since startup
Processed 39/87 this run (39/87 total window): CRASH in 567.737s processing; model 567.731s/1 calls; 567.789s including wait/save; 13686.107s since startup
Processed 40/87 this run (40/87 total window): CRASH in 571.51s processing; model 571.504s/1 calls; 571.563s including wait/save; 14257.671s since startup
Processed 41/87 this run (41/87 total window): CRASH in 568.953s processing; model 568.947s/1 calls; 568.994s including wait/save; 14826.665s since startup
Processed 42/87 this run (42/87 total window): PIPELINE_SUCCESS in 113.075s processing; model 112.986s/5 calls; 113.116s including wait/save; 14939.781s since startup
Processed 43/87 this run (43/87 total window): PIPELINE_SUCCESS in 110.668s processing; model 110.594s/5 calls; 110.713s including wait/save; 15050.495s since startup
Processed 44/87 this run (44/87 total window): PIPELINE_SUCCESS in 108.085s processing; model 108.020s/5 calls; 108.133s including wait/save; 15158.628s since startup
Processed 45/87 this run (45/87 total window): PIPELINE_SUCCESS in 109.347s processing; model 109.200s/5 calls; 109.388s including wait/save; 15268.016s since startup
Processed 46/87 this run (46/87 total window): PIPELINE_SUCCESS in 150.631s processing; model 150.545s/6 calls; 150.679s including wait/save; 15418.695s since startup
Processed 47/87 this run (47/87 total window): PIPELINE_SUCCESS in 233.454s processing; model 233.338s/6 calls; 233.496s including wait/save; 15652.191s since startup
Processed 48/87 this run (48/87 total window): PIPELINE_SUCCESS in 106.151s processing; model 105.989s/5 calls; 106.192s including wait/save; 15758.384s since startup
Processed 49/87 this run (49/87 total window): PIPELINE_SUCCESS in 96.114s processing; model 95.993s/5 calls; 96.163s including wait/save; 15854.547s since startup
Processed 50/87 this run (50/87 total window): PIPELINE_SUCCESS in 167.432s processing; model 167.021s/6 calls; 167.476s including wait/save; 16022.023s since startup
Processed 51/87 this run (51/87 total window): PIPELINE_SUCCESS in 167.252s processing; model 167.094s/6 calls; 167.294s including wait/save; 16189.318s since startup
Processed 52/87 this run (52/87 total window): PIPELINE_SUCCESS in 161.214s processing; model 160.764s/6 calls; 161.259s including wait/save; 16350.577s since startup
Processed 53/87 this run (53/87 total window): PIPELINE_SUCCESS in 155.368s processing; model 155.037s/6 calls; 155.414s including wait/save; 16505.992s since startup
Processed 54/87 this run (54/87 total window): PIPELINE_SUCCESS in 136.581s processing; model 136.269s/6 calls; 136.625s including wait/save; 16642.617s since startup
Processed 55/87 this run (55/87 total window): PIPELINE_SUCCESS in 181.303s processing; model 181.119s/6 calls; 181.348s including wait/save; 16823.966s since startup
Processed 56/87 this run (56/87 total window): PIPELINE_SUCCESS in 194.576s processing; model 194.313s/7 calls; 194.621s including wait/save; 17018.587s since startup
Processed 57/87 this run (57/87 total window): PIPELINE_SUCCESS in 106.402s processing; model 106.224s/5 calls; 106.449s including wait/save; 17125.036s since startup
Processed 58/87 this run (58/87 total window): PIPELINE_SUCCESS in 173.601s processing; model 173.374s/6 calls; 173.647s including wait/save; 17298.684s since startup
Processed 59/87 this run (59/87 total window): PIPELINE_SUCCESS in 230.195s processing; model 230.053s/5 calls; 230.247s including wait/save; 17528.932s since startup
Processed 60/87 this run (60/87 total window): PIPELINE_SUCCESS in 142.791s processing; model 142.643s/6 calls; 142.840s including wait/save; 17671.772s since startup
Processed 61/87 this run (61/87 total window): PIPELINE_SUCCESS in 114.802s processing; model 114.697s/5 calls; 114.862s including wait/save; 17786.633s since startup
Processed 62/87 this run (62/87 total window): PIPELINE_SUCCESS in 182.852s processing; model 182.266s/6 calls; 182.902s including wait/save; 17969.536s since startup
Processed 63/87 this run (63/87 total window): PIPELINE_SUCCESS in 185.163s processing; model 184.616s/6 calls; 185.213s including wait/save; 18154.749s since startup
Processed 64/87 this run (64/87 total window): PIPELINE_SUCCESS in 156.783s processing; model 156.598s/6 calls; 156.834s including wait/save; 18311.583s since startup
Processed 65/87 this run (65/87 total window): PIPELINE_SUCCESS in 157.949s processing; model 157.773s/6 calls; 158.000s including wait/save; 18469.583s since startup
Processed 66/87 this run (66/87 total window): PIPELINE_SUCCESS in 198.55s processing; model 197.883s/7 calls; 198.602s including wait/save; 18668.185s since startup
Processed 67/87 this run (67/87 total window): PIPELINE_SUCCESS in 282.404s processing; model 281.919s/8 calls; 282.454s including wait/save; 18950.639s since startup
Processed 68/87 this run (68/87 total window): PIPELINE_SUCCESS in 375.155s processing; model 374.713s/8 calls; 375.207s including wait/save; 19325.846s since startup
Processed 69/87 this run (69/87 total window): PIPELINE_SUCCESS in 405.002s processing; model 404.521s/8 calls; 405.055s including wait/save; 19730.901s since startup
Processed 70/87 this run (70/87 total window): PIPELINE_SUCCESS in 252.402s processing; model 251.742s/7 calls; 252.457s including wait/save; 19983.358s since startup
Processed 71/87 this run (71/87 total window): PIPELINE_SUCCESS in 268.187s processing; model 266.814s/7 calls; 268.241s including wait/save; 20251.599s since startup
Processed 72/87 this run (72/87 total window): PIPELINE_SUCCESS in 122.95s processing; model 122.799s/5 calls; 123.010s including wait/save; 20374.609s since startup
Processed 73/87 this run (73/87 total window): PIPELINE_SUCCESS in 123.478s processing; model 123.356s/5 calls; 123.534s including wait/save; 20498.143s since startup
Processed 74/87 this run (74/87 total window): PIPELINE_SUCCESS in 119.805s processing; model 119.699s/5 calls; 119.863s including wait/save; 20618.006s since startup
Processed 75/87 this run (75/87 total window): PIPELINE_SUCCESS in 108.205s processing; model 108.098s/5 calls; 108.268s including wait/save; 20726.275s since startup
Processed 76/87 this run (76/87 total window): PIPELINE_SUCCESS in 117.853s processing; model 117.743s/5 calls; 117.913s including wait/save; 20844.188s since startup
Processed 77/87 this run (77/87 total window): PIPELINE_SUCCESS in 155.868s processing; model 155.564s/6 calls; 155.923s including wait/save; 21000.111s since startup
Processed 78/87 this run (78/87 total window): PIPELINE_SUCCESS in 273.46s processing; model 273.369s/5 calls; 273.522s including wait/save; 21273.633s since startup
Processed 79/87 this run (79/87 total window): PIPELINE_SUCCESS in 92.094s processing; model 91.982s/5 calls; 92.159s including wait/save; 21365.792s since startup
Processed 80/87 this run (80/87 total window): PIPELINE_SUCCESS in 131.667s processing; model 131.542s/6 calls; 131.740s including wait/save; 21497.532s since startup
Processed 81/87 this run (81/87 total window): FINAL_SPEC_ERROR in 246.728s processing; model 246.265s/9 calls; 246.796s including wait/save; 21744.328s since startup
Processed 82/87 this run (82/87 total window): PIPELINE_SUCCESS in 150.866s processing; model 150.419s/6 calls; 150.925s including wait/save; 21895.253s since startup
Processed 83/87 this run (83/87 total window): PIPELINE_SUCCESS in 177.824s processing; model 177.569s/6 calls; 177.892s including wait/save; 22073.146s since startup
Processed 84/87 this run (84/87 total window): PIPELINE_SUCCESS in 328.965s processing; model 328.667s/9 calls; 329.038s including wait/save; 22402.184s since startup
Processed 85/87 this run (85/87 total window): TRANSIENT_ERROR in 239.231s processing; model 239.193s/4 calls; 239.299s including wait/save; 22641.483s since startup
Processed 86/87 this run (86/87 total window): TRANSIENT_ERROR in 12.952s processing; model 12.946s/1 calls; 13.021s including wait/save; 22654.503s since startup
Processed 87/87 this run (87/87 total window): TRANSIENT_ERROR in 13.72s processing; model 13.715s/1 calls; 13.815s including wait/save; 22668.319s since startup
[COMPLETE] Pipeline finished. Details: /home/kritik/Desktop/neosapiens/finance/script_diff_llm2/ablations/improvement11_gpt_oss_120b/source/improvemnt11kgfixed/.runtime/logs/pipeline_20261008_073705_418798.log
[TIME] Startup-to-finish: 22668.45s; model requests: 22628.06s (530 calls). Slowest model stages: Query_Understanding=8979.40s, Decompose=5321.64s, Query_Spec=4298.98s, Final_Spec=3245.03s
[TIMING] /home/kritik/Desktop/neosapiens/finance/script_diff_llm2/ablations/improvement11_gpt_oss_120b/source/improvemnt11kgfixed/.runtime/logs/timing_20261008_073705_418798.json
