[INPUT] SQLITE_DB_PATH: /home/kritik/Desktop/neosapiens/finance/script_diff_llm2/ablations/improvement10_models/source/improvement10/wealth_management_diverse.db
[INPUT] TABLE_METADATA_DIR: /home/kritik/Desktop/neosapiens/finance/script_diff_llm2/ablations/improvement10_models/source/improvement10/table_medatada
[INPUT] DOMAIN_INTRO_FILE: /home/kritik/Desktop/neosapiens/finance/script_diff_llm2/ablations/improvement10_models/source/improvement10/domain_intro_latest.prompt
[INPUT] BUSINESS_RULES_FILE: /home/kritik/Desktop/neosapiens/finance/script_diff_llm2/ablations/improvement10_models/source/improvement10/business_rules_addendum.md
[RUNNING] Report: /home/kritik/Desktop/neosapiens/finance/script_diff_llm2/ablations/improvement10_models/runs/kimi_k2_thinking/run_01/parallel_workers4/worker_03/raw_pipeline.csv
[LOG] /home/kritik/Desktop/neosapiens/finance/script_diff_llm2/ablations/improvement10_models/source/improvement10/.runtime/logs/pipeline_20261006_134112_134275.log
[CACHE] Knowledge hit in 0.016s
[TIME] Startup ready: 2.789s; query delay: 0s
Processed 1/243 this run (1/243 total window): PIPELINE_SUCCESS in 77.742s processing; model 77.714s/5 calls; 77.751s including wait/save; 80.540s since startup
Processed 2/243 this run (2/243 total window): PIPELINE_SUCCESS in 56.834s processing; model 56.808s/5 calls; 56.842s including wait/save; 137.382s since startup
Processed 3/243 this run (3/243 total window): PIPELINE_SUCCESS in 118.975s processing; model 118.925s/6 calls; 118.980s including wait/save; 256.362s since startup
Processed 4/243 this run (4/243 total window): PIPELINE_SUCCESS in 98.697s processing; model 98.656s/6 calls; 98.704s including wait/save; 355.066s since startup
Processed 5/243 this run (5/243 total window): PIPELINE_SUCCESS in 180.628s processing; model 180.498s/6 calls; 180.633s including wait/save; 535.699s since startup
Processed 6/243 this run (6/243 total window): PIPELINE_SUCCESS in 162.116s processing; model 162.053s/6 calls; 162.128s including wait/save; 697.827s since startup
Processed 7/243 this run (7/243 total window): PIPELINE_SUCCESS in 113.724s processing; model 113.677s/6 calls; 113.731s including wait/save; 811.558s since startup
Processed 8/243 this run (8/243 total window): PIPELINE_SUCCESS in 192.462s processing; model 192.333s/6 calls; 192.468s including wait/save; 1004.027s since startup
Processed 9/243 this run (9/243 total window): PIPELINE_SUCCESS in 74.255s processing; model 74.200s/5 calls; 74.264s including wait/save; 1078.291s since startup
Processed 10/243 this run (10/243 total window): PIPELINE_SUCCESS in 158.734s processing; model 158.667s/7 calls; 158.744s including wait/save; 1237.036s since startup
Processed 11/243 this run (11/243 total window): PIPELINE_SUCCESS in 209.371s processing; model 209.280s/8 calls; 209.394s including wait/save; 1446.430s since startup
Processed 12/243 this run (12/243 total window): PIPELINE_SUCCESS in 194.572s processing; model 194.493s/7 calls; 194.581s including wait/save; 1641.011s since startup
Processed 13/243 this run (13/243 total window): PIPELINE_SUCCESS in 195.915s processing; model 195.828s/7 calls; 195.925s including wait/save; 1836.937s since startup
Processed 14/243 this run (14/243 total window): PIPELINE_SUCCESS in 197.392s processing; model 197.320s/7 calls; 197.403s including wait/save; 2034.340s since startup
Processed 15/243 this run (15/243 total window): PIPELINE_SUCCESS in 283.574s processing; model 283.471s/8 calls; 283.586s including wait/save; 2317.926s since startup
Processed 16/243 this run (16/243 total window): PIPELINE_SUCCESS in 384.134s processing; model 384.066s/9 calls; 384.148s including wait/save; 2702.075s since startup
Processed 17/243 this run (17/243 total window): PIPELINE_SUCCESS in 525.876s processing; model 525.787s/10 calls; 525.890s including wait/save; 3227.965s since startup
Processed 18/243 this run (18/243 total window): FINAL_SPEC_ERROR in 367.594s processing; model 367.506s/11 calls; 367.613s including wait/save; 3595.579s since startup
Processed 19/243 this run (19/243 total window): QUERY_SPEC_ERROR in 431.708s processing; model 431.630s/17 calls; 431.729s including wait/save; 4027.308s since startup
Processed 20/243 this run (20/243 total window): PIPELINE_SUCCESS in 226.378s processing; model 226.245s/8 calls; 226.397s including wait/save; 4253.705s since startup
Processed 21/243 this run (21/243 total window): PIPELINE_SUCCESS in 271.836s processing; model 271.724s/8 calls; 271.854s including wait/save; 4525.559s since startup
Processed 22/243 this run (22/243 total window): PIPELINE_SUCCESS in 178.562s processing; model 178.443s/9 calls; 178.582s including wait/save; 4704.142s since startup
Processed 23/243 this run (23/243 total window): PIPELINE_SUCCESS in 390.301s processing; model 390.119s/10 calls; 390.323s including wait/save; 5094.465s since startup
Processed 24/243 this run (24/243 total window): PIPELINE_SUCCESS in 332.56s processing; model 332.391s/10 calls; 332.584s including wait/save; 5427.049s since startup
Processed 25/243 this run (25/243 total window): PIPELINE_SUCCESS in 95.226s processing; model 95.199s/5 calls; 95.257s including wait/save; 5522.306s since startup
Processed 26/243 this run (26/243 total window): PIPELINE_SUCCESS in 143.347s processing; model 143.298s/7 calls; 143.373s including wait/save; 5665.679s since startup
Processed 27/243 this run (27/243 total window): PIPELINE_SUCCESS in 158.17s processing; model 158.134s/6 calls; 158.199s including wait/save; 5823.878s since startup
Processed 28/243 this run (28/243 total window): PIPELINE_SUCCESS in 87.85s processing; model 87.784s/5 calls; 87.883s including wait/save; 5911.760s since startup
Processed 29/243 this run (29/243 total window): PIPELINE_SUCCESS in 107.787s processing; model 107.758s/5 calls; 107.824s including wait/save; 6019.584s since startup
Processed 30/243 this run (30/243 total window): PIPELINE_SUCCESS in 158.298s processing; model 158.242s/6 calls; 158.339s including wait/save; 6177.923s since startup
Processed 31/243 this run (31/243 total window): PIPELINE_SUCCESS in 163.306s processing; model 163.256s/7 calls; 163.352s including wait/save; 6341.275s since startup
Processed 32/243 this run (32/243 total window): PIPELINE_SUCCESS in 138.694s processing; model 138.650s/6 calls; 138.739s including wait/save; 6480.014s since startup
Processed 33/243 this run (33/243 total window): PIPELINE_SUCCESS in 120.593s processing; model 120.545s/6 calls; 120.631s including wait/save; 6600.645s since startup
Processed 34/243 this run (34/243 total window): PIPELINE_SUCCESS in 195.571s processing; model 195.524s/6 calls; 195.623s including wait/save; 6796.268s since startup
Processed 35/243 this run (35/243 total window): PIPELINE_SUCCESS in 133.669s processing; model 133.625s/6 calls; 133.709s including wait/save; 6929.977s since startup
Processed 36/243 this run (36/243 total window): PIPELINE_SUCCESS in 93.142s processing; model 93.112s/6 calls; 93.184s including wait/save; 7023.161s since startup
Processed 37/243 this run (37/243 total window): PIPELINE_SUCCESS in 98.259s processing; model 98.218s/6 calls; 98.299s including wait/save; 7121.460s since startup
Processed 38/243 this run (38/243 total window): PIPELINE_SUCCESS in 306.24s processing; model 306.165s/9 calls; 306.280s including wait/save; 7427.740s since startup
Processed 39/243 this run (39/243 total window): PIPELINE_SUCCESS in 224.78s processing; model 224.710s/7 calls; 224.822s including wait/save; 7652.562s since startup
Processed 40/243 this run (40/243 total window): PIPELINE_SUCCESS in 246.094s processing; model 246.028s/7 calls; 246.153s including wait/save; 7898.715s since startup
Processed 41/243 this run (41/243 total window): PIPELINE_SUCCESS in 436.898s processing; model 436.843s/9 calls; 436.954s including wait/save; 8335.669s since startup
Processed 42/243 this run (42/243 total window): PIPELINE_SUCCESS in 344.748s processing; model 344.645s/8 calls; 344.790s including wait/save; 8680.459s since startup
Processed 43/243 this run (43/243 total window): PIPELINE_SUCCESS in 319.4s processing; model 319.332s/8 calls; 319.457s including wait/save; 8999.917s since startup
Processed 44/243 this run (44/243 total window): PIPELINE_SUCCESS in 217.647s processing; model 217.588s/7 calls; 217.694s including wait/save; 9217.611s since startup
Processed 45/243 this run (45/243 total window): PIPELINE_SUCCESS in 1035.284s processing; model 1034.952s/16 calls; 1035.329s including wait/save; 10252.941s since startup
Processed 46/243 this run (46/243 total window): PIPELINE_SUCCESS in 312.666s processing; model 312.449s/8 calls; 312.713s including wait/save; 10565.654s since startup
Processed 47/243 this run (47/243 total window): PIPELINE_SUCCESS in 605.724s processing; model 605.636s/11 calls; 605.771s including wait/save; 11171.425s since startup
Processed 48/243 this run (48/243 total window): PIPELINE_SUCCESS in 237.601s processing; model 237.511s/8 calls; 237.648s including wait/save; 11409.073s since startup
Processed 49/243 this run (49/243 total window): PIPELINE_SUCCESS in 313.38s processing; model 313.249s/8 calls; 313.442s including wait/save; 11722.516s since startup
Processed 50/243 this run (50/243 total window): PIPELINE_SUCCESS in 928.357s processing; model 928.087s/22 calls; 928.408s including wait/save; 12650.924s since startup
Processed 51/243 this run (51/243 total window): CRASH in 378.671s processing; model 378.669s/1 calls; 378.746s including wait/save; 13029.671s since startup
Processed 52/243 this run (52/243 total window): PIPELINE_SUCCESS in 2099.047s processing; model 2098.729s/26 calls; 2099.113s including wait/save; 15128.784s since startup
Processed 53/243 this run (53/243 total window): PIPELINE_SUCCESS in 494.692s processing; model 494.390s/9 calls; 494.747s including wait/save; 15623.531s since startup
Processed 54/243 this run (54/243 total window): QUERY_SPEC_ERROR in 745.085s processing; model 744.983s/20 calls; 745.150s including wait/save; 16368.681s since startup
Processed 55/243 this run (55/243 total window): PIPELINE_SUCCESS in 1025.996s processing; model 1025.749s/9 calls; 1026.053s including wait/save; 17394.735s since startup
Processed 56/243 this run (56/243 total window): PIPELINE_SUCCESS in 502.662s processing; model 502.540s/12 calls; 502.722s including wait/save; 17897.457s since startup
Processed 57/243 this run (57/243 total window): PIPELINE_SUCCESS in 80.717s processing; model 80.691s/5 calls; 80.784s including wait/save; 17978.240s since startup
Processed 58/243 this run (58/243 total window): PIPELINE_SUCCESS in 64.546s processing; model 64.517s/5 calls; 64.621s including wait/save; 18042.861s since startup
Processed 59/243 this run (59/243 total window): PIPELINE_SUCCESS in 57.276s processing; model 57.247s/5 calls; 57.345s including wait/save; 18100.207s since startup
Processed 60/243 this run (60/243 total window): PIPELINE_SUCCESS in 71.299s processing; model 71.279s/5 calls; 71.389s including wait/save; 18171.595s since startup
Processed 61/243 this run (61/243 total window): PIPELINE_SUCCESS in 82.409s processing; model 82.376s/5 calls; 82.474s including wait/save; 18254.069s since startup
Processed 62/243 this run (62/243 total window): PIPELINE_SUCCESS in 171.047s processing; model 171.021s/5 calls; 171.113s including wait/save; 18425.182s since startup
Processed 63/243 this run (63/243 total window): PIPELINE_SUCCESS in 128.503s processing; model 128.453s/7 calls; 128.566s including wait/save; 18553.748s since startup
Processed 64/243 this run (64/243 total window): PIPELINE_SUCCESS in 58.196s processing; model 58.174s/5 calls; 58.275s including wait/save; 18612.022s since startup
Processed 65/243 this run (65/243 total window): PIPELINE_SUCCESS in 140.022s processing; model 139.968s/6 calls; 140.085s including wait/save; 18752.108s since startup
Processed 66/243 this run (66/243 total window): PIPELINE_SUCCESS in 139.511s processing; model 139.458s/6 calls; 139.574s including wait/save; 18891.682s since startup
Processed 67/243 this run (67/243 total window): PIPELINE_SUCCESS in 92.297s processing; model 92.258s/6 calls; 92.363s including wait/save; 18984.045s since startup
Processed 68/243 this run (68/243 total window): PIPELINE_SUCCESS in 106.037s processing; model 106.003s/6 calls; 106.105s including wait/save; 19090.151s since startup
Processed 69/243 this run (69/243 total window): PIPELINE_SUCCESS in 151.381s processing; model 151.213s/7 calls; 151.445s including wait/save; 19241.596s since startup
Processed 70/243 this run (70/243 total window): PIPELINE_SUCCESS in 134.823s processing; model 134.776s/6 calls; 134.889s including wait/save; 19376.485s since startup
Processed 71/243 this run (71/243 total window): PIPELINE_SUCCESS in 170.008s processing; model 169.950s/7 calls; 170.076s including wait/save; 19546.561s since startup
Processed 72/243 this run (72/243 total window): PIPELINE_SUCCESS in 138.271s processing; model 138.220s/6 calls; 138.349s including wait/save; 19684.910s since startup
Processed 73/243 this run (73/243 total window): PIPELINE_SUCCESS in 96.782s processing; model 96.742s/6 calls; 96.852s including wait/save; 19781.762s since startup
[STOPPED] Interrupted. Details: /home/kritik/Desktop/neosapiens/finance/script_diff_llm2/ablations/improvement10_models/source/improvement10/.runtime/logs/pipeline_20261006_134112_134275.log
[TIME] Startup-to-finish: 19901.41s; model requests: 19889.38s (572 calls). Slowest model stages: Query_Spec=6231.66s, Query_Understanding=5765.64s, Decompose=3837.05s, Final_Spec=3357.84s
[TIMING] /home/kritik/Desktop/neosapiens/finance/script_diff_llm2/ablations/improvement10_models/source/improvement10/.runtime/logs/timing_20261006_134110_134275.json
