[INPUT] SQLITE_DB_PATH: /home/kritik/Desktop/neosapiens/finance/script_diff_llm2/ablations/improvement10_models/source/improvement10/wealth_management_diverse.db
[INPUT] TABLE_METADATA_DIR: /home/kritik/Desktop/neosapiens/finance/script_diff_llm2/ablations/improvement10_models/source/improvement10/table_medatada
[INPUT] DOMAIN_INTRO_FILE: /home/kritik/Desktop/neosapiens/finance/script_diff_llm2/ablations/improvement10_models/source/improvement10/domain_intro_latest.prompt
[INPUT] BUSINESS_RULES_FILE: /home/kritik/Desktop/neosapiens/finance/script_diff_llm2/ablations/improvement10_models/source/improvement10/business_rules_addendum.md
[RUNNING] Report: /home/kritik/Desktop/neosapiens/finance/script_diff_llm2/ablations/improvement10_models/runs/gpt_oss_120b/run_01/parallel_workers4/worker_03/raw_pipeline.csv
[LOG] /home/kritik/Desktop/neosapiens/finance/script_diff_llm2/ablations/improvement10_models/source/improvement10/.runtime/logs/pipeline_20261006_134112_134263.log
[CACHE] Knowledge hit in 0.010s
[TIME] Startup ready: 3.551s; query delay: 0s
Processed 1/228 this run (1/228 total window): PIPELINE_SUCCESS in 77.898s processing; model 77.818s/10 calls; 77.905s including wait/save; 81.456s since startup
Processed 2/228 this run (2/228 total window): PIPELINE_SUCCESS in 68.013s processing; model 67.898s/8 calls; 68.018s including wait/save; 149.475s since startup
Processed 3/228 this run (3/228 total window): PIPELINE_SUCCESS in 102.799s processing; model 102.723s/10 calls; 102.805s including wait/save; 252.279s since startup
Processed 4/228 this run (4/228 total window): PIPELINE_SUCCESS in 86.502s processing; model 86.411s/8 calls; 86.510s including wait/save; 338.789s since startup
Processed 5/228 this run (5/228 total window): PIPELINE_SUCCESS in 49.133s processing; model 49.048s/9 calls; 49.142s including wait/save; 387.932s since startup
Processed 6/228 this run (6/228 total window): PIPELINE_SUCCESS in 50.273s processing; model 50.162s/8 calls; 50.283s including wait/save; 438.215s since startup
Processed 7/228 this run (7/228 total window): PIPELINE_SUCCESS in 86.234s processing; model 86.127s/9 calls; 86.246s including wait/save; 524.461s since startup
Processed 8/228 this run (8/228 total window): PIPELINE_SUCCESS in 44.624s processing; model 44.513s/9 calls; 44.637s including wait/save; 569.098s since startup
Processed 9/228 this run (9/228 total window): PIPELINE_SUCCESS in 55.584s processing; model 55.472s/9 calls; 55.598s including wait/save; 624.696s since startup
Processed 10/228 this run (10/228 total window): PIPELINE_SUCCESS in 42.223s processing; model 42.186s/7 calls; 42.242s including wait/save; 666.938s since startup
Processed 11/228 this run (11/228 total window): PIPELINE_SUCCESS in 23.681s processing; model 23.635s/6 calls; 23.697s including wait/save; 690.635s since startup
Processed 12/228 this run (12/228 total window): PIPELINE_SUCCESS in 28.966s processing; model 28.938s/5 calls; 29.004s including wait/save; 719.639s since startup
Processed 13/228 this run (13/228 total window): PIPELINE_SUCCESS in 95.761s processing; model 95.664s/7 calls; 95.790s including wait/save; 815.429s since startup
Processed 14/228 this run (14/228 total window): PIPELINE_SUCCESS in 27.797s processing; model 27.769s/5 calls; 27.829s including wait/save; 843.258s since startup
Processed 15/228 this run (15/228 total window): PIPELINE_SUCCESS in 121.276s processing; model 121.241s/6 calls; 121.308s including wait/save; 964.566s since startup
Processed 16/228 this run (16/228 total window): PIPELINE_SUCCESS in 40.242s processing; model 40.197s/6 calls; 40.271s including wait/save; 1004.837s since startup
Processed 17/228 this run (17/228 total window): PIPELINE_SUCCESS in 27.069s processing; model 27.025s/6 calls; 27.105s including wait/save; 1031.942s since startup
Processed 18/228 this run (18/228 total window): PIPELINE_SUCCESS in 39.575s processing; model 39.539s/6 calls; 39.621s including wait/save; 1071.563s since startup
Processed 19/228 this run (19/228 total window): PIPELINE_SUCCESS in 28.012s processing; model 27.968s/6 calls; 28.046s including wait/save; 1099.608s since startup
Processed 20/228 this run (20/228 total window): PIPELINE_SUCCESS in 39.736s processing; model 39.706s/6 calls; 39.767s including wait/save; 1139.376s since startup
Processed 21/228 this run (21/228 total window): PIPELINE_SUCCESS in 39.475s processing; model 39.436s/6 calls; 39.507s including wait/save; 1178.882s since startup
Processed 22/228 this run (22/228 total window): PIPELINE_SUCCESS in 44.948s processing; model 44.907s/7 calls; 44.993s including wait/save; 1223.876s since startup
Processed 23/228 this run (23/228 total window): PIPELINE_SUCCESS in 68.678s processing; model 68.610s/7 calls; 68.710s including wait/save; 1292.586s since startup
Processed 24/228 this run (24/228 total window): PIPELINE_SUCCESS in 38.744s processing; model 38.678s/7 calls; 38.776s including wait/save; 1331.362s since startup
Processed 25/228 this run (25/228 total window): PIPELINE_SUCCESS in 78.404s processing; model 78.320s/9 calls; 78.449s including wait/save; 1409.811s since startup
Processed 26/228 this run (26/228 total window): PIPELINE_SUCCESS in 64.267s processing; model 64.178s/7 calls; 64.302s including wait/save; 1474.112s since startup
Processed 27/228 this run (27/228 total window): PIPELINE_SUCCESS in 40.179s processing; model 40.125s/7 calls; 40.218s including wait/save; 1514.331s since startup
Processed 28/228 this run (28/228 total window): PIPELINE_SUCCESS in 37.201s processing; model 37.141s/8 calls; 37.240s including wait/save; 1551.571s since startup
Processed 29/228 this run (29/228 total window): PIPELINE_SUCCESS in 39.563s processing; model 39.504s/7 calls; 39.629s including wait/save; 1591.200s since startup
Processed 30/228 this run (30/228 total window): PIPELINE_SUCCESS in 100.936s processing; model 100.604s/10 calls; 100.976s including wait/save; 1692.176s since startup
Processed 31/228 this run (31/228 total window): PIPELINE_SUCCESS in 117.239s processing; model 116.399s/9 calls; 117.279s including wait/save; 1809.455s since startup
Processed 32/228 this run (32/228 total window): PIPELINE_SUCCESS in 52.504s processing; model 52.417s/8 calls; 52.546s including wait/save; 1862.001s since startup
Processed 33/228 this run (33/228 total window): PIPELINE_SUCCESS in 127.501s processing; model 127.318s/8 calls; 127.543s including wait/save; 1989.544s since startup
Processed 34/228 this run (34/228 total window): PIPELINE_SUCCESS in 75.804s processing; model 75.708s/8 calls; 75.852s including wait/save; 2065.396s since startup
Processed 35/228 this run (35/228 total window): PIPELINE_SUCCESS in 80.255s processing; model 79.727s/8 calls; 80.300s including wait/save; 2145.697s since startup
Processed 36/228 this run (36/228 total window): PIPELINE_SUCCESS in 82.983s processing; model 82.764s/8 calls; 83.029s including wait/save; 2228.726s since startup
Processed 37/228 this run (37/228 total window): PIPELINE_SUCCESS in 69.974s processing; model 69.749s/11 calls; 70.021s including wait/save; 2298.747s since startup
Processed 38/228 this run (38/228 total window): PIPELINE_SUCCESS in 123.599s processing; model 123.093s/9 calls; 123.649s including wait/save; 2422.396s since startup
Processed 39/228 this run (39/228 total window): PIPELINE_SUCCESS in 89.243s processing; model 88.694s/9 calls; 89.304s including wait/save; 2511.700s since startup
Processed 40/228 this run (40/228 total window): PIPELINE_SUCCESS in 83.654s processing; model 83.429s/9 calls; 83.712s including wait/save; 2595.412s since startup
Processed 41/228 this run (41/228 total window): PIPELINE_SUCCESS in 51.756s processing; model 51.494s/9 calls; 51.813s including wait/save; 2647.226s since startup
Processed 42/228 this run (42/228 total window): PIPELINE_SUCCESS in 56.631s processing; model 56.605s/6 calls; 56.695s including wait/save; 2703.921s since startup
Processed 43/228 this run (43/228 total window): PIPELINE_SUCCESS in 117.375s processing; model 117.346s/6 calls; 117.443s including wait/save; 2821.364s since startup
Processed 44/228 this run (44/228 total window): PIPELINE_SUCCESS in 31.667s processing; model 31.636s/6 calls; 31.727s including wait/save; 2853.091s since startup
Processed 45/228 this run (45/228 total window): PIPELINE_SUCCESS in 37.74s processing; model 37.704s/6 calls; 37.799s including wait/save; 2890.890s since startup
Processed 46/228 this run (46/228 total window): PIPELINE_SUCCESS in 35.366s processing; model 35.332s/5 calls; 35.431s including wait/save; 2926.322s since startup
Processed 47/228 this run (47/228 total window): PIPELINE_SUCCESS in 28.716s processing; model 28.688s/5 calls; 28.781s including wait/save; 2955.102s since startup
Processed 48/228 this run (48/228 total window): PIPELINE_SUCCESS in 21.95s processing; model 21.923s/5 calls; 22.031s including wait/save; 2977.134s since startup
Processed 49/228 this run (49/228 total window): PIPELINE_SUCCESS in 24.916s processing; model 24.889s/5 calls; 24.988s including wait/save; 3002.122s since startup
Processed 50/228 this run (50/228 total window): PIPELINE_SUCCESS in 126.115s processing; model 126.012s/6 calls; 126.178s including wait/save; 3128.300s since startup
Processed 51/228 this run (51/228 total window): PIPELINE_SUCCESS in 61.583s processing; model 61.514s/8 calls; 61.644s including wait/save; 3189.944s since startup
Processed 52/228 this run (52/228 total window): PIPELINE_SUCCESS in 32.034s processing; model 31.995s/6 calls; 32.117s including wait/save; 3222.061s since startup
Processed 53/228 this run (53/228 total window): PIPELINE_SUCCESS in 42.291s processing; model 42.245s/6 calls; 42.358s including wait/save; 3264.419s since startup
Processed 54/228 this run (54/228 total window): PIPELINE_SUCCESS in 42.359s processing; model 42.186s/6 calls; 42.430s including wait/save; 3306.849s since startup
Processed 55/228 this run (55/228 total window): PIPELINE_SUCCESS in 45.057s processing; model 44.711s/7 calls; 45.128s including wait/save; 3351.977s since startup
Processed 56/228 this run (56/228 total window): PIPELINE_SUCCESS in 54.843s processing; model 54.783s/8 calls; 54.908s including wait/save; 3406.885s since startup
Processed 57/228 this run (57/228 total window): PIPELINE_SUCCESS in 65.457s processing; model 65.418s/7 calls; 65.520s including wait/save; 3472.405s since startup
Processed 58/228 this run (58/228 total window): PIPELINE_SUCCESS in 46.751s processing; model 46.695s/8 calls; 46.819s including wait/save; 3519.225s since startup
Processed 59/228 this run (59/228 total window): PIPELINE_SUCCESS in 53.686s processing; model 53.332s/6 calls; 53.749s including wait/save; 3572.974s since startup
Processed 60/228 this run (60/228 total window): PIPELINE_SUCCESS in 43.903s processing; model 43.793s/7 calls; 43.969s including wait/save; 3616.943s since startup
Processed 61/228 this run (61/228 total window): PIPELINE_SUCCESS in 50.599s processing; model 50.515s/7 calls; 50.665s including wait/save; 3667.608s since startup
Processed 62/228 this run (62/228 total window): PIPELINE_SUCCESS in 36.413s processing; model 36.348s/7 calls; 36.497s including wait/save; 3704.106s since startup
Processed 63/228 this run (63/228 total window): PIPELINE_SUCCESS in 57.236s processing; model 57.133s/9 calls; 57.303s including wait/save; 3761.408s since startup
Processed 64/228 this run (64/228 total window): PIPELINE_SUCCESS in 39.536s processing; model 39.457s/8 calls; 39.608s including wait/save; 3801.017s since startup
Processed 65/228 this run (65/228 total window): PIPELINE_SUCCESS in 55.903s processing; model 55.847s/8 calls; 55.971s including wait/save; 3856.988s since startup
Processed 66/228 this run (66/228 total window): PIPELINE_SUCCESS in 33.636s processing; model 33.567s/7 calls; 33.709s including wait/save; 3890.697s since startup
Processed 67/228 this run (67/228 total window): PIPELINE_SUCCESS in 54.439s processing; model 54.379s/7 calls; 54.509s including wait/save; 3945.206s since startup
Processed 68/228 this run (68/228 total window): PIPELINE_SUCCESS in 61.789s processing; model 61.718s/8 calls; 61.875s including wait/save; 4007.080s since startup
Processed 69/228 this run (69/228 total window): PIPELINE_SUCCESS in 49.771s processing; model 49.665s/8 calls; 49.854s including wait/save; 4056.935s since startup
Processed 70/228 this run (70/228 total window): PIPELINE_SUCCESS in 60.998s processing; model 60.797s/9 calls; 61.075s including wait/save; 4118.010s since startup
Processed 71/228 this run (71/228 total window): PIPELINE_SUCCESS in 44.729s processing; model 44.656s/8 calls; 44.804s including wait/save; 4162.814s since startup
Processed 72/228 this run (72/228 total window): PIPELINE_SUCCESS in 73.362s processing; model 73.254s/8 calls; 73.448s including wait/save; 4236.263s since startup
Processed 73/228 this run (73/228 total window): PIPELINE_SUCCESS in 46.251s processing; model 46.091s/6 calls; 46.337s including wait/save; 4282.599s since startup
Processed 74/228 this run (74/228 total window): PIPELINE_SUCCESS in 52.191s processing; model 51.960s/7 calls; 52.268s including wait/save; 4334.868s since startup
Processed 75/228 this run (75/228 total window): PIPELINE_SUCCESS in 44.977s processing; model 44.857s/6 calls; 45.056s including wait/save; 4379.924s since startup
Processed 76/228 this run (76/228 total window): PIPELINE_SUCCESS in 49.602s processing; model 49.392s/7 calls; 49.680s including wait/save; 4429.604s since startup
Processed 77/228 this run (77/228 total window): PIPELINE_SUCCESS in 65.613s processing; model 65.541s/7 calls; 65.703s including wait/save; 4495.307s since startup
Processed 78/228 this run (78/228 total window): PIPELINE_SUCCESS in 56.666s processing; model 56.403s/8 calls; 56.749s including wait/save; 4552.056s since startup
Processed 79/228 this run (79/228 total window): PIPELINE_SUCCESS in 33.17s processing; model 33.102s/6 calls; 33.252s including wait/save; 4585.308s since startup
Processed 80/228 this run (80/228 total window): PIPELINE_SUCCESS in 29.818s processing; model 29.699s/6 calls; 29.910s including wait/save; 4615.218s since startup
Processed 81/228 this run (81/228 total window): PIPELINE_SUCCESS in 26.46s processing; model 26.342s/6 calls; 26.542s including wait/save; 4641.760s since startup
Processed 82/228 this run (82/228 total window): PIPELINE_SUCCESS in 43.527s processing; model 43.425s/6 calls; 43.608s including wait/save; 4685.368s since startup
Processed 83/228 this run (83/228 total window): PIPELINE_SUCCESS in 17.233s processing; model 17.094s/5 calls; 17.328s including wait/save; 4702.696s since startup
Processed 84/228 this run (84/228 total window): PIPELINE_SUCCESS in 81.648s processing; model 81.575s/7 calls; 81.732s including wait/save; 4784.429s since startup
Processed 85/228 this run (85/228 total window): PIPELINE_SUCCESS in 147.036s processing; model 146.962s/7 calls; 147.125s including wait/save; 4931.554s since startup
Processed 86/228 this run (86/228 total window): PIPELINE_SUCCESS in 92.441s processing; model 92.355s/8 calls; 92.525s including wait/save; 5024.079s since startup
Processed 87/228 this run (87/228 total window): PIPELINE_SUCCESS in 58.106s processing; model 58.026s/7 calls; 58.201s including wait/save; 5082.280s since startup
Processed 88/228 this run (88/228 total window): PIPELINE_SUCCESS in 51.696s processing; model 51.620s/7 calls; 51.806s including wait/save; 5134.086s since startup
Processed 89/228 this run (89/228 total window): PIPELINE_SUCCESS in 31.451s processing; model 31.364s/7 calls; 31.551s including wait/save; 5165.638s since startup
Processed 90/228 this run (90/228 total window): PIPELINE_SUCCESS in 47.805s processing; model 47.732s/7 calls; 47.899s including wait/save; 5213.537s since startup
Processed 91/228 this run (91/228 total window): PIPELINE_SUCCESS in 46.778s processing; model 46.724s/7 calls; 46.870s including wait/save; 5260.407s since startup
Processed 92/228 this run (92/228 total window): PIPELINE_SUCCESS in 110.575s processing; model 110.506s/8 calls; 110.683s including wait/save; 5371.090s since startup
Processed 93/228 this run (93/228 total window): PIPELINE_SUCCESS in 39.27s processing; model 39.203s/7 calls; 39.361s including wait/save; 5410.451s since startup
Processed 94/228 this run (94/228 total window): PIPELINE_SUCCESS in 98.423s processing; model 98.371s/8 calls; 98.522s including wait/save; 5508.973s since startup
Processed 95/228 this run (95/228 total window): PIPELINE_SUCCESS in 51.159s processing; model 50.618s/9 calls; 51.251s including wait/save; 5560.224s since startup
Processed 96/228 this run (96/228 total window): PIPELINE_SUCCESS in 71.866s processing; model 70.780s/10 calls; 71.957s including wait/save; 5632.180s since startup
Processed 97/228 this run (97/228 total window): PIPELINE_SUCCESS in 165.171s processing; model 164.629s/10 calls; 165.264s including wait/save; 5797.444s since startup
Processed 98/228 this run (98/228 total window): PIPELINE_SUCCESS in 55.53s processing; model 54.778s/8 calls; 55.629s including wait/save; 5853.074s since startup
Processed 99/228 this run (99/228 total window): PIPELINE_SUCCESS in 60.152s processing; model 59.289s/8 calls; 60.248s including wait/save; 5913.322s since startup
Processed 100/228 this run (100/228 total window): PIPELINE_SUCCESS in 77.65s processing; model 76.611s/10 calls; 77.748s including wait/save; 5991.069s since startup
Processed 101/228 this run (101/228 total window): PIPELINE_SUCCESS in 82.093s processing; model 80.874s/7 calls; 82.192s including wait/save; 6073.262s since startup
Processed 102/228 this run (102/228 total window): PIPELINE_SUCCESS in 107.281s processing; model 106.483s/10 calls; 107.381s including wait/save; 6180.643s since startup
Processed 103/228 this run (103/228 total window): PIPELINE_SUCCESS in 107.301s processing; model 107.221s/9 calls; 107.401s including wait/save; 6288.044s since startup
Processed 104/228 this run (104/228 total window): PIPELINE_SUCCESS in 104.114s processing; model 102.518s/7 calls; 104.225s including wait/save; 6392.269s since startup
Processed 105/228 this run (105/228 total window): PIPELINE_SUCCESS in 59.991s processing; model 59.904s/6 calls; 60.092s including wait/save; 6452.361s since startup
Processed 106/228 this run (106/228 total window): PIPELINE_SUCCESS in 40.769s processing; model 40.000s/6 calls; 40.870s including wait/save; 6493.231s since startup
Processed 107/228 this run (107/228 total window): PIPELINE_SUCCESS in 33.348s processing; model 31.940s/6 calls; 33.451s including wait/save; 6526.682s since startup
Processed 108/228 this run (108/228 total window): PIPELINE_SUCCESS in 26.93s processing; model 26.608s/5 calls; 27.035s including wait/save; 6553.717s since startup
Processed 109/228 this run (109/228 total window): PIPELINE_SUCCESS in 78.009s processing; model 77.645s/6 calls; 78.115s including wait/save; 6631.832s since startup
Processed 110/228 this run (110/228 total window): PIPELINE_SUCCESS in 210.051s processing; model 209.240s/10 calls; 210.159s including wait/save; 6841.991s since startup
Processed 111/228 this run (111/228 total window): PIPELINE_SUCCESS in 104.993s processing; model 104.518s/10 calls; 105.099s including wait/save; 6947.090s since startup
Processed 112/228 this run (112/228 total window): PIPELINE_SUCCESS in 61.458s processing; model 60.468s/7 calls; 61.566s including wait/save; 7008.656s since startup
Processed 113/228 this run (113/228 total window): PIPELINE_SUCCESS in 108.68s processing; model 108.464s/7 calls; 108.799s including wait/save; 7117.456s since startup
Processed 114/228 this run (114/228 total window): PIPELINE_SUCCESS in 69.287s processing; model 68.553s/8 calls; 69.397s including wait/save; 7186.852s since startup
Processed 115/228 this run (115/228 total window): PIPELINE_SUCCESS in 56.325s processing; model 55.893s/7 calls; 56.446s including wait/save; 7243.299s since startup
Processed 116/228 this run (116/228 total window): PIPELINE_SUCCESS in 62.862s processing; model 62.143s/7 calls; 62.973s including wait/save; 7306.272s since startup
Processed 117/228 this run (117/228 total window): PIPELINE_SUCCESS in 61.643s processing; model 60.865s/9 calls; 61.767s including wait/save; 7368.039s since startup
Processed 118/228 this run (118/228 total window): PIPELINE_SUCCESS in 140.873s processing; model 140.073s/8 calls; 140.987s including wait/save; 7509.026s since startup
Processed 119/228 this run (119/228 total window): PIPELINE_SUCCESS in 83.358s processing; model 81.223s/11 calls; 83.473s including wait/save; 7592.499s since startup
Processed 120/228 this run (120/228 total window): PIPELINE_SUCCESS in 79.086s processing; model 77.755s/10 calls; 79.217s including wait/save; 7671.716s since startup
Processed 121/228 this run (121/228 total window): PIPELINE_SUCCESS in 80.512s processing; model 79.536s/9 calls; 80.685s including wait/save; 7752.401s since startup
Processed 122/228 this run (122/228 total window): PIPELINE_SUCCESS in 106.773s processing; model 105.521s/9 calls; 106.890s including wait/save; 7859.292s since startup
Processed 123/228 this run (123/228 total window): PIPELINE_SUCCESS in 164.099s processing; model 162.670s/9 calls; 164.246s including wait/save; 8023.538s since startup
Processed 124/228 this run (124/228 total window): PIPELINE_SUCCESS in 72.486s processing; model 71.353s/8 calls; 72.609s including wait/save; 8096.147s since startup
Processed 125/228 this run (125/228 total window): PIPELINE_SUCCESS in 99.727s processing; model 98.718s/9 calls; 99.849s including wait/save; 8195.996s since startup
Processed 126/228 this run (126/228 total window): PIPELINE_SUCCESS in 116.819s processing; model 115.643s/9 calls; 116.969s including wait/save; 8312.965s since startup
Processed 127/228 this run (127/228 total window): PIPELINE_SUCCESS in 117.21s processing; model 116.163s/10 calls; 117.339s including wait/save; 8430.305s since startup
Processed 128/228 this run (128/228 total window): PIPELINE_SUCCESS in 215.25s processing; model 214.082s/10 calls; 215.381s including wait/save; 8645.686s since startup
Processed 129/228 this run (129/228 total window): PIPELINE_SUCCESS in 122.078s processing; model 120.243s/10 calls; 122.234s including wait/save; 8767.920s since startup
Processed 130/228 this run (130/228 total window): PIPELINE_SUCCESS in 181.544s processing; model 179.953s/11 calls; 181.682s including wait/save; 8949.602s since startup
Processed 131/228 this run (131/228 total window): FINAL_SPEC_ERROR in 220.71s processing; model 220.489s/12 calls; 220.868s including wait/save; 9170.470s since startup
Processed 132/228 this run (132/228 total window): PIPELINE_SUCCESS in 124.67s processing; model 123.067s/9 calls; 124.834s including wait/save; 9295.304s since startup
Processed 133/228 this run (133/228 total window): FINAL_SPEC_ERROR in 158.744s processing; model 158.526s/11 calls; 158.901s including wait/save; 9454.206s since startup
Processed 134/228 this run (134/228 total window): PIPELINE_SUCCESS in 97.538s processing; model 96.179s/9 calls; 97.703s including wait/save; 9551.908s since startup
Processed 135/228 this run (135/228 total window): PIPELINE_SUCCESS in 26.077s processing; model 26.047s/6 calls; 26.246s including wait/save; 9578.154s since startup
Processed 136/228 this run (136/228 total window): PIPELINE_SUCCESS in 39.463s processing; model 39.432s/6 calls; 39.650s including wait/save; 9617.805s since startup
Processed 137/228 this run (137/228 total window): PIPELINE_SUCCESS in 16.681s processing; model 16.659s/5 calls; 16.857s including wait/save; 9634.662s since startup
Processed 138/228 this run (138/228 total window): PIPELINE_SUCCESS in 35.786s processing; model 35.762s/6 calls; 35.968s including wait/save; 9670.630s since startup
Processed 139/228 this run (139/228 total window): PIPELINE_SUCCESS in 47.136s processing; model 47.096s/5 calls; 47.296s including wait/save; 9717.926s since startup
Processed 140/228 this run (140/228 total window): PIPELINE_SUCCESS in 34.859s processing; model 34.828s/7 calls; 35.034s including wait/save; 9752.960s since startup
Processed 141/228 this run (141/228 total window): PIPELINE_SUCCESS in 25.22s processing; model 25.195s/5 calls; 25.407s including wait/save; 9778.367s since startup
Processed 142/228 this run (142/228 total window): PIPELINE_SUCCESS in 17.454s processing; model 17.365s/5 calls; 17.619s including wait/save; 9795.986s since startup
Processed 143/228 this run (143/228 total window): PIPELINE_SUCCESS in 25.409s processing; model 25.379s/6 calls; 25.581s including wait/save; 9821.567s since startup
Processed 144/228 this run (144/228 total window): PIPELINE_SUCCESS in 21.838s processing; model 21.813s/5 calls; 22.004s including wait/save; 9843.571s since startup
Processed 145/228 this run (145/228 total window): PIPELINE_SUCCESS in 38.562s processing; model 38.492s/6 calls; 38.729s including wait/save; 9882.300s since startup
Processed 146/228 this run (146/228 total window): PIPELINE_SUCCESS in 23.88s processing; model 23.841s/5 calls; 24.049s including wait/save; 9906.350s since startup
Processed 147/228 this run (147/228 total window): PIPELINE_SUCCESS in 54.72s processing; model 54.683s/7 calls; 54.901s including wait/save; 9961.251s since startup
Processed 148/228 this run (148/228 total window): PIPELINE_SUCCESS in 33.101s processing; model 33.063s/6 calls; 33.268s including wait/save; 9994.518s since startup
Processed 149/228 this run (149/228 total window): PIPELINE_SUCCESS in 22.84s processing; model 22.815s/5 calls; 23.013s including wait/save; 10017.531s since startup
Processed 150/228 this run (150/228 total window): PIPELINE_SUCCESS in 29.265s processing; model 29.231s/5 calls; 29.440s including wait/save; 10046.971s since startup
Processed 151/228 this run (151/228 total window): PIPELINE_SUCCESS in 36.887s processing; model 36.848s/5 calls; 37.054s including wait/save; 10084.026s since startup
Processed 152/228 this run (152/228 total window): PIPELINE_SUCCESS in 21.461s processing; model 21.431s/5 calls; 21.636s including wait/save; 10105.662s since startup
Processed 153/228 this run (153/228 total window): PIPELINE_SUCCESS in 59.65s processing; model 59.502s/7 calls; 59.807s including wait/save; 10165.469s since startup
Processed 154/228 this run (154/228 total window): PIPELINE_SUCCESS in 45.936s processing; model 45.845s/6 calls; 46.103s including wait/save; 10211.572s since startup
Processed 155/228 this run (155/228 total window): PIPELINE_SUCCESS in 44.946s processing; model 44.886s/7 calls; 45.116s including wait/save; 10256.688s since startup
Processed 156/228 this run (156/228 total window): PIPELINE_SUCCESS in 23.754s processing; model 23.593s/6 calls; 23.923s including wait/save; 10280.611s since startup
Processed 157/228 this run (157/228 total window): PIPELINE_SUCCESS in 23.968s processing; model 23.843s/6 calls; 24.150s including wait/save; 10304.761s since startup
Processed 158/228 this run (158/228 total window): PIPELINE_SUCCESS in 31.599s processing; model 31.468s/6 calls; 31.791s including wait/save; 10336.553s since startup
Processed 159/228 this run (159/228 total window): PIPELINE_SUCCESS in 28.363s processing; model 28.250s/7 calls; 28.532s including wait/save; 10365.085s since startup
Processed 160/228 this run (160/228 total window): PIPELINE_SUCCESS in 33.026s processing; model 32.921s/6 calls; 33.203s including wait/save; 10398.289s since startup
Processed 161/228 this run (161/228 total window): PIPELINE_SUCCESS in 52.042s processing; model 51.953s/6 calls; 52.213s including wait/save; 10450.502s since startup
Processed 162/228 this run (162/228 total window): PIPELINE_SUCCESS in 33.749s processing; model 33.639s/7 calls; 33.920s including wait/save; 10484.421s since startup
Processed 163/228 this run (163/228 total window): PIPELINE_SUCCESS in 54.76s processing; model 54.707s/6 calls; 54.932s including wait/save; 10539.354s since startup
Processed 164/228 this run (164/228 total window): PIPELINE_SUCCESS in 26.658s processing; model 26.549s/6 calls; 26.878s including wait/save; 10566.232s since startup
Processed 165/228 this run (165/228 total window): PIPELINE_SUCCESS in 68.398s processing; model 68.310s/8 calls; 68.627s including wait/save; 10634.859s since startup
Processed 166/228 this run (166/228 total window): PIPELINE_SUCCESS in 131.289s processing; model 130.935s/7 calls; 131.506s including wait/save; 10766.365s since startup
Processed 167/228 this run (167/228 total window): PIPELINE_SUCCESS in 23.374s processing; model 23.329s/5 calls; 23.549s including wait/save; 10789.914s since startup
Processed 168/228 this run (168/228 total window): PIPELINE_SUCCESS in 51.605s processing; model 51.572s/6 calls; 51.799s including wait/save; 10841.713s since startup
Processed 169/228 this run (169/228 total window): PIPELINE_SUCCESS in 19.874s processing; model 19.794s/5 calls; 20.065s including wait/save; 10861.778s since startup
Processed 170/228 this run (170/228 total window): PIPELINE_SUCCESS in 39.145s processing; model 39.018s/5 calls; 39.335s including wait/save; 10901.114s since startup
Processed 171/228 this run (171/228 total window): PIPELINE_SUCCESS in 19.459s processing; model 19.422s/5 calls; 19.644s including wait/save; 10920.757s since startup
Processed 172/228 this run (172/228 total window): PIPELINE_SUCCESS in 112.616s processing; model 112.439s/5 calls; 112.792s including wait/save; 11033.550s since startup
Processed 173/228 this run (173/228 total window): PIPELINE_SUCCESS in 37.317s processing; model 36.945s/6 calls; 37.498s including wait/save; 11071.047s since startup
Processed 174/228 this run (174/228 total window): PIPELINE_SUCCESS in 31.563s processing; model 31.519s/5 calls; 31.749s including wait/save; 11102.797s since startup
Processed 175/228 this run (175/228 total window): PIPELINE_SUCCESS in 49.829s processing; model 49.784s/7 calls; 50.045s including wait/save; 11152.842s since startup
Processed 176/228 this run (176/228 total window): PIPELINE_SUCCESS in 20.907s processing; model 20.858s/5 calls; 21.094s including wait/save; 11173.936s since startup
Processed 177/228 this run (177/228 total window): PIPELINE_SUCCESS in 34.131s processing; model 33.764s/5 calls; 34.319s including wait/save; 11208.255s since startup
Processed 178/228 this run (178/228 total window): PIPELINE_SUCCESS in 58.172s processing; model 57.779s/6 calls; 58.349s including wait/save; 11266.605s since startup
Processed 179/228 this run (179/228 total window): PIPELINE_SUCCESS in 63.84s processing; model 63.467s/7 calls; 64.019s including wait/save; 11330.624s since startup
Processed 180/228 this run (180/228 total window): PIPELINE_SUCCESS in 39.749s processing; model 39.678s/6 calls; 39.932s including wait/save; 11370.556s since startup
Processed 181/228 this run (181/228 total window): PIPELINE_SUCCESS in 31.501s processing; model 31.435s/6 calls; 31.681s including wait/save; 11402.237s since startup
Processed 182/228 this run (182/228 total window): PIPELINE_SUCCESS in 35.79s processing; model 35.731s/6 calls; 35.967s including wait/save; 11438.204s since startup
Processed 183/228 this run (183/228 total window): PIPELINE_SUCCESS in 46.749s processing; model 46.627s/6 calls; 46.930s including wait/save; 11485.134s since startup
Processed 184/228 this run (184/228 total window): PIPELINE_SUCCESS in 27.787s processing; model 27.716s/6 calls; 27.980s including wait/save; 11513.114s since startup
Processed 185/228 this run (185/228 total window): PIPELINE_SUCCESS in 50.957s processing; model 50.579s/6 calls; 51.138s including wait/save; 11564.252s since startup
Processed 186/228 this run (186/228 total window): PIPELINE_SUCCESS in 32.192s processing; model 31.822s/6 calls; 32.374s including wait/save; 11596.626s since startup
Processed 187/228 this run (187/228 total window): PIPELINE_SUCCESS in 63.023s processing; model 62.953s/7 calls; 63.237s including wait/save; 11659.863s since startup
Processed 188/228 this run (188/228 total window): PIPELINE_SUCCESS in 57.009s processing; model 56.943s/7 calls; 57.195s including wait/save; 11717.058s since startup
Processed 189/228 this run (189/228 total window): PIPELINE_SUCCESS in 41.826s processing; model 41.757s/7 calls; 42.014s including wait/save; 11759.072s since startup
Processed 190/228 this run (190/228 total window): PIPELINE_SUCCESS in 70.669s processing; model 70.612s/7 calls; 70.859s including wait/save; 11829.932s since startup
Processed 191/228 this run (191/228 total window): PIPELINE_SUCCESS in 50.424s processing; model 50.377s/7 calls; 50.611s including wait/save; 11880.543s since startup
Processed 192/228 this run (192/228 total window): FINAL_SPEC_ERROR in 84.56s processing; model 84.467s/10 calls; 84.749s including wait/save; 11965.293s since startup
Processed 193/228 this run (193/228 total window): PIPELINE_SUCCESS in 74.462s processing; model 73.774s/7 calls; 74.654s including wait/save; 12039.947s since startup
Processed 194/228 this run (194/228 total window): PIPELINE_SUCCESS in 58.401s processing; model 57.640s/8 calls; 58.590s including wait/save; 12098.537s since startup
Processed 195/228 this run (195/228 total window): PIPELINE_SUCCESS in 52.183s processing; model 51.665s/7 calls; 52.374s including wait/save; 12150.912s since startup
Processed 196/228 this run (196/228 total window): PIPELINE_SUCCESS in 133.729s processing; model 132.937s/10 calls; 133.925s including wait/save; 12284.836s since startup
Processed 197/228 this run (197/228 total window): PIPELINE_SUCCESS in 45.99s processing; model 45.741s/7 calls; 46.183s including wait/save; 12331.020s since startup
Processed 198/228 this run (198/228 total window): PIPELINE_SUCCESS in 33.969s processing; model 33.590s/5 calls; 34.162s including wait/save; 12365.182s since startup
Processed 199/228 this run (199/228 total window): PIPELINE_SUCCESS in 27.381s processing; model 27.012s/5 calls; 27.575s including wait/save; 12392.757s since startup
Processed 200/228 this run (200/228 total window): PIPELINE_SUCCESS in 21.087s processing; model 21.005s/5 calls; 21.283s including wait/save; 12414.041s since startup
Processed 201/228 this run (201/228 total window): PIPELINE_SUCCESS in 56.524s processing; model 56.343s/6 calls; 56.728s including wait/save; 12470.769s since startup
Processed 202/228 this run (202/228 total window): PIPELINE_SUCCESS in 35.24s processing; model 35.063s/5 calls; 35.448s including wait/save; 12506.217s since startup
Processed 203/228 this run (203/228 total window): PIPELINE_SUCCESS in 66.477s processing; model 66.271s/8 calls; 66.681s including wait/save; 12572.899s since startup
Processed 204/228 this run (204/228 total window): PIPELINE_SUCCESS in 24.737s processing; model 24.542s/5 calls; 24.925s including wait/save; 12597.825s since startup
Processed 205/228 this run (205/228 total window): PIPELINE_SUCCESS in 39.484s processing; model 39.298s/6 calls; 39.680s including wait/save; 12637.505s since startup
Processed 206/228 this run (206/228 total window): PIPELINE_SUCCESS in 27.649s processing; model 27.477s/5 calls; 27.846s including wait/save; 12665.351s since startup
Processed 207/228 this run (207/228 total window): PIPELINE_SUCCESS in 33.082s processing; model 32.901s/5 calls; 33.278s including wait/save; 12698.629s since startup
Processed 208/228 this run (208/228 total window): PIPELINE_SUCCESS in 28.204s processing; model 28.168s/5 calls; 28.402s including wait/save; 12727.031s since startup
Processed 209/228 this run (209/228 total window): PIPELINE_SUCCESS in 111.59s processing; model 111.554s/5 calls; 111.789s including wait/save; 12838.820s since startup
Processed 210/228 this run (210/228 total window): PIPELINE_SUCCESS in 38.859s processing; model 38.810s/7 calls; 39.060s including wait/save; 12877.880s since startup
Processed 211/228 this run (211/228 total window): PIPELINE_SUCCESS in 15.911s processing; model 15.883s/5 calls; 16.115s including wait/save; 12893.995s since startup
Processed 212/228 this run (212/228 total window): PIPELINE_SUCCESS in 29.803s processing; model 29.722s/6 calls; 30.003s including wait/save; 12923.998s since startup
Processed 213/228 this run (213/228 total window): PIPELINE_SUCCESS in 35.005s processing; model 34.970s/5 calls; 35.218s including wait/save; 12959.217s since startup
Processed 214/228 this run (214/228 total window): PIPELINE_SUCCESS in 45.763s processing; model 45.725s/7 calls; 45.956s including wait/save; 13005.172s since startup
Processed 215/228 this run (215/228 total window): PIPELINE_SUCCESS in 28.203s processing; model 28.106s/6 calls; 28.426s including wait/save; 13033.599s since startup
Processed 216/228 this run (216/228 total window): PIPELINE_SUCCESS in 28.015s processing; model 27.924s/6 calls; 28.215s including wait/save; 13061.813s since startup
Processed 217/228 this run (217/228 total window): PIPELINE_SUCCESS in 53.09s processing; model 52.997s/8 calls; 53.289s including wait/save; 13115.103s since startup
Processed 218/228 this run (218/228 total window): PIPELINE_SUCCESS in 34.499s processing; model 34.402s/6 calls; 34.712s including wait/save; 13149.815s since startup
Processed 219/228 this run (219/228 total window): PIPELINE_SUCCESS in 41.682s processing; model 41.585s/8 calls; 41.882s including wait/save; 13191.698s since startup
Processed 220/228 this run (220/228 total window): PIPELINE_SUCCESS in 27.841s processing; model 27.757s/6 calls; 28.036s including wait/save; 13219.734s since startup
Processed 221/228 this run (221/228 total window): PIPELINE_SUCCESS in 48.458s processing; model 48.236s/8 calls; 48.662s including wait/save; 13268.396s since startup
Processed 222/228 this run (222/228 total window): PIPELINE_SUCCESS in 85.592s processing; model 85.499s/8 calls; 85.792s including wait/save; 13354.189s since startup
Processed 223/228 this run (223/228 total window): PIPELINE_SUCCESS in 76.917s processing; model 76.821s/8 calls; 77.120s including wait/save; 13431.309s since startup
Processed 224/228 this run (224/228 total window): PIPELINE_SUCCESS in 34.696s processing; model 34.631s/6 calls; 34.900s including wait/save; 13466.209s since startup
Processed 225/228 this run (225/228 total window): FINAL_SPEC_ERROR in 85.198s processing; model 85.115s/10 calls; 85.408s including wait/save; 13551.617s since startup
Processed 226/228 this run (226/228 total window): PIPELINE_SUCCESS in 71.271s processing; model 70.991s/7 calls; 71.478s including wait/save; 13623.095s since startup
Processed 227/228 this run (227/228 total window): PIPELINE_SUCCESS in 84.938s processing; model 84.655s/8 calls; 85.156s including wait/save; 13708.251s since startup
Processed 228/228 this run (228/228 total window): PIPELINE_SUCCESS in 33.781s processing; model 33.513s/6 calls; 33.993s including wait/save; 13742.244s since startup
[COMPLETE] Pipeline finished. Details: /home/kritik/Desktop/neosapiens/finance/script_diff_llm2/ablations/improvement10_models/source/improvement10/.runtime/logs/pipeline_20261006_134112_134263.log
[TIME] Startup-to-finish: 13742.61s; model requests: 13649.14s (1611 calls). Slowest model stages: Query_Understanding=5705.09s, Query_Spec=2723.64s, Decompose=2714.92s, Final_Spec=2109.18s
[TIMING] /home/kritik/Desktop/neosapiens/finance/script_diff_llm2/ablations/improvement10_models/source/improvement10/.runtime/logs/timing_20261006_134109_134263.json
